01:20  === Check cycle started ===
01:20  Checking Google...
01:20  No changes.
01:20  Checking YouTube...
01:21  No changes.
01:21  Checking Meta...
01:21  No changes.
01:21  Checking Apple...
01:21  No changes.
01:21  Checking Capital One...
01:21  robots.txt disallows https://www.capitalonecareers.com/search-jobs/design%20intern — skipping this URL.
01:21  robots.txt disallows https://www.capitalonecareers.com/search-jobs/product%20design — skipping this URL.
01:21  Capital One: scrape failed — postings left untouched.
01:21  Checking JPMorgan Chase...
01:21  No changes.
01:21  Checking Roblox...
01:21  Retry 1/2 for Roblox in 2s...
01:21  Retry 2/2 for Roblox in 5s...
01:21  ERROR: Roblox: failed to scrape https://careers.roblox.com/jobs?search=product+design (page.goto: net::ERR_HTTP2_PROTOCOL_ERROR at https://careers.roblox.com/jobs?search=product+design
Call log:
  - navigating to "https://careers.roblox.com/jobs?search=product+design", waiting until "domcontentloaded"
)
01:21  Retry 1/2 for Roblox in 2s...
01:21  Retry 2/2 for Roblox in 5s...
01:22  ERROR: Roblox: failed to scrape https://careers.roblox.com/jobs?search=UX+intern (page.goto: net::ERR_HTTP2_PROTOCOL_ERROR at https://careers.roblox.com/jobs?search=UX+intern
Call log:
  - navigating to "https://careers.roblox.com/jobs?search=UX+intern", waiting until "domcontentloaded"
)
01:22  Roblox: scrape failed — postings left untouched.
01:22  Checking Microsoft...
01:22  robots.txt unavailable for https://gcsservices.careers.microsoft.com; proceeding politely.
01:22  Retry 1/2 for Microsoft in 2s...
01:22  Retry 2/2 for Microsoft in 5s...
01:22  ERROR: Microsoft: failed to scrape https://gcsservices.careers.microsoft.com/search/api/v1/search?q=product%20design%20intern&l=en_us&pg=1&pgSz=20 (page.goto: net::ERR_CERT_COMMON_NAME_INVALID at https://gcsservices.careers.microsoft.com/search/api/v1/search?q=product%20design%20intern&l=en_us&pg=1&pgSz=20
Call log:
  - navigating to "https://gcsservices.careers.microsoft.com/search/api/v1/search?q=product%20design%20intern&l=en_us&pg=1&pgSz=20", waiting until "domcontentloaded"
)
01:22  Retry 1/2 for Microsoft in 2s...
01:22  Retry 2/2 for Microsoft in 5s...
01:22  ERROR: Microsoft: failed to scrape https://gcsservices.careers.microsoft.com/search/api/v1/search?q=UX%20design%20intern&l=en_us&pg=1&pgSz=20 (page.goto: net::ERR_CERT_COMMON_NAME_INVALID at https://gcsservices.careers.microsoft.com/search/api/v1/search?q=UX%20design%20intern&l=en_us&pg=1&pgSz=20
Call log:
  - navigating to "https://gcsservices.careers.microsoft.com/search/api/v1/search?q=UX%20design%20intern&l=en_us&pg=1&pgSz=20", waiting until "domcontentloaded"
)
01:22  Microsoft: scrape failed — postings left untouched.
01:22  Checking Amazon...
01:22  No changes.
01:22  Checking IBM...
01:23  No changes.
01:23  Checking Adobe...
01:23  No changes.
01:23  Checking American Express...
01:24  No changes.
01:24  Checking Mastercard...
01:25  No changes.
01:25  Checking Visa...
01:25  No changes.
01:25  Checking Nike...
01:25  No changes.
01:25  Widget feed updated.
01:25  === Check cycle finished (0 notification(s)) ===
07:21  === Check cycle started ===
07:21  Checking Google...
07:21  No changes.
07:21  Checking YouTube...
07:21  No changes.
07:21  Checking Meta...
07:21  No changes.
07:21  Checking Apple...
07:22  No changes.
07:22  Checking Capital One...
07:22  robots.txt disallows https://www.capitalonecareers.com/search-jobs/design%20intern — skipping this URL.
07:22  robots.txt disallows https://www.capitalonecareers.com/search-jobs/product%20design — skipping this URL.
07:22  Capital One: scrape failed — postings left untouched.
07:22  Checking JPMorgan Chase...
07:22  No changes.
07:22  Checking Roblox...
07:22  Retry 1/2 for Roblox in 3s...
07:22  Retry 2/2 for Roblox in 5s...
07:22  ERROR: Roblox: failed to scrape https://careers.roblox.com/jobs?search=product+design (page.goto: net::ERR_HTTP2_PROTOCOL_ERROR at https://careers.roblox.com/jobs?search=product+design
Call log:
  - navigating to "https://careers.roblox.com/jobs?search=product+design", waiting until "domcontentloaded"
)
07:22  Retry 1/2 for Roblox in 2s...
07:22  Retry 2/2 for Roblox in 5s...
07:22  ERROR: Roblox: failed to scrape https://careers.roblox.com/jobs?search=UX+intern (page.goto: net::ERR_HTTP2_PROTOCOL_ERROR at https://careers.roblox.com/jobs?search=UX+intern
Call log:
  - navigating to "https://careers.roblox.com/jobs?search=UX+intern", waiting until "domcontentloaded"
)
07:22  Roblox: scrape failed — postings left untouched.
07:22  Checking Microsoft...
07:22  robots.txt unavailable for https://gcsservices.careers.microsoft.com; proceeding politely.
07:22  Retry 1/2 for Microsoft in 2s...
07:22  Retry 2/2 for Microsoft in 4s...
07:22  ERROR: Microsoft: failed to scrape https://gcsservices.careers.microsoft.com/search/api/v1/search?q=product%20design%20intern&l=en_us&pg=1&pgSz=20 (page.goto: net::ERR_CERT_COMMON_NAME_INVALID at https://gcsservices.careers.microsoft.com/search/api/v1/search?q=product%20design%20intern&l=en_us&pg=1&pgSz=20
Call log:
  - navigating to "https://gcsservices.careers.microsoft.com/search/api/v1/search?q=product%20design%20intern&l=en_us&pg=1&pgSz=20", waiting until "domcontentloaded"
)
07:22  Retry 1/2 for Microsoft in 2s...
07:22  Retry 2/2 for Microsoft in 4s...
07:22  ERROR: Microsoft: failed to scrape https://gcsservices.careers.microsoft.com/search/api/v1/search?q=UX%20design%20intern&l=en_us&pg=1&pgSz=20 (page.goto: net::ERR_CERT_COMMON_NAME_INVALID at https://gcsservices.careers.microsoft.com/search/api/v1/search?q=UX%20design%20intern&l=en_us&pg=1&pgSz=20
Call log:
  - navigating to "https://gcsservices.careers.microsoft.com/search/api/v1/search?q=UX%20design%20intern&l=en_us&pg=1&pgSz=20", waiting until "domcontentloaded"
)
07:22  Microsoft: scrape failed — postings left untouched.
07:22  Checking Amazon...
07:22  No changes.
07:22  Checking IBM...
07:23  No changes.
07:23  Checking Adobe...
07:23  No changes.
07:23  Checking American Express...
07:24  No changes.
07:24  Checking Mastercard...
07:24  No changes.
07:24  Checking Visa...
07:25  No changes.
07:25  Checking Nike...
07:25  No changes.
07:25  Widget feed updated.
07:25  === Check cycle finished (0 notification(s)) ===
12:08  === Check cycle started ===
12:08  Checking Google...
12:09  No changes.
12:09  Checking YouTube...
12:09  No changes.
12:09  Checking Meta...
12:09  No changes.
12:09  Checking Apple...
12:09  No changes.
12:09  Checking Capital One...
12:09  robots.txt disallows https://www.capitalonecareers.com/search-jobs/design%20intern — skipping this URL.
12:09  robots.txt disallows https://www.capitalonecareers.com/search-jobs/product%20design — skipping this URL.
12:09  Capital One: scrape failed — postings left untouched.
12:09  Checking JPMorgan Chase...
12:09  No changes.
12:09  Checking Roblox...
12:09  Retry 1/2 for Roblox in 2s...
12:09  Retry 2/2 for Roblox in 5s...
12:09  ERROR: Roblox: failed to scrape https://careers.roblox.com/jobs?search=product+design (page.goto: net::ERR_HTTP2_PROTOCOL_ERROR at https://careers.roblox.com/jobs?search=product+design
Call log:
  - navigating to "https://careers.roblox.com/jobs?search=product+design", waiting until "domcontentloaded"
)
12:09  Retry 1/2 for Roblox in 2s...
12:10  Retry 2/2 for Roblox in 5s...
12:10  ERROR: Roblox: failed to scrape https://careers.roblox.com/jobs?search=UX+intern (page.goto: net::ERR_HTTP2_PROTOCOL_ERROR at https://careers.roblox.com/jobs?search=UX+intern
Call log:
  - navigating to "https://careers.roblox.com/jobs?search=UX+intern", waiting until "domcontentloaded"
)
12:10  Roblox: scrape failed — postings left untouched.
12:10  Checking Microsoft...
12:10  robots.txt unavailable for https://gcsservices.careers.microsoft.com; proceeding politely.
12:10  Retry 1/2 for Microsoft in 2s...
12:10  Retry 2/2 for Microsoft in 5s...
12:10  ERROR: Microsoft: failed to scrape https://gcsservices.careers.microsoft.com/search/api/v1/search?q=product%20design%20intern&l=en_us&pg=1&pgSz=20 (page.goto: net::ERR_CERT_COMMON_NAME_INVALID at https://gcsservices.careers.microsoft.com/search/api/v1/search?q=product%20design%20intern&l=en_us&pg=1&pgSz=20
Call log:
  - navigating to "https://gcsservices.careers.microsoft.com/search/api/v1/search?q=product%20design%20intern&l=en_us&pg=1&pgSz=20", waiting until "domcontentloaded"
)
12:10  Retry 1/2 for Microsoft in 2s...
12:10  Retry 2/2 for Microsoft in 5s...
12:10  ERROR: Microsoft: failed to scrape https://gcsservices.careers.microsoft.com/search/api/v1/search?q=UX%20design%20intern&l=en_us&pg=1&pgSz=20 (page.goto: net::ERR_CERT_COMMON_NAME_INVALID at https://gcsservices.careers.microsoft.com/search/api/v1/search?q=UX%20design%20intern&l=en_us&pg=1&pgSz=20
Call log:
  - navigating to "https://gcsservices.careers.microsoft.com/search/api/v1/search?q=UX%20design%20intern&l=en_us&pg=1&pgSz=20", waiting until "domcontentloaded"
)
12:10  Microsoft: scrape failed — postings left untouched.
12:10  Checking Amazon...
12:10  No changes.
12:10  Checking IBM...
12:11  No changes.
12:11  Checking Adobe...
12:11  No changes.
12:11  Checking American Express...
12:12  No changes.
12:12  Checking Mastercard...
12:13  No changes.
12:13  Checking Visa...
12:13  No changes.
12:13  Checking Nike...
12:13  No changes.
12:13  Widget feed updated.
12:13  === Check cycle finished (0 notification(s)) ===
14:27  === Check cycle started ===
14:27  Checking Google...
14:28  No changes.
14:28  Checking YouTube...
14:28  No changes.
14:28  Checking Meta...
14:28  No changes.
14:28  Checking Apple...
14:28  No changes.
14:28  Checking Capital One...
14:28  robots.txt disallows https://www.capitalonecareers.com/search-jobs/design%20intern — skipping this URL.
14:28  robots.txt disallows https://www.capitalonecareers.com/search-jobs/product%20design — skipping this URL.
14:28  Capital One: scrape failed — postings left untouched.
14:28  Checking JPMorgan Chase...
14:29  No changes.
14:29  Checking Roblox...
14:29  Retry 1/2 for Roblox in 2s...
14:29  Retry 2/2 for Roblox in 4s...
14:29  ERROR: Roblox: failed to scrape https://careers.roblox.com/jobs?search=product+design (page.goto: net::ERR_HTTP2_PROTOCOL_ERROR at https://careers.roblox.com/jobs?search=product+design
Call log:
  - navigating to "https://careers.roblox.com/jobs?search=product+design", waiting until "domcontentloaded"
)
14:29  Retry 1/2 for Roblox in 3s...
14:29  Retry 2/2 for Roblox in 5s...
14:29  ERROR: Roblox: failed to scrape https://careers.roblox.com/jobs?search=UX+intern (page.goto: net::ERR_HTTP2_PROTOCOL_ERROR at https://careers.roblox.com/jobs?search=UX+intern
Call log:
  - navigating to "https://careers.roblox.com/jobs?search=UX+intern", waiting until "domcontentloaded"
)
14:29  Roblox: scrape failed — postings left untouched.
14:29  Checking Microsoft...
14:29  robots.txt unavailable for https://gcsservices.careers.microsoft.com; proceeding politely.
14:29  Retry 1/2 for Microsoft in 2s...
14:29  Retry 2/2 for Microsoft in 5s...
14:29  ERROR: Microsoft: failed to scrape https://gcsservices.careers.microsoft.com/search/api/v1/search?q=product%20design%20intern&l=en_us&pg=1&pgSz=20 (page.goto: net::ERR_CERT_COMMON_NAME_INVALID at https://gcsservices.careers.microsoft.com/search/api/v1/search?q=product%20design%20intern&l=en_us&pg=1&pgSz=20
Call log:
  - navigating to "https://gcsservices.careers.microsoft.com/search/api/v1/search?q=product%20design%20intern&l=en_us&pg=1&pgSz=20", waiting until "domcontentloaded"
)
14:29  Retry 1/2 for Microsoft in 2s...
14:29  Retry 2/2 for Microsoft in 4s...
14:29  ERROR: Microsoft: failed to scrape https://gcsservices.careers.microsoft.com/search/api/v1/search?q=UX%20design%20intern&l=en_us&pg=1&pgSz=20 (page.goto: net::ERR_CERT_COMMON_NAME_INVALID at https://gcsservices.careers.microsoft.com/search/api/v1/search?q=UX%20design%20intern&l=en_us&pg=1&pgSz=20
Call log:
  - navigating to "https://gcsservices.careers.microsoft.com/search/api/v1/search?q=UX%20design%20intern&l=en_us&pg=1&pgSz=20", waiting until "domcontentloaded"
)
14:29  Microsoft: scrape failed — postings left untouched.
14:29  Checking Amazon...
14:29  No changes.
14:29  Checking IBM...
14:30  No changes.
14:30  Checking Adobe...
14:30  No changes.
14:30  Checking American Express...
14:31  No changes.
14:31  Checking Mastercard...
14:31  No changes.
14:31  Checking Visa...
14:31  No changes.
14:31  Checking Nike...
14:32  No changes.
14:32  Widget feed updated.
14:32  === Check cycle finished (0 notification(s)) ===
17:07  === Check cycle started ===
17:07  Checking Google...
17:07  No changes.
17:07  Checking YouTube...
17:08  No changes.
17:08  Checking Meta...
17:08  No changes.
17:08  Checking Apple...
17:08  No changes.
17:08  Checking Capital One...
17:08  robots.txt disallows https://www.capitalonecareers.com/search-jobs/design%20intern — skipping this URL.
17:08  robots.txt disallows https://www.capitalonecareers.com/search-jobs/product%20design — skipping this URL.
17:08  Capital One: scrape failed — postings left untouched.
17:08  Checking JPMorgan Chase...
17:08  No changes.
17:08  Checking Roblox...
17:08  Retry 1/2 for Roblox in 2s...
17:08  Retry 2/2 for Roblox in 4s...
17:08  ERROR: Roblox: failed to scrape https://careers.roblox.com/jobs?search=product+design (page.goto: net::ERR_HTTP2_PROTOCOL_ERROR at https://careers.roblox.com/jobs?search=product+design
Call log:
  - navigating to "https://careers.roblox.com/jobs?search=product+design", waiting until "domcontentloaded"
)
17:08  Retry 1/2 for Roblox in 2s...
17:08  Retry 2/2 for Roblox in 4s...
17:08  ERROR: Roblox: failed to scrape https://careers.roblox.com/jobs?search=UX+intern (page.goto: net::ERR_HTTP2_PROTOCOL_ERROR at https://careers.roblox.com/jobs?search=UX+intern
Call log:
  - navigating to "https://careers.roblox.com/jobs?search=UX+intern", waiting until "domcontentloaded"
)
17:08  Roblox: scrape failed — postings left untouched.
17:08  Checking Microsoft...
17:08  robots.txt unavailable for https://gcsservices.careers.microsoft.com; proceeding politely.
17:08  Retry 1/2 for Microsoft in 2s...
17:08  Retry 2/2 for Microsoft in 5s...
17:09  ERROR: Microsoft: failed to scrape https://gcsservices.careers.microsoft.com/search/api/v1/search?q=product%20design%20intern&l=en_us&pg=1&pgSz=20 (page.goto: net::ERR_CERT_COMMON_NAME_INVALID at https://gcsservices.careers.microsoft.com/search/api/v1/search?q=product%20design%20intern&l=en_us&pg=1&pgSz=20
Call log:
  - navigating to "https://gcsservices.careers.microsoft.com/search/api/v1/search?q=product%20design%20intern&l=en_us&pg=1&pgSz=20", waiting until "domcontentloaded"
)
17:09  Retry 1/2 for Microsoft in 2s...
17:09  Retry 2/2 for Microsoft in 4s...
17:09  ERROR: Microsoft: failed to scrape https://gcsservices.careers.microsoft.com/search/api/v1/search?q=UX%20design%20intern&l=en_us&pg=1&pgSz=20 (page.goto: net::ERR_CERT_COMMON_NAME_INVALID at https://gcsservices.careers.microsoft.com/search/api/v1/search?q=UX%20design%20intern&l=en_us&pg=1&pgSz=20
Call log:
  - navigating to "https://gcsservices.careers.microsoft.com/search/api/v1/search?q=UX%20design%20intern&l=en_us&pg=1&pgSz=20", waiting until "domcontentloaded"
)
17:09  Microsoft: scrape failed — postings left untouched.
17:09  Checking Amazon...
17:09  No changes.
17:09  Checking IBM...
17:10  No changes.
17:10  Checking Adobe...
17:10  No changes.
17:10  Checking American Express...
17:11  No changes.
17:11  Checking Mastercard...
17:11  No changes.
17:11  Checking Visa...
17:11  No changes.
17:11  Checking Nike...
17:11  No changes.
17:11  Widget feed updated.
17:11  === Check cycle finished (0 notification(s)) ===
