01:35  === Check cycle started ===
01:35  Checking Google...
01:35  No changes.
01:35  Checking YouTube...
01:35  No changes.
01:35  Checking Meta...
01:35  No changes.
01:35  Checking Apple...
01:35  No changes.
01:35  Checking Capital One...
01:35  robots.txt disallows https://www.capitalonecareers.com/search-jobs/design%20intern — skipping this URL.
01:35  robots.txt disallows https://www.capitalonecareers.com/search-jobs/product%20design — skipping this URL.
01:35  Capital One: scrape failed — postings left untouched.
01:35  Checking JPMorgan Chase...
01:36  No changes.
01:36  Checking Roblox...
01:36  Retry 1/2 for Roblox in 3s...
01:36  Retry 2/2 for Roblox in 4s...
01:36  ERROR: Roblox: failed to scrape https://careers.roblox.com/jobs?search=product+design (page.goto: net::ERR_HTTP2_PROTOCOL_ERROR at https://careers.roblox.com/jobs?search=product+design
Call log:
  - navigating to "https://careers.roblox.com/jobs?search=product+design", waiting until "domcontentloaded"
)
01:36  Retry 1/2 for Roblox in 2s...
01:36  Retry 2/2 for Roblox in 5s...
01:36  ERROR: Roblox: failed to scrape https://careers.roblox.com/jobs?search=UX+intern (page.goto: net::ERR_HTTP2_PROTOCOL_ERROR at https://careers.roblox.com/jobs?search=UX+intern
Call log:
  - navigating to "https://careers.roblox.com/jobs?search=UX+intern", waiting until "domcontentloaded"
)
01:36  Roblox: scrape failed — postings left untouched.
01:36  Checking Microsoft...
01:36  robots.txt unavailable for https://gcsservices.careers.microsoft.com; proceeding politely.
01:36  Retry 1/2 for Microsoft in 3s...
01:36  Retry 2/2 for Microsoft in 5s...
01:36  ERROR: Microsoft: failed to scrape https://gcsservices.careers.microsoft.com/search/api/v1/search?q=product%20design%20intern&l=en_us&pg=1&pgSz=20 (page.goto: net::ERR_CERT_COMMON_NAME_INVALID at https://gcsservices.careers.microsoft.com/search/api/v1/search?q=product%20design%20intern&l=en_us&pg=1&pgSz=20
Call log:
  - navigating to "https://gcsservices.careers.microsoft.com/search/api/v1/search?q=product%20design%20intern&l=en_us&pg=1&pgSz=20", waiting until "domcontentloaded"
)
01:36  Retry 1/2 for Microsoft in 2s...
01:36  Retry 2/2 for Microsoft in 5s...
01:36  ERROR: Microsoft: failed to scrape https://gcsservices.careers.microsoft.com/search/api/v1/search?q=UX%20design%20intern&l=en_us&pg=1&pgSz=20 (page.goto: net::ERR_CERT_COMMON_NAME_INVALID at https://gcsservices.careers.microsoft.com/search/api/v1/search?q=UX%20design%20intern&l=en_us&pg=1&pgSz=20
Call log:
  - navigating to "https://gcsservices.careers.microsoft.com/search/api/v1/search?q=UX%20design%20intern&l=en_us&pg=1&pgSz=20", waiting until "domcontentloaded"
)
01:36  Microsoft: scrape failed — postings left untouched.
01:36  Checking Amazon...
01:36  No changes.
01:36  Checking IBM...
01:37  No changes.
01:37  Checking Adobe...
01:38  No changes.
01:38  Checking American Express...
01:39  No changes.
01:39  Checking Mastercard...
01:39  No changes.
01:39  Checking Visa...
01:39  No changes.
01:39  Checking Nike...
01:39  No changes.
01:39  Widget feed updated.
01:39  === Check cycle finished (0 notification(s)) ===
04:25  === Check cycle started ===
04:25  Checking Google...
04:26  No changes.
04:26  Checking YouTube...
04:26  No changes.
04:26  Checking Meta...
04:26  No changes.
04:26  Checking Apple...
04:26  No changes.
04:26  Checking Capital One...
04:26  robots.txt disallows https://www.capitalonecareers.com/search-jobs/design%20intern — skipping this URL.
04:26  robots.txt disallows https://www.capitalonecareers.com/search-jobs/product%20design — skipping this URL.
04:26  Capital One: scrape failed — postings left untouched.
04:26  Checking JPMorgan Chase...
04:27  No changes.
04:27  Checking Roblox...
04:27  Retry 1/2 for Roblox in 2s...
04:27  Retry 2/2 for Roblox in 4s...
04:27  ERROR: Roblox: failed to scrape https://careers.roblox.com/jobs?search=product+design (page.goto: net::ERR_HTTP2_PROTOCOL_ERROR at https://careers.roblox.com/jobs?search=product+design
Call log:
  - navigating to "https://careers.roblox.com/jobs?search=product+design", waiting until "domcontentloaded"
)
04:27  Retry 1/2 for Roblox in 2s...
04:27  Retry 2/2 for Roblox in 4s...
04:27  ERROR: Roblox: failed to scrape https://careers.roblox.com/jobs?search=UX+intern (page.goto: net::ERR_HTTP2_PROTOCOL_ERROR at https://careers.roblox.com/jobs?search=UX+intern
Call log:
  - navigating to "https://careers.roblox.com/jobs?search=UX+intern", waiting until "domcontentloaded"
)
04:27  Roblox: scrape failed — postings left untouched.
04:27  Checking Microsoft...
04:27  robots.txt unavailable for https://gcsservices.careers.microsoft.com; proceeding politely.
04:27  Retry 1/2 for Microsoft in 2s...
04:27  Retry 2/2 for Microsoft in 5s...
04:27  ERROR: Microsoft: failed to scrape https://gcsservices.careers.microsoft.com/search/api/v1/search?q=product%20design%20intern&l=en_us&pg=1&pgSz=20 (page.goto: net::ERR_CERT_COMMON_NAME_INVALID at https://gcsservices.careers.microsoft.com/search/api/v1/search?q=product%20design%20intern&l=en_us&pg=1&pgSz=20
Call log:
  - navigating to "https://gcsservices.careers.microsoft.com/search/api/v1/search?q=product%20design%20intern&l=en_us&pg=1&pgSz=20", waiting until "domcontentloaded"
)
04:27  Retry 1/2 for Microsoft in 3s...
04:27  Retry 2/2 for Microsoft in 4s...
04:27  ERROR: Microsoft: failed to scrape https://gcsservices.careers.microsoft.com/search/api/v1/search?q=UX%20design%20intern&l=en_us&pg=1&pgSz=20 (page.goto: net::ERR_CERT_COMMON_NAME_INVALID at https://gcsservices.careers.microsoft.com/search/api/v1/search?q=UX%20design%20intern&l=en_us&pg=1&pgSz=20
Call log:
  - navigating to "https://gcsservices.careers.microsoft.com/search/api/v1/search?q=UX%20design%20intern&l=en_us&pg=1&pgSz=20", waiting until "domcontentloaded"
)
04:27  Microsoft: scrape failed — postings left untouched.
04:27  Checking Amazon...
04:27  No changes.
04:27  Checking IBM...
04:28  No changes.
04:28  Checking Adobe...
04:28  No changes.
04:28  Checking American Express...
04:29  No changes.
04:29  Checking Mastercard...
04:29  No changes.
04:29  Checking Visa...
04:30  No changes.
04:30  Checking Nike...
04:30  No changes.
04:30  Widget feed updated.
04:30  === Check cycle finished (0 notification(s)) ===
