01:35  === Check cycle started ===
01:35  Checking Google...
01:35  No changes.
01:35  Checking YouTube...
01:35  No changes.
01:35  Checking Meta...
01:35  No changes.
01:35  Checking Apple...
01:36  No changes.
01:36  Checking Capital One...
01:36  robots.txt disallows https://www.capitalonecareers.com/search-jobs/design%20intern — skipping this URL.
01:36  robots.txt disallows https://www.capitalonecareers.com/search-jobs/product%20design — skipping this URL.
01:36  Capital One: scrape failed — postings left untouched.
01:36  Checking JPMorgan Chase...
01:36  No changes.
01:36  Checking Roblox...
01:36  Retry 1/2 for Roblox in 2s...
01:36  Retry 2/2 for Roblox in 5s...
01:36  ERROR: Roblox: failed to scrape https://careers.roblox.com/jobs?search=product+design (page.goto: net::ERR_HTTP2_PROTOCOL_ERROR at https://careers.roblox.com/jobs?search=product+design
Call log:
  - navigating to "https://careers.roblox.com/jobs?search=product+design", waiting until "domcontentloaded"
)
01:36  Retry 1/2 for Roblox in 2s...
01:36  Retry 2/2 for Roblox in 4s...
01:36  ERROR: Roblox: failed to scrape https://careers.roblox.com/jobs?search=UX+intern (page.goto: net::ERR_HTTP2_PROTOCOL_ERROR at https://careers.roblox.com/jobs?search=UX+intern
Call log:
  - navigating to "https://careers.roblox.com/jobs?search=UX+intern", waiting until "domcontentloaded"
)
01:36  Roblox: scrape failed — postings left untouched.
01:36  Checking Microsoft...
01:36  robots.txt unavailable for https://gcsservices.careers.microsoft.com; proceeding politely.
01:36  Retry 1/2 for Microsoft in 2s...
01:36  Retry 2/2 for Microsoft in 5s...
01:36  ERROR: Microsoft: failed to scrape https://gcsservices.careers.microsoft.com/search/api/v1/search?q=product%20design%20intern&l=en_us&pg=1&pgSz=20 (page.goto: net::ERR_CERT_COMMON_NAME_INVALID at https://gcsservices.careers.microsoft.com/search/api/v1/search?q=product%20design%20intern&l=en_us&pg=1&pgSz=20
Call log:
  - navigating to "https://gcsservices.careers.microsoft.com/search/api/v1/search?q=product%20design%20intern&l=en_us&pg=1&pgSz=20", waiting until "domcontentloaded"
)
01:36  Retry 1/2 for Microsoft in 2s...
01:36  Retry 2/2 for Microsoft in 5s...
01:36  ERROR: Microsoft: failed to scrape https://gcsservices.careers.microsoft.com/search/api/v1/search?q=UX%20design%20intern&l=en_us&pg=1&pgSz=20 (page.goto: net::ERR_CERT_COMMON_NAME_INVALID at https://gcsservices.careers.microsoft.com/search/api/v1/search?q=UX%20design%20intern&l=en_us&pg=1&pgSz=20
Call log:
  - navigating to "https://gcsservices.careers.microsoft.com/search/api/v1/search?q=UX%20design%20intern&l=en_us&pg=1&pgSz=20", waiting until "domcontentloaded"
)
01:36  Microsoft: scrape failed — postings left untouched.
01:36  Checking Amazon...
01:36  No changes.
01:36  Checking IBM...
01:37  No changes.
01:37  Checking Adobe...
01:38  No changes.
01:38  Checking American Express...
01:38  No changes.
01:38  Checking Mastercard...
01:38  No changes.
01:38  Checking Visa...
01:38  No changes.
01:38  Checking Nike...
01:38  No changes.
01:38  Widget feed updated.
01:38  === Check cycle finished (0 notification(s)) ===
04:25  === Check cycle started ===
04:25  Checking Google...
04:25  No changes.
04:25  Checking YouTube...
04:25  No changes.
04:25  Checking Meta...
04:26  No changes.
04:26  Checking Apple...
04:26  No changes.
04:26  Checking Capital One...
04:26  robots.txt disallows https://www.capitalonecareers.com/search-jobs/design%20intern — skipping this URL.
04:26  robots.txt disallows https://www.capitalonecareers.com/search-jobs/product%20design — skipping this URL.
04:26  Capital One: scrape failed — postings left untouched.
04:26  Checking JPMorgan Chase...
04:26  No changes.
04:26  Checking Roblox...
04:26  Retry 1/2 for Roblox in 2s...
04:26  Retry 2/2 for Roblox in 5s...
04:26  ERROR: Roblox: failed to scrape https://careers.roblox.com/jobs?search=product+design (page.goto: net::ERR_HTTP2_PROTOCOL_ERROR at https://careers.roblox.com/jobs?search=product+design
Call log:
  - navigating to "https://careers.roblox.com/jobs?search=product+design", waiting until "domcontentloaded"
)
04:26  Retry 1/2 for Roblox in 3s...
04:26  Retry 2/2 for Roblox in 5s...
04:26  ERROR: Roblox: failed to scrape https://careers.roblox.com/jobs?search=UX+intern (page.goto: net::ERR_HTTP2_PROTOCOL_ERROR at https://careers.roblox.com/jobs?search=UX+intern
Call log:
  - navigating to "https://careers.roblox.com/jobs?search=UX+intern", waiting until "domcontentloaded"
)
04:26  Roblox: scrape failed — postings left untouched.
04:26  Checking Microsoft...
04:26  robots.txt unavailable for https://gcsservices.careers.microsoft.com; proceeding politely.
04:26  Retry 1/2 for Microsoft in 2s...
04:26  Retry 2/2 for Microsoft in 5s...
04:26  ERROR: Microsoft: failed to scrape https://gcsservices.careers.microsoft.com/search/api/v1/search?q=product%20design%20intern&l=en_us&pg=1&pgSz=20 (page.goto: net::ERR_CERT_COMMON_NAME_INVALID at https://gcsservices.careers.microsoft.com/search/api/v1/search?q=product%20design%20intern&l=en_us&pg=1&pgSz=20
Call log:
  - navigating to "https://gcsservices.careers.microsoft.com/search/api/v1/search?q=product%20design%20intern&l=en_us&pg=1&pgSz=20", waiting until "domcontentloaded"
)
04:26  Retry 1/2 for Microsoft in 2s...
04:26  Retry 2/2 for Microsoft in 4s...
04:27  ERROR: Microsoft: failed to scrape https://gcsservices.careers.microsoft.com/search/api/v1/search?q=UX%20design%20intern&l=en_us&pg=1&pgSz=20 (page.goto: net::ERR_CERT_COMMON_NAME_INVALID at https://gcsservices.careers.microsoft.com/search/api/v1/search?q=UX%20design%20intern&l=en_us&pg=1&pgSz=20
Call log:
  - navigating to "https://gcsservices.careers.microsoft.com/search/api/v1/search?q=UX%20design%20intern&l=en_us&pg=1&pgSz=20", waiting until "domcontentloaded"
)
04:27  Microsoft: scrape failed — postings left untouched.
04:27  Checking Amazon...
04:27  No changes.
04:27  Checking IBM...
04:28  No changes.
04:28  Checking Adobe...
04:28  No changes.
04:28  Checking American Express...
04:28  No changes.
04:28  Checking Mastercard...
04:28  No changes.
04:28  Checking Visa...
04:28  No changes.
04:28  Checking Nike...
04:28  No changes.
04:28  Widget feed updated.
04:28  === Check cycle finished (0 notification(s)) ===
07:33  === Check cycle started ===
07:33  Checking Google...
07:33  No changes.
07:33  Checking YouTube...
07:34  No changes.
07:34  Checking Meta...
07:34  No changes.
07:34  Checking Apple...
07:34  No changes.
07:34  Checking Capital One...
07:34  robots.txt disallows https://www.capitalonecareers.com/search-jobs/design%20intern — skipping this URL.
07:34  robots.txt disallows https://www.capitalonecareers.com/search-jobs/product%20design — skipping this URL.
07:34  Capital One: scrape failed — postings left untouched.
07:34  Checking JPMorgan Chase...
07:34  No changes.
07:34  Checking Roblox...
07:34  Retry 1/2 for Roblox in 2s...
07:34  Retry 2/2 for Roblox in 5s...
07:34  ERROR: Roblox: failed to scrape https://careers.roblox.com/jobs?search=product+design (page.goto: net::ERR_HTTP2_PROTOCOL_ERROR at https://careers.roblox.com/jobs?search=product+design
Call log:
  - navigating to "https://careers.roblox.com/jobs?search=product+design", waiting until "domcontentloaded"
)
07:34  Retry 1/2 for Roblox in 2s...
07:34  Retry 2/2 for Roblox in 5s...
07:34  ERROR: Roblox: failed to scrape https://careers.roblox.com/jobs?search=UX+intern (page.goto: net::ERR_HTTP2_PROTOCOL_ERROR at https://careers.roblox.com/jobs?search=UX+intern
Call log:
  - navigating to "https://careers.roblox.com/jobs?search=UX+intern", waiting until "domcontentloaded"
)
07:35  Roblox: scrape failed — postings left untouched.
07:35  Checking Microsoft...
07:35  robots.txt unavailable for https://gcsservices.careers.microsoft.com; proceeding politely.
07:35  Retry 1/2 for Microsoft in 2s...
07:35  Retry 2/2 for Microsoft in 5s...
07:35  ERROR: Microsoft: failed to scrape https://gcsservices.careers.microsoft.com/search/api/v1/search?q=product%20design%20intern&l=en_us&pg=1&pgSz=20 (page.goto: net::ERR_CERT_COMMON_NAME_INVALID at https://gcsservices.careers.microsoft.com/search/api/v1/search?q=product%20design%20intern&l=en_us&pg=1&pgSz=20
Call log:
  - navigating to "https://gcsservices.careers.microsoft.com/search/api/v1/search?q=product%20design%20intern&l=en_us&pg=1&pgSz=20", waiting until "domcontentloaded"
)
07:35  Retry 1/2 for Microsoft in 2s...
07:35  Retry 2/2 for Microsoft in 4s...
07:35  ERROR: Microsoft: failed to scrape https://gcsservices.careers.microsoft.com/search/api/v1/search?q=UX%20design%20intern&l=en_us&pg=1&pgSz=20 (page.goto: net::ERR_CERT_COMMON_NAME_INVALID at https://gcsservices.careers.microsoft.com/search/api/v1/search?q=UX%20design%20intern&l=en_us&pg=1&pgSz=20
Call log:
  - navigating to "https://gcsservices.careers.microsoft.com/search/api/v1/search?q=UX%20design%20intern&l=en_us&pg=1&pgSz=20", waiting until "domcontentloaded"
)
07:35  Microsoft: scrape failed — postings left untouched.
07:35  Checking Amazon...
07:35  No changes.
07:35  Checking IBM...
07:36  No changes.
07:36  Checking Adobe...
07:36  No changes.
07:36  Checking American Express...
07:36  No changes.
07:36  Checking Mastercard...
07:36  No changes.
07:36  Checking Visa...
07:36  No changes.
07:36  Checking Nike...
07:37  No changes.
07:37  Widget feed updated.
07:37  === Check cycle finished (0 notification(s)) ===
10:18  === Check cycle started ===
10:18  Checking Google...
10:18  No changes.
10:18  Checking YouTube...
10:19  No changes.
10:19  Checking Meta...
10:19  No changes.
10:19  Checking Apple...
10:19  No changes.
10:19  Checking Capital One...
10:19  robots.txt disallows https://www.capitalonecareers.com/search-jobs/design%20intern — skipping this URL.
10:19  robots.txt disallows https://www.capitalonecareers.com/search-jobs/product%20design — skipping this URL.
10:19  Capital One: scrape failed — postings left untouched.
10:19  Checking JPMorgan Chase...
10:19  No changes.
10:19  Checking Roblox...
10:19  Retry 1/2 for Roblox in 2s...
10:19  Retry 2/2 for Roblox in 4s...
10:19  ERROR: Roblox: failed to scrape https://careers.roblox.com/jobs?search=product+design (page.goto: net::ERR_HTTP2_PROTOCOL_ERROR at https://careers.roblox.com/jobs?search=product+design
Call log:
  - navigating to "https://careers.roblox.com/jobs?search=product+design", waiting until "domcontentloaded"
)
10:19  Retry 1/2 for Roblox in 2s...
10:19  Retry 2/2 for Roblox in 5s...
10:19  ERROR: Roblox: failed to scrape https://careers.roblox.com/jobs?search=UX+intern (page.goto: net::ERR_HTTP2_PROTOCOL_ERROR at https://careers.roblox.com/jobs?search=UX+intern
Call log:
  - navigating to "https://careers.roblox.com/jobs?search=UX+intern", waiting until "domcontentloaded"
)
10:19  Roblox: scrape failed — postings left untouched.
10:19  Checking Microsoft...
10:19  robots.txt unavailable for https://gcsservices.careers.microsoft.com; proceeding politely.
10:19  Retry 1/2 for Microsoft in 2s...
10:19  Retry 2/2 for Microsoft in 5s...
10:20  ERROR: Microsoft: failed to scrape https://gcsservices.careers.microsoft.com/search/api/v1/search?q=product%20design%20intern&l=en_us&pg=1&pgSz=20 (page.goto: net::ERR_CERT_COMMON_NAME_INVALID at https://gcsservices.careers.microsoft.com/search/api/v1/search?q=product%20design%20intern&l=en_us&pg=1&pgSz=20
Call log:
  - navigating to "https://gcsservices.careers.microsoft.com/search/api/v1/search?q=product%20design%20intern&l=en_us&pg=1&pgSz=20", waiting until "domcontentloaded"
)
10:20  Retry 1/2 for Microsoft in 2s...
10:20  Retry 2/2 for Microsoft in 4s...
10:20  ERROR: Microsoft: failed to scrape https://gcsservices.careers.microsoft.com/search/api/v1/search?q=UX%20design%20intern&l=en_us&pg=1&pgSz=20 (page.goto: net::ERR_CERT_COMMON_NAME_INVALID at https://gcsservices.careers.microsoft.com/search/api/v1/search?q=UX%20design%20intern&l=en_us&pg=1&pgSz=20
Call log:
  - navigating to "https://gcsservices.careers.microsoft.com/search/api/v1/search?q=UX%20design%20intern&l=en_us&pg=1&pgSz=20", waiting until "domcontentloaded"
)
10:20  Microsoft: scrape failed — postings left untouched.
10:20  Checking Amazon...
10:20  No changes.
10:20  Checking IBM...
10:21  No changes.
10:21  Checking Adobe...
10:21  No changes.
10:21  Checking American Express...
10:21  No changes.
10:21  Checking Mastercard...
10:21  No changes.
10:21  Checking Visa...
10:22  No changes.
10:22  Checking Nike...
10:22  No changes.
10:22  Widget feed updated.
10:22  === Check cycle finished (0 notification(s)) ===
13:25  === Check cycle started ===
13:25  Checking Google...
13:25  No changes.
13:25  Checking YouTube...
13:26  No changes.
13:26  Checking Meta...
13:26  No changes.
13:26  Checking Apple...
13:26  No changes.
13:26  Checking Capital One...
13:26  robots.txt disallows https://www.capitalonecareers.com/search-jobs/design%20intern — skipping this URL.
13:26  robots.txt disallows https://www.capitalonecareers.com/search-jobs/product%20design — skipping this URL.
13:26  Capital One: scrape failed — postings left untouched.
13:26  Checking JPMorgan Chase...
13:27  No changes.
13:27  Checking Roblox...
13:27  Retry 1/2 for Roblox in 2s...
13:27  Retry 2/2 for Roblox in 5s...
13:27  ERROR: Roblox: failed to scrape https://careers.roblox.com/jobs?search=product+design (page.goto: net::ERR_HTTP2_PROTOCOL_ERROR at https://careers.roblox.com/jobs?search=product+design
Call log:
  - navigating to "https://careers.roblox.com/jobs?search=product+design", waiting until "domcontentloaded"
)
13:27  Retry 1/2 for Roblox in 2s...
13:27  Retry 2/2 for Roblox in 5s...
13:27  ERROR: Roblox: failed to scrape https://careers.roblox.com/jobs?search=UX+intern (page.goto: net::ERR_HTTP2_PROTOCOL_ERROR at https://careers.roblox.com/jobs?search=UX+intern
Call log:
  - navigating to "https://careers.roblox.com/jobs?search=UX+intern", waiting until "domcontentloaded"
)
13:27  Roblox: scrape failed — postings left untouched.
13:27  Checking Microsoft...
13:27  robots.txt unavailable for https://gcsservices.careers.microsoft.com; proceeding politely.
13:27  Retry 1/2 for Microsoft in 2s...
13:27  Retry 2/2 for Microsoft in 5s...
13:27  ERROR: Microsoft: failed to scrape https://gcsservices.careers.microsoft.com/search/api/v1/search?q=product%20design%20intern&l=en_us&pg=1&pgSz=20 (page.goto: net::ERR_CERT_COMMON_NAME_INVALID at https://gcsservices.careers.microsoft.com/search/api/v1/search?q=product%20design%20intern&l=en_us&pg=1&pgSz=20
Call log:
  - navigating to "https://gcsservices.careers.microsoft.com/search/api/v1/search?q=product%20design%20intern&l=en_us&pg=1&pgSz=20", waiting until "domcontentloaded"
)
13:27  Retry 1/2 for Microsoft in 2s...
13:27  Retry 2/2 for Microsoft in 5s...
13:27  ERROR: Microsoft: failed to scrape https://gcsservices.careers.microsoft.com/search/api/v1/search?q=UX%20design%20intern&l=en_us&pg=1&pgSz=20 (page.goto: net::ERR_CERT_COMMON_NAME_INVALID at https://gcsservices.careers.microsoft.com/search/api/v1/search?q=UX%20design%20intern&l=en_us&pg=1&pgSz=20
Call log:
  - navigating to "https://gcsservices.careers.microsoft.com/search/api/v1/search?q=UX%20design%20intern&l=en_us&pg=1&pgSz=20", waiting until "domcontentloaded"
)
13:27  Microsoft: scrape failed — postings left untouched.
13:27  Checking Amazon...
13:27  No changes.
13:27  Checking IBM...
13:28  No changes.
13:28  Checking Adobe...
13:28  No changes.
13:28  Checking American Express...
13:28  No changes.
13:28  Checking Mastercard...
13:29  No changes.
13:29  Checking Visa...
13:29  No changes.
13:29  Checking Nike...
13:29  No changes.
13:29  Widget feed updated.
13:29  === Check cycle finished (0 notification(s)) ===
