02:12  === Check cycle started ===
02:12  Checking Google...
02:12  No changes.
02:12  Checking YouTube...
02:12  No changes.
02:12  Checking Meta...
02:12  No changes.
02:12  Checking Apple...
02:13  New Internship Found. (Apple — Audio Product Design Intern)
02:13  SMS DRY-RUN (no Twilio credentials) — message would be:
02:13    | Product Design Internship Open!!!!
02:13    | Company:
02:13    | Apple
02:13    | Title:
02:13    | Audio Product Design Intern
02:13    | Location:
02:13    | LocationShanghai
02:13    | Apply:
02:13    | https://jobs.apple.com/en-us/details/200675594-3715/audio-product-design-intern
02:13    | First Seen:
02:13    | August 7, 2026
02:13  Discord DRY-RUN (no webhook configured).
02:13  Checking Capital One...
02:13  robots.txt disallows https://www.capitalonecareers.com/search-jobs/design%20intern — skipping this URL.
02:13  robots.txt disallows https://www.capitalonecareers.com/search-jobs/product%20design — skipping this URL.
02:13  Capital One: scrape failed — postings left untouched.
02:13  Checking JPMorgan Chase...
02:13  No changes.
02:13  Checking Roblox...
02:13  Retry 1/2 for Roblox in 2s...
02:13  Retry 2/2 for Roblox in 5s...
02:13  ERROR: Roblox: failed to scrape https://careers.roblox.com/jobs?search=product+design (page.goto: net::ERR_HTTP2_PROTOCOL_ERROR at https://careers.roblox.com/jobs?search=product+design
Call log:
  - navigating to "https://careers.roblox.com/jobs?search=product+design", waiting until "domcontentloaded"
)
02:13  Retry 1/2 for Roblox in 3s...
02:13  Retry 2/2 for Roblox in 5s...
02:13  ERROR: Roblox: failed to scrape https://careers.roblox.com/jobs?search=UX+intern (page.goto: net::ERR_HTTP2_PROTOCOL_ERROR at https://careers.roblox.com/jobs?search=UX+intern
Call log:
  - navigating to "https://careers.roblox.com/jobs?search=UX+intern", waiting until "domcontentloaded"
)
02:13  Roblox: scrape failed — postings left untouched.
02:13  Checking Microsoft...
02:13  robots.txt unavailable for https://gcsservices.careers.microsoft.com; proceeding politely.
02:13  Retry 1/2 for Microsoft in 3s...
02:13  Retry 2/2 for Microsoft in 5s...
02:13  ERROR: Microsoft: failed to scrape https://gcsservices.careers.microsoft.com/search/api/v1/search?q=product%20design%20intern&l=en_us&pg=1&pgSz=20 (page.goto: net::ERR_CERT_COMMON_NAME_INVALID at https://gcsservices.careers.microsoft.com/search/api/v1/search?q=product%20design%20intern&l=en_us&pg=1&pgSz=20
Call log:
  - navigating to "https://gcsservices.careers.microsoft.com/search/api/v1/search?q=product%20design%20intern&l=en_us&pg=1&pgSz=20", waiting until "domcontentloaded"
)
02:13  Retry 1/2 for Microsoft in 2s...
02:13  Retry 2/2 for Microsoft in 4s...
02:13  ERROR: Microsoft: failed to scrape https://gcsservices.careers.microsoft.com/search/api/v1/search?q=UX%20design%20intern&l=en_us&pg=1&pgSz=20 (page.goto: net::ERR_CERT_COMMON_NAME_INVALID at https://gcsservices.careers.microsoft.com/search/api/v1/search?q=UX%20design%20intern&l=en_us&pg=1&pgSz=20
Call log:
  - navigating to "https://gcsservices.careers.microsoft.com/search/api/v1/search?q=UX%20design%20intern&l=en_us&pg=1&pgSz=20", waiting until "domcontentloaded"
)
02:13  Microsoft: scrape failed — postings left untouched.
02:13  Checking Amazon...
02:13  No changes.
02:13  Checking IBM...
02:14  No changes.
02:14  Checking Adobe...
02:14  No changes.
02:14  Checking American Express...
02:15  No changes.
02:15  Checking Mastercard...
02:16  No changes.
02:16  Checking Visa...
02:16  No changes.
02:16  Checking Nike...
02:16  No changes.
02:16  Widget feed updated.
02:16  === Check cycle finished (1 notification(s)) ===
