24:27  === Daily summary ===
24:27    Internship Monitor Daily Summary
24:27    Checked:
24:27    18 companies
24:27    New jobs:
24:27    0
24:27    Still Open:
24:27    11
24:27    Closed Today:
24:27    0
24:27  SMS DRY-RUN — daily summary would be:
24:27    | Internship Monitor Daily Summary
24:27    | Checked:
24:27    | 18 companies
24:27    | New jobs:
24:27    | 0
24:27    | Still Open:
24:27    | 11
24:27    | Closed Today:
24:27    | 0
24:27  Discord DRY-RUN (no webhook configured).
24:27  Widget feed updated.
05:32  === Check cycle started ===
05:32  Checking Google...
05:32  No changes.
05:32  Checking YouTube...
05:32  No changes.
05:32  Checking Meta...
05:33  No changes.
05:33  Checking Apple...
05:33  No changes.
05:33  Checking Capital One...
05:33  robots.txt disallows https://www.capitalonecareers.com/search-jobs/design%20intern — skipping this URL.
05:33  robots.txt disallows https://www.capitalonecareers.com/search-jobs/product%20design — skipping this URL.
05:33  Capital One: scrape failed — postings left untouched.
05:33  Checking JPMorgan Chase...
05:33  No changes.
05:33  Checking Roblox...
05:33  Retry 1/2 for Roblox in 3s...
05:33  Retry 2/2 for Roblox in 4s...
05:33  ERROR: Roblox: failed to scrape https://careers.roblox.com/jobs?search=product+design (page.goto: net::ERR_HTTP2_PROTOCOL_ERROR at https://careers.roblox.com/jobs?search=product+design
Call log:
  - navigating to "https://careers.roblox.com/jobs?search=product+design", waiting until "domcontentloaded"
)
05:33  Retry 1/2 for Roblox in 2s...
05:33  Retry 2/2 for Roblox in 5s...
05:33  ERROR: Roblox: failed to scrape https://careers.roblox.com/jobs?search=UX+intern (page.goto: net::ERR_HTTP2_PROTOCOL_ERROR at https://careers.roblox.com/jobs?search=UX+intern
Call log:
  - navigating to "https://careers.roblox.com/jobs?search=UX+intern", waiting until "domcontentloaded"
)
05:33  Roblox: scrape failed — postings left untouched.
05:33  Checking Microsoft...
05:33  robots.txt unavailable for https://gcsservices.careers.microsoft.com; proceeding politely.
05:33  Retry 1/2 for Microsoft in 2s...
05:33  Retry 2/2 for Microsoft in 5s...
05:33  ERROR: Microsoft: failed to scrape https://gcsservices.careers.microsoft.com/search/api/v1/search?q=product%20design%20intern&l=en_us&pg=1&pgSz=20 (page.goto: net::ERR_CERT_COMMON_NAME_INVALID at https://gcsservices.careers.microsoft.com/search/api/v1/search?q=product%20design%20intern&l=en_us&pg=1&pgSz=20
Call log:
  - navigating to "https://gcsservices.careers.microsoft.com/search/api/v1/search?q=product%20design%20intern&l=en_us&pg=1&pgSz=20", waiting until "domcontentloaded"
)
05:33  Retry 1/2 for Microsoft in 3s...
05:34  Retry 2/2 for Microsoft in 5s...
05:34  ERROR: Microsoft: failed to scrape https://gcsservices.careers.microsoft.com/search/api/v1/search?q=UX%20design%20intern&l=en_us&pg=1&pgSz=20 (page.goto: net::ERR_CERT_COMMON_NAME_INVALID at https://gcsservices.careers.microsoft.com/search/api/v1/search?q=UX%20design%20intern&l=en_us&pg=1&pgSz=20
Call log:
  - navigating to "https://gcsservices.careers.microsoft.com/search/api/v1/search?q=UX%20design%20intern&l=en_us&pg=1&pgSz=20", waiting until "domcontentloaded"
)
05:34  Microsoft: scrape failed — postings left untouched.
05:34  Checking Amazon...
05:34  No changes.
05:34  Checking IBM...
05:35  No changes.
05:35  Checking Adobe...
05:35  No changes.
05:35  Checking American Express...
05:35  No changes.
05:35  Checking Mastercard...
05:35  No changes.
05:35  Checking Visa...
05:35  No changes.
05:35  Checking Nike...
05:35  No changes.
05:35  Checking Spotify...
05:36  No changes.
05:36  Checking Tesla...
05:36  Retry 1/2 for Tesla in 2s...
05:36  Retry 2/2 for Tesla in 4s...
05:36  ERROR: Tesla: failed to scrape https://www.tesla.com/careers/search/?type=intern&site=US (Cloudflare / bot challenge detected)
05:36  Retry 1/2 for Tesla in 2s...
05:36  Retry 2/2 for Tesla in 5s...
05:36  ERROR: Tesla: failed to scrape https://www.tesla.com/careers/search/?query=design%20intern&site=US (Cloudflare / bot challenge detected)
05:36  Tesla: scrape failed — postings left untouched.
05:36  Checking Warner Bros. Discovery...
05:36  No changes.
05:36  Widget feed updated.
05:36  === Check cycle finished (0 notification(s)) ===
10:47  === Check cycle started ===
10:47  Checking Google...
10:47  No changes.
10:47  Checking YouTube...
10:48  No changes.
10:48  Checking Meta...
10:48  No changes.
10:48  Checking Apple...
10:48  No changes.
10:48  Checking Capital One...
10:48  robots.txt disallows https://www.capitalonecareers.com/search-jobs/design%20intern — skipping this URL.
10:48  robots.txt disallows https://www.capitalonecareers.com/search-jobs/product%20design — skipping this URL.
10:48  Capital One: scrape failed — postings left untouched.
10:48  Checking JPMorgan Chase...
10:48  No changes.
10:48  Checking Roblox...
10:48  Retry 1/2 for Roblox in 2s...
10:48  Retry 2/2 for Roblox in 4s...
10:48  ERROR: Roblox: failed to scrape https://careers.roblox.com/jobs?search=product+design (page.goto: net::ERR_HTTP2_PROTOCOL_ERROR at https://careers.roblox.com/jobs?search=product+design
Call log:
  - navigating to "https://careers.roblox.com/jobs?search=product+design", waiting until "domcontentloaded"
)
10:48  Retry 1/2 for Roblox in 2s...
10:48  Retry 2/2 for Roblox in 5s...
10:48  ERROR: Roblox: failed to scrape https://careers.roblox.com/jobs?search=UX+intern (page.goto: net::ERR_HTTP2_PROTOCOL_ERROR at https://careers.roblox.com/jobs?search=UX+intern
Call log:
  - navigating to "https://careers.roblox.com/jobs?search=UX+intern", waiting until "domcontentloaded"
)
10:48  Roblox: scrape failed — postings left untouched.
10:48  Checking Microsoft...
10:48  robots.txt unavailable for https://gcsservices.careers.microsoft.com; proceeding politely.
10:48  Retry 1/2 for Microsoft in 2s...
10:49  Retry 2/2 for Microsoft in 5s...
10:49  ERROR: Microsoft: failed to scrape https://gcsservices.careers.microsoft.com/search/api/v1/search?q=product%20design%20intern&l=en_us&pg=1&pgSz=20 (page.goto: net::ERR_CERT_COMMON_NAME_INVALID at https://gcsservices.careers.microsoft.com/search/api/v1/search?q=product%20design%20intern&l=en_us&pg=1&pgSz=20
Call log:
  - navigating to "https://gcsservices.careers.microsoft.com/search/api/v1/search?q=product%20design%20intern&l=en_us&pg=1&pgSz=20", waiting until "domcontentloaded"
)
10:49  Retry 1/2 for Microsoft in 2s...
10:49  Retry 2/2 for Microsoft in 4s...
10:49  ERROR: Microsoft: failed to scrape https://gcsservices.careers.microsoft.com/search/api/v1/search?q=UX%20design%20intern&l=en_us&pg=1&pgSz=20 (page.goto: net::ERR_CERT_COMMON_NAME_INVALID at https://gcsservices.careers.microsoft.com/search/api/v1/search?q=UX%20design%20intern&l=en_us&pg=1&pgSz=20
Call log:
  - navigating to "https://gcsservices.careers.microsoft.com/search/api/v1/search?q=UX%20design%20intern&l=en_us&pg=1&pgSz=20", waiting until "domcontentloaded"
)
10:49  Microsoft: scrape failed — postings left untouched.
10:49  Checking Amazon...
10:49  No changes.
10:49  Checking IBM...
10:50  No changes.
10:50  Checking Adobe...
10:50  No changes.
10:50  Checking American Express...
10:50  No changes.
10:50  Checking Mastercard...
10:51  No changes.
10:51  Checking Visa...
10:51  No changes.
10:51  Checking Nike...
10:51  No changes.
10:51  Checking Spotify...
10:51  No changes.
10:51  Checking Tesla...
10:51  Retry 1/2 for Tesla in 2s...
10:51  Retry 2/2 for Tesla in 4s...
10:51  ERROR: Tesla: failed to scrape https://www.tesla.com/careers/search/?type=intern&site=US (Cloudflare / bot challenge detected)
10:51  Retry 1/2 for Tesla in 2s...
10:51  Retry 2/2 for Tesla in 5s...
10:52  ERROR: Tesla: failed to scrape https://www.tesla.com/careers/search/?query=design%20intern&site=US (Cloudflare / bot challenge detected)
10:52  Tesla: scrape failed — postings left untouched.
10:52  Checking Warner Bros. Discovery...
10:52  No changes.
10:52  Widget feed updated.
10:52  === Check cycle finished (0 notification(s)) ===
15:23  === Check cycle started ===
15:23  Checking Google...
15:23  No changes.
15:23  Checking YouTube...
15:23  No changes.
15:23  Checking Meta...
15:23  No changes.
15:23  Checking Apple...
15:24  No changes.
15:24  Checking Capital One...
15:24  robots.txt disallows https://www.capitalonecareers.com/search-jobs/design%20intern — skipping this URL.
15:24  robots.txt disallows https://www.capitalonecareers.com/search-jobs/product%20design — skipping this URL.
15:24  Capital One: scrape failed — postings left untouched.
15:24  Checking JPMorgan Chase...
15:24  No changes.
15:24  Checking Roblox...
15:24  Retry 1/2 for Roblox in 2s...
15:24  Retry 2/2 for Roblox in 5s...
15:24  ERROR: Roblox: failed to scrape https://careers.roblox.com/jobs?search=product+design (page.goto: net::ERR_HTTP2_PROTOCOL_ERROR at https://careers.roblox.com/jobs?search=product+design
Call log:
  - navigating to "https://careers.roblox.com/jobs?search=product+design", waiting until "domcontentloaded"
)
15:24  Retry 1/2 for Roblox in 2s...
15:24  Retry 2/2 for Roblox in 4s...
15:24  ERROR: Roblox: failed to scrape https://careers.roblox.com/jobs?search=UX+intern (page.goto: net::ERR_HTTP2_PROTOCOL_ERROR at https://careers.roblox.com/jobs?search=UX+intern
Call log:
  - navigating to "https://careers.roblox.com/jobs?search=UX+intern", waiting until "domcontentloaded"
)
15:24  Roblox: scrape failed — postings left untouched.
15:24  Checking Microsoft...
15:24  robots.txt unavailable for https://gcsservices.careers.microsoft.com; proceeding politely.
15:24  Retry 1/2 for Microsoft in 2s...
15:24  Retry 2/2 for Microsoft in 4s...
15:24  ERROR: Microsoft: failed to scrape https://gcsservices.careers.microsoft.com/search/api/v1/search?q=product%20design%20intern&l=en_us&pg=1&pgSz=20 (page.goto: net::ERR_CERT_COMMON_NAME_INVALID at https://gcsservices.careers.microsoft.com/search/api/v1/search?q=product%20design%20intern&l=en_us&pg=1&pgSz=20
Call log:
  - navigating to "https://gcsservices.careers.microsoft.com/search/api/v1/search?q=product%20design%20intern&l=en_us&pg=1&pgSz=20", waiting until "domcontentloaded"
)
15:24  Retry 1/2 for Microsoft in 2s...
15:24  Retry 2/2 for Microsoft in 5s...
15:24  ERROR: Microsoft: failed to scrape https://gcsservices.careers.microsoft.com/search/api/v1/search?q=UX%20design%20intern&l=en_us&pg=1&pgSz=20 (page.goto: net::ERR_CERT_COMMON_NAME_INVALID at https://gcsservices.careers.microsoft.com/search/api/v1/search?q=UX%20design%20intern&l=en_us&pg=1&pgSz=20
Call log:
  - navigating to "https://gcsservices.careers.microsoft.com/search/api/v1/search?q=UX%20design%20intern&l=en_us&pg=1&pgSz=20", waiting until "domcontentloaded"
)
15:24  Microsoft: scrape failed — postings left untouched.
15:24  Checking Amazon...
15:25  No changes.
15:25  Checking IBM...
15:25  No changes.
15:25  Checking Adobe...
15:26  No changes.
15:26  Checking American Express...
15:26  No changes.
15:26  Checking Mastercard...
15:27  No changes.
15:27  Checking Visa...
15:27  No changes.
15:27  Checking Nike...
15:27  No changes.
15:27  Checking Spotify...
15:27  No changes.
15:27  Checking Tesla...
15:27  Retry 1/2 for Tesla in 2s...
15:27  Retry 2/2 for Tesla in 5s...
15:27  ERROR: Tesla: failed to scrape https://www.tesla.com/careers/search/?type=intern&site=US (Cloudflare / bot challenge detected)
15:27  Retry 1/2 for Tesla in 2s...
15:27  Retry 2/2 for Tesla in 5s...
15:28  ERROR: Tesla: failed to scrape https://www.tesla.com/careers/search/?query=design%20intern&site=US (Cloudflare / bot challenge detected)
15:28  Tesla: scrape failed — postings left untouched.
15:28  Checking Warner Bros. Discovery...
15:28  No changes.
15:28  Widget feed updated.
15:28  === Check cycle finished (0 notification(s)) ===
18:01  === Check cycle started ===
18:01  Checking Google...
18:01  No changes.
18:01  Checking YouTube...
18:01  No changes.
18:01  Checking Meta...
18:01  No changes.
18:01  Checking Apple...
18:01  No changes.
18:01  Checking Capital One...
18:01  robots.txt disallows https://www.capitalonecareers.com/search-jobs/design%20intern — skipping this URL.
18:01  robots.txt disallows https://www.capitalonecareers.com/search-jobs/product%20design — skipping this URL.
18:01  Capital One: scrape failed — postings left untouched.
18:01  Checking JPMorgan Chase...
18:02  No changes.
18:02  Checking Roblox...
18:02  Retry 1/2 for Roblox in 2s...
18:02  Retry 2/2 for Roblox in 4s...
18:02  ERROR: Roblox: failed to scrape https://careers.roblox.com/jobs?search=product+design (page.goto: net::ERR_HTTP2_PROTOCOL_ERROR at https://careers.roblox.com/jobs?search=product+design
Call log:
  - navigating to "https://careers.roblox.com/jobs?search=product+design", waiting until "domcontentloaded"
)
18:02  Retry 1/2 for Roblox in 2s...
18:02  Retry 2/2 for Roblox in 4s...
18:02  ERROR: Roblox: failed to scrape https://careers.roblox.com/jobs?search=UX+intern (page.goto: net::ERR_HTTP2_PROTOCOL_ERROR at https://careers.roblox.com/jobs?search=UX+intern
Call log:
  - navigating to "https://careers.roblox.com/jobs?search=UX+intern", waiting until "domcontentloaded"
)
18:02  Roblox: scrape failed — postings left untouched.
18:02  Checking Microsoft...
18:02  robots.txt unavailable for https://gcsservices.careers.microsoft.com; proceeding politely.
18:02  Retry 1/2 for Microsoft in 2s...
18:02  Retry 2/2 for Microsoft in 4s...
18:02  ERROR: Microsoft: failed to scrape https://gcsservices.careers.microsoft.com/search/api/v1/search?q=product%20design%20intern&l=en_us&pg=1&pgSz=20 (page.goto: net::ERR_CERT_COMMON_NAME_INVALID at https://gcsservices.careers.microsoft.com/search/api/v1/search?q=product%20design%20intern&l=en_us&pg=1&pgSz=20
Call log:
  - navigating to "https://gcsservices.careers.microsoft.com/search/api/v1/search?q=product%20design%20intern&l=en_us&pg=1&pgSz=20", waiting until "domcontentloaded"
)
18:02  Retry 1/2 for Microsoft in 2s...
18:02  Retry 2/2 for Microsoft in 5s...
18:02  ERROR: Microsoft: failed to scrape https://gcsservices.careers.microsoft.com/search/api/v1/search?q=UX%20design%20intern&l=en_us&pg=1&pgSz=20 (page.goto: net::ERR_CERT_COMMON_NAME_INVALID at https://gcsservices.careers.microsoft.com/search/api/v1/search?q=UX%20design%20intern&l=en_us&pg=1&pgSz=20
Call log:
  - navigating to "https://gcsservices.careers.microsoft.com/search/api/v1/search?q=UX%20design%20intern&l=en_us&pg=1&pgSz=20", waiting until "domcontentloaded"
)
18:02  Microsoft: scrape failed — postings left untouched.
18:02  Checking Amazon...
18:02  No changes.
18:02  Checking IBM...
18:03  No changes.
18:03  Checking Adobe...
18:04  No changes.
18:04  Checking American Express...
18:04  No changes.
18:04  Checking Mastercard...
18:04  No changes.
18:04  Checking Visa...
18:04  No changes.
18:04  Checking Nike...
18:05  No changes.
18:05  Checking Spotify...
18:05  No changes.
18:05  Checking Tesla...
18:05  Retry 1/2 for Tesla in 3s...
18:05  Retry 2/2 for Tesla in 5s...
18:05  ERROR: Tesla: failed to scrape https://www.tesla.com/careers/search/?type=intern&site=US (Cloudflare / bot challenge detected)
18:05  Retry 1/2 for Tesla in 2s...
18:05  Retry 2/2 for Tesla in 4s...
18:05  ERROR: Tesla: failed to scrape https://www.tesla.com/careers/search/?query=design%20intern&site=US (Cloudflare / bot challenge detected)
18:05  Tesla: scrape failed — postings left untouched.
18:05  Checking Warner Bros. Discovery...
18:05  No changes.
18:05  Widget feed updated.
18:05  === Check cycle finished (0 notification(s)) ===
22:01  === Check cycle started ===
22:01  Checking Google...
22:01  No changes.
22:01  Checking YouTube...
22:01  No changes.
22:01  Checking Meta...
22:02  No changes.
22:02  Checking Apple...
22:02  No changes.
22:02  Checking Capital One...
22:02  robots.txt disallows https://www.capitalonecareers.com/search-jobs/design%20intern — skipping this URL.
22:02  robots.txt disallows https://www.capitalonecareers.com/search-jobs/product%20design — skipping this URL.
22:02  Capital One: scrape failed — postings left untouched.
22:02  Checking JPMorgan Chase...
22:02  No changes.
22:02  Checking Roblox...
22:02  Retry 1/2 for Roblox in 2s...
22:02  Retry 2/2 for Roblox in 5s...
22:02  ERROR: Roblox: failed to scrape https://careers.roblox.com/jobs?search=product+design (page.goto: net::ERR_HTTP2_PROTOCOL_ERROR at https://careers.roblox.com/jobs?search=product+design
Call log:
  - navigating to "https://careers.roblox.com/jobs?search=product+design", waiting until "domcontentloaded"
)
22:02  Retry 1/2 for Roblox in 2s...
22:03  Retry 2/2 for Roblox in 4s...
22:03  ERROR: Roblox: failed to scrape https://careers.roblox.com/jobs?search=UX+intern (page.goto: net::ERR_HTTP2_PROTOCOL_ERROR at https://careers.roblox.com/jobs?search=UX+intern
Call log:
  - navigating to "https://careers.roblox.com/jobs?search=UX+intern", waiting until "domcontentloaded"
)
22:03  Roblox: scrape failed — postings left untouched.
22:03  Checking Microsoft...
22:03  robots.txt unavailable for https://gcsservices.careers.microsoft.com; proceeding politely.
22:03  Retry 1/2 for Microsoft in 2s...
22:03  Retry 2/2 for Microsoft in 4s...
22:03  ERROR: Microsoft: failed to scrape https://gcsservices.careers.microsoft.com/search/api/v1/search?q=product%20design%20intern&l=en_us&pg=1&pgSz=20 (page.goto: net::ERR_CERT_COMMON_NAME_INVALID at https://gcsservices.careers.microsoft.com/search/api/v1/search?q=product%20design%20intern&l=en_us&pg=1&pgSz=20
Call log:
  - navigating to "https://gcsservices.careers.microsoft.com/search/api/v1/search?q=product%20design%20intern&l=en_us&pg=1&pgSz=20", waiting until "domcontentloaded"
)
22:03  Retry 1/2 for Microsoft in 2s...
22:03  Retry 2/2 for Microsoft in 4s...
22:03  ERROR: Microsoft: failed to scrape https://gcsservices.careers.microsoft.com/search/api/v1/search?q=UX%20design%20intern&l=en_us&pg=1&pgSz=20 (page.goto: net::ERR_CERT_COMMON_NAME_INVALID at https://gcsservices.careers.microsoft.com/search/api/v1/search?q=UX%20design%20intern&l=en_us&pg=1&pgSz=20
Call log:
  - navigating to "https://gcsservices.careers.microsoft.com/search/api/v1/search?q=UX%20design%20intern&l=en_us&pg=1&pgSz=20", waiting until "domcontentloaded"
)
22:03  Microsoft: scrape failed — postings left untouched.
22:03  Checking Amazon...
22:03  No changes.
22:03  Checking IBM...
22:04  No changes.
22:04  Checking Adobe...
22:05  No changes.
22:05  Checking American Express...
22:05  No changes.
22:05  Checking Mastercard...
22:05  No changes.
22:05  Checking Visa...
22:05  No changes.
22:05  Checking Nike...
22:05  No changes.
22:05  Checking Spotify...
22:05  No changes.
22:05  Checking Tesla...
22:06  Retry 1/2 for Tesla in 2s...
22:06  Retry 2/2 for Tesla in 5s...
22:06  ERROR: Tesla: failed to scrape https://www.tesla.com/careers/search/?type=intern&site=US (Cloudflare / bot challenge detected)
22:06  Retry 1/2 for Tesla in 2s...
22:06  Retry 2/2 for Tesla in 4s...
22:06  ERROR: Tesla: failed to scrape https://www.tesla.com/careers/search/?query=design%20intern&site=US (Cloudflare / bot challenge detected)
22:06  Tesla: scrape failed — postings left untouched.
22:06  Checking Warner Bros. Discovery...
22:06  No changes.
22:06  Widget feed updated.
22:06  === Check cycle finished (0 notification(s)) ===
