01:41  === Check cycle started ===
01:41  Checking Google...
01:41  No changes.
01:41  Checking YouTube...
01:42  No changes.
01:42  Checking Meta...
01:42  No changes.
01:42  Checking Apple...
01:42  No changes.
01:42  Checking Capital One...
01:42  robots.txt disallows https://www.capitalonecareers.com/search-jobs/design%20intern — skipping this URL.
01:42  robots.txt disallows https://www.capitalonecareers.com/search-jobs/product%20design — skipping this URL.
01:42  Capital One: scrape failed — postings left untouched.
01:42  Checking JPMorgan Chase...
01:42  No changes.
01:42  Checking Roblox...
01:42  Retry 1/2 for Roblox in 3s...
01:42  Retry 2/2 for Roblox in 5s...
01:42  ERROR: Roblox: failed to scrape https://careers.roblox.com/jobs?search=product+design (page.goto: net::ERR_HTTP2_PROTOCOL_ERROR at https://careers.roblox.com/jobs?search=product+design
Call log:
  - navigating to "https://careers.roblox.com/jobs?search=product+design", waiting until "domcontentloaded"
)
01:42  Retry 1/2 for Roblox in 2s...
01:42  Retry 2/2 for Roblox in 5s...
01:43  ERROR: Roblox: failed to scrape https://careers.roblox.com/jobs?search=UX+intern (page.goto: net::ERR_HTTP2_PROTOCOL_ERROR at https://careers.roblox.com/jobs?search=UX+intern
Call log:
  - navigating to "https://careers.roblox.com/jobs?search=UX+intern", waiting until "domcontentloaded"
)
01:43  Roblox: scrape failed — postings left untouched.
01:43  Checking Microsoft...
01:43  robots.txt unavailable for https://gcsservices.careers.microsoft.com; proceeding politely.
01:43  Retry 1/2 for Microsoft in 2s...
01:43  Retry 2/2 for Microsoft in 4s...
01:43  ERROR: Microsoft: failed to scrape https://gcsservices.careers.microsoft.com/search/api/v1/search?q=product%20design%20intern&l=en_us&pg=1&pgSz=20 (page.goto: net::ERR_CERT_COMMON_NAME_INVALID at https://gcsservices.careers.microsoft.com/search/api/v1/search?q=product%20design%20intern&l=en_us&pg=1&pgSz=20
Call log:
  - navigating to "https://gcsservices.careers.microsoft.com/search/api/v1/search?q=product%20design%20intern&l=en_us&pg=1&pgSz=20", waiting until "domcontentloaded"
)
01:43  Retry 1/2 for Microsoft in 2s...
01:43  Retry 2/2 for Microsoft in 5s...
01:43  ERROR: Microsoft: failed to scrape https://gcsservices.careers.microsoft.com/search/api/v1/search?q=UX%20design%20intern&l=en_us&pg=1&pgSz=20 (page.goto: net::ERR_CERT_COMMON_NAME_INVALID at https://gcsservices.careers.microsoft.com/search/api/v1/search?q=UX%20design%20intern&l=en_us&pg=1&pgSz=20
Call log:
  - navigating to "https://gcsservices.careers.microsoft.com/search/api/v1/search?q=UX%20design%20intern&l=en_us&pg=1&pgSz=20", waiting until "domcontentloaded"
)
01:43  Microsoft: scrape failed — postings left untouched.
01:43  Checking Amazon...
01:43  No changes.
01:43  Checking IBM...
01:44  No changes.
01:44  Checking Adobe...
01:44  No changes.
01:44  Checking American Express...
01:44  No changes.
01:44  Checking Mastercard...
01:44  No changes.
01:44  Checking Visa...
01:44  No changes.
01:44  Checking Nike...
01:45  No changes.
01:45  Widget feed updated.
01:45  === Check cycle finished (0 notification(s)) ===
04:33  === Check cycle started ===
04:33  Checking Google...
04:33  No changes.
04:33  Checking YouTube...
04:33  No changes.
04:33  Checking Meta...
04:34  No changes.
04:34  Checking Apple...
04:34  No changes.
04:34  Checking Capital One...
04:34  robots.txt disallows https://www.capitalonecareers.com/search-jobs/design%20intern — skipping this URL.
04:34  robots.txt disallows https://www.capitalonecareers.com/search-jobs/product%20design — skipping this URL.
04:34  Capital One: scrape failed — postings left untouched.
04:34  Checking JPMorgan Chase...
04:34  No changes.
04:34  Checking Roblox...
04:34  Retry 1/2 for Roblox in 2s...
04:34  Retry 2/2 for Roblox in 4s...
04:34  ERROR: Roblox: failed to scrape https://careers.roblox.com/jobs?search=product+design (page.goto: net::ERR_HTTP2_PROTOCOL_ERROR at https://careers.roblox.com/jobs?search=product+design
Call log:
  - navigating to "https://careers.roblox.com/jobs?search=product+design", waiting until "domcontentloaded"
)
04:34  Retry 1/2 for Roblox in 2s...
04:34  Retry 2/2 for Roblox in 5s...
04:34  ERROR: Roblox: failed to scrape https://careers.roblox.com/jobs?search=UX+intern (page.goto: net::ERR_HTTP2_PROTOCOL_ERROR at https://careers.roblox.com/jobs?search=UX+intern
Call log:
  - navigating to "https://careers.roblox.com/jobs?search=UX+intern", waiting until "domcontentloaded"
)
04:34  Roblox: scrape failed — postings left untouched.
04:34  Checking Microsoft...
04:34  robots.txt unavailable for https://gcsservices.careers.microsoft.com; proceeding politely.
04:34  Retry 1/2 for Microsoft in 2s...
04:34  Retry 2/2 for Microsoft in 4s...
04:34  ERROR: Microsoft: failed to scrape https://gcsservices.careers.microsoft.com/search/api/v1/search?q=product%20design%20intern&l=en_us&pg=1&pgSz=20 (page.goto: net::ERR_CERT_COMMON_NAME_INVALID at https://gcsservices.careers.microsoft.com/search/api/v1/search?q=product%20design%20intern&l=en_us&pg=1&pgSz=20
Call log:
  - navigating to "https://gcsservices.careers.microsoft.com/search/api/v1/search?q=product%20design%20intern&l=en_us&pg=1&pgSz=20", waiting until "domcontentloaded"
)
04:34  Retry 1/2 for Microsoft in 2s...
04:35  Retry 2/2 for Microsoft in 5s...
04:35  ERROR: Microsoft: failed to scrape https://gcsservices.careers.microsoft.com/search/api/v1/search?q=UX%20design%20intern&l=en_us&pg=1&pgSz=20 (page.goto: net::ERR_CERT_COMMON_NAME_INVALID at https://gcsservices.careers.microsoft.com/search/api/v1/search?q=UX%20design%20intern&l=en_us&pg=1&pgSz=20
Call log:
  - navigating to "https://gcsservices.careers.microsoft.com/search/api/v1/search?q=UX%20design%20intern&l=en_us&pg=1&pgSz=20", waiting until "domcontentloaded"
)
04:35  Microsoft: scrape failed — postings left untouched.
04:35  Checking Amazon...
04:35  No changes.
04:35  Checking IBM...
04:36  No changes.
04:36  Checking Adobe...
04:36  No changes.
04:36  Checking American Express...
04:36  No changes.
04:36  Checking Mastercard...
04:36  No changes.
04:36  Checking Visa...
04:36  No changes.
04:36  Checking Nike...
04:36  No changes.
04:36  Widget feed updated.
04:36  === Check cycle finished (0 notification(s)) ===
07:42  === Check cycle started ===
07:42  Checking Google...
07:42  No changes.
07:42  Checking YouTube...
07:42  No changes.
07:42  Checking Meta...
07:42  No changes.
07:42  Checking Apple...
07:43  No changes.
07:43  Checking Capital One...
07:43  robots.txt disallows https://www.capitalonecareers.com/search-jobs/design%20intern — skipping this URL.
07:43  robots.txt disallows https://www.capitalonecareers.com/search-jobs/product%20design — skipping this URL.
07:43  Capital One: scrape failed — postings left untouched.
07:43  Checking JPMorgan Chase...
07:43  No changes.
07:43  Checking Roblox...
07:43  Retry 1/2 for Roblox in 2s...
07:43  Retry 2/2 for Roblox in 5s...
07:43  ERROR: Roblox: failed to scrape https://careers.roblox.com/jobs?search=product+design (page.goto: net::ERR_HTTP2_PROTOCOL_ERROR at https://careers.roblox.com/jobs?search=product+design
Call log:
  - navigating to "https://careers.roblox.com/jobs?search=product+design", waiting until "domcontentloaded"
)
07:43  Retry 1/2 for Roblox in 2s...
07:43  Retry 2/2 for Roblox in 4s...
07:43  ERROR: Roblox: failed to scrape https://careers.roblox.com/jobs?search=UX+intern (page.goto: net::ERR_HTTP2_PROTOCOL_ERROR at https://careers.roblox.com/jobs?search=UX+intern
Call log:
  - navigating to "https://careers.roblox.com/jobs?search=UX+intern", waiting until "domcontentloaded"
)
07:43  Roblox: scrape failed — postings left untouched.
07:43  Checking Microsoft...
07:43  robots.txt unavailable for https://gcsservices.careers.microsoft.com; proceeding politely.
07:43  Retry 1/2 for Microsoft in 3s...
07:43  Retry 2/2 for Microsoft in 5s...
07:43  ERROR: Microsoft: failed to scrape https://gcsservices.careers.microsoft.com/search/api/v1/search?q=product%20design%20intern&l=en_us&pg=1&pgSz=20 (page.goto: net::ERR_CERT_COMMON_NAME_INVALID at https://gcsservices.careers.microsoft.com/search/api/v1/search?q=product%20design%20intern&l=en_us&pg=1&pgSz=20
Call log:
  - navigating to "https://gcsservices.careers.microsoft.com/search/api/v1/search?q=product%20design%20intern&l=en_us&pg=1&pgSz=20", waiting until "domcontentloaded"
)
07:43  Retry 1/2 for Microsoft in 2s...
07:43  Retry 2/2 for Microsoft in 5s...
07:43  ERROR: Microsoft: failed to scrape https://gcsservices.careers.microsoft.com/search/api/v1/search?q=UX%20design%20intern&l=en_us&pg=1&pgSz=20 (page.goto: net::ERR_CERT_COMMON_NAME_INVALID at https://gcsservices.careers.microsoft.com/search/api/v1/search?q=UX%20design%20intern&l=en_us&pg=1&pgSz=20
Call log:
  - navigating to "https://gcsservices.careers.microsoft.com/search/api/v1/search?q=UX%20design%20intern&l=en_us&pg=1&pgSz=20", waiting until "domcontentloaded"
)
07:43  Microsoft: scrape failed — postings left untouched.
07:43  Checking Amazon...
07:43  No changes.
07:43  Checking IBM...
07:44  No changes.
07:44  Checking Adobe...
07:44  No changes.
07:44  Checking American Express...
07:45  No changes.
07:45  Checking Mastercard...
07:45  No changes.
07:45  Checking Visa...
07:45  No changes.
07:45  Checking Nike...
07:45  No changes.
07:45  Widget feed updated.
07:45  === Check cycle finished (0 notification(s)) ===
10:40  === Check cycle started ===
10:40  Checking Google...
10:40  No changes.
10:40  Checking YouTube...
10:41  No changes.
10:41  Checking Meta...
10:41  No changes.
10:41  Checking Apple...
10:41  No changes.
10:41  Checking Capital One...
10:41  robots.txt disallows https://www.capitalonecareers.com/search-jobs/design%20intern — skipping this URL.
10:41  robots.txt disallows https://www.capitalonecareers.com/search-jobs/product%20design — skipping this URL.
10:41  Capital One: scrape failed — postings left untouched.
10:41  Checking JPMorgan Chase...
10:41  No changes.
10:41  Checking Roblox...
10:41  Retry 1/2 for Roblox in 2s...
10:41  Retry 2/2 for Roblox in 5s...
10:41  ERROR: Roblox: failed to scrape https://careers.roblox.com/jobs?search=product+design (page.goto: net::ERR_HTTP2_PROTOCOL_ERROR at https://careers.roblox.com/jobs?search=product+design
Call log:
  - navigating to "https://careers.roblox.com/jobs?search=product+design", waiting until "domcontentloaded"
)
10:41  Retry 1/2 for Roblox in 2s...
10:41  Retry 2/2 for Roblox in 4s...
10:41  ERROR: Roblox: failed to scrape https://careers.roblox.com/jobs?search=UX+intern (page.goto: net::ERR_HTTP2_PROTOCOL_ERROR at https://careers.roblox.com/jobs?search=UX+intern
Call log:
  - navigating to "https://careers.roblox.com/jobs?search=UX+intern", waiting until "domcontentloaded"
)
10:41  Roblox: scrape failed — postings left untouched.
10:41  Checking Microsoft...
10:41  robots.txt unavailable for https://gcsservices.careers.microsoft.com; proceeding politely.
10:41  Retry 1/2 for Microsoft in 2s...
10:41  Retry 2/2 for Microsoft in 5s...
10:42  ERROR: Microsoft: failed to scrape https://gcsservices.careers.microsoft.com/search/api/v1/search?q=product%20design%20intern&l=en_us&pg=1&pgSz=20 (page.goto: net::ERR_CERT_COMMON_NAME_INVALID at https://gcsservices.careers.microsoft.com/search/api/v1/search?q=product%20design%20intern&l=en_us&pg=1&pgSz=20
Call log:
  - navigating to "https://gcsservices.careers.microsoft.com/search/api/v1/search?q=product%20design%20intern&l=en_us&pg=1&pgSz=20", waiting until "domcontentloaded"
)
10:42  Retry 1/2 for Microsoft in 2s...
10:42  Retry 2/2 for Microsoft in 4s...
10:42  ERROR: Microsoft: failed to scrape https://gcsservices.careers.microsoft.com/search/api/v1/search?q=UX%20design%20intern&l=en_us&pg=1&pgSz=20 (page.goto: net::ERR_CERT_COMMON_NAME_INVALID at https://gcsservices.careers.microsoft.com/search/api/v1/search?q=UX%20design%20intern&l=en_us&pg=1&pgSz=20
Call log:
  - navigating to "https://gcsservices.careers.microsoft.com/search/api/v1/search?q=UX%20design%20intern&l=en_us&pg=1&pgSz=20", waiting until "domcontentloaded"
)
10:42  Microsoft: scrape failed — postings left untouched.
10:42  Checking Amazon...
10:42  No changes.
10:42  Checking IBM...
10:43  No changes.
10:43  Checking Adobe...
10:43  No changes.
10:43  Checking American Express...
10:43  No changes.
10:43  Checking Mastercard...
10:43  No changes.
10:43  Checking Visa...
10:43  No changes.
10:43  Checking Nike...
10:44  No changes.
10:44  Widget feed updated.
10:44  === Check cycle finished (0 notification(s)) ===
13:36  === Check cycle started ===
13:36  Checking Google...
13:36  No changes.
13:36  Checking YouTube...
13:36  No changes.
13:36  Checking Meta...
13:36  No changes.
13:36  Checking Apple...
13:37  No changes.
13:37  Checking Capital One...
13:37  robots.txt disallows https://www.capitalonecareers.com/search-jobs/design%20intern — skipping this URL.
13:37  robots.txt disallows https://www.capitalonecareers.com/search-jobs/product%20design — skipping this URL.
13:37  Capital One: scrape failed — postings left untouched.
13:37  Checking JPMorgan Chase...
13:37  No changes.
13:37  Checking Roblox...
13:37  Retry 1/2 for Roblox in 2s...
13:37  Retry 2/2 for Roblox in 5s...
13:37  ERROR: Roblox: failed to scrape https://careers.roblox.com/jobs?search=product+design (page.goto: net::ERR_HTTP2_PROTOCOL_ERROR at https://careers.roblox.com/jobs?search=product+design
Call log:
  - navigating to "https://careers.roblox.com/jobs?search=product+design", waiting until "domcontentloaded"
)
13:37  Retry 1/2 for Roblox in 2s...
13:37  Retry 2/2 for Roblox in 4s...
13:37  ERROR: Roblox: failed to scrape https://careers.roblox.com/jobs?search=UX+intern (page.goto: net::ERR_HTTP2_PROTOCOL_ERROR at https://careers.roblox.com/jobs?search=UX+intern
Call log:
  - navigating to "https://careers.roblox.com/jobs?search=UX+intern", waiting until "domcontentloaded"
)
13:37  Roblox: scrape failed — postings left untouched.
13:37  Checking Microsoft...
13:37  robots.txt unavailable for https://gcsservices.careers.microsoft.com; proceeding politely.
13:37  Retry 1/2 for Microsoft in 2s...
13:37  Retry 2/2 for Microsoft in 4s...
13:37  ERROR: Microsoft: failed to scrape https://gcsservices.careers.microsoft.com/search/api/v1/search?q=product%20design%20intern&l=en_us&pg=1&pgSz=20 (page.goto: net::ERR_CERT_COMMON_NAME_INVALID at https://gcsservices.careers.microsoft.com/search/api/v1/search?q=product%20design%20intern&l=en_us&pg=1&pgSz=20
Call log:
  - navigating to "https://gcsservices.careers.microsoft.com/search/api/v1/search?q=product%20design%20intern&l=en_us&pg=1&pgSz=20", waiting until "domcontentloaded"
)
13:37  Retry 1/2 for Microsoft in 3s...
13:37  Retry 2/2 for Microsoft in 5s...
13:37  ERROR: Microsoft: failed to scrape https://gcsservices.careers.microsoft.com/search/api/v1/search?q=UX%20design%20intern&l=en_us&pg=1&pgSz=20 (page.goto: net::ERR_CERT_COMMON_NAME_INVALID at https://gcsservices.careers.microsoft.com/search/api/v1/search?q=UX%20design%20intern&l=en_us&pg=1&pgSz=20
Call log:
  - navigating to "https://gcsservices.careers.microsoft.com/search/api/v1/search?q=UX%20design%20intern&l=en_us&pg=1&pgSz=20", waiting until "domcontentloaded"
)
13:37  Microsoft: scrape failed — postings left untouched.
13:37  Checking Amazon...
13:37  No changes.
13:37  Checking IBM...
13:38  No changes.
13:38  Checking Adobe...
13:39  No changes.
13:39  Checking American Express...
13:39  No changes.
13:39  Checking Mastercard...
13:39  No changes.
13:39  Checking Visa...
13:39  No changes.
13:39  Checking Nike...
13:39  No changes.
13:39  Widget feed updated.
13:39  === Check cycle finished (0 notification(s)) ===
16:25  === Check cycle started ===
16:25  Checking Google...
16:25  No changes.
16:25  Checking YouTube...
16:26  No changes.
16:26  Checking Meta...
16:26  No changes.
16:26  Checking Apple...
16:26  No changes.
16:26  Checking Capital One...
16:26  robots.txt disallows https://www.capitalonecareers.com/search-jobs/design%20intern — skipping this URL.
16:26  robots.txt disallows https://www.capitalonecareers.com/search-jobs/product%20design — skipping this URL.
16:26  Capital One: scrape failed — postings left untouched.
16:26  Checking JPMorgan Chase...
16:26  No changes.
16:26  Checking Roblox...
16:26  Retry 1/2 for Roblox in 2s...
16:26  Retry 2/2 for Roblox in 5s...
16:26  ERROR: Roblox: failed to scrape https://careers.roblox.com/jobs?search=product+design (page.goto: net::ERR_HTTP2_PROTOCOL_ERROR at https://careers.roblox.com/jobs?search=product+design
Call log:
  - navigating to "https://careers.roblox.com/jobs?search=product+design", waiting until "domcontentloaded"
)
16:26  Retry 1/2 for Roblox in 3s...
16:27  Retry 2/2 for Roblox in 5s...
16:27  ERROR: Roblox: failed to scrape https://careers.roblox.com/jobs?search=UX+intern (page.goto: net::ERR_HTTP2_PROTOCOL_ERROR at https://careers.roblox.com/jobs?search=UX+intern
Call log:
  - navigating to "https://careers.roblox.com/jobs?search=UX+intern", waiting until "domcontentloaded"
)
16:27  Roblox: scrape failed — postings left untouched.
16:27  Checking Microsoft...
16:27  robots.txt unavailable for https://gcsservices.careers.microsoft.com; proceeding politely.
16:27  Retry 1/2 for Microsoft in 3s...
16:27  Retry 2/2 for Microsoft in 5s...
16:27  ERROR: Microsoft: failed to scrape https://gcsservices.careers.microsoft.com/search/api/v1/search?q=product%20design%20intern&l=en_us&pg=1&pgSz=20 (page.goto: net::ERR_CERT_COMMON_NAME_INVALID at https://gcsservices.careers.microsoft.com/search/api/v1/search?q=product%20design%20intern&l=en_us&pg=1&pgSz=20
Call log:
  - navigating to "https://gcsservices.careers.microsoft.com/search/api/v1/search?q=product%20design%20intern&l=en_us&pg=1&pgSz=20", waiting until "domcontentloaded"
)
16:27  Retry 1/2 for Microsoft in 2s...
16:27  Retry 2/2 for Microsoft in 5s...
16:27  ERROR: Microsoft: failed to scrape https://gcsservices.careers.microsoft.com/search/api/v1/search?q=UX%20design%20intern&l=en_us&pg=1&pgSz=20 (page.goto: net::ERR_CERT_COMMON_NAME_INVALID at https://gcsservices.careers.microsoft.com/search/api/v1/search?q=UX%20design%20intern&l=en_us&pg=1&pgSz=20
Call log:
  - navigating to "https://gcsservices.careers.microsoft.com/search/api/v1/search?q=UX%20design%20intern&l=en_us&pg=1&pgSz=20", waiting until "domcontentloaded"
)
16:27  Microsoft: scrape failed — postings left untouched.
16:27  Checking Amazon...
16:27  No changes.
16:27  Checking IBM...
16:28  No changes.
16:28  Checking Adobe...
16:28  No changes.
16:28  Checking American Express...
16:28  No changes.
16:28  Checking Mastercard...
16:28  No changes.
16:28  Checking Visa...
16:29  No changes.
16:29  Checking Nike...
16:29  No changes.
16:29  Widget feed updated.
16:29  === Check cycle finished (0 notification(s)) ===
20:08  === Check cycle started ===
20:08  Checking Google...
20:08  No changes.
20:08  Checking YouTube...
20:08  No changes.
20:08  Checking Meta...
20:08  No changes.
20:08  Checking Apple...
20:09  No changes.
20:09  Checking Capital One...
20:09  robots.txt disallows https://www.capitalonecareers.com/search-jobs/design%20intern — skipping this URL.
20:09  robots.txt disallows https://www.capitalonecareers.com/search-jobs/product%20design — skipping this URL.
20:09  Capital One: scrape failed — postings left untouched.
20:09  Checking JPMorgan Chase...
20:09  No changes.
20:09  Checking Roblox...
20:09  Retry 1/2 for Roblox in 2s...
20:09  Retry 2/2 for Roblox in 4s...
20:09  ERROR: Roblox: failed to scrape https://careers.roblox.com/jobs?search=product+design (page.goto: net::ERR_HTTP2_PROTOCOL_ERROR at https://careers.roblox.com/jobs?search=product+design
Call log:
  - navigating to "https://careers.roblox.com/jobs?search=product+design", waiting until "domcontentloaded"
)
20:09  Retry 1/2 for Roblox in 2s...
20:09  Retry 2/2 for Roblox in 4s...
20:09  ERROR: Roblox: failed to scrape https://careers.roblox.com/jobs?search=UX+intern (page.goto: net::ERR_HTTP2_PROTOCOL_ERROR at https://careers.roblox.com/jobs?search=UX+intern
Call log:
  - navigating to "https://careers.roblox.com/jobs?search=UX+intern", waiting until "domcontentloaded"
)
20:09  Roblox: scrape failed — postings left untouched.
20:09  Checking Microsoft...
20:09  robots.txt unavailable for https://gcsservices.careers.microsoft.com; proceeding politely.
20:09  Retry 1/2 for Microsoft in 2s...
20:09  Retry 2/2 for Microsoft in 5s...
20:09  ERROR: Microsoft: failed to scrape https://gcsservices.careers.microsoft.com/search/api/v1/search?q=product%20design%20intern&l=en_us&pg=1&pgSz=20 (page.goto: net::ERR_CERT_COMMON_NAME_INVALID at https://gcsservices.careers.microsoft.com/search/api/v1/search?q=product%20design%20intern&l=en_us&pg=1&pgSz=20
Call log:
  - navigating to "https://gcsservices.careers.microsoft.com/search/api/v1/search?q=product%20design%20intern&l=en_us&pg=1&pgSz=20", waiting until "domcontentloaded"
)
20:09  Retry 1/2 for Microsoft in 2s...
20:09  Retry 2/2 for Microsoft in 4s...
20:09  ERROR: Microsoft: failed to scrape https://gcsservices.careers.microsoft.com/search/api/v1/search?q=UX%20design%20intern&l=en_us&pg=1&pgSz=20 (page.goto: net::ERR_CERT_COMMON_NAME_INVALID at https://gcsservices.careers.microsoft.com/search/api/v1/search?q=UX%20design%20intern&l=en_us&pg=1&pgSz=20
Call log:
  - navigating to "https://gcsservices.careers.microsoft.com/search/api/v1/search?q=UX%20design%20intern&l=en_us&pg=1&pgSz=20", waiting until "domcontentloaded"
)
20:09  Microsoft: scrape failed — postings left untouched.
20:09  Checking Amazon...
20:10  No changes.
20:10  Checking IBM...
20:10  No changes.
20:10  Checking Adobe...
20:11  No changes.
20:11  Checking American Express...
20:11  No changes.
20:11  Checking Mastercard...
20:11  No changes.
20:11  Checking Visa...
20:11  No changes.
20:11  Checking Nike...
20:12  No changes.
20:12  Widget feed updated.
20:12  === Check cycle finished (0 notification(s)) ===
21:22  === Daily summary ===
21:22    Internship Monitor Daily Summary
21:22    Checked:
21:22    15 companies
21:22    New jobs:
21:22    0
21:22    Still Open:
21:22    9
21:22    Closed Today:
21:22    0
21:22  SMS DRY-RUN — daily summary would be:
21:22    | Internship Monitor Daily Summary
21:22    | Checked:
21:22    | 15 companies
21:22    | New jobs:
21:22    | 0
21:22    | Still Open:
21:22    | 9
21:22    | Closed Today:
21:22    | 0
21:22  Discord DRY-RUN (no webhook configured).
21:22  Widget feed updated.
