01:12  === Daily summary ===
01:12    Internship Monitor Daily Summary
01:12    Checked:
01:12    18 companies
01:12    New jobs:
01:12    0
01:12    Still Open:
01:12    9
01:12    Closed Today:
01:12    0
01:12  SMS DRY-RUN — daily summary would be:
01:12    | Internship Monitor Daily Summary
01:12    | Checked:
01:12    | 18 companies
01:12    | New jobs:
01:12    | 0
01:12    | Still Open:
01:12    | 9
01:12    | Closed Today:
01:12    | 0
01:12  Discord DRY-RUN (no webhook configured).
01:12  Widget feed updated.
