24:33  === Daily summary ===
24:33    Internship Monitor Daily Summary
24:33    Checked:
24:33    18 companies
24:33    New jobs:
24:33    0
24:33    Still Open:
24:33    11
24:33    Closed Today:
24:33    0
24:33  SMS DRY-RUN — daily summary would be:
24:33    | Internship Monitor Daily Summary
24:33    | Checked:
24:33    | 18 companies
24:33    | New jobs:
24:33    | 0
24:33    | Still Open:
24:33    | 11
24:33    | Closed Today:
24:33    | 0
24:33  Discord DRY-RUN (no webhook configured).
24:33  Widget feed updated.
05:49  === Check cycle started ===
05:49  Checking Google...
05:49  No changes.
05:49  Checking YouTube...
05:50  No changes.
05:50  Checking Meta...
05:50  No changes.
05:50  Checking Apple...
05:50  No changes.
05:50  Checking Capital One...
05:50  robots.txt disallows https://www.capitalonecareers.com/search-jobs/design%20intern — skipping this URL.
05:50  robots.txt disallows https://www.capitalonecareers.com/search-jobs/product%20design — skipping this URL.
05:50  Capital One: scrape failed — postings left untouched.
05:50  Checking JPMorgan Chase...
05:50  No changes.
05:50  Checking Roblox...
05:50  Retry 1/2 for Roblox in 3s...
05:50  Retry 2/2 for Roblox in 4s...
05:50  ERROR: Roblox: failed to scrape https://careers.roblox.com/jobs?search=product+design (page.goto: net::ERR_HTTP2_PROTOCOL_ERROR at https://careers.roblox.com/jobs?search=product+design
Call log:
  - navigating to "https://careers.roblox.com/jobs?search=product+design", waiting until "domcontentloaded"
)
05:50  Retry 1/2 for Roblox in 2s...
05:50  Retry 2/2 for Roblox in 4s...
05:51  ERROR: Roblox: failed to scrape https://careers.roblox.com/jobs?search=UX+intern (page.goto: net::ERR_HTTP2_PROTOCOL_ERROR at https://careers.roblox.com/jobs?search=UX+intern
Call log:
  - navigating to "https://careers.roblox.com/jobs?search=UX+intern", waiting until "domcontentloaded"
)
05:51  Roblox: scrape failed — postings left untouched.
05:51  Checking Microsoft...
05:51  robots.txt unavailable for https://gcsservices.careers.microsoft.com; proceeding politely.
05:51  Retry 1/2 for Microsoft in 2s...
05:51  Retry 2/2 for Microsoft in 5s...
05:51  ERROR: Microsoft: failed to scrape https://gcsservices.careers.microsoft.com/search/api/v1/search?q=product%20design%20intern&l=en_us&pg=1&pgSz=20 (page.goto: net::ERR_CERT_COMMON_NAME_INVALID at https://gcsservices.careers.microsoft.com/search/api/v1/search?q=product%20design%20intern&l=en_us&pg=1&pgSz=20
Call log:
  - navigating to "https://gcsservices.careers.microsoft.com/search/api/v1/search?q=product%20design%20intern&l=en_us&pg=1&pgSz=20", waiting until "domcontentloaded"
)
05:51  Retry 1/2 for Microsoft in 3s...
05:51  Retry 2/2 for Microsoft in 4s...
05:51  ERROR: Microsoft: failed to scrape https://gcsservices.careers.microsoft.com/search/api/v1/search?q=UX%20design%20intern&l=en_us&pg=1&pgSz=20 (page.goto: net::ERR_CERT_COMMON_NAME_INVALID at https://gcsservices.careers.microsoft.com/search/api/v1/search?q=UX%20design%20intern&l=en_us&pg=1&pgSz=20
Call log:
  - navigating to "https://gcsservices.careers.microsoft.com/search/api/v1/search?q=UX%20design%20intern&l=en_us&pg=1&pgSz=20", waiting until "domcontentloaded"
)
05:51  Microsoft: scrape failed — postings left untouched.
05:51  Checking Amazon...
05:51  No changes.
05:51  Checking IBM...
05:52  No changes.
05:52  Checking Adobe...
05:52  No changes.
05:52  Checking American Express...
05:52  No changes.
05:52  Checking Mastercard...
05:53  No changes.
05:53  Checking Visa...
05:53  No changes.
05:53  Checking Nike...
05:53  No changes.
05:53  Checking Spotify...
05:53  No changes.
05:53  Checking Tesla...
05:53  Retry 1/2 for Tesla in 2s...
05:53  Retry 2/2 for Tesla in 5s...
05:53  ERROR: Tesla: failed to scrape https://www.tesla.com/careers/search/?type=intern&site=US (Cloudflare / bot challenge detected)
05:53  Retry 1/2 for Tesla in 2s...
05:53  Retry 2/2 for Tesla in 5s...
05:54  ERROR: Tesla: failed to scrape https://www.tesla.com/careers/search/?query=design%20intern&site=US (Cloudflare / bot challenge detected)
05:54  Tesla: scrape failed — postings left untouched.
05:54  Checking Warner Bros. Discovery...
05:54  No changes.
05:54  Widget feed updated.
05:54  === Check cycle finished (0 notification(s)) ===
11:05  === Check cycle started ===
11:05  Checking Google...
11:05  No changes.
11:05  Checking YouTube...
11:05  No changes.
11:05  Checking Meta...
11:05  No changes.
11:05  Checking Apple...
11:06  No changes.
11:06  Checking Capital One...
11:06  robots.txt disallows https://www.capitalonecareers.com/search-jobs/design%20intern — skipping this URL.
11:06  robots.txt disallows https://www.capitalonecareers.com/search-jobs/product%20design — skipping this URL.
11:06  Capital One: scrape failed — postings left untouched.
11:06  Checking JPMorgan Chase...
11:06  No changes.
11:06  Checking Roblox...
11:06  Retry 1/2 for Roblox in 3s...
11:06  Retry 2/2 for Roblox in 5s...
11:06  ERROR: Roblox: failed to scrape https://careers.roblox.com/jobs?search=product+design (page.goto: net::ERR_HTTP2_PROTOCOL_ERROR at https://careers.roblox.com/jobs?search=product+design
Call log:
  - navigating to "https://careers.roblox.com/jobs?search=product+design", waiting until "domcontentloaded"
)
11:06  Retry 1/2 for Roblox in 2s...
11:06  Retry 2/2 for Roblox in 5s...
11:06  ERROR: Roblox: failed to scrape https://careers.roblox.com/jobs?search=UX+intern (page.goto: net::ERR_HTTP2_PROTOCOL_ERROR at https://careers.roblox.com/jobs?search=UX+intern
Call log:
  - navigating to "https://careers.roblox.com/jobs?search=UX+intern", waiting until "domcontentloaded"
)
11:06  Roblox: scrape failed — postings left untouched.
11:06  Checking Microsoft...
11:06  robots.txt unavailable for https://gcsservices.careers.microsoft.com; proceeding politely.
11:06  Retry 1/2 for Microsoft in 2s...
11:06  Retry 2/2 for Microsoft in 4s...
11:06  ERROR: Microsoft: failed to scrape https://gcsservices.careers.microsoft.com/search/api/v1/search?q=product%20design%20intern&l=en_us&pg=1&pgSz=20 (page.goto: net::ERR_CERT_COMMON_NAME_INVALID at https://gcsservices.careers.microsoft.com/search/api/v1/search?q=product%20design%20intern&l=en_us&pg=1&pgSz=20
Call log:
  - navigating to "https://gcsservices.careers.microsoft.com/search/api/v1/search?q=product%20design%20intern&l=en_us&pg=1&pgSz=20", waiting until "domcontentloaded"
)
11:06  Retry 1/2 for Microsoft in 2s...
11:06  Retry 2/2 for Microsoft in 4s...
11:07  ERROR: Microsoft: failed to scrape https://gcsservices.careers.microsoft.com/search/api/v1/search?q=UX%20design%20intern&l=en_us&pg=1&pgSz=20 (page.goto: net::ERR_CERT_COMMON_NAME_INVALID at https://gcsservices.careers.microsoft.com/search/api/v1/search?q=UX%20design%20intern&l=en_us&pg=1&pgSz=20
Call log:
  - navigating to "https://gcsservices.careers.microsoft.com/search/api/v1/search?q=UX%20design%20intern&l=en_us&pg=1&pgSz=20", waiting until "domcontentloaded"
)
11:07  Microsoft: scrape failed — postings left untouched.
11:07  Checking Amazon...
11:07  No changes.
11:07  Checking IBM...
11:07  No changes.
11:07  Checking Adobe...
11:08  No changes.
11:08  Checking American Express...
11:08  No changes.
11:08  Checking Mastercard...
11:09  No changes.
11:09  Checking Visa...
11:09  No changes.
11:09  Checking Nike...
11:09  No changes.
11:09  Checking Spotify...
11:09  No changes.
11:09  Checking Tesla...
11:09  Retry 1/2 for Tesla in 2s...
11:09  Retry 2/2 for Tesla in 5s...
11:09  ERROR: Tesla: failed to scrape https://www.tesla.com/careers/search/?type=intern&site=US (Cloudflare / bot challenge detected)
11:09  Retry 1/2 for Tesla in 2s...
11:10  Retry 2/2 for Tesla in 4s...
11:10  ERROR: Tesla: failed to scrape https://www.tesla.com/careers/search/?query=design%20intern&site=US (Cloudflare / bot challenge detected)
11:10  Tesla: scrape failed — postings left untouched.
11:10  Checking Warner Bros. Discovery...
11:10  No changes.
11:10  Widget feed updated.
11:10  === Check cycle finished (0 notification(s)) ===
