01:46  === Check cycle started ===
01:46  Checking Google...
01:46  No changes.
01:46  Checking YouTube...
01:46  No changes.
01:46  Checking Meta...
01:47  No changes.
01:47  Checking Apple...
01:47  No changes.
01:47  Checking Capital One...
01:47  robots.txt disallows https://www.capitalonecareers.com/search-jobs/design%20intern — skipping this URL.
01:47  robots.txt disallows https://www.capitalonecareers.com/search-jobs/product%20design — skipping this URL.
01:47  Capital One: scrape failed — postings left untouched.
01:47  Checking JPMorgan Chase...
01:47  No changes.
01:47  Checking Roblox...
01:47  Retry 1/2 for Roblox in 2s...
01:47  Retry 2/2 for Roblox in 4s...
01:47  ERROR: Roblox: failed to scrape https://careers.roblox.com/jobs?search=product+design (page.goto: net::ERR_HTTP2_PROTOCOL_ERROR at https://careers.roblox.com/jobs?search=product+design
Call log:
  - navigating to "https://careers.roblox.com/jobs?search=product+design", waiting until "domcontentloaded"
)
01:47  Retry 1/2 for Roblox in 2s...
01:47  Retry 2/2 for Roblox in 4s...
01:47  ERROR: Roblox: failed to scrape https://careers.roblox.com/jobs?search=UX+intern (page.goto: net::ERR_HTTP2_PROTOCOL_ERROR at https://careers.roblox.com/jobs?search=UX+intern
Call log:
  - navigating to "https://careers.roblox.com/jobs?search=UX+intern", waiting until "domcontentloaded"
)
01:47  Roblox: scrape failed — postings left untouched.
01:47  Checking Microsoft...
01:47  robots.txt unavailable for https://gcsservices.careers.microsoft.com; proceeding politely.
01:47  Retry 1/2 for Microsoft in 2s...
01:47  Retry 2/2 for Microsoft in 5s...
01:47  ERROR: Microsoft: failed to scrape https://gcsservices.careers.microsoft.com/search/api/v1/search?q=product%20design%20intern&l=en_us&pg=1&pgSz=20 (page.goto: net::ERR_CERT_COMMON_NAME_INVALID at https://gcsservices.careers.microsoft.com/search/api/v1/search?q=product%20design%20intern&l=en_us&pg=1&pgSz=20
Call log:
  - navigating to "https://gcsservices.careers.microsoft.com/search/api/v1/search?q=product%20design%20intern&l=en_us&pg=1&pgSz=20", waiting until "domcontentloaded"
)
01:47  Retry 1/2 for Microsoft in 2s...
01:47  Retry 2/2 for Microsoft in 4s...
01:47  ERROR: Microsoft: failed to scrape https://gcsservices.careers.microsoft.com/search/api/v1/search?q=UX%20design%20intern&l=en_us&pg=1&pgSz=20 (page.goto: net::ERR_CERT_COMMON_NAME_INVALID at https://gcsservices.careers.microsoft.com/search/api/v1/search?q=UX%20design%20intern&l=en_us&pg=1&pgSz=20
Call log:
  - navigating to "https://gcsservices.careers.microsoft.com/search/api/v1/search?q=UX%20design%20intern&l=en_us&pg=1&pgSz=20", waiting until "domcontentloaded"
)
01:47  Microsoft: scrape failed — postings left untouched.
01:47  Checking Amazon...
01:48  No changes.
01:48  Checking IBM...
01:48  No changes.
01:48  Checking Adobe...
01:49  No changes.
01:49  Checking American Express...
01:50  No changes.
01:50  Checking Mastercard...
01:50  No changes.
01:50  Checking Visa...
01:50  No changes.
01:50  Checking Nike...
01:50  No changes.
01:50  Widget feed updated.
01:50  === Check cycle finished (0 notification(s)) ===
04:35  === Check cycle started ===
04:35  Checking Google...
04:35  No changes.
04:35  Checking YouTube...
04:35  No changes.
04:35  Checking Meta...
04:35  No changes.
04:35  Checking Apple...
04:36  No changes.
04:36  Checking Capital One...
04:36  robots.txt disallows https://www.capitalonecareers.com/search-jobs/design%20intern — skipping this URL.
04:36  robots.txt disallows https://www.capitalonecareers.com/search-jobs/product%20design — skipping this URL.
04:36  Capital One: scrape failed — postings left untouched.
04:36  Checking JPMorgan Chase...
04:36  No changes.
04:36  Checking Roblox...
04:36  Retry 1/2 for Roblox in 2s...
04:36  Retry 2/2 for Roblox in 4s...
04:36  ERROR: Roblox: failed to scrape https://careers.roblox.com/jobs?search=product+design (page.goto: net::ERR_HTTP2_PROTOCOL_ERROR at https://careers.roblox.com/jobs?search=product+design
Call log:
  - navigating to "https://careers.roblox.com/jobs?search=product+design", waiting until "domcontentloaded"
)
04:36  Retry 1/2 for Roblox in 2s...
04:36  Retry 2/2 for Roblox in 4s...
04:36  ERROR: Roblox: failed to scrape https://careers.roblox.com/jobs?search=UX+intern (page.goto: net::ERR_HTTP2_PROTOCOL_ERROR at https://careers.roblox.com/jobs?search=UX+intern
Call log:
  - navigating to "https://careers.roblox.com/jobs?search=UX+intern", waiting until "domcontentloaded"
)
04:36  Roblox: scrape failed — postings left untouched.
04:36  Checking Microsoft...
04:36  robots.txt unavailable for https://gcsservices.careers.microsoft.com; proceeding politely.
04:36  Retry 1/2 for Microsoft in 2s...
04:36  Retry 2/2 for Microsoft in 5s...
04:36  ERROR: Microsoft: failed to scrape https://gcsservices.careers.microsoft.com/search/api/v1/search?q=product%20design%20intern&l=en_us&pg=1&pgSz=20 (page.goto: net::ERR_CERT_COMMON_NAME_INVALID at https://gcsservices.careers.microsoft.com/search/api/v1/search?q=product%20design%20intern&l=en_us&pg=1&pgSz=20
Call log:
  - navigating to "https://gcsservices.careers.microsoft.com/search/api/v1/search?q=product%20design%20intern&l=en_us&pg=1&pgSz=20", waiting until "domcontentloaded"
)
04:36  Retry 1/2 for Microsoft in 3s...
04:36  Retry 2/2 for Microsoft in 4s...
04:36  ERROR: Microsoft: failed to scrape https://gcsservices.careers.microsoft.com/search/api/v1/search?q=UX%20design%20intern&l=en_us&pg=1&pgSz=20 (page.goto: net::ERR_CERT_COMMON_NAME_INVALID at https://gcsservices.careers.microsoft.com/search/api/v1/search?q=UX%20design%20intern&l=en_us&pg=1&pgSz=20
Call log:
  - navigating to "https://gcsservices.careers.microsoft.com/search/api/v1/search?q=UX%20design%20intern&l=en_us&pg=1&pgSz=20", waiting until "domcontentloaded"
)
04:36  Microsoft: scrape failed — postings left untouched.
04:36  Checking Amazon...
04:36  No changes.
04:36  Checking IBM...
04:37  No changes.
04:37  Checking Adobe...
04:37  No changes.
04:37  Checking American Express...
04:38  No changes.
04:38  Checking Mastercard...
04:39  No changes.
04:39  Checking Visa...
04:39  No changes.
04:39  Checking Nike...
04:39  No changes.
04:39  Widget feed updated.
04:39  === Check cycle finished (0 notification(s)) ===
