01:38  === Check cycle started ===
01:38  Checking Google...
01:38  No changes.
01:38  Checking YouTube...
01:38  No changes.
01:38  Checking Meta...
01:39  No changes.
01:39  Checking Apple...
01:39  No changes.
01:39  Checking Capital One...
01:39  robots.txt disallows https://www.capitalonecareers.com/search-jobs/design%20intern — skipping this URL.
01:39  robots.txt disallows https://www.capitalonecareers.com/search-jobs/product%20design — skipping this URL.
01:39  Capital One: scrape failed — postings left untouched.
01:39  Checking JPMorgan Chase...
01:39  No changes.
01:39  Checking Roblox...
01:39  Retry 1/2 for Roblox in 2s...
01:39  Retry 2/2 for Roblox in 5s...
01:39  ERROR: Roblox: failed to scrape https://careers.roblox.com/jobs?search=product+design (page.goto: net::ERR_HTTP2_PROTOCOL_ERROR at https://careers.roblox.com/jobs?search=product+design
Call log:
  - navigating to "https://careers.roblox.com/jobs?search=product+design", waiting until "domcontentloaded"
)
01:39  Retry 1/2 for Roblox in 2s...
01:39  Retry 2/2 for Roblox in 4s...
01:39  ERROR: Roblox: failed to scrape https://careers.roblox.com/jobs?search=UX+intern (page.goto: net::ERR_HTTP2_PROTOCOL_ERROR at https://careers.roblox.com/jobs?search=UX+intern
Call log:
  - navigating to "https://careers.roblox.com/jobs?search=UX+intern", waiting until "domcontentloaded"
)
01:39  Roblox: scrape failed — postings left untouched.
01:39  Checking Microsoft...
01:39  robots.txt unavailable for https://gcsservices.careers.microsoft.com; proceeding politely.
01:39  Retry 1/2 for Microsoft in 2s...
01:39  Retry 2/2 for Microsoft in 5s...
01:39  ERROR: Microsoft: failed to scrape https://gcsservices.careers.microsoft.com/search/api/v1/search?q=product%20design%20intern&l=en_us&pg=1&pgSz=20 (page.goto: net::ERR_CERT_COMMON_NAME_INVALID at https://gcsservices.careers.microsoft.com/search/api/v1/search?q=product%20design%20intern&l=en_us&pg=1&pgSz=20
Call log:
  - navigating to "https://gcsservices.careers.microsoft.com/search/api/v1/search?q=product%20design%20intern&l=en_us&pg=1&pgSz=20", waiting until "domcontentloaded"
)
01:40  Retry 1/2 for Microsoft in 2s...
01:40  Retry 2/2 for Microsoft in 5s...
01:40  ERROR: Microsoft: failed to scrape https://gcsservices.careers.microsoft.com/search/api/v1/search?q=UX%20design%20intern&l=en_us&pg=1&pgSz=20 (page.goto: net::ERR_CERT_COMMON_NAME_INVALID at https://gcsservices.careers.microsoft.com/search/api/v1/search?q=UX%20design%20intern&l=en_us&pg=1&pgSz=20
Call log:
  - navigating to "https://gcsservices.careers.microsoft.com/search/api/v1/search?q=UX%20design%20intern&l=en_us&pg=1&pgSz=20", waiting until "domcontentloaded"
)
01:40  Microsoft: scrape failed — postings left untouched.
01:40  Checking Amazon...
01:40  No changes.
01:40  Checking IBM...
01:41  No changes.
01:41  Checking Adobe...
01:41  No changes.
01:41  Checking American Express...
01:42  No changes.
01:42  Checking Mastercard...
01:42  No changes.
01:42  Checking Visa...
01:42  No changes.
01:42  Checking Nike...
01:42  No changes.
01:42  Widget feed updated.
01:42  === Check cycle finished (0 notification(s)) ===
04:30  === Check cycle started ===
04:30  Checking Google...
04:30  No changes.
04:30  Checking YouTube...
04:30  No changes.
04:30  Checking Meta...
04:30  No changes.
04:30  Checking Apple...
04:31  No changes.
04:31  Checking Capital One...
04:31  robots.txt disallows https://www.capitalonecareers.com/search-jobs/design%20intern — skipping this URL.
04:31  robots.txt disallows https://www.capitalonecareers.com/search-jobs/product%20design — skipping this URL.
04:31  Capital One: scrape failed — postings left untouched.
04:31  Checking JPMorgan Chase...
04:31  No changes.
04:31  Checking Roblox...
04:31  Retry 1/2 for Roblox in 2s...
04:31  Retry 2/2 for Roblox in 5s...
04:31  ERROR: Roblox: failed to scrape https://careers.roblox.com/jobs?search=product+design (page.goto: net::ERR_HTTP2_PROTOCOL_ERROR at https://careers.roblox.com/jobs?search=product+design
Call log:
  - navigating to "https://careers.roblox.com/jobs?search=product+design", waiting until "domcontentloaded"
)
04:31  Retry 1/2 for Roblox in 2s...
04:31  Retry 2/2 for Roblox in 5s...
04:31  ERROR: Roblox: failed to scrape https://careers.roblox.com/jobs?search=UX+intern (page.goto: net::ERR_HTTP2_PROTOCOL_ERROR at https://careers.roblox.com/jobs?search=UX+intern
Call log:
  - navigating to "https://careers.roblox.com/jobs?search=UX+intern", waiting until "domcontentloaded"
)
04:31  Roblox: scrape failed — postings left untouched.
04:31  Checking Microsoft...
04:31  robots.txt unavailable for https://gcsservices.careers.microsoft.com; proceeding politely.
04:31  Retry 1/2 for Microsoft in 3s...
04:31  Retry 2/2 for Microsoft in 4s...
04:31  ERROR: Microsoft: failed to scrape https://gcsservices.careers.microsoft.com/search/api/v1/search?q=product%20design%20intern&l=en_us&pg=1&pgSz=20 (page.goto: net::ERR_CERT_COMMON_NAME_INVALID at https://gcsservices.careers.microsoft.com/search/api/v1/search?q=product%20design%20intern&l=en_us&pg=1&pgSz=20
Call log:
  - navigating to "https://gcsservices.careers.microsoft.com/search/api/v1/search?q=product%20design%20intern&l=en_us&pg=1&pgSz=20", waiting until "domcontentloaded"
)
04:31  Retry 1/2 for Microsoft in 3s...
04:31  Retry 2/2 for Microsoft in 4s...
04:31  ERROR: Microsoft: failed to scrape https://gcsservices.careers.microsoft.com/search/api/v1/search?q=UX%20design%20intern&l=en_us&pg=1&pgSz=20 (page.goto: net::ERR_CERT_COMMON_NAME_INVALID at https://gcsservices.careers.microsoft.com/search/api/v1/search?q=UX%20design%20intern&l=en_us&pg=1&pgSz=20
Call log:
  - navigating to "https://gcsservices.careers.microsoft.com/search/api/v1/search?q=UX%20design%20intern&l=en_us&pg=1&pgSz=20", waiting until "domcontentloaded"
)
04:31  Microsoft: scrape failed — postings left untouched.
04:31  Checking Amazon...
04:32  No changes.
04:32  Checking IBM...
04:32  No changes.
04:32  Checking Adobe...
04:33  No changes.
04:33  Checking American Express...
04:34  No changes.
04:34  Checking Mastercard...
04:34  No changes.
04:34  Checking Visa...
04:34  No changes.
04:34  Checking Nike...
04:34  No changes.
04:34  Widget feed updated.
04:34  === Check cycle finished (0 notification(s)) ===
07:40  === Check cycle started ===
07:40  Checking Google...
07:40  No changes.
07:40  Checking YouTube...
07:40  No changes.
07:40  Checking Meta...
07:40  No changes.
07:40  Checking Apple...
07:41  No changes.
07:41  Checking Capital One...
07:41  robots.txt disallows https://www.capitalonecareers.com/search-jobs/design%20intern — skipping this URL.
07:41  robots.txt disallows https://www.capitalonecareers.com/search-jobs/product%20design — skipping this URL.
07:41  Capital One: scrape failed — postings left untouched.
07:41  Checking JPMorgan Chase...
07:41  No changes.
07:41  Checking Roblox...
07:41  Retry 1/2 for Roblox in 2s...
07:41  Retry 2/2 for Roblox in 5s...
07:41  ERROR: Roblox: failed to scrape https://careers.roblox.com/jobs?search=product+design (page.goto: net::ERR_HTTP2_PROTOCOL_ERROR at https://careers.roblox.com/jobs?search=product+design
Call log:
  - navigating to "https://careers.roblox.com/jobs?search=product+design", waiting until "domcontentloaded"
)
07:41  Retry 1/2 for Roblox in 2s...
07:41  Retry 2/2 for Roblox in 5s...
07:41  ERROR: Roblox: failed to scrape https://careers.roblox.com/jobs?search=UX+intern (page.goto: net::ERR_HTTP2_PROTOCOL_ERROR at https://careers.roblox.com/jobs?search=UX+intern
Call log:
  - navigating to "https://careers.roblox.com/jobs?search=UX+intern", waiting until "domcontentloaded"
)
07:41  Roblox: scrape failed — postings left untouched.
07:41  Checking Microsoft...
07:41  robots.txt unavailable for https://gcsservices.careers.microsoft.com; proceeding politely.
07:41  Retry 1/2 for Microsoft in 2s...
07:41  Retry 2/2 for Microsoft in 5s...
07:41  ERROR: Microsoft: failed to scrape https://gcsservices.careers.microsoft.com/search/api/v1/search?q=product%20design%20intern&l=en_us&pg=1&pgSz=20 (page.goto: net::ERR_CERT_COMMON_NAME_INVALID at https://gcsservices.careers.microsoft.com/search/api/v1/search?q=product%20design%20intern&l=en_us&pg=1&pgSz=20
Call log:
  - navigating to "https://gcsservices.careers.microsoft.com/search/api/v1/search?q=product%20design%20intern&l=en_us&pg=1&pgSz=20", waiting until "domcontentloaded"
)
07:41  Retry 1/2 for Microsoft in 2s...
07:41  Retry 2/2 for Microsoft in 5s...
07:41  ERROR: Microsoft: failed to scrape https://gcsservices.careers.microsoft.com/search/api/v1/search?q=UX%20design%20intern&l=en_us&pg=1&pgSz=20 (page.goto: net::ERR_CERT_COMMON_NAME_INVALID at https://gcsservices.careers.microsoft.com/search/api/v1/search?q=UX%20design%20intern&l=en_us&pg=1&pgSz=20
Call log:
  - navigating to "https://gcsservices.careers.microsoft.com/search/api/v1/search?q=UX%20design%20intern&l=en_us&pg=1&pgSz=20", waiting until "domcontentloaded"
)
07:41  Microsoft: scrape failed — postings left untouched.
07:41  Checking Amazon...
07:41  No changes.
07:41  Checking IBM...
07:42  No changes.
07:42  Checking Adobe...
07:43  No changes.
07:43  Checking American Express...
07:43  No changes.
07:43  Checking Mastercard...
07:44  No changes.
07:44  Checking Visa...
07:44  No changes.
07:44  Checking Nike...
07:44  No changes.
07:44  Widget feed updated.
07:44  === Check cycle finished (0 notification(s)) ===
10:29  === Check cycle started ===
10:29  Checking Google...
10:29  No changes.
10:29  Checking YouTube...
10:29  No changes.
10:29  Checking Meta...
10:29  No changes.
10:29  Checking Apple...
10:29  No changes.
10:29  Checking Capital One...
10:29  robots.txt disallows https://www.capitalonecareers.com/search-jobs/design%20intern — skipping this URL.
10:29  robots.txt disallows https://www.capitalonecareers.com/search-jobs/product%20design — skipping this URL.
10:29  Capital One: scrape failed — postings left untouched.
10:29  Checking JPMorgan Chase...
10:30  No changes.
10:30  Checking Roblox...
10:30  Retry 1/2 for Roblox in 2s...
10:30  Retry 2/2 for Roblox in 5s...
10:30  ERROR: Roblox: failed to scrape https://careers.roblox.com/jobs?search=product+design (page.goto: net::ERR_HTTP2_PROTOCOL_ERROR at https://careers.roblox.com/jobs?search=product+design
Call log:
  - navigating to "https://careers.roblox.com/jobs?search=product+design", waiting until "domcontentloaded"
)
10:30  Retry 1/2 for Roblox in 3s...
10:30  Retry 2/2 for Roblox in 4s...
10:30  ERROR: Roblox: failed to scrape https://careers.roblox.com/jobs?search=UX+intern (page.goto: net::ERR_HTTP2_PROTOCOL_ERROR at https://careers.roblox.com/jobs?search=UX+intern
Call log:
  - navigating to "https://careers.roblox.com/jobs?search=UX+intern", waiting until "domcontentloaded"
)
10:30  Roblox: scrape failed — postings left untouched.
10:30  Checking Microsoft...
10:30  robots.txt unavailable for https://gcsservices.careers.microsoft.com; proceeding politely.
10:30  Retry 1/2 for Microsoft in 2s...
10:30  Retry 2/2 for Microsoft in 5s...
10:30  ERROR: Microsoft: failed to scrape https://gcsservices.careers.microsoft.com/search/api/v1/search?q=product%20design%20intern&l=en_us&pg=1&pgSz=20 (page.goto: net::ERR_CERT_COMMON_NAME_INVALID at https://gcsservices.careers.microsoft.com/search/api/v1/search?q=product%20design%20intern&l=en_us&pg=1&pgSz=20
Call log:
  - navigating to "https://gcsservices.careers.microsoft.com/search/api/v1/search?q=product%20design%20intern&l=en_us&pg=1&pgSz=20", waiting until "domcontentloaded"
)
10:30  Retry 1/2 for Microsoft in 2s...
10:30  Retry 2/2 for Microsoft in 5s...
10:30  ERROR: Microsoft: failed to scrape https://gcsservices.careers.microsoft.com/search/api/v1/search?q=UX%20design%20intern&l=en_us&pg=1&pgSz=20 (page.goto: net::ERR_CERT_COMMON_NAME_INVALID at https://gcsservices.careers.microsoft.com/search/api/v1/search?q=UX%20design%20intern&l=en_us&pg=1&pgSz=20
Call log:
  - navigating to "https://gcsservices.careers.microsoft.com/search/api/v1/search?q=UX%20design%20intern&l=en_us&pg=1&pgSz=20", waiting until "domcontentloaded"
)
10:30  Microsoft: scrape failed — postings left untouched.
10:30  Checking Amazon...
10:30  No changes.
10:30  Checking IBM...
10:31  No changes.
10:31  Checking Adobe...
10:31  No changes.
10:31  Checking American Express...
10:32  No changes.
10:32  Checking Mastercard...
10:32  No changes.
10:32  Checking Visa...
10:33  No changes.
10:33  Checking Nike...
10:33  No changes.
10:33  Widget feed updated.
10:33  === Check cycle finished (0 notification(s)) ===
16:21  === Check cycle started ===
16:21  Checking Google...
16:22  No changes.
16:22  Checking YouTube...
16:22  No changes.
16:22  Checking Meta...
16:22  No changes.
16:22  Checking Apple...
16:23  Retry 1/2 for Apple in 2s...
16:23  No changes.
16:23  Checking Capital One...
16:23  robots.txt disallows https://www.capitalonecareers.com/search-jobs/design%20intern — skipping this URL.
16:23  robots.txt disallows https://www.capitalonecareers.com/search-jobs/product%20design — skipping this URL.
16:23  Capital One: scrape failed — postings left untouched.
16:23  Checking JPMorgan Chase...
16:23  No changes.
16:23  Checking Roblox...
16:23  Retry 1/2 for Roblox in 3s...
16:23  Retry 2/2 for Roblox in 4s...
16:23  ERROR: Roblox: failed to scrape https://careers.roblox.com/jobs?search=product+design (page.goto: net::ERR_HTTP2_PROTOCOL_ERROR at https://careers.roblox.com/jobs?search=product+design
Call log:
  - navigating to "https://careers.roblox.com/jobs?search=product+design", waiting until "domcontentloaded"
)
16:23  Retry 1/2 for Roblox in 2s...
16:23  Retry 2/2 for Roblox in 4s...
16:24  ERROR: Roblox: failed to scrape https://careers.roblox.com/jobs?search=UX+intern (page.goto: net::ERR_HTTP2_PROTOCOL_ERROR at https://careers.roblox.com/jobs?search=UX+intern
Call log:
  - navigating to "https://careers.roblox.com/jobs?search=UX+intern", waiting until "domcontentloaded"
)
16:24  Roblox: scrape failed — postings left untouched.
16:24  Checking Microsoft...
16:24  robots.txt unavailable for https://gcsservices.careers.microsoft.com; proceeding politely.
16:24  Retry 1/2 for Microsoft in 2s...
16:24  Retry 2/2 for Microsoft in 4s...
16:24  ERROR: Microsoft: failed to scrape https://gcsservices.careers.microsoft.com/search/api/v1/search?q=product%20design%20intern&l=en_us&pg=1&pgSz=20 (page.goto: net::ERR_CERT_COMMON_NAME_INVALID at https://gcsservices.careers.microsoft.com/search/api/v1/search?q=product%20design%20intern&l=en_us&pg=1&pgSz=20
Call log:
  - navigating to "https://gcsservices.careers.microsoft.com/search/api/v1/search?q=product%20design%20intern&l=en_us&pg=1&pgSz=20", waiting until "domcontentloaded"
)
16:24  Retry 1/2 for Microsoft in 2s...
16:24  Retry 2/2 for Microsoft in 4s...
16:24  ERROR: Microsoft: failed to scrape https://gcsservices.careers.microsoft.com/search/api/v1/search?q=UX%20design%20intern&l=en_us&pg=1&pgSz=20 (page.goto: net::ERR_CERT_COMMON_NAME_INVALID at https://gcsservices.careers.microsoft.com/search/api/v1/search?q=UX%20design%20intern&l=en_us&pg=1&pgSz=20
Call log:
  - navigating to "https://gcsservices.careers.microsoft.com/search/api/v1/search?q=UX%20design%20intern&l=en_us&pg=1&pgSz=20", waiting until "domcontentloaded"
)
16:24  Microsoft: scrape failed — postings left untouched.
16:24  Checking Amazon...
16:24  No changes.
16:24  Checking IBM...
16:25  No changes.
16:25  Checking Adobe...
16:25  No changes.
16:25  Checking American Express...
16:26  No changes.
16:26  Checking Mastercard...
16:26  No changes.
16:26  Checking Visa...
16:26  No changes.
16:26  Checking Nike...
16:26  No changes.
16:26  Widget feed updated.
16:26  === Check cycle finished (0 notification(s)) ===
20:04  === Check cycle started ===
20:04  Checking Google...
20:04  No changes.
20:04  Checking YouTube...
20:04  No changes.
20:04  Checking Meta...
20:04  No changes.
20:04  Checking Apple...
20:04  No changes.
20:04  Checking Capital One...
20:04  robots.txt disallows https://www.capitalonecareers.com/search-jobs/design%20intern — skipping this URL.
20:04  robots.txt disallows https://www.capitalonecareers.com/search-jobs/product%20design — skipping this URL.
20:04  Capital One: scrape failed — postings left untouched.
20:04  Checking JPMorgan Chase...
20:05  No changes.
20:05  Checking Roblox...
20:05  Retry 1/2 for Roblox in 2s...
20:05  Retry 2/2 for Roblox in 5s...
20:05  ERROR: Roblox: failed to scrape https://careers.roblox.com/jobs?search=product+design (page.goto: net::ERR_HTTP2_PROTOCOL_ERROR at https://careers.roblox.com/jobs?search=product+design
Call log:
  - navigating to "https://careers.roblox.com/jobs?search=product+design", waiting until "domcontentloaded"
)
20:05  Retry 1/2 for Roblox in 2s...
20:05  Retry 2/2 for Roblox in 5s...
20:05  ERROR: Roblox: failed to scrape https://careers.roblox.com/jobs?search=UX+intern (page.goto: net::ERR_HTTP2_PROTOCOL_ERROR at https://careers.roblox.com/jobs?search=UX+intern
Call log:
  - navigating to "https://careers.roblox.com/jobs?search=UX+intern", waiting until "domcontentloaded"
)
20:05  Roblox: scrape failed — postings left untouched.
20:05  Checking Microsoft...
20:05  robots.txt unavailable for https://gcsservices.careers.microsoft.com; proceeding politely.
20:05  Retry 1/2 for Microsoft in 2s...
20:05  Retry 2/2 for Microsoft in 5s...
20:05  ERROR: Microsoft: failed to scrape https://gcsservices.careers.microsoft.com/search/api/v1/search?q=product%20design%20intern&l=en_us&pg=1&pgSz=20 (page.goto: net::ERR_CERT_COMMON_NAME_INVALID at https://gcsservices.careers.microsoft.com/search/api/v1/search?q=product%20design%20intern&l=en_us&pg=1&pgSz=20
Call log:
  - navigating to "https://gcsservices.careers.microsoft.com/search/api/v1/search?q=product%20design%20intern&l=en_us&pg=1&pgSz=20", waiting until "domcontentloaded"
)
20:05  Retry 1/2 for Microsoft in 3s...
20:05  Retry 2/2 for Microsoft in 5s...
20:05  ERROR: Microsoft: failed to scrape https://gcsservices.careers.microsoft.com/search/api/v1/search?q=UX%20design%20intern&l=en_us&pg=1&pgSz=20 (page.goto: net::ERR_CERT_COMMON_NAME_INVALID at https://gcsservices.careers.microsoft.com/search/api/v1/search?q=UX%20design%20intern&l=en_us&pg=1&pgSz=20
Call log:
  - navigating to "https://gcsservices.careers.microsoft.com/search/api/v1/search?q=UX%20design%20intern&l=en_us&pg=1&pgSz=20", waiting until "domcontentloaded"
)
20:05  Microsoft: scrape failed — postings left untouched.
20:05  Checking Amazon...
20:05  No changes.
20:05  Checking IBM...
20:07  No changes.
20:07  Checking Adobe...
20:07  No changes.
20:07  Checking American Express...
20:07  No changes.
20:07  Checking Mastercard...
20:08  No changes.
20:08  Checking Visa...
20:08  No changes.
20:08  Checking Nike...
20:08  No changes.
20:08  Widget feed updated.
20:08  === Check cycle finished (0 notification(s)) ===
21:20  === Daily summary ===
21:20    Internship Monitor Daily Summary
21:20    Checked:
21:20    15 companies
21:20    New jobs:
21:20    0
21:20    Still Open:
21:20    9
21:20    Closed Today:
21:20    0
21:20  SMS DRY-RUN — daily summary would be:
21:20    | Internship Monitor Daily Summary
21:20    | Checked:
21:20    | 15 companies
21:20    | New jobs:
21:20    | 0
21:20    | Still Open:
21:20    | 9
21:20    | Closed Today:
21:20    | 0
21:20  Discord DRY-RUN (no webhook configured).
21:20  Widget feed updated.
