24:32  === Daily summary ===
24:32    Internship Monitor Daily Summary
24:32    Checked:
24:32    18 companies
24:32    New jobs:
24:32    0
24:32    Still Open:
24:32    9
24:32    Closed Today:
24:32    0
24:32  SMS DRY-RUN — daily summary would be:
24:32    | Internship Monitor Daily Summary
24:32    | Checked:
24:32    | 18 companies
24:32    | New jobs:
24:32    | 0
24:32    | Still Open:
24:32    | 9
24:32    | Closed Today:
24:32    | 0
24:32  Discord DRY-RUN (no webhook configured).
24:32  Widget feed updated.
