01:14  === Daily summary ===
01:14    Internship Monitor Daily Summary
01:14    Checked:
01:14    18 companies
01:14    New jobs:
01:14    0
01:14    Still Open:
01:14    9
01:14    Closed Today:
01:14    0
01:14  SMS DRY-RUN — daily summary would be:
01:14    | Internship Monitor Daily Summary
01:14    | Checked:
01:14    | 18 companies
01:14    | New jobs:
01:14    | 0
01:14    | Still Open:
01:14    | 9
01:14    | Closed Today:
01:14    | 0
01:14  Discord DRY-RUN (no webhook configured).
01:14  Widget feed updated.
