24:38  === Check cycle started ===
24:38  Checking Google...
24:38  No changes.
24:38  Checking YouTube...
24:38  No changes.
24:38  Checking Meta...
24:39  No changes.
24:39  Checking Apple...
24:39  New Internship Found. (Apple — Product Design Engineering Intern)
24:39  SMS DRY-RUN (no Twilio credentials) — message would be:
24:39    | Product Design Internship Open!!!!
24:39    | Company:
24:39    | Apple
24:39    | Title:
24:39    | Product Design Engineering Intern
24:39    | Location:
24:39    | LocationTaipei
24:39    | Apply:
24:39    | https://jobs.apple.com/en-us/details/200674739-3950/product-design-engineering-intern
24:39    | First Seen:
24:39    | July 30, 2026
24:39  Discord DRY-RUN (no webhook configured).
24:39  Checking Capital One...
24:39  robots.txt disallows https://www.capitalonecareers.com/search-jobs/design%20intern — skipping this URL.
24:39  robots.txt disallows https://www.capitalonecareers.com/search-jobs/product%20design — skipping this URL.
24:39  Capital One: scrape failed — postings left untouched.
24:39  Checking JPMorgan Chase...
24:39  No changes.
24:39  Checking Roblox...
24:39  Retry 1/2 for Roblox in 2s...
24:39  Retry 2/2 for Roblox in 5s...
24:39  ERROR: Roblox: failed to scrape https://careers.roblox.com/jobs?search=product+design (page.goto: net::ERR_HTTP2_PROTOCOL_ERROR at https://careers.roblox.com/jobs?search=product+design
Call log:
  - navigating to "https://careers.roblox.com/jobs?search=product+design", waiting until "domcontentloaded"
)
24:39  Retry 1/2 for Roblox in 2s...
24:39  Retry 2/2 for Roblox in 4s...
24:39  ERROR: Roblox: failed to scrape https://careers.roblox.com/jobs?search=UX+intern (page.goto: net::ERR_HTTP2_PROTOCOL_ERROR at https://careers.roblox.com/jobs?search=UX+intern
Call log:
  - navigating to "https://careers.roblox.com/jobs?search=UX+intern", waiting until "domcontentloaded"
)
24:39  Roblox: scrape failed — postings left untouched.
24:39  Checking Microsoft...
24:39  robots.txt unavailable for https://gcsservices.careers.microsoft.com; proceeding politely.
24:39  Retry 1/2 for Microsoft in 2s...
24:39  Retry 2/2 for Microsoft in 5s...
24:39  ERROR: Microsoft: failed to scrape https://gcsservices.careers.microsoft.com/search/api/v1/search?q=product%20design%20intern&l=en_us&pg=1&pgSz=20 (page.goto: net::ERR_CERT_COMMON_NAME_INVALID at https://gcsservices.careers.microsoft.com/search/api/v1/search?q=product%20design%20intern&l=en_us&pg=1&pgSz=20
Call log:
  - navigating to "https://gcsservices.careers.microsoft.com/search/api/v1/search?q=product%20design%20intern&l=en_us&pg=1&pgSz=20", waiting until "domcontentloaded"
)
24:39  Retry 1/2 for Microsoft in 2s...
24:39  Retry 2/2 for Microsoft in 4s...
24:40  ERROR: Microsoft: failed to scrape https://gcsservices.careers.microsoft.com/search/api/v1/search?q=UX%20design%20intern&l=en_us&pg=1&pgSz=20 (page.goto: net::ERR_CERT_COMMON_NAME_INVALID at https://gcsservices.careers.microsoft.com/search/api/v1/search?q=UX%20design%20intern&l=en_us&pg=1&pgSz=20
Call log:
  - navigating to "https://gcsservices.careers.microsoft.com/search/api/v1/search?q=UX%20design%20intern&l=en_us&pg=1&pgSz=20", waiting until "domcontentloaded"
)
24:40  Microsoft: scrape failed — postings left untouched.
24:40  Checking Amazon...
24:40  No changes.
24:40  Checking IBM...
24:40  No changes.
24:40  Checking Adobe...
24:41  No changes.
24:41  Checking American Express...
24:42  No changes.
24:42  Checking Mastercard...
24:42  No changes.
24:42  Checking Visa...
24:42  No changes.
24:42  Checking Nike...
24:42  No changes.
24:42  Widget feed updated.
24:42  === Check cycle finished (1 notification(s)) ===
