01:56  === Daily summary ===
01:56    Internship Monitor Daily Summary
01:56    Checked:
01:56    18 companies
01:56    New jobs:
01:56    0
01:56    Still Open:
01:56    9
01:56    Closed Today:
01:56    0
01:56  SMS DRY-RUN — daily summary would be:
01:56    | Internship Monitor Daily Summary
01:56    | Checked:
01:56    | 18 companies
01:56    | New jobs:
01:56    | 0
01:56    | Still Open:
01:56    | 9
01:56    | Closed Today:
01:56    | 0
01:56  Discord DRY-RUN (no webhook configured).
01:56  Widget feed updated.
