01:52  === Check cycle started ===
01:52  Checking Google...
01:53  No changes.
01:53  Checking YouTube...
01:53  No changes.
01:53  Checking Meta...
01:53  No changes.
01:53  Checking Apple...
01:53  No changes.
01:53  Checking Capital One...
01:53  robots.txt disallows https://www.capitalonecareers.com/search-jobs/design%20intern — skipping this URL.
01:53  robots.txt disallows https://www.capitalonecareers.com/search-jobs/product%20design — skipping this URL.
01:53  Capital One: scrape failed — postings left untouched.
01:53  Checking JPMorgan Chase...
01:53  No changes.
01:53  Checking Roblox...
01:54  Retry 1/2 for Roblox in 2s...
01:54  Retry 2/2 for Roblox in 4s...
01:54  ERROR: Roblox: failed to scrape https://careers.roblox.com/jobs?search=product+design (page.goto: net::ERR_HTTP2_PROTOCOL_ERROR at https://careers.roblox.com/jobs?search=product+design
Call log:
  - navigating to "https://careers.roblox.com/jobs?search=product+design", waiting until "domcontentloaded"
)
01:54  Retry 1/2 for Roblox in 2s...
01:54  Retry 2/2 for Roblox in 4s...
01:54  ERROR: Roblox: failed to scrape https://careers.roblox.com/jobs?search=UX+intern (page.goto: net::ERR_HTTP2_PROTOCOL_ERROR at https://careers.roblox.com/jobs?search=UX+intern
Call log:
  - navigating to "https://careers.roblox.com/jobs?search=UX+intern", waiting until "domcontentloaded"
)
01:54  Roblox: scrape failed — postings left untouched.
01:54  Checking Microsoft...
01:54  robots.txt unavailable for https://gcsservices.careers.microsoft.com; proceeding politely.
01:54  Retry 1/2 for Microsoft in 2s...
01:54  Retry 2/2 for Microsoft in 5s...
01:54  ERROR: Microsoft: failed to scrape https://gcsservices.careers.microsoft.com/search/api/v1/search?q=product%20design%20intern&l=en_us&pg=1&pgSz=20 (page.goto: net::ERR_CERT_COMMON_NAME_INVALID at https://gcsservices.careers.microsoft.com/search/api/v1/search?q=product%20design%20intern&l=en_us&pg=1&pgSz=20
Call log:
  - navigating to "https://gcsservices.careers.microsoft.com/search/api/v1/search?q=product%20design%20intern&l=en_us&pg=1&pgSz=20", waiting until "domcontentloaded"
)
01:54  Retry 1/2 for Microsoft in 2s...
01:54  Retry 2/2 for Microsoft in 5s...
01:54  ERROR: Microsoft: failed to scrape https://gcsservices.careers.microsoft.com/search/api/v1/search?q=UX%20design%20intern&l=en_us&pg=1&pgSz=20 (page.goto: net::ERR_CERT_COMMON_NAME_INVALID at https://gcsservices.careers.microsoft.com/search/api/v1/search?q=UX%20design%20intern&l=en_us&pg=1&pgSz=20
Call log:
  - navigating to "https://gcsservices.careers.microsoft.com/search/api/v1/search?q=UX%20design%20intern&l=en_us&pg=1&pgSz=20", waiting until "domcontentloaded"
)
01:54  Microsoft: scrape failed — postings left untouched.
01:54  Checking Amazon...
01:54  No changes.
01:54  Checking IBM...
01:55  No changes.
01:55  Checking Adobe...
01:56  No changes.
01:56  Checking American Express...
01:56  No changes.
01:56  Checking Mastercard...
01:57  No changes.
01:57  Checking Visa...
01:57  No changes.
01:57  Checking Nike...
01:57  No changes.
01:57  Widget feed updated.
01:57  === Check cycle finished (0 notification(s)) ===
04:37  === Check cycle started ===
04:37  Checking Google...
04:37  No changes.
04:37  Checking YouTube...
04:37  No changes.
04:37  Checking Meta...
04:37  No changes.
04:37  Checking Apple...
04:38  No changes.
04:38  Checking Capital One...
04:38  robots.txt disallows https://www.capitalonecareers.com/search-jobs/design%20intern — skipping this URL.
04:38  robots.txt disallows https://www.capitalonecareers.com/search-jobs/product%20design — skipping this URL.
04:38  Capital One: scrape failed — postings left untouched.
04:38  Checking JPMorgan Chase...
04:38  No changes.
04:38  Checking Roblox...
04:38  Retry 1/2 for Roblox in 2s...
04:38  Retry 2/2 for Roblox in 5s...
04:38  ERROR: Roblox: failed to scrape https://careers.roblox.com/jobs?search=product+design (page.goto: net::ERR_HTTP2_PROTOCOL_ERROR at https://careers.roblox.com/jobs?search=product+design
Call log:
  - navigating to "https://careers.roblox.com/jobs?search=product+design", waiting until "domcontentloaded"
)
04:38  Retry 1/2 for Roblox in 2s...
04:38  Retry 2/2 for Roblox in 5s...
04:38  ERROR: Roblox: failed to scrape https://careers.roblox.com/jobs?search=UX+intern (page.goto: net::ERR_HTTP2_PROTOCOL_ERROR at https://careers.roblox.com/jobs?search=UX+intern
Call log:
  - navigating to "https://careers.roblox.com/jobs?search=UX+intern", waiting until "domcontentloaded"
)
04:38  Roblox: scrape failed — postings left untouched.
04:38  Checking Microsoft...
04:38  robots.txt unavailable for https://gcsservices.careers.microsoft.com; proceeding politely.
04:38  Retry 1/2 for Microsoft in 3s...
04:38  Retry 2/2 for Microsoft in 5s...
04:38  ERROR: Microsoft: failed to scrape https://gcsservices.careers.microsoft.com/search/api/v1/search?q=product%20design%20intern&l=en_us&pg=1&pgSz=20 (page.goto: net::ERR_CERT_COMMON_NAME_INVALID at https://gcsservices.careers.microsoft.com/search/api/v1/search?q=product%20design%20intern&l=en_us&pg=1&pgSz=20
Call log:
  - navigating to "https://gcsservices.careers.microsoft.com/search/api/v1/search?q=product%20design%20intern&l=en_us&pg=1&pgSz=20", waiting until "domcontentloaded"
)
04:38  Retry 1/2 for Microsoft in 2s...
04:38  Retry 2/2 for Microsoft in 5s...
04:38  ERROR: Microsoft: failed to scrape https://gcsservices.careers.microsoft.com/search/api/v1/search?q=UX%20design%20intern&l=en_us&pg=1&pgSz=20 (page.goto: net::ERR_CERT_COMMON_NAME_INVALID at https://gcsservices.careers.microsoft.com/search/api/v1/search?q=UX%20design%20intern&l=en_us&pg=1&pgSz=20
Call log:
  - navigating to "https://gcsservices.careers.microsoft.com/search/api/v1/search?q=UX%20design%20intern&l=en_us&pg=1&pgSz=20", waiting until "domcontentloaded"
)
04:38  Microsoft: scrape failed — postings left untouched.
04:38  Checking Amazon...
04:39  No changes.
04:39  Checking IBM...
04:39  No changes.
04:39  Checking Adobe...
04:40  No changes.
04:40  Checking American Express...
04:40  No changes.
04:40  Checking Mastercard...
04:41  No changes.
04:41  Checking Visa...
04:41  No changes.
04:41  Checking Nike...
04:41  No changes.
04:41  Widget feed updated.
04:41  === Check cycle finished (0 notification(s)) ===
