01:41  === Check cycle started ===
01:41  Checking Google...
01:41  No changes.
01:41  Checking YouTube...
01:41  No changes.
01:41  Checking Meta...
01:42  No changes.
01:42  Checking Apple...
01:42  No changes.
01:42  Checking Capital One...
01:42  robots.txt disallows https://www.capitalonecareers.com/search-jobs/design%20intern — skipping this URL.
01:42  robots.txt disallows https://www.capitalonecareers.com/search-jobs/product%20design — skipping this URL.
01:42  Capital One: scrape failed — postings left untouched.
01:42  Checking JPMorgan Chase...
01:42  No changes.
01:42  Checking Roblox...
01:42  Retry 1/2 for Roblox in 2s...
01:42  Retry 2/2 for Roblox in 5s...
01:42  ERROR: Roblox: failed to scrape https://careers.roblox.com/jobs?search=product+design (page.goto: net::ERR_HTTP2_PROTOCOL_ERROR at https://careers.roblox.com/jobs?search=product+design
Call log:
  - navigating to "https://careers.roblox.com/jobs?search=product+design", waiting until "domcontentloaded"
)
01:42  Retry 1/2 for Roblox in 2s...
01:42  Retry 2/2 for Roblox in 5s...
01:42  ERROR: Roblox: failed to scrape https://careers.roblox.com/jobs?search=UX+intern (page.goto: net::ERR_HTTP2_PROTOCOL_ERROR at https://careers.roblox.com/jobs?search=UX+intern
Call log:
  - navigating to "https://careers.roblox.com/jobs?search=UX+intern", waiting until "domcontentloaded"
)
01:42  Roblox: scrape failed — postings left untouched.
01:42  Checking Microsoft...
01:42  robots.txt unavailable for https://gcsservices.careers.microsoft.com; proceeding politely.
01:42  Retry 1/2 for Microsoft in 2s...
01:42  Retry 2/2 for Microsoft in 5s...
01:42  ERROR: Microsoft: failed to scrape https://gcsservices.careers.microsoft.com/search/api/v1/search?q=product%20design%20intern&l=en_us&pg=1&pgSz=20 (page.goto: net::ERR_CERT_COMMON_NAME_INVALID at https://gcsservices.careers.microsoft.com/search/api/v1/search?q=product%20design%20intern&l=en_us&pg=1&pgSz=20
Call log:
  - navigating to "https://gcsservices.careers.microsoft.com/search/api/v1/search?q=product%20design%20intern&l=en_us&pg=1&pgSz=20", waiting until "domcontentloaded"
)
01:42  Retry 1/2 for Microsoft in 3s...
01:42  Retry 2/2 for Microsoft in 5s...
01:43  ERROR: Microsoft: failed to scrape https://gcsservices.careers.microsoft.com/search/api/v1/search?q=UX%20design%20intern&l=en_us&pg=1&pgSz=20 (page.goto: net::ERR_CERT_COMMON_NAME_INVALID at https://gcsservices.careers.microsoft.com/search/api/v1/search?q=UX%20design%20intern&l=en_us&pg=1&pgSz=20
Call log:
  - navigating to "https://gcsservices.careers.microsoft.com/search/api/v1/search?q=UX%20design%20intern&l=en_us&pg=1&pgSz=20", waiting until "domcontentloaded"
)
01:43  Microsoft: scrape failed — postings left untouched.
01:43  Checking Amazon...
01:43  No changes.
01:43  Checking IBM...
01:44  No changes.
01:44  Checking Adobe...
01:44  No changes.
01:44  Checking American Express...
01:44  No changes.
01:44  Checking Mastercard...
01:45  No changes.
01:45  Checking Visa...
01:45  No changes.
01:45  Checking Nike...
01:45  No changes.
01:45  Widget feed updated.
01:45  === Check cycle finished (0 notification(s)) ===
04:32  === Check cycle started ===
04:32  Checking Google...
04:32  No changes.
04:32  Checking YouTube...
04:32  No changes.
04:32  Checking Meta...
04:33  No changes.
04:33  Checking Apple...
04:33  No changes.
04:33  Checking Capital One...
04:33  robots.txt disallows https://www.capitalonecareers.com/search-jobs/design%20intern — skipping this URL.
04:33  robots.txt disallows https://www.capitalonecareers.com/search-jobs/product%20design — skipping this URL.
04:33  Capital One: scrape failed — postings left untouched.
04:33  Checking JPMorgan Chase...
04:33  No changes.
04:33  Checking Roblox...
04:33  Retry 1/2 for Roblox in 2s...
04:33  Retry 2/2 for Roblox in 4s...
04:33  ERROR: Roblox: failed to scrape https://careers.roblox.com/jobs?search=product+design (page.goto: net::ERR_HTTP2_PROTOCOL_ERROR at https://careers.roblox.com/jobs?search=product+design
Call log:
  - navigating to "https://careers.roblox.com/jobs?search=product+design", waiting until "domcontentloaded"
)
04:33  Retry 1/2 for Roblox in 2s...
04:33  Retry 2/2 for Roblox in 5s...
04:33  ERROR: Roblox: failed to scrape https://careers.roblox.com/jobs?search=UX+intern (page.goto: net::ERR_HTTP2_PROTOCOL_ERROR at https://careers.roblox.com/jobs?search=UX+intern
Call log:
  - navigating to "https://careers.roblox.com/jobs?search=UX+intern", waiting until "domcontentloaded"
)
04:33  Roblox: scrape failed — postings left untouched.
04:33  Checking Microsoft...
04:33  robots.txt unavailable for https://gcsservices.careers.microsoft.com; proceeding politely.
04:33  Retry 1/2 for Microsoft in 2s...
04:33  Retry 2/2 for Microsoft in 5s...
04:33  ERROR: Microsoft: failed to scrape https://gcsservices.careers.microsoft.com/search/api/v1/search?q=product%20design%20intern&l=en_us&pg=1&pgSz=20 (page.goto: net::ERR_CERT_COMMON_NAME_INVALID at https://gcsservices.careers.microsoft.com/search/api/v1/search?q=product%20design%20intern&l=en_us&pg=1&pgSz=20
Call log:
  - navigating to "https://gcsservices.careers.microsoft.com/search/api/v1/search?q=product%20design%20intern&l=en_us&pg=1&pgSz=20", waiting until "domcontentloaded"
)
04:33  Retry 1/2 for Microsoft in 2s...
04:34  Retry 2/2 for Microsoft in 4s...
04:34  ERROR: Microsoft: failed to scrape https://gcsservices.careers.microsoft.com/search/api/v1/search?q=UX%20design%20intern&l=en_us&pg=1&pgSz=20 (page.goto: net::ERR_CERT_COMMON_NAME_INVALID at https://gcsservices.careers.microsoft.com/search/api/v1/search?q=UX%20design%20intern&l=en_us&pg=1&pgSz=20
Call log:
  - navigating to "https://gcsservices.careers.microsoft.com/search/api/v1/search?q=UX%20design%20intern&l=en_us&pg=1&pgSz=20", waiting until "domcontentloaded"
)
04:34  Microsoft: scrape failed — postings left untouched.
04:34  Checking Amazon...
04:34  No changes.
04:34  Checking IBM...
04:35  No changes.
04:35  Checking Adobe...
04:35  No changes.
04:35  Checking American Express...
04:35  No changes.
04:35  Checking Mastercard...
04:36  No changes.
04:36  Checking Visa...
04:36  No changes.
04:36  Checking Nike...
04:36  No changes.
04:36  Widget feed updated.
04:36  === Check cycle finished (0 notification(s)) ===
