01:28  === Check cycle started ===
01:28  Checking Google...
01:28  No changes.
01:28  Checking YouTube...
01:28  No changes.
01:28  Checking Meta...
01:29  No changes.
01:29  Checking Apple...
01:29  No changes.
01:29  Checking Capital One...
01:29  robots.txt disallows https://www.capitalonecareers.com/search-jobs/design%20intern — skipping this URL.
01:29  robots.txt disallows https://www.capitalonecareers.com/search-jobs/product%20design — skipping this URL.
01:29  Capital One: scrape failed — postings left untouched.
01:29  Checking JPMorgan Chase...
01:29  No changes.
01:29  Checking Roblox...
01:29  Retry 1/2 for Roblox in 2s...
01:29  Retry 2/2 for Roblox in 5s...
01:29  ERROR: Roblox: failed to scrape https://careers.roblox.com/jobs?search=product+design (page.goto: net::ERR_HTTP2_PROTOCOL_ERROR at https://careers.roblox.com/jobs?search=product+design
Call log:
  - navigating to "https://careers.roblox.com/jobs?search=product+design", waiting until "domcontentloaded"
)
01:29  Retry 1/2 for Roblox in 2s...
01:29  Retry 2/2 for Roblox in 5s...
01:29  ERROR: Roblox: failed to scrape https://careers.roblox.com/jobs?search=UX+intern (page.goto: net::ERR_HTTP2_PROTOCOL_ERROR at https://careers.roblox.com/jobs?search=UX+intern
Call log:
  - navigating to "https://careers.roblox.com/jobs?search=UX+intern", waiting until "domcontentloaded"
)
01:29  Roblox: scrape failed — postings left untouched.
01:29  Checking Microsoft...
01:29  robots.txt unavailable for https://gcsservices.careers.microsoft.com; proceeding politely.
01:29  Retry 1/2 for Microsoft in 3s...
01:29  Retry 2/2 for Microsoft in 5s...
01:30  ERROR: Microsoft: failed to scrape https://gcsservices.careers.microsoft.com/search/api/v1/search?q=product%20design%20intern&l=en_us&pg=1&pgSz=20 (page.goto: net::ERR_CERT_COMMON_NAME_INVALID at https://gcsservices.careers.microsoft.com/search/api/v1/search?q=product%20design%20intern&l=en_us&pg=1&pgSz=20
Call log:
  - navigating to "https://gcsservices.careers.microsoft.com/search/api/v1/search?q=product%20design%20intern&l=en_us&pg=1&pgSz=20", waiting until "domcontentloaded"
)
01:30  Retry 1/2 for Microsoft in 2s...
01:30  Retry 2/2 for Microsoft in 5s...
01:30  ERROR: Microsoft: failed to scrape https://gcsservices.careers.microsoft.com/search/api/v1/search?q=UX%20design%20intern&l=en_us&pg=1&pgSz=20 (page.goto: net::ERR_CERT_COMMON_NAME_INVALID at https://gcsservices.careers.microsoft.com/search/api/v1/search?q=UX%20design%20intern&l=en_us&pg=1&pgSz=20
Call log:
  - navigating to "https://gcsservices.careers.microsoft.com/search/api/v1/search?q=UX%20design%20intern&l=en_us&pg=1&pgSz=20", waiting until "domcontentloaded"
)
01:30  Microsoft: scrape failed — postings left untouched.
01:30  Checking Amazon...
01:30  No changes.
01:30  Checking IBM...
01:31  No changes.
01:31  Checking Adobe...
01:31  No changes.
01:31  Checking American Express...
01:32  No changes.
01:32  Checking Mastercard...
01:32  No changes.
01:32  Checking Visa...
01:32  No changes.
01:32  Checking Nike...
01:32  No changes.
01:32  Widget feed updated.
01:32  === Check cycle finished (0 notification(s)) ===
