24:42  === Check cycle started ===
24:42  Checking Google...
24:42  No changes.
24:42  Checking YouTube...
24:43  No changes.
24:43  Checking Meta...
24:43  No changes.
24:43  Checking Apple...
24:43  No changes.
24:43  Checking Capital One...
24:43  robots.txt disallows https://www.capitalonecareers.com/search-jobs/design%20intern — skipping this URL.
24:43  robots.txt disallows https://www.capitalonecareers.com/search-jobs/product%20design — skipping this URL.
24:43  Capital One: scrape failed — postings left untouched.
24:43  Checking JPMorgan Chase...
24:43  No changes.
24:43  Checking Roblox...
24:43  Retry 1/2 for Roblox in 2s...
24:43  Retry 2/2 for Roblox in 5s...
24:43  ERROR: Roblox: failed to scrape https://careers.roblox.com/jobs?search=product+design (page.goto: net::ERR_HTTP2_PROTOCOL_ERROR at https://careers.roblox.com/jobs?search=product+design
Call log:
  - navigating to "https://careers.roblox.com/jobs?search=product+design", waiting until "domcontentloaded"
)
24:43  Retry 1/2 for Roblox in 2s...
24:43  Retry 2/2 for Roblox in 4s...
24:44  ERROR: Roblox: failed to scrape https://careers.roblox.com/jobs?search=UX+intern (page.goto: net::ERR_HTTP2_PROTOCOL_ERROR at https://careers.roblox.com/jobs?search=UX+intern
Call log:
  - navigating to "https://careers.roblox.com/jobs?search=UX+intern", waiting until "domcontentloaded"
)
24:44  Roblox: scrape failed — postings left untouched.
24:44  Checking Microsoft...
24:44  robots.txt unavailable for https://gcsservices.careers.microsoft.com; proceeding politely.
24:44  Retry 1/2 for Microsoft in 2s...
24:44  Retry 2/2 for Microsoft in 5s...
24:44  ERROR: Microsoft: failed to scrape https://gcsservices.careers.microsoft.com/search/api/v1/search?q=product%20design%20intern&l=en_us&pg=1&pgSz=20 (page.goto: net::ERR_CERT_COMMON_NAME_INVALID at https://gcsservices.careers.microsoft.com/search/api/v1/search?q=product%20design%20intern&l=en_us&pg=1&pgSz=20
Call log:
  - navigating to "https://gcsservices.careers.microsoft.com/search/api/v1/search?q=product%20design%20intern&l=en_us&pg=1&pgSz=20", waiting until "domcontentloaded"
)
24:44  Retry 1/2 for Microsoft in 2s...
24:44  Retry 2/2 for Microsoft in 5s...
24:44  ERROR: Microsoft: failed to scrape https://gcsservices.careers.microsoft.com/search/api/v1/search?q=UX%20design%20intern&l=en_us&pg=1&pgSz=20 (page.goto: net::ERR_CERT_COMMON_NAME_INVALID at https://gcsservices.careers.microsoft.com/search/api/v1/search?q=UX%20design%20intern&l=en_us&pg=1&pgSz=20
Call log:
  - navigating to "https://gcsservices.careers.microsoft.com/search/api/v1/search?q=UX%20design%20intern&l=en_us&pg=1&pgSz=20", waiting until "domcontentloaded"
)
24:44  Microsoft: scrape failed — postings left untouched.
24:44  Checking Amazon...
24:44  No changes.
24:44  Checking IBM...
24:45  No changes.
24:45  Checking Adobe...
24:45  No changes.
24:45  Checking American Express...
24:46  No changes.
24:46  Checking Mastercard...
24:46  No changes.
24:46  Checking Visa...
24:46  No changes.
24:46  Checking Nike...
24:46  No changes.
24:46  Widget feed updated.
24:46  === Check cycle finished (0 notification(s)) ===
03:04  === Check cycle started ===
03:04  Checking Google...
03:04  No changes.
03:04  Checking YouTube...
03:04  No changes.
03:04  Checking Meta...
03:04  No changes.
03:04  Checking Apple...
03:05  No changes.
03:05  Checking Capital One...
03:05  robots.txt disallows https://www.capitalonecareers.com/search-jobs/design%20intern — skipping this URL.
03:05  robots.txt disallows https://www.capitalonecareers.com/search-jobs/product%20design — skipping this URL.
03:05  Capital One: scrape failed — postings left untouched.
03:05  Checking JPMorgan Chase...
03:05  No changes.
03:05  Checking Roblox...
03:05  Retry 1/2 for Roblox in 3s...
03:05  Retry 2/2 for Roblox in 4s...
03:05  ERROR: Roblox: failed to scrape https://careers.roblox.com/jobs?search=product+design (page.goto: net::ERR_HTTP2_PROTOCOL_ERROR at https://careers.roblox.com/jobs?search=product+design
Call log:
  - navigating to "https://careers.roblox.com/jobs?search=product+design", waiting until "domcontentloaded"
)
03:05  Retry 1/2 for Roblox in 3s...
03:05  Retry 2/2 for Roblox in 5s...
03:05  ERROR: Roblox: failed to scrape https://careers.roblox.com/jobs?search=UX+intern (page.goto: net::ERR_HTTP2_PROTOCOL_ERROR at https://careers.roblox.com/jobs?search=UX+intern
Call log:
  - navigating to "https://careers.roblox.com/jobs?search=UX+intern", waiting until "domcontentloaded"
)
03:05  Roblox: scrape failed — postings left untouched.
03:05  Checking Microsoft...
03:05  robots.txt unavailable for https://gcsservices.careers.microsoft.com; proceeding politely.
03:05  Retry 1/2 for Microsoft in 2s...
03:05  Retry 2/2 for Microsoft in 5s...
03:05  ERROR: Microsoft: failed to scrape https://gcsservices.careers.microsoft.com/search/api/v1/search?q=product%20design%20intern&l=en_us&pg=1&pgSz=20 (page.goto: net::ERR_CERT_COMMON_NAME_INVALID at https://gcsservices.careers.microsoft.com/search/api/v1/search?q=product%20design%20intern&l=en_us&pg=1&pgSz=20
Call log:
  - navigating to "https://gcsservices.careers.microsoft.com/search/api/v1/search?q=product%20design%20intern&l=en_us&pg=1&pgSz=20", waiting until "domcontentloaded"
)
03:05  Retry 1/2 for Microsoft in 2s...
03:05  Retry 2/2 for Microsoft in 5s...
03:05  ERROR: Microsoft: failed to scrape https://gcsservices.careers.microsoft.com/search/api/v1/search?q=UX%20design%20intern&l=en_us&pg=1&pgSz=20 (page.goto: net::ERR_CERT_COMMON_NAME_INVALID at https://gcsservices.careers.microsoft.com/search/api/v1/search?q=UX%20design%20intern&l=en_us&pg=1&pgSz=20
Call log:
  - navigating to "https://gcsservices.careers.microsoft.com/search/api/v1/search?q=UX%20design%20intern&l=en_us&pg=1&pgSz=20", waiting until "domcontentloaded"
)
03:05  Microsoft: scrape failed — postings left untouched.
03:05  Checking Amazon...
03:05  No changes.
03:05  Checking IBM...
03:06  No changes.
03:06  Checking Adobe...
03:06  No changes.
03:06  Checking American Express...
03:07  No changes.
03:07  Checking Mastercard...
03:07  No changes.
03:07  Checking Visa...
03:08  No changes.
03:08  Checking Nike...
03:08  No changes.
03:08  Widget feed updated.
03:08  === Check cycle finished (0 notification(s)) ===
05:26  === Check cycle started ===
05:26  Checking Google...
05:26  No changes.
05:26  Checking YouTube...
05:26  No changes.
05:26  Checking Meta...
05:27  No changes.
05:27  Checking Apple...
05:27  No changes.
05:27  Checking Capital One...
05:27  robots.txt disallows https://www.capitalonecareers.com/search-jobs/design%20intern — skipping this URL.
05:27  robots.txt disallows https://www.capitalonecareers.com/search-jobs/product%20design — skipping this URL.
05:27  Capital One: scrape failed — postings left untouched.
05:27  Checking JPMorgan Chase...
05:27  No changes.
05:27  Checking Roblox...
05:27  Retry 1/2 for Roblox in 2s...
05:27  Retry 2/2 for Roblox in 5s...
05:27  ERROR: Roblox: failed to scrape https://careers.roblox.com/jobs?search=product+design (page.goto: net::ERR_HTTP2_PROTOCOL_ERROR at https://careers.roblox.com/jobs?search=product+design
Call log:
  - navigating to "https://careers.roblox.com/jobs?search=product+design", waiting until "domcontentloaded"
)
05:27  Retry 1/2 for Roblox in 2s...
05:27  Retry 2/2 for Roblox in 5s...
05:27  ERROR: Roblox: failed to scrape https://careers.roblox.com/jobs?search=UX+intern (page.goto: net::ERR_HTTP2_PROTOCOL_ERROR at https://careers.roblox.com/jobs?search=UX+intern
Call log:
  - navigating to "https://careers.roblox.com/jobs?search=UX+intern", waiting until "domcontentloaded"
)
05:27  Roblox: scrape failed — postings left untouched.
05:27  Checking Microsoft...
05:27  robots.txt unavailable for https://gcsservices.careers.microsoft.com; proceeding politely.
05:27  Retry 1/2 for Microsoft in 2s...
05:27  Retry 2/2 for Microsoft in 4s...
05:27  ERROR: Microsoft: failed to scrape https://gcsservices.careers.microsoft.com/search/api/v1/search?q=product%20design%20intern&l=en_us&pg=1&pgSz=20 (page.goto: net::ERR_CERT_COMMON_NAME_INVALID at https://gcsservices.careers.microsoft.com/search/api/v1/search?q=product%20design%20intern&l=en_us&pg=1&pgSz=20
Call log:
  - navigating to "https://gcsservices.careers.microsoft.com/search/api/v1/search?q=product%20design%20intern&l=en_us&pg=1&pgSz=20", waiting until "domcontentloaded"
)
05:27  Retry 1/2 for Microsoft in 2s...
05:27  Retry 2/2 for Microsoft in 4s...
05:28  ERROR: Microsoft: failed to scrape https://gcsservices.careers.microsoft.com/search/api/v1/search?q=UX%20design%20intern&l=en_us&pg=1&pgSz=20 (page.goto: net::ERR_CERT_COMMON_NAME_INVALID at https://gcsservices.careers.microsoft.com/search/api/v1/search?q=UX%20design%20intern&l=en_us&pg=1&pgSz=20
Call log:
  - navigating to "https://gcsservices.careers.microsoft.com/search/api/v1/search?q=UX%20design%20intern&l=en_us&pg=1&pgSz=20", waiting until "domcontentloaded"
)
05:28  Microsoft: scrape failed — postings left untouched.
05:28  Checking Amazon...
05:28  No changes.
05:28  Checking IBM...
05:28  No changes.
05:28  Checking Adobe...
05:29  No changes.
05:29  Checking American Express...
05:30  No changes.
05:30  Checking Mastercard...
05:30  No changes.
05:30  Checking Visa...
05:30  No changes.
05:30  Checking Nike...
05:30  No changes.
05:30  Widget feed updated.
05:30  === Check cycle finished (0 notification(s)) ===
