24:49  === Check cycle started ===
24:49  Checking Google...
24:49  No changes.
24:49  Checking YouTube...
24:49  No changes.
24:49  Checking Meta...
24:49  No changes.
24:49  Checking Apple...
24:50  No changes.
24:50  Checking Capital One...
24:50  robots.txt disallows https://www.capitalonecareers.com/search-jobs/design%20intern — skipping this URL.
24:50  robots.txt disallows https://www.capitalonecareers.com/search-jobs/product%20design — skipping this URL.
24:50  Capital One: scrape failed — postings left untouched.
24:50  Checking JPMorgan Chase...
24:50  No changes.
24:50  Checking Roblox...
24:50  Retry 1/2 for Roblox in 2s...
24:50  Retry 2/2 for Roblox in 5s...
24:50  ERROR: Roblox: failed to scrape https://careers.roblox.com/jobs?search=product+design (page.goto: net::ERR_HTTP2_PROTOCOL_ERROR at https://careers.roblox.com/jobs?search=product+design
Call log:
  - navigating to "https://careers.roblox.com/jobs?search=product+design", waiting until "domcontentloaded"
)
24:50  Retry 1/2 for Roblox in 2s...
24:50  Retry 2/2 for Roblox in 5s...
24:50  ERROR: Roblox: failed to scrape https://careers.roblox.com/jobs?search=UX+intern (page.goto: net::ERR_HTTP2_PROTOCOL_ERROR at https://careers.roblox.com/jobs?search=UX+intern
Call log:
  - navigating to "https://careers.roblox.com/jobs?search=UX+intern", waiting until "domcontentloaded"
)
24:50  Roblox: scrape failed — postings left untouched.
24:50  Checking Microsoft...
24:50  robots.txt unavailable for https://gcsservices.careers.microsoft.com; proceeding politely.
24:50  Retry 1/2 for Microsoft in 2s...
24:50  Retry 2/2 for Microsoft in 4s...
24:50  ERROR: Microsoft: failed to scrape https://gcsservices.careers.microsoft.com/search/api/v1/search?q=product%20design%20intern&l=en_us&pg=1&pgSz=20 (page.goto: net::ERR_CERT_COMMON_NAME_INVALID at https://gcsservices.careers.microsoft.com/search/api/v1/search?q=product%20design%20intern&l=en_us&pg=1&pgSz=20
Call log:
  - navigating to "https://gcsservices.careers.microsoft.com/search/api/v1/search?q=product%20design%20intern&l=en_us&pg=1&pgSz=20", waiting until "domcontentloaded"
)
24:50  Retry 1/2 for Microsoft in 2s...
24:50  Retry 2/2 for Microsoft in 4s...
24:50  ERROR: Microsoft: failed to scrape https://gcsservices.careers.microsoft.com/search/api/v1/search?q=UX%20design%20intern&l=en_us&pg=1&pgSz=20 (page.goto: net::ERR_CERT_COMMON_NAME_INVALID at https://gcsservices.careers.microsoft.com/search/api/v1/search?q=UX%20design%20intern&l=en_us&pg=1&pgSz=20
Call log:
  - navigating to "https://gcsservices.careers.microsoft.com/search/api/v1/search?q=UX%20design%20intern&l=en_us&pg=1&pgSz=20", waiting until "domcontentloaded"
)
24:50  Microsoft: scrape failed — postings left untouched.
24:50  Checking Amazon...
24:51  No changes.
24:51  Checking IBM...
24:51  No changes.
24:51  Checking Adobe...
24:52  No changes.
24:52  Checking American Express...
24:52  No changes.
24:52  Checking Mastercard...
24:53  No changes.
24:53  Checking Visa...
24:53  No changes.
24:53  Checking Nike...
24:53  No changes.
24:53  Widget feed updated.
24:53  === Check cycle finished (0 notification(s)) ===
03:24  === Check cycle started ===
03:24  Checking Google...
03:24  No changes.
03:24  Checking YouTube...
03:24  No changes.
03:24  Checking Meta...
03:24  No changes.
03:24  Checking Apple...
03:24  No changes.
03:24  Checking Capital One...
03:24  robots.txt disallows https://www.capitalonecareers.com/search-jobs/design%20intern — skipping this URL.
03:24  robots.txt disallows https://www.capitalonecareers.com/search-jobs/product%20design — skipping this URL.
03:24  Capital One: scrape failed — postings left untouched.
03:24  Checking JPMorgan Chase...
03:25  No changes.
03:25  Checking Roblox...
03:25  Retry 1/2 for Roblox in 2s...
03:25  Retry 2/2 for Roblox in 4s...
03:25  ERROR: Roblox: failed to scrape https://careers.roblox.com/jobs?search=product+design (page.goto: net::ERR_HTTP2_PROTOCOL_ERROR at https://careers.roblox.com/jobs?search=product+design
Call log:
  - navigating to "https://careers.roblox.com/jobs?search=product+design", waiting until "domcontentloaded"
)
03:25  Retry 1/2 for Roblox in 3s...
03:25  Retry 2/2 for Roblox in 5s...
03:25  ERROR: Roblox: failed to scrape https://careers.roblox.com/jobs?search=UX+intern (page.goto: net::ERR_HTTP2_PROTOCOL_ERROR at https://careers.roblox.com/jobs?search=UX+intern
Call log:
  - navigating to "https://careers.roblox.com/jobs?search=UX+intern", waiting until "domcontentloaded"
)
03:25  Roblox: scrape failed — postings left untouched.
03:25  Checking Microsoft...
03:25  robots.txt unavailable for https://gcsservices.careers.microsoft.com; proceeding politely.
03:25  Retry 1/2 for Microsoft in 3s...
03:25  Retry 2/2 for Microsoft in 5s...
03:25  ERROR: Microsoft: failed to scrape https://gcsservices.careers.microsoft.com/search/api/v1/search?q=product%20design%20intern&l=en_us&pg=1&pgSz=20 (page.goto: net::ERR_CERT_COMMON_NAME_INVALID at https://gcsservices.careers.microsoft.com/search/api/v1/search?q=product%20design%20intern&l=en_us&pg=1&pgSz=20
Call log:
  - navigating to "https://gcsservices.careers.microsoft.com/search/api/v1/search?q=product%20design%20intern&l=en_us&pg=1&pgSz=20", waiting until "domcontentloaded"
)
03:25  Retry 1/2 for Microsoft in 2s...
03:25  Retry 2/2 for Microsoft in 5s...
03:25  ERROR: Microsoft: failed to scrape https://gcsservices.careers.microsoft.com/search/api/v1/search?q=UX%20design%20intern&l=en_us&pg=1&pgSz=20 (page.goto: net::ERR_CERT_COMMON_NAME_INVALID at https://gcsservices.careers.microsoft.com/search/api/v1/search?q=UX%20design%20intern&l=en_us&pg=1&pgSz=20
Call log:
  - navigating to "https://gcsservices.careers.microsoft.com/search/api/v1/search?q=UX%20design%20intern&l=en_us&pg=1&pgSz=20", waiting until "domcontentloaded"
)
03:25  Microsoft: scrape failed — postings left untouched.
03:25  Checking Amazon...
03:25  No changes.
03:25  Checking IBM...
03:26  No changes.
03:26  Checking Adobe...
03:26  No changes.
03:26  Checking American Express...
03:27  No changes.
03:27  Checking Mastercard...
03:28  No changes.
03:28  Checking Visa...
03:28  No changes.
03:28  Checking Nike...
03:28  No changes.
03:28  Widget feed updated.
03:28  === Check cycle finished (0 notification(s)) ===
06:04  === Check cycle started ===
06:04  Checking Google...
06:04  No changes.
06:04  Checking YouTube...
06:04  No changes.
06:04  Checking Meta...
06:04  No changes.
06:04  Checking Apple...
06:05  Retry 1/2 for Apple in 2s...
06:06  Retry 2/2 for Apple in 4s...
06:07  ERROR: Apple: failed to scrape https://jobs.apple.com/en-us/details/200664000-3810/product-design-undergrad-internships?team=STDNT (page.goto: Timeout 45000ms exceeded.
Call log:
  - navigating to "https://jobs.apple.com/en-us/details/200664000-3810/product-design-undergrad-internships?team=STDNT", waiting until "domcontentloaded"
)
06:07  New Internship Found. (Apple — Product Designer, Internal Tools)
06:07  SMS DRY-RUN (no Twilio credentials) — message would be:
06:07    | Product Design Internship Open!!!!
06:07    | Company:
06:07    | Apple
06:07    | Title:
06:07    | Product Designer, Internal Tools
06:07    | Location:
06:07    | LocationCupertino
06:07    | Apply:
06:07    | https://jobs.apple.com/en-us/details/200671845-0836/product-designer-internal-tools
06:07    | First Seen:
06:07    | July 24, 2026
06:07  Discord DRY-RUN (no webhook configured).
06:07  New Internship Found. (Apple — Product Designer, Internal Tools)
06:07  SMS DRY-RUN (no Twilio credentials) — message would be:
06:07    | Product Design Internship Open!!!!
06:07    | Company:
06:07    | Apple
06:07    | Title:
06:07    | Product Designer, Internal Tools
06:07    | Location:
06:07    | LocationCulver City
06:07    | Apply:
06:07    | https://jobs.apple.com/en-us/details/200671845-0670/product-designer-internal-tools
06:07    | First Seen:
06:07    | July 24, 2026
06:07  Discord DRY-RUN (no webhook configured).
06:07  New Internship Found. (Apple — Product Designer, Internal Tools)
06:07  SMS DRY-RUN (no Twilio credentials) — message would be:
06:07    | Product Design Internship Open!!!!
06:07    | Company:
06:07    | Apple
06:07    | Title:
06:07    | Product Designer, Internal Tools
06:07    | Location:
06:07    | LocationSeattle
06:07    | Apply:
06:07    | https://jobs.apple.com/en-us/details/200671845-3337/product-designer-internal-tools
06:07    | First Seen:
06:07    | July 24, 2026
06:07  Discord DRY-RUN (no webhook configured).
06:07  Checking Capital One...
06:07  robots.txt disallows https://www.capitalonecareers.com/search-jobs/design%20intern — skipping this URL.
06:07  robots.txt disallows https://www.capitalonecareers.com/search-jobs/product%20design — skipping this URL.
06:07  Capital One: scrape failed — postings left untouched.
06:07  Checking JPMorgan Chase...
06:07  No changes.
06:07  Checking Roblox...
06:07  Retry 1/2 for Roblox in 2s...
06:07  Retry 2/2 for Roblox in 5s...
06:07  ERROR: Roblox: failed to scrape https://careers.roblox.com/jobs?search=product+design (page.goto: net::ERR_HTTP2_PROTOCOL_ERROR at https://careers.roblox.com/jobs?search=product+design
Call log:
  - navigating to "https://careers.roblox.com/jobs?search=product+design", waiting until "domcontentloaded"
)
06:07  Retry 1/2 for Roblox in 3s...
06:07  Retry 2/2 for Roblox in 4s...
06:07  ERROR: Roblox: failed to scrape https://careers.roblox.com/jobs?search=UX+intern (page.goto: net::ERR_HTTP2_PROTOCOL_ERROR at https://careers.roblox.com/jobs?search=UX+intern
Call log:
  - navigating to "https://careers.roblox.com/jobs?search=UX+intern", waiting until "domcontentloaded"
)
06:07  Roblox: scrape failed — postings left untouched.
06:07  Checking Microsoft...
06:07  robots.txt unavailable for https://gcsservices.careers.microsoft.com; proceeding politely.
06:07  Retry 1/2 for Microsoft in 2s...
06:07  Retry 2/2 for Microsoft in 5s...
06:08  ERROR: Microsoft: failed to scrape https://gcsservices.careers.microsoft.com/search/api/v1/search?q=product%20design%20intern&l=en_us&pg=1&pgSz=20 (page.goto: net::ERR_CERT_COMMON_NAME_INVALID at https://gcsservices.careers.microsoft.com/search/api/v1/search?q=product%20design%20intern&l=en_us&pg=1&pgSz=20
Call log:
  - navigating to "https://gcsservices.careers.microsoft.com/search/api/v1/search?q=product%20design%20intern&l=en_us&pg=1&pgSz=20", waiting until "domcontentloaded"
)
06:08  Retry 1/2 for Microsoft in 2s...
06:08  Retry 2/2 for Microsoft in 5s...
06:08  ERROR: Microsoft: failed to scrape https://gcsservices.careers.microsoft.com/search/api/v1/search?q=UX%20design%20intern&l=en_us&pg=1&pgSz=20 (page.goto: net::ERR_CERT_COMMON_NAME_INVALID at https://gcsservices.careers.microsoft.com/search/api/v1/search?q=UX%20design%20intern&l=en_us&pg=1&pgSz=20
Call log:
  - navigating to "https://gcsservices.careers.microsoft.com/search/api/v1/search?q=UX%20design%20intern&l=en_us&pg=1&pgSz=20", waiting until "domcontentloaded"
)
06:08  Microsoft: scrape failed — postings left untouched.
06:08  Checking Amazon...
06:08  No changes.
06:08  Checking IBM...
06:09  No changes.
06:09  Checking Adobe...
06:09  No changes.
06:09  Checking American Express...
06:10  No changes.
06:10  Checking Mastercard...
06:10  No changes.
06:10  Checking Visa...
06:10  No changes.
06:10  Checking Nike...
06:10  No changes.
06:10  Widget feed updated.
06:10  === Check cycle finished (3 notification(s)) ===
08:39  === Check cycle started ===
08:39  Checking Google...
08:39  No changes.
08:39  Checking YouTube...
08:39  No changes.
08:39  Checking Meta...
08:39  No changes.
08:39  Checking Apple...
08:39  No changes.
08:39  Checking Capital One...
08:39  robots.txt disallows https://www.capitalonecareers.com/search-jobs/design%20intern — skipping this URL.
08:39  robots.txt disallows https://www.capitalonecareers.com/search-jobs/product%20design — skipping this URL.
08:39  Capital One: scrape failed — postings left untouched.
08:39  Checking JPMorgan Chase...
08:40  No changes.
08:40  Checking Roblox...
08:40  Retry 1/2 for Roblox in 2s...
08:40  Retry 2/2 for Roblox in 5s...
08:40  ERROR: Roblox: failed to scrape https://careers.roblox.com/jobs?search=product+design (page.goto: net::ERR_HTTP2_PROTOCOL_ERROR at https://careers.roblox.com/jobs?search=product+design
Call log:
  - navigating to "https://careers.roblox.com/jobs?search=product+design", waiting until "domcontentloaded"
)
08:40  Retry 1/2 for Roblox in 2s...
08:40  Retry 2/2 for Roblox in 5s...
08:40  ERROR: Roblox: failed to scrape https://careers.roblox.com/jobs?search=UX+intern (page.goto: net::ERR_HTTP2_PROTOCOL_ERROR at https://careers.roblox.com/jobs?search=UX+intern
Call log:
  - navigating to "https://careers.roblox.com/jobs?search=UX+intern", waiting until "domcontentloaded"
)
08:40  Roblox: scrape failed — postings left untouched.
08:40  Checking Microsoft...
08:40  robots.txt unavailable for https://gcsservices.careers.microsoft.com; proceeding politely.
08:40  Retry 1/2 for Microsoft in 2s...
08:40  Retry 2/2 for Microsoft in 5s...
08:40  ERROR: Microsoft: failed to scrape https://gcsservices.careers.microsoft.com/search/api/v1/search?q=product%20design%20intern&l=en_us&pg=1&pgSz=20 (page.goto: net::ERR_CERT_COMMON_NAME_INVALID at https://gcsservices.careers.microsoft.com/search/api/v1/search?q=product%20design%20intern&l=en_us&pg=1&pgSz=20
Call log:
  - navigating to "https://gcsservices.careers.microsoft.com/search/api/v1/search?q=product%20design%20intern&l=en_us&pg=1&pgSz=20", waiting until "domcontentloaded"
)
08:40  Retry 1/2 for Microsoft in 2s...
08:40  Retry 2/2 for Microsoft in 4s...
08:40  ERROR: Microsoft: failed to scrape https://gcsservices.careers.microsoft.com/search/api/v1/search?q=UX%20design%20intern&l=en_us&pg=1&pgSz=20 (page.goto: net::ERR_CERT_COMMON_NAME_INVALID at https://gcsservices.careers.microsoft.com/search/api/v1/search?q=UX%20design%20intern&l=en_us&pg=1&pgSz=20
Call log:
  - navigating to "https://gcsservices.careers.microsoft.com/search/api/v1/search?q=UX%20design%20intern&l=en_us&pg=1&pgSz=20", waiting until "domcontentloaded"
)
08:40  Microsoft: scrape failed — postings left untouched.
08:40  Checking Amazon...
08:40  No changes.
08:40  Checking IBM...
08:42  No changes.
08:42  Checking Adobe...
08:42  No changes.
08:42  Checking American Express...
08:43  No changes.
08:43  Checking Mastercard...
08:43  No changes.
08:43  Checking Visa...
08:43  No changes.
08:43  Checking Nike...
08:43  No changes.
08:43  Widget feed updated.
08:43  === Check cycle finished (0 notification(s)) ===
11:33  === Check cycle started ===
11:33  Checking Google...
11:33  No changes.
11:33  Checking YouTube...
11:33  No changes.
11:33  Checking Meta...
11:34  No changes.
11:34  Checking Apple...
11:34  No changes.
11:34  Checking Capital One...
11:34  robots.txt disallows https://www.capitalonecareers.com/search-jobs/design%20intern — skipping this URL.
11:34  robots.txt disallows https://www.capitalonecareers.com/search-jobs/product%20design — skipping this URL.
11:34  Capital One: scrape failed — postings left untouched.
11:34  Checking JPMorgan Chase...
11:34  No changes.
11:34  Checking Roblox...
11:34  Retry 1/2 for Roblox in 2s...
11:34  Retry 2/2 for Roblox in 5s...
11:34  ERROR: Roblox: failed to scrape https://careers.roblox.com/jobs?search=product+design (page.goto: net::ERR_HTTP2_PROTOCOL_ERROR at https://careers.roblox.com/jobs?search=product+design
Call log:
  - navigating to "https://careers.roblox.com/jobs?search=product+design", waiting until "domcontentloaded"
)
11:34  Retry 1/2 for Roblox in 2s...
11:34  Retry 2/2 for Roblox in 4s...
11:34  ERROR: Roblox: failed to scrape https://careers.roblox.com/jobs?search=UX+intern (page.goto: net::ERR_HTTP2_PROTOCOL_ERROR at https://careers.roblox.com/jobs?search=UX+intern
Call log:
  - navigating to "https://careers.roblox.com/jobs?search=UX+intern", waiting until "domcontentloaded"
)
11:34  Roblox: scrape failed — postings left untouched.
11:34  Checking Microsoft...
11:34  robots.txt unavailable for https://gcsservices.careers.microsoft.com; proceeding politely.
11:34  Retry 1/2 for Microsoft in 2s...
11:34  Retry 2/2 for Microsoft in 5s...
11:34  ERROR: Microsoft: failed to scrape https://gcsservices.careers.microsoft.com/search/api/v1/search?q=product%20design%20intern&l=en_us&pg=1&pgSz=20 (page.goto: net::ERR_CERT_COMMON_NAME_INVALID at https://gcsservices.careers.microsoft.com/search/api/v1/search?q=product%20design%20intern&l=en_us&pg=1&pgSz=20
Call log:
  - navigating to "https://gcsservices.careers.microsoft.com/search/api/v1/search?q=product%20design%20intern&l=en_us&pg=1&pgSz=20", waiting until "domcontentloaded"
)
11:34  Retry 1/2 for Microsoft in 3s...
11:35  Retry 2/2 for Microsoft in 4s...
11:35  ERROR: Microsoft: failed to scrape https://gcsservices.careers.microsoft.com/search/api/v1/search?q=UX%20design%20intern&l=en_us&pg=1&pgSz=20 (page.goto: net::ERR_CERT_COMMON_NAME_INVALID at https://gcsservices.careers.microsoft.com/search/api/v1/search?q=UX%20design%20intern&l=en_us&pg=1&pgSz=20
Call log:
  - navigating to "https://gcsservices.careers.microsoft.com/search/api/v1/search?q=UX%20design%20intern&l=en_us&pg=1&pgSz=20", waiting until "domcontentloaded"
)
11:35  Microsoft: scrape failed — postings left untouched.
11:35  Checking Amazon...
11:35  No changes.
11:35  Checking IBM...
11:36  No changes.
11:36  Checking Adobe...
11:36  No changes.
11:36  Checking American Express...
11:37  No changes.
11:37  Checking Mastercard...
11:37  No changes.
11:37  Checking Visa...
11:37  No changes.
11:37  Checking Nike...
11:37  No changes.
11:37  Widget feed updated.
11:37  === Check cycle finished (0 notification(s)) ===
14:22  === Check cycle started ===
14:22  Checking Google...
14:22  No changes.
14:22  Checking YouTube...
14:22  No changes.
14:22  Checking Meta...
14:22  No changes.
14:22  Checking Apple...
14:23  No changes.
14:23  Checking Capital One...
14:23  robots.txt disallows https://www.capitalonecareers.com/search-jobs/design%20intern — skipping this URL.
14:23  robots.txt disallows https://www.capitalonecareers.com/search-jobs/product%20design — skipping this URL.
14:23  Capital One: scrape failed — postings left untouched.
14:23  Checking JPMorgan Chase...
14:23  No changes.
14:23  Checking Roblox...
14:23  Retry 1/2 for Roblox in 2s...
14:23  Retry 2/2 for Roblox in 5s...
14:23  ERROR: Roblox: failed to scrape https://careers.roblox.com/jobs?search=product+design (page.goto: net::ERR_HTTP2_PROTOCOL_ERROR at https://careers.roblox.com/jobs?search=product+design
Call log:
  - navigating to "https://careers.roblox.com/jobs?search=product+design", waiting until "domcontentloaded"
)
14:23  Retry 1/2 for Roblox in 2s...
14:23  Retry 2/2 for Roblox in 5s...
14:23  ERROR: Roblox: failed to scrape https://careers.roblox.com/jobs?search=UX+intern (page.goto: net::ERR_HTTP2_PROTOCOL_ERROR at https://careers.roblox.com/jobs?search=UX+intern
Call log:
  - navigating to "https://careers.roblox.com/jobs?search=UX+intern", waiting until "domcontentloaded"
)
14:23  Roblox: scrape failed — postings left untouched.
14:23  Checking Microsoft...
14:23  robots.txt unavailable for https://gcsservices.careers.microsoft.com; proceeding politely.
14:23  Retry 1/2 for Microsoft in 2s...
14:23  Retry 2/2 for Microsoft in 5s...
14:23  ERROR: Microsoft: failed to scrape https://gcsservices.careers.microsoft.com/search/api/v1/search?q=product%20design%20intern&l=en_us&pg=1&pgSz=20 (page.goto: net::ERR_CERT_COMMON_NAME_INVALID at https://gcsservices.careers.microsoft.com/search/api/v1/search?q=product%20design%20intern&l=en_us&pg=1&pgSz=20
Call log:
  - navigating to "https://gcsservices.careers.microsoft.com/search/api/v1/search?q=product%20design%20intern&l=en_us&pg=1&pgSz=20", waiting until "domcontentloaded"
)
14:23  Retry 1/2 for Microsoft in 2s...
14:23  Retry 2/2 for Microsoft in 5s...
14:23  ERROR: Microsoft: failed to scrape https://gcsservices.careers.microsoft.com/search/api/v1/search?q=UX%20design%20intern&l=en_us&pg=1&pgSz=20 (page.goto: net::ERR_CERT_COMMON_NAME_INVALID at https://gcsservices.careers.microsoft.com/search/api/v1/search?q=UX%20design%20intern&l=en_us&pg=1&pgSz=20
Call log:
  - navigating to "https://gcsservices.careers.microsoft.com/search/api/v1/search?q=UX%20design%20intern&l=en_us&pg=1&pgSz=20", waiting until "domcontentloaded"
)
14:23  Microsoft: scrape failed — postings left untouched.
14:23  Checking Amazon...
14:23  No changes.
14:23  Checking IBM...
14:24  No changes.
14:24  Checking Adobe...
14:25  No changes.
14:25  Checking American Express...
14:26  No changes.
14:26  Checking Mastercard...
14:26  No changes.
14:26  Checking Visa...
14:26  No changes.
14:26  Checking Nike...
14:26  robots.txt unavailable for https://careers.nike.com; proceeding politely.
14:26  No changes.
14:26  Widget feed updated.
14:26  === Check cycle finished (0 notification(s)) ===
17:04  === Check cycle started ===
17:04  Checking Google...
17:05  No changes.
17:05  Checking YouTube...
17:05  No changes.
17:05  Checking Meta...
17:05  No changes.
17:05  Checking Apple...
17:05  No changes.
17:05  Checking Capital One...
17:05  robots.txt disallows https://www.capitalonecareers.com/search-jobs/design%20intern — skipping this URL.
17:05  robots.txt disallows https://www.capitalonecareers.com/search-jobs/product%20design — skipping this URL.
17:05  Capital One: scrape failed — postings left untouched.
17:05  Checking JPMorgan Chase...
17:05  No changes.
17:05  Checking Roblox...
17:05  Retry 1/2 for Roblox in 2s...
17:05  Retry 2/2 for Roblox in 4s...
17:05  ERROR: Roblox: failed to scrape https://careers.roblox.com/jobs?search=product+design (page.goto: net::ERR_HTTP2_PROTOCOL_ERROR at https://careers.roblox.com/jobs?search=product+design
Call log:
  - navigating to "https://careers.roblox.com/jobs?search=product+design", waiting until "domcontentloaded"
)
17:05  Retry 1/2 for Roblox in 2s...
17:06  Retry 2/2 for Roblox in 4s...
17:06  ERROR: Roblox: failed to scrape https://careers.roblox.com/jobs?search=UX+intern (page.goto: net::ERR_HTTP2_PROTOCOL_ERROR at https://careers.roblox.com/jobs?search=UX+intern
Call log:
  - navigating to "https://careers.roblox.com/jobs?search=UX+intern", waiting until "domcontentloaded"
)
17:06  Roblox: scrape failed — postings left untouched.
17:06  Checking Microsoft...
17:06  robots.txt unavailable for https://gcsservices.careers.microsoft.com; proceeding politely.
17:06  Retry 1/2 for Microsoft in 2s...
17:06  Retry 2/2 for Microsoft in 5s...
17:06  ERROR: Microsoft: failed to scrape https://gcsservices.careers.microsoft.com/search/api/v1/search?q=product%20design%20intern&l=en_us&pg=1&pgSz=20 (page.goto: net::ERR_CERT_COMMON_NAME_INVALID at https://gcsservices.careers.microsoft.com/search/api/v1/search?q=product%20design%20intern&l=en_us&pg=1&pgSz=20
Call log:
  - navigating to "https://gcsservices.careers.microsoft.com/search/api/v1/search?q=product%20design%20intern&l=en_us&pg=1&pgSz=20", waiting until "domcontentloaded"
)
17:06  Retry 1/2 for Microsoft in 2s...
17:06  Retry 2/2 for Microsoft in 4s...
17:06  ERROR: Microsoft: failed to scrape https://gcsservices.careers.microsoft.com/search/api/v1/search?q=UX%20design%20intern&l=en_us&pg=1&pgSz=20 (page.goto: net::ERR_CERT_COMMON_NAME_INVALID at https://gcsservices.careers.microsoft.com/search/api/v1/search?q=UX%20design%20intern&l=en_us&pg=1&pgSz=20
Call log:
  - navigating to "https://gcsservices.careers.microsoft.com/search/api/v1/search?q=UX%20design%20intern&l=en_us&pg=1&pgSz=20", waiting until "domcontentloaded"
)
17:06  Microsoft: scrape failed — postings left untouched.
17:06  Checking Amazon...
17:06  No changes.
17:06  Checking IBM...
17:07  No changes.
17:07  Checking Adobe...
17:07  No changes.
17:07  Checking American Express...
17:08  No changes.
17:08  Checking Mastercard...
17:08  No changes.
17:08  Checking Visa...
17:08  No changes.
17:08  Checking Nike...
17:08  No changes.
17:08  Widget feed updated.
17:08  === Check cycle finished (0 notification(s)) ===
21:24  === Check cycle started ===
21:24  Checking Google...
21:25  No changes.
21:25  Checking YouTube...
21:25  No changes.
21:25  Checking Meta...
21:25  No changes.
21:25  Checking Apple...
21:25  No changes.
21:25  Checking Capital One...
21:25  robots.txt disallows https://www.capitalonecareers.com/search-jobs/design%20intern — skipping this URL.
21:25  robots.txt disallows https://www.capitalonecareers.com/search-jobs/product%20design — skipping this URL.
21:25  Capital One: scrape failed — postings left untouched.
21:25  Checking JPMorgan Chase...
21:26  No changes.
21:26  Checking Roblox...
21:26  Retry 1/2 for Roblox in 2s...
21:26  Retry 2/2 for Roblox in 5s...
21:26  ERROR: Roblox: failed to scrape https://careers.roblox.com/jobs?search=product+design (page.goto: net::ERR_HTTP2_PROTOCOL_ERROR at https://careers.roblox.com/jobs?search=product+design
Call log:
  - navigating to "https://careers.roblox.com/jobs?search=product+design", waiting until "domcontentloaded"
)
21:26  Retry 1/2 for Roblox in 3s...
21:26  Retry 2/2 for Roblox in 4s...
21:26  ERROR: Roblox: failed to scrape https://careers.roblox.com/jobs?search=UX+intern (page.goto: net::ERR_HTTP2_PROTOCOL_ERROR at https://careers.roblox.com/jobs?search=UX+intern
Call log:
  - navigating to "https://careers.roblox.com/jobs?search=UX+intern", waiting until "domcontentloaded"
)
21:26  Roblox: scrape failed — postings left untouched.
21:26  Checking Microsoft...
21:26  robots.txt unavailable for https://gcsservices.careers.microsoft.com; proceeding politely.
21:26  Retry 1/2 for Microsoft in 2s...
21:26  Retry 2/2 for Microsoft in 4s...
21:26  ERROR: Microsoft: failed to scrape https://gcsservices.careers.microsoft.com/search/api/v1/search?q=product%20design%20intern&l=en_us&pg=1&pgSz=20 (page.goto: net::ERR_CERT_COMMON_NAME_INVALID at https://gcsservices.careers.microsoft.com/search/api/v1/search?q=product%20design%20intern&l=en_us&pg=1&pgSz=20
Call log:
  - navigating to "https://gcsservices.careers.microsoft.com/search/api/v1/search?q=product%20design%20intern&l=en_us&pg=1&pgSz=20", waiting until "domcontentloaded"
)
21:26  Retry 1/2 for Microsoft in 3s...
21:26  Retry 2/2 for Microsoft in 5s...
21:26  ERROR: Microsoft: failed to scrape https://gcsservices.careers.microsoft.com/search/api/v1/search?q=UX%20design%20intern&l=en_us&pg=1&pgSz=20 (page.goto: net::ERR_CERT_COMMON_NAME_INVALID at https://gcsservices.careers.microsoft.com/search/api/v1/search?q=UX%20design%20intern&l=en_us&pg=1&pgSz=20
Call log:
  - navigating to "https://gcsservices.careers.microsoft.com/search/api/v1/search?q=UX%20design%20intern&l=en_us&pg=1&pgSz=20", waiting until "domcontentloaded"
)
21:26  Microsoft: scrape failed — postings left untouched.
21:26  Checking Amazon...
21:26  No changes.
21:26  Checking IBM...
21:27  No changes.
21:27  Checking Adobe...
21:27  No changes.
21:27  Checking American Express...
21:28  No changes.
21:28  Checking Mastercard...
21:28  No changes.
21:28  Checking Visa...
21:28  No changes.
21:28  Checking Nike...
21:29  No changes.
21:29  Widget feed updated.
21:29  === Check cycle finished (0 notification(s)) ===
23:00  === Daily summary ===
23:00    Internship Monitor Daily Summary
23:00    Checked:
23:00    15 companies
23:00    New jobs:
23:00    3
23:00    Apple
23:00    Product Designer, Internal Tools
23:00    Apple
23:00    Product Designer, Internal Tools
23:00    Apple
23:00    Product Designer, Internal Tools
23:00    Still Open:
23:00    10
23:00    Closed Today:
23:00    0
23:00  SMS DRY-RUN — daily summary would be:
23:00    | Internship Monitor Daily Summary
23:00    | Checked:
23:00    | 15 companies
23:00    | New jobs:
23:00    | 3
23:00    | Apple
23:00    | Product Designer, Internal Tools
23:00    | Apple
23:00    | Product Designer, Internal Tools
23:00    | Apple
23:00    | Product Designer, Internal Tools
23:00    | Still Open:
23:00    | 10
23:00    | Closed Today:
23:00    | 0
23:00  Discord DRY-RUN (no webhook configured).
23:00  Widget feed updated.
