24:19  === Daily summary ===
24:19    Internship Monitor Daily Summary
24:19    Checked:
24:19    18 companies
24:19    New jobs:
24:19    0
24:19    Still Open:
24:19    8
24:19    Closed Today:
24:19    0
24:19  SMS DRY-RUN — daily summary would be:
24:19    | Internship Monitor Daily Summary
24:19    | Checked:
24:19    | 18 companies
24:19    | New jobs:
24:19    | 0
24:19    | Still Open:
24:19    | 8
24:19    | Closed Today:
24:19    | 0
24:19  Discord DRY-RUN (no webhook configured).
24:19  Widget feed updated.
02:52  === Check cycle started ===
02:52  Checking Google...
02:52  No changes.
02:52  Checking YouTube...
02:52  No changes.
02:52  Checking Meta...
02:53  No changes.
02:53  Checking Apple...
02:53  No changes.
02:53  Checking Capital One...
02:53  robots.txt disallows https://www.capitalonecareers.com/search-jobs/design%20intern — skipping this URL.
02:53  robots.txt disallows https://www.capitalonecareers.com/search-jobs/product%20design — skipping this URL.
02:53  Capital One: scrape failed — postings left untouched.
02:53  Checking JPMorgan Chase...
02:53  No changes.
02:53  Checking Roblox...
02:53  Retry 1/2 for Roblox in 2s...
02:53  Retry 2/2 for Roblox in 5s...
02:53  ERROR: Roblox: failed to scrape https://careers.roblox.com/jobs?search=product+design (page.goto: net::ERR_HTTP2_PROTOCOL_ERROR at https://careers.roblox.com/jobs?search=product+design
Call log:
  - navigating to "https://careers.roblox.com/jobs?search=product+design", waiting until "domcontentloaded"
)
02:53  Retry 1/2 for Roblox in 2s...
02:53  Retry 2/2 for Roblox in 5s...
02:53  ERROR: Roblox: failed to scrape https://careers.roblox.com/jobs?search=UX+intern (page.goto: net::ERR_HTTP2_PROTOCOL_ERROR at https://careers.roblox.com/jobs?search=UX+intern
Call log:
  - navigating to "https://careers.roblox.com/jobs?search=UX+intern", waiting until "domcontentloaded"
)
02:53  Roblox: scrape failed — postings left untouched.
02:53  Checking Microsoft...
02:53  robots.txt unavailable for https://gcsservices.careers.microsoft.com; proceeding politely.
02:53  Retry 1/2 for Microsoft in 2s...
02:53  Retry 2/2 for Microsoft in 5s...
02:53  ERROR: Microsoft: failed to scrape https://gcsservices.careers.microsoft.com/search/api/v1/search?q=product%20design%20intern&l=en_us&pg=1&pgSz=20 (page.goto: net::ERR_CERT_COMMON_NAME_INVALID at https://gcsservices.careers.microsoft.com/search/api/v1/search?q=product%20design%20intern&l=en_us&pg=1&pgSz=20
Call log:
  - navigating to "https://gcsservices.careers.microsoft.com/search/api/v1/search?q=product%20design%20intern&l=en_us&pg=1&pgSz=20", waiting until "domcontentloaded"
)
02:53  Retry 1/2 for Microsoft in 2s...
02:53  Retry 2/2 for Microsoft in 5s...
02:54  ERROR: Microsoft: failed to scrape https://gcsservices.careers.microsoft.com/search/api/v1/search?q=UX%20design%20intern&l=en_us&pg=1&pgSz=20 (page.goto: net::ERR_CERT_COMMON_NAME_INVALID at https://gcsservices.careers.microsoft.com/search/api/v1/search?q=UX%20design%20intern&l=en_us&pg=1&pgSz=20
Call log:
  - navigating to "https://gcsservices.careers.microsoft.com/search/api/v1/search?q=UX%20design%20intern&l=en_us&pg=1&pgSz=20", waiting until "domcontentloaded"
)
02:54  Microsoft: scrape failed — postings left untouched.
02:54  Checking Amazon...
02:54  No changes.
02:54  Checking IBM...
02:55  No changes.
02:55  Checking Adobe...
02:55  No changes.
02:55  Checking American Express...
02:55  No changes.
02:55  Checking Mastercard...
02:55  No changes.
02:55  Checking Visa...
02:56  No changes.
02:56  Checking Nike...
02:56  No changes.
02:56  Checking Spotify...
02:56  No changes.
02:56  Checking Tesla...
02:56  Retry 1/2 for Tesla in 3s...
02:56  Retry 2/2 for Tesla in 5s...
02:56  ERROR: Tesla: failed to scrape https://www.tesla.com/careers/search/?type=intern&site=US (Cloudflare / bot challenge detected)
02:56  Retry 1/2 for Tesla in 2s...
02:56  Retry 2/2 for Tesla in 4s...
02:57  ERROR: Tesla: failed to scrape https://www.tesla.com/careers/search/?query=design%20intern&site=US (Cloudflare / bot challenge detected)
02:57  Tesla: scrape failed — postings left untouched.
02:57  Checking Warner Bros. Discovery...
02:57  No changes.
02:57  Widget feed updated.
02:57  === Check cycle finished (0 notification(s)) ===
