24:45  === Check cycle started ===
24:45  Checking Google...
24:46  No changes.
24:46  Checking YouTube...
24:46  No changes.
24:46  Checking Meta...
24:46  No changes.
24:46  Checking Apple...
24:46  No changes.
24:46  Checking Capital One...
24:46  robots.txt disallows https://www.capitalonecareers.com/search-jobs/design%20intern — skipping this URL.
24:46  robots.txt disallows https://www.capitalonecareers.com/search-jobs/product%20design — skipping this URL.
24:46  Capital One: scrape failed — postings left untouched.
24:46  Checking JPMorgan Chase...
24:46  No changes.
24:46  Checking Roblox...
24:46  Retry 1/2 for Roblox in 2s...
24:47  Retry 2/2 for Roblox in 5s...
24:47  ERROR: Roblox: failed to scrape https://careers.roblox.com/jobs?search=product+design (page.goto: net::ERR_HTTP2_PROTOCOL_ERROR at https://careers.roblox.com/jobs?search=product+design
Call log:
  - navigating to "https://careers.roblox.com/jobs?search=product+design", waiting until "domcontentloaded"
)
24:47  Retry 1/2 for Roblox in 2s...
24:47  Retry 2/2 for Roblox in 4s...
24:47  ERROR: Roblox: failed to scrape https://careers.roblox.com/jobs?search=UX+intern (page.goto: net::ERR_HTTP2_PROTOCOL_ERROR at https://careers.roblox.com/jobs?search=UX+intern
Call log:
  - navigating to "https://careers.roblox.com/jobs?search=UX+intern", waiting until "domcontentloaded"
)
24:47  Roblox: scrape failed — postings left untouched.
24:47  Checking Microsoft...
24:47  robots.txt unavailable for https://gcsservices.careers.microsoft.com; proceeding politely.
24:47  Retry 1/2 for Microsoft in 2s...
24:47  Retry 2/2 for Microsoft in 5s...
24:47  ERROR: Microsoft: failed to scrape https://gcsservices.careers.microsoft.com/search/api/v1/search?q=product%20design%20intern&l=en_us&pg=1&pgSz=20 (page.goto: net::ERR_CERT_COMMON_NAME_INVALID at https://gcsservices.careers.microsoft.com/search/api/v1/search?q=product%20design%20intern&l=en_us&pg=1&pgSz=20
Call log:
  - navigating to "https://gcsservices.careers.microsoft.com/search/api/v1/search?q=product%20design%20intern&l=en_us&pg=1&pgSz=20", waiting until "domcontentloaded"
)
24:47  Retry 1/2 for Microsoft in 2s...
24:47  Retry 2/2 for Microsoft in 5s...
24:47  ERROR: Microsoft: failed to scrape https://gcsservices.careers.microsoft.com/search/api/v1/search?q=UX%20design%20intern&l=en_us&pg=1&pgSz=20 (page.goto: net::ERR_CERT_COMMON_NAME_INVALID at https://gcsservices.careers.microsoft.com/search/api/v1/search?q=UX%20design%20intern&l=en_us&pg=1&pgSz=20
Call log:
  - navigating to "https://gcsservices.careers.microsoft.com/search/api/v1/search?q=UX%20design%20intern&l=en_us&pg=1&pgSz=20", waiting until "domcontentloaded"
)
24:47  Microsoft: scrape failed — postings left untouched.
24:47  Checking Amazon...
24:47  No changes.
24:47  Checking IBM...
24:48  No changes.
24:48  Checking Adobe...
24:48  No changes.
24:48  Checking American Express...
24:49  No changes.
24:49  Checking Mastercard...
24:49  No changes.
24:49  Checking Visa...
24:49  No changes.
24:49  Checking Nike...
24:50  No changes.
24:50  Widget feed updated.
24:50  === Check cycle finished (0 notification(s)) ===
03:33  === Check cycle started ===
03:33  Checking Google...
03:33  No changes.
03:33  Checking YouTube...
03:34  No changes.
03:34  Checking Meta...
03:34  No changes.
03:34  Checking Apple...
03:34  No changes.
03:34  Checking Capital One...
03:34  robots.txt disallows https://www.capitalonecareers.com/search-jobs/design%20intern — skipping this URL.
03:34  robots.txt disallows https://www.capitalonecareers.com/search-jobs/product%20design — skipping this URL.
03:34  Capital One: scrape failed — postings left untouched.
03:34  Checking JPMorgan Chase...
03:35  No changes.
03:35  Checking Roblox...
03:35  Retry 1/2 for Roblox in 2s...
03:35  Retry 2/2 for Roblox in 4s...
03:35  ERROR: Roblox: failed to scrape https://careers.roblox.com/jobs?search=product+design (page.goto: net::ERR_HTTP2_PROTOCOL_ERROR at https://careers.roblox.com/jobs?search=product+design
Call log:
  - navigating to "https://careers.roblox.com/jobs?search=product+design", waiting until "domcontentloaded"
)
03:35  Retry 1/2 for Roblox in 2s...
03:35  Retry 2/2 for Roblox in 4s...
03:35  ERROR: Roblox: failed to scrape https://careers.roblox.com/jobs?search=UX+intern (page.goto: net::ERR_HTTP2_PROTOCOL_ERROR at https://careers.roblox.com/jobs?search=UX+intern
Call log:
  - navigating to "https://careers.roblox.com/jobs?search=UX+intern", waiting until "domcontentloaded"
)
03:35  Roblox: scrape failed — postings left untouched.
03:35  Checking Microsoft...
03:35  robots.txt unavailable for https://gcsservices.careers.microsoft.com; proceeding politely.
03:35  Retry 1/2 for Microsoft in 2s...
03:35  Retry 2/2 for Microsoft in 5s...
03:35  ERROR: Microsoft: failed to scrape https://gcsservices.careers.microsoft.com/search/api/v1/search?q=product%20design%20intern&l=en_us&pg=1&pgSz=20 (page.goto: net::ERR_CERT_COMMON_NAME_INVALID at https://gcsservices.careers.microsoft.com/search/api/v1/search?q=product%20design%20intern&l=en_us&pg=1&pgSz=20
Call log:
  - navigating to "https://gcsservices.careers.microsoft.com/search/api/v1/search?q=product%20design%20intern&l=en_us&pg=1&pgSz=20", waiting until "domcontentloaded"
)
03:35  Retry 1/2 for Microsoft in 2s...
03:35  Retry 2/2 for Microsoft in 4s...
03:35  ERROR: Microsoft: failed to scrape https://gcsservices.careers.microsoft.com/search/api/v1/search?q=UX%20design%20intern&l=en_us&pg=1&pgSz=20 (page.goto: net::ERR_CERT_COMMON_NAME_INVALID at https://gcsservices.careers.microsoft.com/search/api/v1/search?q=UX%20design%20intern&l=en_us&pg=1&pgSz=20
Call log:
  - navigating to "https://gcsservices.careers.microsoft.com/search/api/v1/search?q=UX%20design%20intern&l=en_us&pg=1&pgSz=20", waiting until "domcontentloaded"
)
03:35  Microsoft: scrape failed — postings left untouched.
03:35  Checking Amazon...
03:35  No changes.
03:35  Checking IBM...
03:36  No changes.
03:36  Checking Adobe...
03:36  No changes.
03:36  Checking American Express...
03:37  No changes.
03:37  Checking Mastercard...
03:37  No changes.
03:37  Checking Visa...
03:37  No changes.
03:37  Checking Nike...
03:38  No changes.
03:38  Widget feed updated.
03:38  === Check cycle finished (0 notification(s)) ===
06:22  === Check cycle started ===
06:22  Checking Google...
06:23  No changes.
06:23  Checking YouTube...
06:23  No changes.
06:23  Checking Meta...
06:23  No changes.
06:23  Checking Apple...
06:23  No changes.
06:23  Checking Capital One...
06:23  robots.txt disallows https://www.capitalonecareers.com/search-jobs/design%20intern — skipping this URL.
06:23  robots.txt disallows https://www.capitalonecareers.com/search-jobs/product%20design — skipping this URL.
06:23  Capital One: scrape failed — postings left untouched.
06:23  Checking JPMorgan Chase...
06:23  No changes.
06:23  Checking Roblox...
06:23  Retry 1/2 for Roblox in 2s...
06:23  Retry 2/2 for Roblox in 5s...
06:23  ERROR: Roblox: failed to scrape https://careers.roblox.com/jobs?search=product+design (page.goto: net::ERR_HTTP2_PROTOCOL_ERROR at https://careers.roblox.com/jobs?search=product+design
Call log:
  - navigating to "https://careers.roblox.com/jobs?search=product+design", waiting until "domcontentloaded"
)
06:23  Retry 1/2 for Roblox in 2s...
06:24  Retry 2/2 for Roblox in 5s...
06:24  ERROR: Roblox: failed to scrape https://careers.roblox.com/jobs?search=UX+intern (page.goto: net::ERR_HTTP2_PROTOCOL_ERROR at https://careers.roblox.com/jobs?search=UX+intern
Call log:
  - navigating to "https://careers.roblox.com/jobs?search=UX+intern", waiting until "domcontentloaded"
)
06:24  Roblox: scrape failed — postings left untouched.
06:24  Checking Microsoft...
06:24  robots.txt unavailable for https://gcsservices.careers.microsoft.com; proceeding politely.
06:24  Retry 1/2 for Microsoft in 3s...
06:24  Retry 2/2 for Microsoft in 4s...
06:24  ERROR: Microsoft: failed to scrape https://gcsservices.careers.microsoft.com/search/api/v1/search?q=product%20design%20intern&l=en_us&pg=1&pgSz=20 (page.goto: net::ERR_CERT_COMMON_NAME_INVALID at https://gcsservices.careers.microsoft.com/search/api/v1/search?q=product%20design%20intern&l=en_us&pg=1&pgSz=20
Call log:
  - navigating to "https://gcsservices.careers.microsoft.com/search/api/v1/search?q=product%20design%20intern&l=en_us&pg=1&pgSz=20", waiting until "domcontentloaded"
)
06:24  Retry 1/2 for Microsoft in 2s...
06:24  Retry 2/2 for Microsoft in 5s...
06:24  ERROR: Microsoft: failed to scrape https://gcsservices.careers.microsoft.com/search/api/v1/search?q=UX%20design%20intern&l=en_us&pg=1&pgSz=20 (page.goto: net::ERR_CERT_COMMON_NAME_INVALID at https://gcsservices.careers.microsoft.com/search/api/v1/search?q=UX%20design%20intern&l=en_us&pg=1&pgSz=20
Call log:
  - navigating to "https://gcsservices.careers.microsoft.com/search/api/v1/search?q=UX%20design%20intern&l=en_us&pg=1&pgSz=20", waiting until "domcontentloaded"
)
06:24  Microsoft: scrape failed — postings left untouched.
06:24  Checking Amazon...
06:24  No changes.
06:24  Checking IBM...
06:25  No changes.
06:25  Checking Adobe...
06:25  No changes.
06:25  Checking American Express...
06:26  No changes.
06:26  Checking Mastercard...
06:26  No changes.
06:26  Checking Visa...
06:26  No changes.
06:26  Checking Nike...
06:26  No changes.
06:26  Widget feed updated.
06:26  === Check cycle finished (0 notification(s)) ===
09:04  === Check cycle started ===
09:04  Checking Google...
09:05  No changes.
09:05  Checking YouTube...
09:05  No changes.
09:05  Checking Meta...
09:05  No changes.
09:05  Checking Apple...
09:05  No changes.
09:05  Checking Capital One...
09:05  robots.txt disallows https://www.capitalonecareers.com/search-jobs/design%20intern — skipping this URL.
09:05  robots.txt disallows https://www.capitalonecareers.com/search-jobs/product%20design — skipping this URL.
09:05  Capital One: scrape failed — postings left untouched.
09:05  Checking JPMorgan Chase...
09:06  No changes.
09:06  Checking Roblox...
09:06  Retry 1/2 for Roblox in 2s...
09:06  Retry 2/2 for Roblox in 5s...
09:06  ERROR: Roblox: failed to scrape https://careers.roblox.com/jobs?search=product+design (page.goto: net::ERR_HTTP2_PROTOCOL_ERROR at https://careers.roblox.com/jobs?search=product+design
Call log:
  - navigating to "https://careers.roblox.com/jobs?search=product+design", waiting until "domcontentloaded"
)
09:06  Retry 1/2 for Roblox in 2s...
09:06  Retry 2/2 for Roblox in 5s...
09:06  ERROR: Roblox: failed to scrape https://careers.roblox.com/jobs?search=UX+intern (page.goto: net::ERR_HTTP2_PROTOCOL_ERROR at https://careers.roblox.com/jobs?search=UX+intern
Call log:
  - navigating to "https://careers.roblox.com/jobs?search=UX+intern", waiting until "domcontentloaded"
)
09:06  Roblox: scrape failed — postings left untouched.
09:06  Checking Microsoft...
09:06  robots.txt unavailable for https://gcsservices.careers.microsoft.com; proceeding politely.
09:06  Retry 1/2 for Microsoft in 2s...
09:06  Retry 2/2 for Microsoft in 4s...
09:06  ERROR: Microsoft: failed to scrape https://gcsservices.careers.microsoft.com/search/api/v1/search?q=product%20design%20intern&l=en_us&pg=1&pgSz=20 (page.goto: net::ERR_CERT_COMMON_NAME_INVALID at https://gcsservices.careers.microsoft.com/search/api/v1/search?q=product%20design%20intern&l=en_us&pg=1&pgSz=20
Call log:
  - navigating to "https://gcsservices.careers.microsoft.com/search/api/v1/search?q=product%20design%20intern&l=en_us&pg=1&pgSz=20", waiting until "domcontentloaded"
)
09:06  Retry 1/2 for Microsoft in 2s...
09:06  Retry 2/2 for Microsoft in 4s...
09:06  ERROR: Microsoft: failed to scrape https://gcsservices.careers.microsoft.com/search/api/v1/search?q=UX%20design%20intern&l=en_us&pg=1&pgSz=20 (page.goto: net::ERR_CERT_COMMON_NAME_INVALID at https://gcsservices.careers.microsoft.com/search/api/v1/search?q=UX%20design%20intern&l=en_us&pg=1&pgSz=20
Call log:
  - navigating to "https://gcsservices.careers.microsoft.com/search/api/v1/search?q=UX%20design%20intern&l=en_us&pg=1&pgSz=20", waiting until "domcontentloaded"
)
09:06  Microsoft: scrape failed — postings left untouched.
09:06  Checking Amazon...
09:06  No changes.
09:06  Checking IBM...
09:07  No changes.
09:07  Checking Adobe...
09:08  No changes.
09:08  Checking American Express...
09:08  No changes.
09:08  Checking Mastercard...
09:09  No changes.
09:09  Checking Visa...
09:09  No changes.
09:09  Checking Nike...
09:09  No changes.
09:09  Widget feed updated.
09:09  === Check cycle finished (0 notification(s)) ===
