01:40  === Check cycle started ===
01:40  Checking Google...
01:41  No changes.
01:41  Checking YouTube...
01:41  No changes.
01:41  Checking Meta...
01:41  No changes.
01:41  Checking Apple...
01:41  No changes.
01:41  Checking Capital One...
01:41  robots.txt disallows https://www.capitalonecareers.com/search-jobs/design%20intern — skipping this URL.
01:41  robots.txt disallows https://www.capitalonecareers.com/search-jobs/product%20design — skipping this URL.
01:41  Capital One: scrape failed — postings left untouched.
01:41  Checking JPMorgan Chase...
01:41  No changes.
01:41  Checking Roblox...
01:41  Retry 1/2 for Roblox in 2s...
01:42  Retry 2/2 for Roblox in 5s...
01:42  ERROR: Roblox: failed to scrape https://careers.roblox.com/jobs?search=product+design (page.goto: net::ERR_HTTP2_PROTOCOL_ERROR at https://careers.roblox.com/jobs?search=product+design
Call log:
  - navigating to "https://careers.roblox.com/jobs?search=product+design", waiting until "domcontentloaded"
)
01:42  Retry 1/2 for Roblox in 2s...
01:42  Retry 2/2 for Roblox in 4s...
01:42  ERROR: Roblox: failed to scrape https://careers.roblox.com/jobs?search=UX+intern (page.goto: net::ERR_HTTP2_PROTOCOL_ERROR at https://careers.roblox.com/jobs?search=UX+intern
Call log:
  - navigating to "https://careers.roblox.com/jobs?search=UX+intern", waiting until "domcontentloaded"
)
01:42  Roblox: scrape failed — postings left untouched.
01:42  Checking Microsoft...
01:42  robots.txt unavailable for https://gcsservices.careers.microsoft.com; proceeding politely.
01:42  Retry 1/2 for Microsoft in 2s...
01:42  Retry 2/2 for Microsoft in 4s...
01:42  ERROR: Microsoft: failed to scrape https://gcsservices.careers.microsoft.com/search/api/v1/search?q=product%20design%20intern&l=en_us&pg=1&pgSz=20 (page.goto: net::ERR_CERT_COMMON_NAME_INVALID at https://gcsservices.careers.microsoft.com/search/api/v1/search?q=product%20design%20intern&l=en_us&pg=1&pgSz=20
Call log:
  - navigating to "https://gcsservices.careers.microsoft.com/search/api/v1/search?q=product%20design%20intern&l=en_us&pg=1&pgSz=20", waiting until "domcontentloaded"
)
01:42  Retry 1/2 for Microsoft in 2s...
01:42  Retry 2/2 for Microsoft in 5s...
01:42  ERROR: Microsoft: failed to scrape https://gcsservices.careers.microsoft.com/search/api/v1/search?q=UX%20design%20intern&l=en_us&pg=1&pgSz=20 (page.goto: net::ERR_CERT_COMMON_NAME_INVALID at https://gcsservices.careers.microsoft.com/search/api/v1/search?q=UX%20design%20intern&l=en_us&pg=1&pgSz=20
Call log:
  - navigating to "https://gcsservices.careers.microsoft.com/search/api/v1/search?q=UX%20design%20intern&l=en_us&pg=1&pgSz=20", waiting until "domcontentloaded"
)
01:42  Microsoft: scrape failed — postings left untouched.
01:42  Checking Amazon...
01:42  No changes.
01:42  Checking IBM...
01:43  No changes.
01:43  Checking Adobe...
01:44  No changes.
01:44  Checking American Express...
01:44  No changes.
01:44  Checking Mastercard...
01:44  No changes.
01:44  Checking Visa...
01:44  No changes.
01:44  Checking Nike...
01:44  No changes.
01:44  Widget feed updated.
01:44  === Check cycle finished (0 notification(s)) ===
07:44  === Check cycle started ===
07:44  Checking Google...
07:44  No changes.
07:44  Checking YouTube...
07:45  No changes.
07:45  Checking Meta...
07:45  No changes.
07:45  Checking Apple...
07:45  No changes.
07:45  Checking Capital One...
07:45  robots.txt disallows https://www.capitalonecareers.com/search-jobs/design%20intern — skipping this URL.
07:45  robots.txt disallows https://www.capitalonecareers.com/search-jobs/product%20design — skipping this URL.
07:45  Capital One: scrape failed — postings left untouched.
07:45  Checking JPMorgan Chase...
07:45  No changes.
07:45  Checking Roblox...
07:45  Retry 1/2 for Roblox in 2s...
07:45  Retry 2/2 for Roblox in 5s...
07:45  ERROR: Roblox: failed to scrape https://careers.roblox.com/jobs?search=product+design (page.goto: net::ERR_HTTP2_PROTOCOL_ERROR at https://careers.roblox.com/jobs?search=product+design
Call log:
  - navigating to "https://careers.roblox.com/jobs?search=product+design", waiting until "domcontentloaded"
)
07:45  Retry 1/2 for Roblox in 3s...
07:45  Retry 2/2 for Roblox in 5s...
07:45  ERROR: Roblox: failed to scrape https://careers.roblox.com/jobs?search=UX+intern (page.goto: net::ERR_HTTP2_PROTOCOL_ERROR at https://careers.roblox.com/jobs?search=UX+intern
Call log:
  - navigating to "https://careers.roblox.com/jobs?search=UX+intern", waiting until "domcontentloaded"
)
07:45  Roblox: scrape failed — postings left untouched.
07:45  Checking Microsoft...
07:45  robots.txt unavailable for https://gcsservices.careers.microsoft.com; proceeding politely.
07:45  Retry 1/2 for Microsoft in 2s...
07:46  Retry 2/2 for Microsoft in 4s...
07:46  ERROR: Microsoft: failed to scrape https://gcsservices.careers.microsoft.com/search/api/v1/search?q=product%20design%20intern&l=en_us&pg=1&pgSz=20 (page.goto: net::ERR_CERT_COMMON_NAME_INVALID at https://gcsservices.careers.microsoft.com/search/api/v1/search?q=product%20design%20intern&l=en_us&pg=1&pgSz=20
Call log:
  - navigating to "https://gcsservices.careers.microsoft.com/search/api/v1/search?q=product%20design%20intern&l=en_us&pg=1&pgSz=20", waiting until "domcontentloaded"
)
07:46  Retry 1/2 for Microsoft in 2s...
07:46  Retry 2/2 for Microsoft in 5s...
07:46  ERROR: Microsoft: failed to scrape https://gcsservices.careers.microsoft.com/search/api/v1/search?q=UX%20design%20intern&l=en_us&pg=1&pgSz=20 (page.goto: net::ERR_CERT_COMMON_NAME_INVALID at https://gcsservices.careers.microsoft.com/search/api/v1/search?q=UX%20design%20intern&l=en_us&pg=1&pgSz=20
Call log:
  - navigating to "https://gcsservices.careers.microsoft.com/search/api/v1/search?q=UX%20design%20intern&l=en_us&pg=1&pgSz=20", waiting until "domcontentloaded"
)
07:46  Microsoft: scrape failed — postings left untouched.
07:46  Checking Amazon...
07:46  No changes.
07:46  Checking IBM...
07:47  No changes.
07:47  Checking Adobe...
07:47  No changes.
07:47  Checking American Express...
07:48  No changes.
07:48  Checking Mastercard...
07:48  No changes.
07:48  Checking Visa...
07:48  No changes.
07:48  Checking Nike...
07:48  No changes.
07:48  Widget feed updated.
07:48  === Check cycle finished (0 notification(s)) ===
13:41  === Check cycle started ===
13:41  Checking Google...
13:41  No changes.
13:41  Checking YouTube...
13:42  No changes.
13:42  Checking Meta...
13:42  No changes.
13:42  Checking Apple...
13:42  No changes.
13:42  Checking Capital One...
13:42  robots.txt disallows https://www.capitalonecareers.com/search-jobs/design%20intern — skipping this URL.
13:42  robots.txt disallows https://www.capitalonecareers.com/search-jobs/product%20design — skipping this URL.
13:42  Capital One: scrape failed — postings left untouched.
13:42  Checking JPMorgan Chase...
13:42  No changes.
13:42  Checking Roblox...
13:42  Retry 1/2 for Roblox in 2s...
13:42  Retry 2/2 for Roblox in 4s...
13:42  ERROR: Roblox: failed to scrape https://careers.roblox.com/jobs?search=product+design (page.goto: net::ERR_HTTP2_PROTOCOL_ERROR at https://careers.roblox.com/jobs?search=product+design
Call log:
  - navigating to "https://careers.roblox.com/jobs?search=product+design", waiting until "domcontentloaded"
)
13:42  Retry 1/2 for Roblox in 2s...
13:42  Retry 2/2 for Roblox in 5s...
13:43  ERROR: Roblox: failed to scrape https://careers.roblox.com/jobs?search=UX+intern (page.goto: net::ERR_HTTP2_PROTOCOL_ERROR at https://careers.roblox.com/jobs?search=UX+intern
Call log:
  - navigating to "https://careers.roblox.com/jobs?search=UX+intern", waiting until "domcontentloaded"
)
13:43  Roblox: scrape failed — postings left untouched.
13:43  Checking Microsoft...
13:43  robots.txt unavailable for https://gcsservices.careers.microsoft.com; proceeding politely.
13:43  Retry 1/2 for Microsoft in 2s...
13:43  Retry 2/2 for Microsoft in 5s...
13:43  ERROR: Microsoft: failed to scrape https://gcsservices.careers.microsoft.com/search/api/v1/search?q=product%20design%20intern&l=en_us&pg=1&pgSz=20 (page.goto: net::ERR_CERT_COMMON_NAME_INVALID at https://gcsservices.careers.microsoft.com/search/api/v1/search?q=product%20design%20intern&l=en_us&pg=1&pgSz=20
Call log:
  - navigating to "https://gcsservices.careers.microsoft.com/search/api/v1/search?q=product%20design%20intern&l=en_us&pg=1&pgSz=20", waiting until "domcontentloaded"
)
13:43  Retry 1/2 for Microsoft in 2s...
13:43  Retry 2/2 for Microsoft in 4s...
13:43  ERROR: Microsoft: failed to scrape https://gcsservices.careers.microsoft.com/search/api/v1/search?q=UX%20design%20intern&l=en_us&pg=1&pgSz=20 (page.goto: net::ERR_CERT_COMMON_NAME_INVALID at https://gcsservices.careers.microsoft.com/search/api/v1/search?q=UX%20design%20intern&l=en_us&pg=1&pgSz=20
Call log:
  - navigating to "https://gcsservices.careers.microsoft.com/search/api/v1/search?q=UX%20design%20intern&l=en_us&pg=1&pgSz=20", waiting until "domcontentloaded"
)
13:43  Microsoft: scrape failed — postings left untouched.
13:43  Checking Amazon...
13:43  No changes.
13:43  Checking IBM...
13:44  No changes.
13:44  Checking Adobe...
13:45  No changes.
13:45  Checking American Express...
13:45  No changes.
13:45  Checking Mastercard...
13:45  No changes.
13:45  Checking Visa...
13:45  No changes.
13:45  Checking Nike...
13:45  No changes.
13:45  Widget feed updated.
13:45  === Check cycle finished (0 notification(s)) ===
16:24  === Check cycle started ===
16:24  Checking Google...
16:24  No changes.
16:24  Checking YouTube...
16:25  No changes.
16:25  Checking Meta...
16:25  No changes.
16:25  Checking Apple...
16:25  No changes.
16:25  Checking Capital One...
16:25  robots.txt disallows https://www.capitalonecareers.com/search-jobs/design%20intern — skipping this URL.
16:25  robots.txt disallows https://www.capitalonecareers.com/search-jobs/product%20design — skipping this URL.
16:25  Capital One: scrape failed — postings left untouched.
16:25  Checking JPMorgan Chase...
16:25  No changes.
16:25  Checking Roblox...
16:25  Retry 1/2 for Roblox in 2s...
16:25  Retry 2/2 for Roblox in 5s...
16:25  ERROR: Roblox: failed to scrape https://careers.roblox.com/jobs?search=product+design (page.goto: net::ERR_HTTP2_PROTOCOL_ERROR at https://careers.roblox.com/jobs?search=product+design
Call log:
  - navigating to "https://careers.roblox.com/jobs?search=product+design", waiting until "domcontentloaded"
)
16:25  Retry 1/2 for Roblox in 2s...
16:25  Retry 2/2 for Roblox in 5s...
16:25  ERROR: Roblox: failed to scrape https://careers.roblox.com/jobs?search=UX+intern (page.goto: net::ERR_HTTP2_PROTOCOL_ERROR at https://careers.roblox.com/jobs?search=UX+intern
Call log:
  - navigating to "https://careers.roblox.com/jobs?search=UX+intern", waiting until "domcontentloaded"
)
16:25  Roblox: scrape failed — postings left untouched.
16:25  Checking Microsoft...
16:25  robots.txt unavailable for https://gcsservices.careers.microsoft.com; proceeding politely.
16:25  Retry 1/2 for Microsoft in 2s...
16:25  Retry 2/2 for Microsoft in 5s...
16:26  ERROR: Microsoft: failed to scrape https://gcsservices.careers.microsoft.com/search/api/v1/search?q=product%20design%20intern&l=en_us&pg=1&pgSz=20 (page.goto: net::ERR_CERT_COMMON_NAME_INVALID at https://gcsservices.careers.microsoft.com/search/api/v1/search?q=product%20design%20intern&l=en_us&pg=1&pgSz=20
Call log:
  - navigating to "https://gcsservices.careers.microsoft.com/search/api/v1/search?q=product%20design%20intern&l=en_us&pg=1&pgSz=20", waiting until "domcontentloaded"
)
16:26  Retry 1/2 for Microsoft in 2s...
16:26  Retry 2/2 for Microsoft in 4s...
16:26  ERROR: Microsoft: failed to scrape https://gcsservices.careers.microsoft.com/search/api/v1/search?q=UX%20design%20intern&l=en_us&pg=1&pgSz=20 (page.goto: net::ERR_CERT_COMMON_NAME_INVALID at https://gcsservices.careers.microsoft.com/search/api/v1/search?q=UX%20design%20intern&l=en_us&pg=1&pgSz=20
Call log:
  - navigating to "https://gcsservices.careers.microsoft.com/search/api/v1/search?q=UX%20design%20intern&l=en_us&pg=1&pgSz=20", waiting until "domcontentloaded"
)
16:26  Microsoft: scrape failed — postings left untouched.
16:26  Checking Amazon...
16:26  No changes.
16:26  Checking IBM...
16:27  No changes.
16:27  Checking Adobe...
16:27  No changes.
16:27  Checking American Express...
16:28  No changes.
16:28  Checking Mastercard...
16:28  No changes.
16:28  Checking Visa...
16:28  No changes.
16:28  Checking Nike...
16:28  No changes.
16:28  Widget feed updated.
16:28  === Check cycle finished (0 notification(s)) ===
20:03  === Check cycle started ===
20:03  Checking Google...
20:03  No changes.
20:03  Checking YouTube...
20:04  No changes.
20:04  Checking Meta...
20:04  No changes.
20:04  Checking Apple...
20:04  No changes.
20:04  Checking Capital One...
20:04  robots.txt disallows https://www.capitalonecareers.com/search-jobs/design%20intern — skipping this URL.
20:04  robots.txt disallows https://www.capitalonecareers.com/search-jobs/product%20design — skipping this URL.
20:04  Capital One: scrape failed — postings left untouched.
20:04  Checking JPMorgan Chase...
20:04  No changes.
20:04  Checking Roblox...
20:04  Retry 1/2 for Roblox in 2s...
20:04  Retry 2/2 for Roblox in 4s...
20:04  ERROR: Roblox: failed to scrape https://careers.roblox.com/jobs?search=product+design (page.goto: net::ERR_HTTP2_PROTOCOL_ERROR at https://careers.roblox.com/jobs?search=product+design
Call log:
  - navigating to "https://careers.roblox.com/jobs?search=product+design", waiting until "domcontentloaded"
)
20:04  Retry 1/2 for Roblox in 2s...
20:04  Retry 2/2 for Roblox in 4s...
20:04  ERROR: Roblox: failed to scrape https://careers.roblox.com/jobs?search=UX+intern (page.goto: net::ERR_HTTP2_PROTOCOL_ERROR at https://careers.roblox.com/jobs?search=UX+intern
Call log:
  - navigating to "https://careers.roblox.com/jobs?search=UX+intern", waiting until "domcontentloaded"
)
20:04  Roblox: scrape failed — postings left untouched.
20:04  Checking Microsoft...
20:04  robots.txt unavailable for https://gcsservices.careers.microsoft.com; proceeding politely.
20:04  Retry 1/2 for Microsoft in 2s...
20:05  Retry 2/2 for Microsoft in 4s...
20:05  ERROR: Microsoft: failed to scrape https://gcsservices.careers.microsoft.com/search/api/v1/search?q=product%20design%20intern&l=en_us&pg=1&pgSz=20 (page.goto: net::ERR_CERT_COMMON_NAME_INVALID at https://gcsservices.careers.microsoft.com/search/api/v1/search?q=product%20design%20intern&l=en_us&pg=1&pgSz=20
Call log:
  - navigating to "https://gcsservices.careers.microsoft.com/search/api/v1/search?q=product%20design%20intern&l=en_us&pg=1&pgSz=20", waiting until "domcontentloaded"
)
20:05  Retry 1/2 for Microsoft in 2s...
20:05  Retry 2/2 for Microsoft in 4s...
20:05  ERROR: Microsoft: failed to scrape https://gcsservices.careers.microsoft.com/search/api/v1/search?q=UX%20design%20intern&l=en_us&pg=1&pgSz=20 (page.goto: net::ERR_CERT_COMMON_NAME_INVALID at https://gcsservices.careers.microsoft.com/search/api/v1/search?q=UX%20design%20intern&l=en_us&pg=1&pgSz=20
Call log:
  - navigating to "https://gcsservices.careers.microsoft.com/search/api/v1/search?q=UX%20design%20intern&l=en_us&pg=1&pgSz=20", waiting until "domcontentloaded"
)
20:05  Microsoft: scrape failed — postings left untouched.
20:05  Checking Amazon...
20:05  No changes.
20:05  Checking IBM...
20:06  No changes.
20:06  Checking Adobe...
20:06  No changes.
20:06  Checking American Express...
20:07  No changes.
20:07  Checking Mastercard...
20:07  No changes.
20:07  Checking Visa...
20:07  No changes.
20:07  Checking Nike...
20:07  No changes.
20:07  Widget feed updated.
20:07  === Check cycle finished (0 notification(s)) ===
21:14  === Daily summary ===
21:14    Internship Monitor Daily Summary
21:14    Checked:
21:14    15 companies
21:14    New jobs:
21:14    0
21:14    Still Open:
21:14    9
21:14    Closed Today:
21:14    0
21:14  SMS DRY-RUN — daily summary would be:
21:14    | Internship Monitor Daily Summary
21:14    | Checked:
21:14    | 15 companies
21:14    | New jobs:
21:14    | 0
21:14    | Still Open:
21:14    | 9
21:14    | Closed Today:
21:14    | 0
21:14  Discord DRY-RUN (no webhook configured).
21:14  Widget feed updated.
