01:32  === Daily summary ===
01:32    Internship Monitor Daily Summary
01:32    Checked:
01:32    18 companies
01:32    New jobs:
01:32    0
01:32    Still Open:
01:32    9
01:32    Closed Today:
01:32    0
01:32  SMS DRY-RUN — daily summary would be:
01:32    | Internship Monitor Daily Summary
01:32    | Checked:
01:32    | 18 companies
01:32    | New jobs:
01:32    | 0
01:32    | Still Open:
01:32    | 9
01:32    | Closed Today:
01:32    | 0
01:32  Discord DRY-RUN (no webhook configured).
01:32  Widget feed updated.
