01:36  === Daily summary ===
01:36    Internship Monitor Daily Summary
01:36    Checked:
01:36    18 companies
01:36    New jobs:
01:36    0
01:36    Still Open:
01:36    9
01:36    Closed Today:
01:36    0
01:36  SMS DRY-RUN — daily summary would be:
01:36    | Internship Monitor Daily Summary
01:36    | Checked:
01:36    | 18 companies
01:36    | New jobs:
01:36    | 0
01:36    | Still Open:
01:36    | 9
01:36    | Closed Today:
01:36    | 0
01:36  Discord DRY-RUN (no webhook configured).
01:36  Widget feed updated.
06:46  === Check cycle started ===
06:46  Checking Google...
06:46  No changes.
06:46  Checking YouTube...
06:46  No changes.
06:46  Checking Meta...
06:47  No changes.
06:47  Checking Apple...
06:47  No changes.
06:47  Checking Capital One...
06:47  robots.txt disallows https://www.capitalonecareers.com/search-jobs/design%20intern — skipping this URL.
06:47  robots.txt disallows https://www.capitalonecareers.com/search-jobs/product%20design — skipping this URL.
06:47  Capital One: scrape failed — postings left untouched.
06:47  Checking JPMorgan Chase...
06:47  No changes.
06:47  Checking Roblox...
06:47  Retry 1/2 for Roblox in 2s...
06:47  Retry 2/2 for Roblox in 5s...
06:47  ERROR: Roblox: failed to scrape https://careers.roblox.com/jobs?search=product+design (page.goto: net::ERR_HTTP2_PROTOCOL_ERROR at https://careers.roblox.com/jobs?search=product+design
Call log:
  - navigating to "https://careers.roblox.com/jobs?search=product+design", waiting until "domcontentloaded"
)
06:47  Retry 1/2 for Roblox in 2s...
06:47  Retry 2/2 for Roblox in 5s...
06:47  ERROR: Roblox: failed to scrape https://careers.roblox.com/jobs?search=UX+intern (page.goto: net::ERR_HTTP2_PROTOCOL_ERROR at https://careers.roblox.com/jobs?search=UX+intern
Call log:
  - navigating to "https://careers.roblox.com/jobs?search=UX+intern", waiting until "domcontentloaded"
)
06:47  Roblox: scrape failed — postings left untouched.
06:47  Checking Microsoft...
06:47  robots.txt unavailable for https://gcsservices.careers.microsoft.com; proceeding politely.
06:47  Retry 1/2 for Microsoft in 2s...
06:47  Retry 2/2 for Microsoft in 5s...
06:47  ERROR: Microsoft: failed to scrape https://gcsservices.careers.microsoft.com/search/api/v1/search?q=product%20design%20intern&l=en_us&pg=1&pgSz=20 (page.goto: net::ERR_CERT_COMMON_NAME_INVALID at https://gcsservices.careers.microsoft.com/search/api/v1/search?q=product%20design%20intern&l=en_us&pg=1&pgSz=20
Call log:
  - navigating to "https://gcsservices.careers.microsoft.com/search/api/v1/search?q=product%20design%20intern&l=en_us&pg=1&pgSz=20", waiting until "domcontentloaded"
)
06:48  Retry 1/2 for Microsoft in 2s...
06:48  Retry 2/2 for Microsoft in 4s...
06:48  ERROR: Microsoft: failed to scrape https://gcsservices.careers.microsoft.com/search/api/v1/search?q=UX%20design%20intern&l=en_us&pg=1&pgSz=20 (page.goto: net::ERR_CERT_COMMON_NAME_INVALID at https://gcsservices.careers.microsoft.com/search/api/v1/search?q=UX%20design%20intern&l=en_us&pg=1&pgSz=20
Call log:
  - navigating to "https://gcsservices.careers.microsoft.com/search/api/v1/search?q=UX%20design%20intern&l=en_us&pg=1&pgSz=20", waiting until "domcontentloaded"
)
06:48  Microsoft: scrape failed — postings left untouched.
06:48  Checking Amazon...
06:48  No changes.
06:48  Checking IBM...
06:49  No changes.
06:49  Checking Adobe...
06:49  No changes.
06:49  Checking American Express...
06:49  No changes.
06:49  Checking Mastercard...
06:49  No changes.
06:49  Checking Visa...
06:49  No changes.
06:49  Checking Nike...
06:50  No changes.
06:50  Checking Spotify...
06:50  No changes.
06:50  Checking Tesla...
06:50  Retry 1/2 for Tesla in 3s...
06:50  Retry 2/2 for Tesla in 5s...
06:50  ERROR: Tesla: failed to scrape https://www.tesla.com/careers/search/?type=intern&site=US (Cloudflare / bot challenge detected)
06:50  Retry 1/2 for Tesla in 2s...
06:50  Retry 2/2 for Tesla in 5s...
06:50  ERROR: Tesla: failed to scrape https://www.tesla.com/careers/search/?query=design%20intern&site=US (Cloudflare / bot challenge detected)
06:50  Tesla: scrape failed — postings left untouched.
06:50  Checking Warner Bros. Discovery...
06:50  No changes.
06:50  Widget feed updated.
06:50  === Check cycle finished (0 notification(s)) ===
11:25  === Check cycle started ===
11:25  Checking Google...
11:25  No changes.
11:25  Checking YouTube...
11:25  No changes.
11:25  Checking Meta...
11:25  No changes.
11:25  Checking Apple...
11:25  No changes.
11:25  Checking Capital One...
11:25  robots.txt disallows https://www.capitalonecareers.com/search-jobs/design%20intern — skipping this URL.
11:25  robots.txt disallows https://www.capitalonecareers.com/search-jobs/product%20design — skipping this URL.
11:25  Capital One: scrape failed — postings left untouched.
11:25  Checking JPMorgan Chase...
11:26  No changes.
11:26  Checking Roblox...
11:26  Retry 1/2 for Roblox in 2s...
11:26  Retry 2/2 for Roblox in 4s...
11:26  ERROR: Roblox: failed to scrape https://careers.roblox.com/jobs?search=product+design (page.goto: net::ERR_HTTP2_PROTOCOL_ERROR at https://careers.roblox.com/jobs?search=product+design
Call log:
  - navigating to "https://careers.roblox.com/jobs?search=product+design", waiting until "domcontentloaded"
)
11:26  Retry 1/2 for Roblox in 2s...
11:26  Retry 2/2 for Roblox in 5s...
11:26  ERROR: Roblox: failed to scrape https://careers.roblox.com/jobs?search=UX+intern (page.goto: net::ERR_HTTP2_PROTOCOL_ERROR at https://careers.roblox.com/jobs?search=UX+intern
Call log:
  - navigating to "https://careers.roblox.com/jobs?search=UX+intern", waiting until "domcontentloaded"
)
11:26  Roblox: scrape failed — postings left untouched.
11:26  Checking Microsoft...
11:26  robots.txt unavailable for https://gcsservices.careers.microsoft.com; proceeding politely.
11:26  Retry 1/2 for Microsoft in 2s...
11:26  Retry 2/2 for Microsoft in 4s...
11:26  ERROR: Microsoft: failed to scrape https://gcsservices.careers.microsoft.com/search/api/v1/search?q=product%20design%20intern&l=en_us&pg=1&pgSz=20 (page.goto: net::ERR_CERT_COMMON_NAME_INVALID at https://gcsservices.careers.microsoft.com/search/api/v1/search?q=product%20design%20intern&l=en_us&pg=1&pgSz=20
Call log:
  - navigating to "https://gcsservices.careers.microsoft.com/search/api/v1/search?q=product%20design%20intern&l=en_us&pg=1&pgSz=20", waiting until "domcontentloaded"
)
11:26  Retry 1/2 for Microsoft in 2s...
11:26  Retry 2/2 for Microsoft in 4s...
11:26  ERROR: Microsoft: failed to scrape https://gcsservices.careers.microsoft.com/search/api/v1/search?q=UX%20design%20intern&l=en_us&pg=1&pgSz=20 (page.goto: net::ERR_CERT_COMMON_NAME_INVALID at https://gcsservices.careers.microsoft.com/search/api/v1/search?q=UX%20design%20intern&l=en_us&pg=1&pgSz=20
Call log:
  - navigating to "https://gcsservices.careers.microsoft.com/search/api/v1/search?q=UX%20design%20intern&l=en_us&pg=1&pgSz=20", waiting until "domcontentloaded"
)
11:26  Microsoft: scrape failed — postings left untouched.
11:26  Checking Amazon...
11:26  No changes.
11:26  Checking IBM...
11:27  No changes.
11:27  Checking Adobe...
11:27  No changes.
11:27  Checking American Express...
11:27  No changes.
11:27  Checking Mastercard...
11:28  No changes.
11:28  Checking Visa...
11:28  No changes.
11:28  Checking Nike...
11:28  No changes.
11:28  Checking Spotify...
11:28  No changes.
11:28  Checking Tesla...
11:28  Retry 1/2 for Tesla in 2s...
11:28  Retry 2/2 for Tesla in 4s...
11:28  ERROR: Tesla: failed to scrape https://www.tesla.com/careers/search/?type=intern&site=US (Cloudflare / bot challenge detected)
11:28  Retry 1/2 for Tesla in 2s...
11:29  Retry 2/2 for Tesla in 5s...
11:29  ERROR: Tesla: failed to scrape https://www.tesla.com/careers/search/?query=design%20intern&site=US (Cloudflare / bot challenge detected)
11:29  Tesla: scrape failed — postings left untouched.
11:29  Checking Warner Bros. Discovery...
11:29  No changes.
11:29  Widget feed updated.
11:29  === Check cycle finished (0 notification(s)) ===
15:52  === Check cycle started ===
15:52  Checking Google...
15:52  No changes.
15:52  Checking YouTube...
15:52  No changes.
15:52  Checking Meta...
15:52  No changes.
15:52  Checking Apple...
15:52  No changes.
15:52  Checking Capital One...
15:52  robots.txt disallows https://www.capitalonecareers.com/search-jobs/design%20intern — skipping this URL.
15:52  robots.txt disallows https://www.capitalonecareers.com/search-jobs/product%20design — skipping this URL.
15:52  Capital One: scrape failed — postings left untouched.
15:52  Checking JPMorgan Chase...
15:53  No changes.
15:53  Checking Roblox...
15:53  Retry 1/2 for Roblox in 2s...
15:53  Retry 2/2 for Roblox in 5s...
15:53  ERROR: Roblox: failed to scrape https://careers.roblox.com/jobs?search=product+design (page.goto: net::ERR_HTTP2_PROTOCOL_ERROR at https://careers.roblox.com/jobs?search=product+design
Call log:
  - navigating to "https://careers.roblox.com/jobs?search=product+design", waiting until "domcontentloaded"
)
15:53  Retry 1/2 for Roblox in 3s...
15:53  Retry 2/2 for Roblox in 4s...
15:53  ERROR: Roblox: failed to scrape https://careers.roblox.com/jobs?search=UX+intern (page.goto: net::ERR_HTTP2_PROTOCOL_ERROR at https://careers.roblox.com/jobs?search=UX+intern
Call log:
  - navigating to "https://careers.roblox.com/jobs?search=UX+intern", waiting until "domcontentloaded"
)
15:53  Roblox: scrape failed — postings left untouched.
15:53  Checking Microsoft...
15:53  robots.txt unavailable for https://gcsservices.careers.microsoft.com; proceeding politely.
15:53  Retry 1/2 for Microsoft in 2s...
15:53  Retry 2/2 for Microsoft in 5s...
15:53  ERROR: Microsoft: failed to scrape https://gcsservices.careers.microsoft.com/search/api/v1/search?q=product%20design%20intern&l=en_us&pg=1&pgSz=20 (page.goto: net::ERR_CERT_COMMON_NAME_INVALID at https://gcsservices.careers.microsoft.com/search/api/v1/search?q=product%20design%20intern&l=en_us&pg=1&pgSz=20
Call log:
  - navigating to "https://gcsservices.careers.microsoft.com/search/api/v1/search?q=product%20design%20intern&l=en_us&pg=1&pgSz=20", waiting until "domcontentloaded"
)
15:53  Retry 1/2 for Microsoft in 2s...
15:53  Retry 2/2 for Microsoft in 4s...
15:53  ERROR: Microsoft: failed to scrape https://gcsservices.careers.microsoft.com/search/api/v1/search?q=UX%20design%20intern&l=en_us&pg=1&pgSz=20 (page.goto: net::ERR_CERT_COMMON_NAME_INVALID at https://gcsservices.careers.microsoft.com/search/api/v1/search?q=UX%20design%20intern&l=en_us&pg=1&pgSz=20
Call log:
  - navigating to "https://gcsservices.careers.microsoft.com/search/api/v1/search?q=UX%20design%20intern&l=en_us&pg=1&pgSz=20", waiting until "domcontentloaded"
)
15:53  Microsoft: scrape failed — postings left untouched.
15:53  Checking Amazon...
15:53  No changes.
15:53  Checking IBM...
15:54  No changes.
15:54  Checking Adobe...
15:55  No changes.
15:55  Checking American Express...
15:55  No changes.
15:55  Checking Mastercard...
15:55  No changes.
15:55  Checking Visa...
15:55  No changes.
15:55  Checking Nike...
15:55  No changes.
15:55  Checking Spotify...
15:55  No changes.
15:55  Checking Tesla...
15:55  Retry 1/2 for Tesla in 2s...
15:56  Retry 2/2 for Tesla in 5s...
15:56  ERROR: Tesla: failed to scrape https://www.tesla.com/careers/search/?type=intern&site=US (Cloudflare / bot challenge detected)
15:56  Retry 1/2 for Tesla in 3s...
15:56  Retry 2/2 for Tesla in 5s...
15:56  ERROR: Tesla: failed to scrape https://www.tesla.com/careers/search/?query=design%20intern&site=US (Cloudflare / bot challenge detected)
15:56  Tesla: scrape failed — postings left untouched.
15:56  Checking Warner Bros. Discovery...
15:56  No changes.
15:56  Widget feed updated.
15:56  === Check cycle finished (0 notification(s)) ===
18:50  === Check cycle started ===
18:50  Checking Google...
18:50  No changes.
18:50  Checking YouTube...
18:51  No changes.
18:51  Checking Meta...
18:51  No changes.
18:51  Checking Apple...
18:51  No changes.
18:51  Checking Capital One...
18:51  robots.txt disallows https://www.capitalonecareers.com/search-jobs/design%20intern — skipping this URL.
18:51  robots.txt disallows https://www.capitalonecareers.com/search-jobs/product%20design — skipping this URL.
18:51  Capital One: scrape failed — postings left untouched.
18:51  Checking JPMorgan Chase...
18:51  No changes.
18:51  Checking Roblox...
18:51  Retry 1/2 for Roblox in 3s...
18:51  Retry 2/2 for Roblox in 5s...
18:51  ERROR: Roblox: failed to scrape https://careers.roblox.com/jobs?search=product+design (page.goto: net::ERR_HTTP2_PROTOCOL_ERROR at https://careers.roblox.com/jobs?search=product+design
Call log:
  - navigating to "https://careers.roblox.com/jobs?search=product+design", waiting until "domcontentloaded"
)
18:51  Retry 1/2 for Roblox in 2s...
18:51  Retry 2/2 for Roblox in 5s...
18:51  ERROR: Roblox: failed to scrape https://careers.roblox.com/jobs?search=UX+intern (page.goto: net::ERR_HTTP2_PROTOCOL_ERROR at https://careers.roblox.com/jobs?search=UX+intern
Call log:
  - navigating to "https://careers.roblox.com/jobs?search=UX+intern", waiting until "domcontentloaded"
)
18:51  Roblox: scrape failed — postings left untouched.
18:51  Checking Microsoft...
18:51  robots.txt unavailable for https://gcsservices.careers.microsoft.com; proceeding politely.
18:51  Retry 1/2 for Microsoft in 2s...
18:51  Retry 2/2 for Microsoft in 4s...
18:52  ERROR: Microsoft: failed to scrape https://gcsservices.careers.microsoft.com/search/api/v1/search?q=product%20design%20intern&l=en_us&pg=1&pgSz=20 (page.goto: net::ERR_CERT_COMMON_NAME_INVALID at https://gcsservices.careers.microsoft.com/search/api/v1/search?q=product%20design%20intern&l=en_us&pg=1&pgSz=20
Call log:
  - navigating to "https://gcsservices.careers.microsoft.com/search/api/v1/search?q=product%20design%20intern&l=en_us&pg=1&pgSz=20", waiting until "domcontentloaded"
)
18:52  Retry 1/2 for Microsoft in 2s...
18:52  Retry 2/2 for Microsoft in 5s...
18:52  ERROR: Microsoft: failed to scrape https://gcsservices.careers.microsoft.com/search/api/v1/search?q=UX%20design%20intern&l=en_us&pg=1&pgSz=20 (page.goto: net::ERR_CERT_COMMON_NAME_INVALID at https://gcsservices.careers.microsoft.com/search/api/v1/search?q=UX%20design%20intern&l=en_us&pg=1&pgSz=20
Call log:
  - navigating to "https://gcsservices.careers.microsoft.com/search/api/v1/search?q=UX%20design%20intern&l=en_us&pg=1&pgSz=20", waiting until "domcontentloaded"
)
18:52  Microsoft: scrape failed — postings left untouched.
18:52  Checking Amazon...
18:52  No changes.
18:52  Checking IBM...
18:53  No changes.
18:53  Checking Adobe...
18:53  No changes.
18:53  Checking American Express...
18:53  No changes.
18:53  Checking Mastercard...
18:53  No changes.
18:53  Checking Visa...
18:53  No changes.
18:53  Checking Nike...
18:53  No changes.
18:53  Checking Spotify...
18:54  No changes.
18:54  Checking Tesla...
18:54  Retry 1/2 for Tesla in 2s...
18:54  Retry 2/2 for Tesla in 5s...
18:54  ERROR: Tesla: failed to scrape https://www.tesla.com/careers/search/?type=intern&site=US (Cloudflare / bot challenge detected)
18:54  Retry 1/2 for Tesla in 2s...
18:54  Retry 2/2 for Tesla in 4s...
18:54  ERROR: Tesla: failed to scrape https://www.tesla.com/careers/search/?query=design%20intern&site=US (Cloudflare / bot challenge detected)
18:54  Tesla: scrape failed — postings left untouched.
18:54  Checking Warner Bros. Discovery...
18:54  No changes.
18:54  Widget feed updated.
18:54  === Check cycle finished (0 notification(s)) ===
