02:20  === Check cycle started ===
02:20  Checking Google...
02:21  No changes.
02:21  Checking YouTube...
02:21  No changes.
02:21  Checking Meta...
02:21  No changes.
02:21  Checking Apple...
02:22  No changes.
02:22  Checking Capital One...
02:22  robots.txt disallows https://www.capitalonecareers.com/search-jobs/design%20intern — skipping this URL.
02:22  robots.txt disallows https://www.capitalonecareers.com/search-jobs/product%20design — skipping this URL.
02:22  Capital One: scrape failed — postings left untouched.
02:22  Checking JPMorgan Chase...
02:22  No changes.
02:22  Checking Roblox...
02:22  Retry 1/2 for Roblox in 2s...
02:22  Retry 2/2 for Roblox in 5s...
02:22  ERROR: Roblox: failed to scrape https://careers.roblox.com/jobs?search=product+design (page.goto: net::ERR_HTTP2_PROTOCOL_ERROR at https://careers.roblox.com/jobs?search=product+design
Call log:
  - navigating to "https://careers.roblox.com/jobs?search=product+design", waiting until "domcontentloaded"
)
02:22  Retry 1/2 for Roblox in 2s...
02:22  Retry 2/2 for Roblox in 4s...
02:22  ERROR: Roblox: failed to scrape https://careers.roblox.com/jobs?search=UX+intern (page.goto: net::ERR_HTTP2_PROTOCOL_ERROR at https://careers.roblox.com/jobs?search=UX+intern
Call log:
  - navigating to "https://careers.roblox.com/jobs?search=UX+intern", waiting until "domcontentloaded"
)
02:22  Roblox: scrape failed — postings left untouched.
02:22  Checking Microsoft...
02:22  robots.txt unavailable for https://gcsservices.careers.microsoft.com; proceeding politely.
02:22  Retry 1/2 for Microsoft in 3s...
02:22  Retry 2/2 for Microsoft in 5s...
02:22  ERROR: Microsoft: failed to scrape https://gcsservices.careers.microsoft.com/search/api/v1/search?q=product%20design%20intern&l=en_us&pg=1&pgSz=20 (page.goto: net::ERR_CERT_COMMON_NAME_INVALID at https://gcsservices.careers.microsoft.com/search/api/v1/search?q=product%20design%20intern&l=en_us&pg=1&pgSz=20
Call log:
  - navigating to "https://gcsservices.careers.microsoft.com/search/api/v1/search?q=product%20design%20intern&l=en_us&pg=1&pgSz=20", waiting until "domcontentloaded"
)
02:22  Retry 1/2 for Microsoft in 2s...
02:22  Retry 2/2 for Microsoft in 5s...
02:22  ERROR: Microsoft: failed to scrape https://gcsservices.careers.microsoft.com/search/api/v1/search?q=UX%20design%20intern&l=en_us&pg=1&pgSz=20 (page.goto: net::ERR_CERT_COMMON_NAME_INVALID at https://gcsservices.careers.microsoft.com/search/api/v1/search?q=UX%20design%20intern&l=en_us&pg=1&pgSz=20
Call log:
  - navigating to "https://gcsservices.careers.microsoft.com/search/api/v1/search?q=UX%20design%20intern&l=en_us&pg=1&pgSz=20", waiting until "domcontentloaded"
)
02:22  Microsoft: scrape failed — postings left untouched.
02:22  Checking Amazon...
02:22  No changes.
02:22  Checking IBM...
02:23  No changes.
02:23  Checking Adobe...
02:24  No changes.
02:24  Checking American Express...
02:25  No changes.
02:25  Checking Mastercard...
02:25  No changes.
02:25  Checking Visa...
02:25  No changes.
02:25  Checking Nike...
02:25  No changes.
02:25  Widget feed updated.
02:25  === Check cycle finished (0 notification(s)) ===
04:59  === Check cycle started ===
04:59  Checking Google...
04:59  No changes.
04:59  Checking YouTube...
04:59  No changes.
04:59  Checking Meta...
04:59  No changes.
04:59  Checking Apple...
04:59  No changes.
04:59  Checking Capital One...
04:59  robots.txt disallows https://www.capitalonecareers.com/search-jobs/design%20intern — skipping this URL.
04:59  robots.txt disallows https://www.capitalonecareers.com/search-jobs/product%20design — skipping this URL.
04:59  Capital One: scrape failed — postings left untouched.
04:59  Checking JPMorgan Chase...
05:00  No changes.
05:00  Checking Roblox...
05:00  Retry 1/2 for Roblox in 3s...
05:00  Retry 2/2 for Roblox in 5s...
05:00  ERROR: Roblox: failed to scrape https://careers.roblox.com/jobs?search=product+design (page.goto: net::ERR_HTTP2_PROTOCOL_ERROR at https://careers.roblox.com/jobs?search=product+design
Call log:
  - navigating to "https://careers.roblox.com/jobs?search=product+design", waiting until "domcontentloaded"
)
05:00  Retry 1/2 for Roblox in 2s...
05:00  Retry 2/2 for Roblox in 4s...
05:00  ERROR: Roblox: failed to scrape https://careers.roblox.com/jobs?search=UX+intern (page.goto: net::ERR_HTTP2_PROTOCOL_ERROR at https://careers.roblox.com/jobs?search=UX+intern
Call log:
  - navigating to "https://careers.roblox.com/jobs?search=UX+intern", waiting until "domcontentloaded"
)
05:00  Roblox: scrape failed — postings left untouched.
05:00  Checking Microsoft...
05:00  robots.txt unavailable for https://gcsservices.careers.microsoft.com; proceeding politely.
05:00  Retry 1/2 for Microsoft in 3s...
05:00  Retry 2/2 for Microsoft in 5s...
05:00  ERROR: Microsoft: failed to scrape https://gcsservices.careers.microsoft.com/search/api/v1/search?q=product%20design%20intern&l=en_us&pg=1&pgSz=20 (page.goto: net::ERR_CERT_COMMON_NAME_INVALID at https://gcsservices.careers.microsoft.com/search/api/v1/search?q=product%20design%20intern&l=en_us&pg=1&pgSz=20
Call log:
  - navigating to "https://gcsservices.careers.microsoft.com/search/api/v1/search?q=product%20design%20intern&l=en_us&pg=1&pgSz=20", waiting until "domcontentloaded"
)
05:00  Retry 1/2 for Microsoft in 3s...
05:00  Retry 2/2 for Microsoft in 5s...
05:00  ERROR: Microsoft: failed to scrape https://gcsservices.careers.microsoft.com/search/api/v1/search?q=UX%20design%20intern&l=en_us&pg=1&pgSz=20 (page.goto: net::ERR_CERT_COMMON_NAME_INVALID at https://gcsservices.careers.microsoft.com/search/api/v1/search?q=UX%20design%20intern&l=en_us&pg=1&pgSz=20
Call log:
  - navigating to "https://gcsservices.careers.microsoft.com/search/api/v1/search?q=UX%20design%20intern&l=en_us&pg=1&pgSz=20", waiting until "domcontentloaded"
)
05:00  Microsoft: scrape failed — postings left untouched.
05:00  Checking Amazon...
05:00  No changes.
05:00  Checking IBM...
05:01  No changes.
05:01  Checking Adobe...
05:02  No changes.
05:02  Checking American Express...
05:02  No changes.
05:02  Checking Mastercard...
05:03  No changes.
05:03  Checking Visa...
05:03  No changes.
05:03  Checking Nike...
05:03  No changes.
05:03  Widget feed updated.
05:03  === Check cycle finished (0 notification(s)) ===
07:59  === Check cycle started ===
07:59  Checking Google...
08:00  No changes.
08:00  Checking YouTube...
08:00  No changes.
08:00  Checking Meta...
08:00  No changes.
08:00  Checking Apple...
08:00  No changes.
08:00  Checking Capital One...
08:00  robots.txt disallows https://www.capitalonecareers.com/search-jobs/design%20intern — skipping this URL.
08:00  robots.txt disallows https://www.capitalonecareers.com/search-jobs/product%20design — skipping this URL.
08:00  Capital One: scrape failed — postings left untouched.
08:00  Checking JPMorgan Chase...
08:00  No changes.
08:00  Checking Roblox...
08:00  Retry 1/2 for Roblox in 2s...
08:00  Retry 2/2 for Roblox in 5s...
08:01  ERROR: Roblox: failed to scrape https://careers.roblox.com/jobs?search=product+design (page.goto: net::ERR_HTTP2_PROTOCOL_ERROR at https://careers.roblox.com/jobs?search=product+design
Call log:
  - navigating to "https://careers.roblox.com/jobs?search=product+design", waiting until "domcontentloaded"
)
08:01  Retry 1/2 for Roblox in 2s...
08:01  Retry 2/2 for Roblox in 5s...
08:01  ERROR: Roblox: failed to scrape https://careers.roblox.com/jobs?search=UX+intern (page.goto: net::ERR_HTTP2_PROTOCOL_ERROR at https://careers.roblox.com/jobs?search=UX+intern
Call log:
  - navigating to "https://careers.roblox.com/jobs?search=UX+intern", waiting until "domcontentloaded"
)
08:01  Roblox: scrape failed — postings left untouched.
08:01  Checking Microsoft...
08:01  robots.txt unavailable for https://gcsservices.careers.microsoft.com; proceeding politely.
08:01  Retry 1/2 for Microsoft in 2s...
08:01  Retry 2/2 for Microsoft in 4s...
08:01  ERROR: Microsoft: failed to scrape https://gcsservices.careers.microsoft.com/search/api/v1/search?q=product%20design%20intern&l=en_us&pg=1&pgSz=20 (page.goto: net::ERR_CERT_COMMON_NAME_INVALID at https://gcsservices.careers.microsoft.com/search/api/v1/search?q=product%20design%20intern&l=en_us&pg=1&pgSz=20
Call log:
  - navigating to "https://gcsservices.careers.microsoft.com/search/api/v1/search?q=product%20design%20intern&l=en_us&pg=1&pgSz=20", waiting until "domcontentloaded"
)
08:01  Retry 1/2 for Microsoft in 2s...
08:01  Retry 2/2 for Microsoft in 4s...
08:01  ERROR: Microsoft: failed to scrape https://gcsservices.careers.microsoft.com/search/api/v1/search?q=UX%20design%20intern&l=en_us&pg=1&pgSz=20 (page.goto: net::ERR_CERT_COMMON_NAME_INVALID at https://gcsservices.careers.microsoft.com/search/api/v1/search?q=UX%20design%20intern&l=en_us&pg=1&pgSz=20
Call log:
  - navigating to "https://gcsservices.careers.microsoft.com/search/api/v1/search?q=UX%20design%20intern&l=en_us&pg=1&pgSz=20", waiting until "domcontentloaded"
)
08:01  Microsoft: scrape failed — postings left untouched.
08:01  Checking Amazon...
08:01  No changes.
08:01  Checking IBM...
08:02  No changes.
08:02  Checking Adobe...
08:02  No changes.
08:02  Checking American Express...
08:03  No changes.
08:03  Checking Mastercard...
08:03  No changes.
08:03  Checking Visa...
08:03  No changes.
08:03  Checking Nike...
08:04  No changes.
08:04  Widget feed updated.
08:04  === Check cycle finished (0 notification(s)) ===
10:49  === Check cycle started ===
10:49  Checking Google...
10:49  No changes.
10:49  Checking YouTube...
10:50  No changes.
10:50  Checking Meta...
10:50  No changes.
10:50  Checking Apple...
10:50  No changes.
10:50  Checking Capital One...
10:50  robots.txt disallows https://www.capitalonecareers.com/search-jobs/design%20intern — skipping this URL.
10:50  robots.txt disallows https://www.capitalonecareers.com/search-jobs/product%20design — skipping this URL.
10:50  Capital One: scrape failed — postings left untouched.
10:50  Checking JPMorgan Chase...
10:50  No changes.
10:50  Checking Roblox...
10:50  Retry 1/2 for Roblox in 2s...
10:50  Retry 2/2 for Roblox in 5s...
10:50  ERROR: Roblox: failed to scrape https://careers.roblox.com/jobs?search=product+design (page.goto: net::ERR_HTTP2_PROTOCOL_ERROR at https://careers.roblox.com/jobs?search=product+design
Call log:
  - navigating to "https://careers.roblox.com/jobs?search=product+design", waiting until "domcontentloaded"
)
10:50  Retry 1/2 for Roblox in 2s...
10:50  Retry 2/2 for Roblox in 5s...
10:50  ERROR: Roblox: failed to scrape https://careers.roblox.com/jobs?search=UX+intern (page.goto: net::ERR_HTTP2_PROTOCOL_ERROR at https://careers.roblox.com/jobs?search=UX+intern
Call log:
  - navigating to "https://careers.roblox.com/jobs?search=UX+intern", waiting until "domcontentloaded"
)
10:50  Roblox: scrape failed — postings left untouched.
10:50  Checking Microsoft...
10:50  robots.txt unavailable for https://gcsservices.careers.microsoft.com; proceeding politely.
10:50  Retry 1/2 for Microsoft in 2s...
10:51  Retry 2/2 for Microsoft in 4s...
10:51  ERROR: Microsoft: failed to scrape https://gcsservices.careers.microsoft.com/search/api/v1/search?q=product%20design%20intern&l=en_us&pg=1&pgSz=20 (page.goto: net::ERR_CERT_COMMON_NAME_INVALID at https://gcsservices.careers.microsoft.com/search/api/v1/search?q=product%20design%20intern&l=en_us&pg=1&pgSz=20
Call log:
  - navigating to "https://gcsservices.careers.microsoft.com/search/api/v1/search?q=product%20design%20intern&l=en_us&pg=1&pgSz=20", waiting until "domcontentloaded"
)
10:51  Retry 1/2 for Microsoft in 3s...
10:51  Retry 2/2 for Microsoft in 4s...
10:51  ERROR: Microsoft: failed to scrape https://gcsservices.careers.microsoft.com/search/api/v1/search?q=UX%20design%20intern&l=en_us&pg=1&pgSz=20 (page.goto: net::ERR_CERT_COMMON_NAME_INVALID at https://gcsservices.careers.microsoft.com/search/api/v1/search?q=UX%20design%20intern&l=en_us&pg=1&pgSz=20
Call log:
  - navigating to "https://gcsservices.careers.microsoft.com/search/api/v1/search?q=UX%20design%20intern&l=en_us&pg=1&pgSz=20", waiting until "domcontentloaded"
)
10:51  Microsoft: scrape failed — postings left untouched.
10:51  Checking Amazon...
10:51  No changes.
10:51  Checking IBM...
10:52  No changes.
10:52  Checking Adobe...
10:52  No changes.
10:52  Checking American Express...
10:53  No changes.
10:53  Checking Mastercard...
10:53  No changes.
10:53  Checking Visa...
10:53  No changes.
10:53  Checking Nike...
10:53  No changes.
10:53  Widget feed updated.
10:53  === Check cycle finished (0 notification(s)) ===
13:50  === Check cycle started ===
13:50  Checking Google...
13:51  No changes.
13:51  Checking YouTube...
13:51  No changes.
13:51  Checking Meta...
13:51  No changes.
13:51  Checking Apple...
13:51  No changes.
13:51  Checking Capital One...
13:51  robots.txt disallows https://www.capitalonecareers.com/search-jobs/design%20intern — skipping this URL.
13:51  robots.txt disallows https://www.capitalonecareers.com/search-jobs/product%20design — skipping this URL.
13:51  Capital One: scrape failed — postings left untouched.
13:51  Checking JPMorgan Chase...
13:51  No changes.
13:51  Checking Roblox...
13:51  Retry 1/2 for Roblox in 2s...
13:51  Retry 2/2 for Roblox in 4s...
13:51  ERROR: Roblox: failed to scrape https://careers.roblox.com/jobs?search=product+design (page.goto: net::ERR_HTTP2_PROTOCOL_ERROR at https://careers.roblox.com/jobs?search=product+design
Call log:
  - navigating to "https://careers.roblox.com/jobs?search=product+design", waiting until "domcontentloaded"
)
13:51  Retry 1/2 for Roblox in 2s...
13:51  Retry 2/2 for Roblox in 5s...
13:52  ERROR: Roblox: failed to scrape https://careers.roblox.com/jobs?search=UX+intern (page.goto: net::ERR_HTTP2_PROTOCOL_ERROR at https://careers.roblox.com/jobs?search=UX+intern
Call log:
  - navigating to "https://careers.roblox.com/jobs?search=UX+intern", waiting until "domcontentloaded"
)
13:52  Roblox: scrape failed — postings left untouched.
13:52  Checking Microsoft...
13:52  robots.txt unavailable for https://gcsservices.careers.microsoft.com; proceeding politely.
13:52  Retry 1/2 for Microsoft in 2s...
13:52  Retry 2/2 for Microsoft in 5s...
13:52  ERROR: Microsoft: failed to scrape https://gcsservices.careers.microsoft.com/search/api/v1/search?q=product%20design%20intern&l=en_us&pg=1&pgSz=20 (page.goto: net::ERR_CERT_COMMON_NAME_INVALID at https://gcsservices.careers.microsoft.com/search/api/v1/search?q=product%20design%20intern&l=en_us&pg=1&pgSz=20
Call log:
  - navigating to "https://gcsservices.careers.microsoft.com/search/api/v1/search?q=product%20design%20intern&l=en_us&pg=1&pgSz=20", waiting until "domcontentloaded"
)
13:52  Retry 1/2 for Microsoft in 2s...
13:52  Retry 2/2 for Microsoft in 4s...
13:52  ERROR: Microsoft: failed to scrape https://gcsservices.careers.microsoft.com/search/api/v1/search?q=UX%20design%20intern&l=en_us&pg=1&pgSz=20 (page.goto: net::ERR_CERT_COMMON_NAME_INVALID at https://gcsservices.careers.microsoft.com/search/api/v1/search?q=UX%20design%20intern&l=en_us&pg=1&pgSz=20
Call log:
  - navigating to "https://gcsservices.careers.microsoft.com/search/api/v1/search?q=UX%20design%20intern&l=en_us&pg=1&pgSz=20", waiting until "domcontentloaded"
)
13:52  Microsoft: scrape failed — postings left untouched.
13:52  Checking Amazon...
13:52  No changes.
13:52  Checking IBM...
13:53  No changes.
13:53  Checking Adobe...
13:53  No changes.
13:53  Checking American Express...
13:54  No changes.
13:54  Checking Mastercard...
13:54  No changes.
13:54  Checking Visa...
13:54  No changes.
13:54  Checking Nike...
13:55  No changes.
13:55  Widget feed updated.
13:55  === Check cycle finished (0 notification(s)) ===
16:23  === Check cycle started ===
16:23  Checking Google...
16:23  No changes.
16:23  Checking YouTube...
16:24  No changes.
16:24  Checking Meta...
16:24  No changes.
16:24  Checking Apple...
16:24  No changes.
16:24  Checking Capital One...
16:24  robots.txt disallows https://www.capitalonecareers.com/search-jobs/design%20intern — skipping this URL.
16:24  robots.txt disallows https://www.capitalonecareers.com/search-jobs/product%20design — skipping this URL.
16:24  Capital One: scrape failed — postings left untouched.
16:24  Checking JPMorgan Chase...
16:24  No changes.
16:24  Checking Roblox...
16:24  Retry 1/2 for Roblox in 3s...
16:24  Retry 2/2 for Roblox in 5s...
16:24  ERROR: Roblox: failed to scrape https://careers.roblox.com/jobs?search=product+design (page.goto: net::ERR_HTTP2_PROTOCOL_ERROR at https://careers.roblox.com/jobs?search=product+design
Call log:
  - navigating to "https://careers.roblox.com/jobs?search=product+design", waiting until "domcontentloaded"
)
16:24  Retry 1/2 for Roblox in 2s...
16:24  Retry 2/2 for Roblox in 4s...
16:24  ERROR: Roblox: failed to scrape https://careers.roblox.com/jobs?search=UX+intern (page.goto: net::ERR_HTTP2_PROTOCOL_ERROR at https://careers.roblox.com/jobs?search=UX+intern
Call log:
  - navigating to "https://careers.roblox.com/jobs?search=UX+intern", waiting until "domcontentloaded"
)
16:24  Roblox: scrape failed — postings left untouched.
16:24  Checking Microsoft...
16:24  robots.txt unavailable for https://gcsservices.careers.microsoft.com; proceeding politely.
16:24  Retry 1/2 for Microsoft in 2s...
16:24  Retry 2/2 for Microsoft in 4s...
16:25  ERROR: Microsoft: failed to scrape https://gcsservices.careers.microsoft.com/search/api/v1/search?q=product%20design%20intern&l=en_us&pg=1&pgSz=20 (page.goto: net::ERR_CERT_COMMON_NAME_INVALID at https://gcsservices.careers.microsoft.com/search/api/v1/search?q=product%20design%20intern&l=en_us&pg=1&pgSz=20
Call log:
  - navigating to "https://gcsservices.careers.microsoft.com/search/api/v1/search?q=product%20design%20intern&l=en_us&pg=1&pgSz=20", waiting until "domcontentloaded"
)
16:25  Retry 1/2 for Microsoft in 2s...
16:25  Retry 2/2 for Microsoft in 4s...
16:25  ERROR: Microsoft: failed to scrape https://gcsservices.careers.microsoft.com/search/api/v1/search?q=UX%20design%20intern&l=en_us&pg=1&pgSz=20 (page.goto: net::ERR_CERT_COMMON_NAME_INVALID at https://gcsservices.careers.microsoft.com/search/api/v1/search?q=UX%20design%20intern&l=en_us&pg=1&pgSz=20
Call log:
  - navigating to "https://gcsservices.careers.microsoft.com/search/api/v1/search?q=UX%20design%20intern&l=en_us&pg=1&pgSz=20", waiting until "domcontentloaded"
)
16:25  Microsoft: scrape failed — postings left untouched.
16:25  Checking Amazon...
16:25  No changes.
16:25  Checking IBM...
16:26  No changes.
16:26  Checking Adobe...
16:26  No changes.
16:26  Checking American Express...
16:27  No changes.
16:27  Checking Mastercard...
16:27  No changes.
16:27  Checking Visa...
16:27  No changes.
16:27  Checking Nike...
16:27  No changes.
16:27  Widget feed updated.
16:27  === Check cycle finished (0 notification(s)) ===
20:04  === Check cycle started ===
20:04  Checking Google...
20:04  No changes.
20:04  Checking YouTube...
20:04  No changes.
20:04  Checking Meta...
20:04  No changes.
20:04  Checking Apple...
20:04  No changes.
20:04  Checking Capital One...
20:04  robots.txt disallows https://www.capitalonecareers.com/search-jobs/design%20intern — skipping this URL.
20:04  robots.txt disallows https://www.capitalonecareers.com/search-jobs/product%20design — skipping this URL.
20:04  Capital One: scrape failed — postings left untouched.
20:04  Checking JPMorgan Chase...
20:05  No changes.
20:05  Checking Roblox...
20:05  Retry 1/2 for Roblox in 2s...
20:05  Retry 2/2 for Roblox in 5s...
20:05  ERROR: Roblox: failed to scrape https://careers.roblox.com/jobs?search=product+design (page.goto: net::ERR_HTTP2_PROTOCOL_ERROR at https://careers.roblox.com/jobs?search=product+design
Call log:
  - navigating to "https://careers.roblox.com/jobs?search=product+design", waiting until "domcontentloaded"
)
20:05  Retry 1/2 for Roblox in 2s...
20:05  Retry 2/2 for Roblox in 5s...
20:05  ERROR: Roblox: failed to scrape https://careers.roblox.com/jobs?search=UX+intern (page.goto: net::ERR_HTTP2_PROTOCOL_ERROR at https://careers.roblox.com/jobs?search=UX+intern
Call log:
  - navigating to "https://careers.roblox.com/jobs?search=UX+intern", waiting until "domcontentloaded"
)
20:05  Roblox: scrape failed — postings left untouched.
20:05  Checking Microsoft...
20:05  robots.txt unavailable for https://gcsservices.careers.microsoft.com; proceeding politely.
20:05  Retry 1/2 for Microsoft in 3s...
20:05  Retry 2/2 for Microsoft in 4s...
20:05  ERROR: Microsoft: failed to scrape https://gcsservices.careers.microsoft.com/search/api/v1/search?q=product%20design%20intern&l=en_us&pg=1&pgSz=20 (page.goto: net::ERR_CERT_COMMON_NAME_INVALID at https://gcsservices.careers.microsoft.com/search/api/v1/search?q=product%20design%20intern&l=en_us&pg=1&pgSz=20
Call log:
  - navigating to "https://gcsservices.careers.microsoft.com/search/api/v1/search?q=product%20design%20intern&l=en_us&pg=1&pgSz=20", waiting until "domcontentloaded"
)
20:05  Retry 1/2 for Microsoft in 2s...
20:05  Retry 2/2 for Microsoft in 4s...
20:05  ERROR: Microsoft: failed to scrape https://gcsservices.careers.microsoft.com/search/api/v1/search?q=UX%20design%20intern&l=en_us&pg=1&pgSz=20 (page.goto: net::ERR_CERT_COMMON_NAME_INVALID at https://gcsservices.careers.microsoft.com/search/api/v1/search?q=UX%20design%20intern&l=en_us&pg=1&pgSz=20
Call log:
  - navigating to "https://gcsservices.careers.microsoft.com/search/api/v1/search?q=UX%20design%20intern&l=en_us&pg=1&pgSz=20", waiting until "domcontentloaded"
)
20:05  Microsoft: scrape failed — postings left untouched.
20:05  Checking Amazon...
20:05  No changes.
20:05  Checking IBM...
20:06  No changes.
20:06  Checking Adobe...
20:06  No changes.
20:06  Checking American Express...
20:07  No changes.
20:07  Checking Mastercard...
20:07  No changes.
20:07  Checking Visa...
20:07  No changes.
20:07  Checking Nike...
20:08  No changes.
20:08  Widget feed updated.
20:08  === Check cycle finished (0 notification(s)) ===
