01:41  === Check cycle started ===
01:41  Checking Google...
01:41  No changes.
01:41  Checking YouTube...
01:41  No changes.
01:41  Checking Meta...
01:42  No changes.
01:42  Checking Apple...
01:42  No changes.
01:42  Checking Capital One...
01:42  robots.txt disallows https://www.capitalonecareers.com/search-jobs/design%20intern — skipping this URL.
01:42  robots.txt disallows https://www.capitalonecareers.com/search-jobs/product%20design — skipping this URL.
01:42  Capital One: scrape failed — postings left untouched.
01:42  Checking JPMorgan Chase...
01:42  No changes.
01:42  Checking Roblox...
01:42  Retry 1/2 for Roblox in 2s...
01:42  Retry 2/2 for Roblox in 5s...
01:42  ERROR: Roblox: failed to scrape https://careers.roblox.com/jobs?search=product+design (page.goto: net::ERR_HTTP2_PROTOCOL_ERROR at https://careers.roblox.com/jobs?search=product+design
Call log:
  - navigating to "https://careers.roblox.com/jobs?search=product+design", waiting until "domcontentloaded"
)
01:42  Retry 1/2 for Roblox in 3s...
01:42  Retry 2/2 for Roblox in 4s...
01:42  ERROR: Roblox: failed to scrape https://careers.roblox.com/jobs?search=UX+intern (page.goto: net::ERR_HTTP2_PROTOCOL_ERROR at https://careers.roblox.com/jobs?search=UX+intern
Call log:
  - navigating to "https://careers.roblox.com/jobs?search=UX+intern", waiting until "domcontentloaded"
)
01:42  Roblox: scrape failed — postings left untouched.
01:42  Checking Microsoft...
01:42  robots.txt unavailable for https://gcsservices.careers.microsoft.com; proceeding politely.
01:42  Retry 1/2 for Microsoft in 2s...
01:42  Retry 2/2 for Microsoft in 4s...
01:42  ERROR: Microsoft: failed to scrape https://gcsservices.careers.microsoft.com/search/api/v1/search?q=product%20design%20intern&l=en_us&pg=1&pgSz=20 (page.goto: net::ERR_CERT_COMMON_NAME_INVALID at https://gcsservices.careers.microsoft.com/search/api/v1/search?q=product%20design%20intern&l=en_us&pg=1&pgSz=20
Call log:
  - navigating to "https://gcsservices.careers.microsoft.com/search/api/v1/search?q=product%20design%20intern&l=en_us&pg=1&pgSz=20", waiting until "domcontentloaded"
)
01:42  Retry 1/2 for Microsoft in 2s...
01:42  Retry 2/2 for Microsoft in 5s...
01:42  ERROR: Microsoft: failed to scrape https://gcsservices.careers.microsoft.com/search/api/v1/search?q=UX%20design%20intern&l=en_us&pg=1&pgSz=20 (page.goto: net::ERR_CERT_COMMON_NAME_INVALID at https://gcsservices.careers.microsoft.com/search/api/v1/search?q=UX%20design%20intern&l=en_us&pg=1&pgSz=20
Call log:
  - navigating to "https://gcsservices.careers.microsoft.com/search/api/v1/search?q=UX%20design%20intern&l=en_us&pg=1&pgSz=20", waiting until "domcontentloaded"
)
01:42  Microsoft: scrape failed — postings left untouched.
01:42  Checking Amazon...
01:43  No changes.
01:43  Checking IBM...
01:43  No changes.
01:43  Checking Adobe...
01:44  No changes.
01:44  Checking American Express...
01:44  No changes.
01:44  Checking Mastercard...
01:44  No changes.
01:44  Checking Visa...
01:44  No changes.
01:44  Checking Nike...
01:44  No changes.
01:44  Widget feed updated.
01:44  === Check cycle finished (0 notification(s)) ===
04:35  === Check cycle started ===
04:35  Checking Google...
04:35  No changes.
04:35  Checking YouTube...
04:35  No changes.
04:35  Checking Meta...
04:36  No changes.
04:36  Checking Apple...
04:36  No changes.
04:36  Checking Capital One...
04:36  robots.txt disallows https://www.capitalonecareers.com/search-jobs/design%20intern — skipping this URL.
04:36  robots.txt disallows https://www.capitalonecareers.com/search-jobs/product%20design — skipping this URL.
04:36  Capital One: scrape failed — postings left untouched.
04:36  Checking JPMorgan Chase...
04:36  No changes.
04:36  Checking Roblox...
04:36  Retry 1/2 for Roblox in 2s...
04:36  Retry 2/2 for Roblox in 4s...
04:36  ERROR: Roblox: failed to scrape https://careers.roblox.com/jobs?search=product+design (page.goto: net::ERR_HTTP2_PROTOCOL_ERROR at https://careers.roblox.com/jobs?search=product+design
Call log:
  - navigating to "https://careers.roblox.com/jobs?search=product+design", waiting until "domcontentloaded"
)
04:36  Retry 1/2 for Roblox in 2s...
04:36  Retry 2/2 for Roblox in 4s...
04:36  ERROR: Roblox: failed to scrape https://careers.roblox.com/jobs?search=UX+intern (page.goto: net::ERR_HTTP2_PROTOCOL_ERROR at https://careers.roblox.com/jobs?search=UX+intern
Call log:
  - navigating to "https://careers.roblox.com/jobs?search=UX+intern", waiting until "domcontentloaded"
)
04:36  Roblox: scrape failed — postings left untouched.
04:36  Checking Microsoft...
04:36  robots.txt unavailable for https://gcsservices.careers.microsoft.com; proceeding politely.
04:36  Retry 1/2 for Microsoft in 3s...
04:36  Retry 2/2 for Microsoft in 5s...
04:36  ERROR: Microsoft: failed to scrape https://gcsservices.careers.microsoft.com/search/api/v1/search?q=product%20design%20intern&l=en_us&pg=1&pgSz=20 (page.goto: net::ERR_CERT_COMMON_NAME_INVALID at https://gcsservices.careers.microsoft.com/search/api/v1/search?q=product%20design%20intern&l=en_us&pg=1&pgSz=20
Call log:
  - navigating to "https://gcsservices.careers.microsoft.com/search/api/v1/search?q=product%20design%20intern&l=en_us&pg=1&pgSz=20", waiting until "domcontentloaded"
)
04:36  Retry 1/2 for Microsoft in 3s...
04:36  Retry 2/2 for Microsoft in 5s...
04:36  ERROR: Microsoft: failed to scrape https://gcsservices.careers.microsoft.com/search/api/v1/search?q=UX%20design%20intern&l=en_us&pg=1&pgSz=20 (page.goto: net::ERR_CERT_COMMON_NAME_INVALID at https://gcsservices.careers.microsoft.com/search/api/v1/search?q=UX%20design%20intern&l=en_us&pg=1&pgSz=20
Call log:
  - navigating to "https://gcsservices.careers.microsoft.com/search/api/v1/search?q=UX%20design%20intern&l=en_us&pg=1&pgSz=20", waiting until "domcontentloaded"
)
04:37  Microsoft: scrape failed — postings left untouched.
04:37  Checking Amazon...
04:37  No changes.
04:37  Checking IBM...
04:37  No changes.
04:37  Checking Adobe...
04:38  No changes.
04:38  Checking American Express...
04:38  No changes.
04:38  Checking Mastercard...
04:38  No changes.
04:38  Checking Visa...
04:38  No changes.
04:38  Checking Nike...
04:38  No changes.
04:38  Widget feed updated.
04:38  === Check cycle finished (0 notification(s)) ===
07:40  === Check cycle started ===
07:40  Checking Google...
07:41  No changes.
07:41  Checking YouTube...
07:41  No changes.
07:41  Checking Meta...
07:41  No changes.
07:41  Checking Apple...
07:41  No changes.
07:41  Checking Capital One...
07:41  robots.txt disallows https://www.capitalonecareers.com/search-jobs/design%20intern — skipping this URL.
07:41  robots.txt disallows https://www.capitalonecareers.com/search-jobs/product%20design — skipping this URL.
07:41  Capital One: scrape failed — postings left untouched.
07:41  Checking JPMorgan Chase...
07:42  No changes.
07:42  Checking Roblox...
07:42  Retry 1/2 for Roblox in 2s...
07:42  Retry 2/2 for Roblox in 4s...
07:42  ERROR: Roblox: failed to scrape https://careers.roblox.com/jobs?search=product+design (page.goto: net::ERR_HTTP2_PROTOCOL_ERROR at https://careers.roblox.com/jobs?search=product+design
Call log:
  - navigating to "https://careers.roblox.com/jobs?search=product+design", waiting until "domcontentloaded"
)
07:42  Retry 1/2 for Roblox in 2s...
07:42  Retry 2/2 for Roblox in 5s...
07:42  ERROR: Roblox: failed to scrape https://careers.roblox.com/jobs?search=UX+intern (page.goto: net::ERR_HTTP2_PROTOCOL_ERROR at https://careers.roblox.com/jobs?search=UX+intern
Call log:
  - navigating to "https://careers.roblox.com/jobs?search=UX+intern", waiting until "domcontentloaded"
)
07:42  Roblox: scrape failed — postings left untouched.
07:42  Checking Microsoft...
07:42  robots.txt unavailable for https://gcsservices.careers.microsoft.com; proceeding politely.
07:42  Retry 1/2 for Microsoft in 2s...
07:42  Retry 2/2 for Microsoft in 4s...
07:42  ERROR: Microsoft: failed to scrape https://gcsservices.careers.microsoft.com/search/api/v1/search?q=product%20design%20intern&l=en_us&pg=1&pgSz=20 (page.goto: net::ERR_CERT_COMMON_NAME_INVALID at https://gcsservices.careers.microsoft.com/search/api/v1/search?q=product%20design%20intern&l=en_us&pg=1&pgSz=20
Call log:
  - navigating to "https://gcsservices.careers.microsoft.com/search/api/v1/search?q=product%20design%20intern&l=en_us&pg=1&pgSz=20", waiting until "domcontentloaded"
)
07:42  Retry 1/2 for Microsoft in 2s...
07:42  Retry 2/2 for Microsoft in 5s...
07:42  ERROR: Microsoft: failed to scrape https://gcsservices.careers.microsoft.com/search/api/v1/search?q=UX%20design%20intern&l=en_us&pg=1&pgSz=20 (page.goto: net::ERR_CERT_COMMON_NAME_INVALID at https://gcsservices.careers.microsoft.com/search/api/v1/search?q=UX%20design%20intern&l=en_us&pg=1&pgSz=20
Call log:
  - navigating to "https://gcsservices.careers.microsoft.com/search/api/v1/search?q=UX%20design%20intern&l=en_us&pg=1&pgSz=20", waiting until "domcontentloaded"
)
07:42  Microsoft: scrape failed — postings left untouched.
07:42  Checking Amazon...
07:42  No changes.
07:42  Checking IBM...
07:43  No changes.
07:43  Checking Adobe...
07:43  No changes.
07:43  Checking American Express...
07:43  No changes.
07:43  Checking Mastercard...
07:44  No changes.
07:44  Checking Visa...
07:44  No changes.
07:44  Checking Nike...
07:44  No changes.
07:44  Widget feed updated.
07:44  === Check cycle finished (0 notification(s)) ===
10:30  === Check cycle started ===
10:30  Checking Google...
10:31  No changes.
10:31  Checking YouTube...
10:31  No changes.
10:31  Checking Meta...
10:31  No changes.
10:31  Checking Apple...
10:31  No changes.
10:31  Checking Capital One...
10:31  robots.txt disallows https://www.capitalonecareers.com/search-jobs/design%20intern — skipping this URL.
10:31  robots.txt disallows https://www.capitalonecareers.com/search-jobs/product%20design — skipping this URL.
10:31  Capital One: scrape failed — postings left untouched.
10:31  Checking JPMorgan Chase...
10:31  No changes.
10:31  Checking Roblox...
10:31  Retry 1/2 for Roblox in 2s...
10:31  Retry 2/2 for Roblox in 5s...
10:32  ERROR: Roblox: failed to scrape https://careers.roblox.com/jobs?search=product+design (page.goto: net::ERR_HTTP2_PROTOCOL_ERROR at https://careers.roblox.com/jobs?search=product+design
Call log:
  - navigating to "https://careers.roblox.com/jobs?search=product+design", waiting until "domcontentloaded"
)
10:32  Retry 1/2 for Roblox in 2s...
10:32  Retry 2/2 for Roblox in 5s...
10:32  ERROR: Roblox: failed to scrape https://careers.roblox.com/jobs?search=UX+intern (page.goto: net::ERR_HTTP2_PROTOCOL_ERROR at https://careers.roblox.com/jobs?search=UX+intern
Call log:
  - navigating to "https://careers.roblox.com/jobs?search=UX+intern", waiting until "domcontentloaded"
)
10:32  Roblox: scrape failed — postings left untouched.
10:32  Checking Microsoft...
10:32  robots.txt unavailable for https://gcsservices.careers.microsoft.com; proceeding politely.
10:32  Retry 1/2 for Microsoft in 2s...
10:32  Retry 2/2 for Microsoft in 4s...
10:32  ERROR: Microsoft: failed to scrape https://gcsservices.careers.microsoft.com/search/api/v1/search?q=product%20design%20intern&l=en_us&pg=1&pgSz=20 (page.goto: net::ERR_CERT_COMMON_NAME_INVALID at https://gcsservices.careers.microsoft.com/search/api/v1/search?q=product%20design%20intern&l=en_us&pg=1&pgSz=20
Call log:
  - navigating to "https://gcsservices.careers.microsoft.com/search/api/v1/search?q=product%20design%20intern&l=en_us&pg=1&pgSz=20", waiting until "domcontentloaded"
)
10:32  Retry 1/2 for Microsoft in 2s...
10:32  Retry 2/2 for Microsoft in 5s...
10:32  ERROR: Microsoft: failed to scrape https://gcsservices.careers.microsoft.com/search/api/v1/search?q=UX%20design%20intern&l=en_us&pg=1&pgSz=20 (page.goto: net::ERR_CERT_COMMON_NAME_INVALID at https://gcsservices.careers.microsoft.com/search/api/v1/search?q=UX%20design%20intern&l=en_us&pg=1&pgSz=20
Call log:
  - navigating to "https://gcsservices.careers.microsoft.com/search/api/v1/search?q=UX%20design%20intern&l=en_us&pg=1&pgSz=20", waiting until "domcontentloaded"
)
10:32  Microsoft: scrape failed — postings left untouched.
10:32  Checking Amazon...
10:32  No changes.
10:32  Checking IBM...
10:33  No changes.
10:33  Checking Adobe...
10:33  No changes.
10:33  Checking American Express...
10:33  No changes.
10:33  Checking Mastercard...
10:33  No changes.
10:33  Checking Visa...
10:34  No changes.
10:34  Checking Nike...
10:34  No changes.
10:34  Widget feed updated.
10:34  === Check cycle finished (0 notification(s)) ===
13:32  === Check cycle started ===
13:32  Checking Google...
13:33  No changes.
13:33  Checking YouTube...
13:33  No changes.
13:33  Checking Meta...
13:33  No changes.
13:33  Checking Apple...
13:33  No changes.
13:33  Checking Capital One...
13:33  robots.txt disallows https://www.capitalonecareers.com/search-jobs/design%20intern — skipping this URL.
13:33  robots.txt disallows https://www.capitalonecareers.com/search-jobs/product%20design — skipping this URL.
13:33  Capital One: scrape failed — postings left untouched.
13:33  Checking JPMorgan Chase...
13:33  No changes.
13:33  Checking Roblox...
13:33  Retry 1/2 for Roblox in 2s...
13:33  Retry 2/2 for Roblox in 5s...
13:34  ERROR: Roblox: failed to scrape https://careers.roblox.com/jobs?search=product+design (page.goto: net::ERR_HTTP2_PROTOCOL_ERROR at https://careers.roblox.com/jobs?search=product+design
Call log:
  - navigating to "https://careers.roblox.com/jobs?search=product+design", waiting until "domcontentloaded"
)
13:34  Retry 1/2 for Roblox in 2s...
13:34  Retry 2/2 for Roblox in 5s...
13:34  ERROR: Roblox: failed to scrape https://careers.roblox.com/jobs?search=UX+intern (page.goto: net::ERR_HTTP2_PROTOCOL_ERROR at https://careers.roblox.com/jobs?search=UX+intern
Call log:
  - navigating to "https://careers.roblox.com/jobs?search=UX+intern", waiting until "domcontentloaded"
)
13:34  Roblox: scrape failed — postings left untouched.
13:34  Checking Microsoft...
13:34  robots.txt unavailable for https://gcsservices.careers.microsoft.com; proceeding politely.
13:34  Retry 1/2 for Microsoft in 2s...
13:34  Retry 2/2 for Microsoft in 4s...
13:34  ERROR: Microsoft: failed to scrape https://gcsservices.careers.microsoft.com/search/api/v1/search?q=product%20design%20intern&l=en_us&pg=1&pgSz=20 (page.goto: net::ERR_CERT_COMMON_NAME_INVALID at https://gcsservices.careers.microsoft.com/search/api/v1/search?q=product%20design%20intern&l=en_us&pg=1&pgSz=20
Call log:
  - navigating to "https://gcsservices.careers.microsoft.com/search/api/v1/search?q=product%20design%20intern&l=en_us&pg=1&pgSz=20", waiting until "domcontentloaded"
)
13:34  Retry 1/2 for Microsoft in 2s...
13:34  Retry 2/2 for Microsoft in 5s...
13:34  ERROR: Microsoft: failed to scrape https://gcsservices.careers.microsoft.com/search/api/v1/search?q=UX%20design%20intern&l=en_us&pg=1&pgSz=20 (page.goto: net::ERR_CERT_COMMON_NAME_INVALID at https://gcsservices.careers.microsoft.com/search/api/v1/search?q=UX%20design%20intern&l=en_us&pg=1&pgSz=20
Call log:
  - navigating to "https://gcsservices.careers.microsoft.com/search/api/v1/search?q=UX%20design%20intern&l=en_us&pg=1&pgSz=20", waiting until "domcontentloaded"
)
13:34  Microsoft: scrape failed — postings left untouched.
13:34  Checking Amazon...
13:34  No changes.
13:34  Checking IBM...
13:35  No changes.
13:35  Checking Adobe...
13:35  No changes.
13:35  Checking American Express...
13:35  No changes.
13:35  Checking Mastercard...
13:35  No changes.
13:35  Checking Visa...
13:36  No changes.
13:36  Checking Nike...
13:36  No changes.
13:36  Widget feed updated.
13:36  === Check cycle finished (0 notification(s)) ===
