01:11  === Check cycle started ===
01:11  Checking Google...
01:11  No changes.
01:11  Checking YouTube...
01:11  No changes.
01:11  Checking Meta...
01:11  No changes.
01:11  Checking Apple...
01:12  Retry 1/2 for Apple in 2s...
01:14  Retry 1/2 for Apple in 2s...
01:14  No changes.
01:14  Checking Capital One...
01:14  robots.txt disallows https://www.capitalonecareers.com/search-jobs/design%20intern — skipping this URL.
01:14  robots.txt disallows https://www.capitalonecareers.com/search-jobs/product%20design — skipping this URL.
01:14  Capital One: scrape failed — postings left untouched.
01:14  Checking JPMorgan Chase...
01:14  No changes.
01:14  Checking Roblox...
01:14  Retry 1/2 for Roblox in 2s...
01:14  Retry 2/2 for Roblox in 5s...
01:14  ERROR: Roblox: failed to scrape https://careers.roblox.com/jobs?search=product+design (page.goto: net::ERR_HTTP2_PROTOCOL_ERROR at https://careers.roblox.com/jobs?search=product+design
Call log:
  - navigating to "https://careers.roblox.com/jobs?search=product+design", waiting until "domcontentloaded"
)
01:14  Retry 1/2 for Roblox in 2s...
01:15  Retry 2/2 for Roblox in 5s...
01:15  ERROR: Roblox: failed to scrape https://careers.roblox.com/jobs?search=UX+intern (page.goto: net::ERR_HTTP2_PROTOCOL_ERROR at https://careers.roblox.com/jobs?search=UX+intern
Call log:
  - navigating to "https://careers.roblox.com/jobs?search=UX+intern", waiting until "domcontentloaded"
)
01:15  Roblox: scrape failed — postings left untouched.
01:15  Checking Microsoft...
01:15  robots.txt unavailable for https://gcsservices.careers.microsoft.com; proceeding politely.
01:15  Retry 1/2 for Microsoft in 2s...
01:15  Retry 2/2 for Microsoft in 5s...
01:15  ERROR: Microsoft: failed to scrape https://gcsservices.careers.microsoft.com/search/api/v1/search?q=product%20design%20intern&l=en_us&pg=1&pgSz=20 (page.goto: net::ERR_CERT_COMMON_NAME_INVALID at https://gcsservices.careers.microsoft.com/search/api/v1/search?q=product%20design%20intern&l=en_us&pg=1&pgSz=20
Call log:
  - navigating to "https://gcsservices.careers.microsoft.com/search/api/v1/search?q=product%20design%20intern&l=en_us&pg=1&pgSz=20", waiting until "domcontentloaded"
)
01:15  Retry 1/2 for Microsoft in 2s...
01:15  Retry 2/2 for Microsoft in 5s...
01:15  ERROR: Microsoft: failed to scrape https://gcsservices.careers.microsoft.com/search/api/v1/search?q=UX%20design%20intern&l=en_us&pg=1&pgSz=20 (page.goto: net::ERR_CERT_COMMON_NAME_INVALID at https://gcsservices.careers.microsoft.com/search/api/v1/search?q=UX%20design%20intern&l=en_us&pg=1&pgSz=20
Call log:
  - navigating to "https://gcsservices.careers.microsoft.com/search/api/v1/search?q=UX%20design%20intern&l=en_us&pg=1&pgSz=20", waiting until "domcontentloaded"
)
01:15  Microsoft: scrape failed — postings left untouched.
01:15  Checking Amazon...
01:15  No changes.
01:15  Checking IBM...
01:16  No changes.
01:16  Checking Adobe...
01:16  No changes.
01:16  Checking American Express...
01:17  No changes.
01:17  Checking Mastercard...
01:17  No changes.
01:17  Checking Visa...
01:17  No changes.
01:17  Checking Nike...
01:17  No changes.
01:17  Widget feed updated.
01:17  === Check cycle finished (0 notification(s)) ===
