24:42  === Daily summary ===
24:42    Internship Monitor Daily Summary
24:42    Checked:
24:42    18 companies
24:42    New jobs:
24:42    0
24:42    Still Open:
24:42    11
24:42    Closed Today:
24:42    0
24:42  SMS DRY-RUN — daily summary would be:
24:42    | Internship Monitor Daily Summary
24:42    | Checked:
24:42    | 18 companies
24:42    | New jobs:
24:42    | 0
24:42    | Still Open:
24:42    | 11
24:42    | Closed Today:
24:42    | 0
24:42  Discord DRY-RUN (no webhook configured).
24:42  Widget feed updated.
05:56  === Check cycle started ===
05:56  Checking Google...
05:56  No changes.
05:56  Checking YouTube...
05:56  No changes.
05:56  Checking Meta...
05:57  No changes.
05:57  Checking Apple...
05:57  No changes.
05:57  Checking Capital One...
05:57  robots.txt disallows https://www.capitalonecareers.com/search-jobs/design%20intern — skipping this URL.
05:57  robots.txt disallows https://www.capitalonecareers.com/search-jobs/product%20design — skipping this URL.
05:57  Capital One: scrape failed — postings left untouched.
05:57  Checking JPMorgan Chase...
05:57  No changes.
05:57  Checking Roblox...
05:57  Retry 1/2 for Roblox in 2s...
05:57  Retry 2/2 for Roblox in 5s...
05:57  ERROR: Roblox: failed to scrape https://careers.roblox.com/jobs?search=product+design (page.goto: net::ERR_HTTP2_PROTOCOL_ERROR at https://careers.roblox.com/jobs?search=product+design
Call log:
  - navigating to "https://careers.roblox.com/jobs?search=product+design", waiting until "domcontentloaded"
)
05:57  Retry 1/2 for Roblox in 3s...
05:57  Retry 2/2 for Roblox in 4s...
05:57  ERROR: Roblox: failed to scrape https://careers.roblox.com/jobs?search=UX+intern (page.goto: net::ERR_HTTP2_PROTOCOL_ERROR at https://careers.roblox.com/jobs?search=UX+intern
Call log:
  - navigating to "https://careers.roblox.com/jobs?search=UX+intern", waiting until "domcontentloaded"
)
05:57  Roblox: scrape failed — postings left untouched.
05:57  Checking Microsoft...
05:57  robots.txt unavailable for https://gcsservices.careers.microsoft.com; proceeding politely.
05:57  Retry 1/2 for Microsoft in 2s...
05:57  Retry 2/2 for Microsoft in 4s...
05:57  ERROR: Microsoft: failed to scrape https://gcsservices.careers.microsoft.com/search/api/v1/search?q=product%20design%20intern&l=en_us&pg=1&pgSz=20 (page.goto: net::ERR_CERT_COMMON_NAME_INVALID at https://gcsservices.careers.microsoft.com/search/api/v1/search?q=product%20design%20intern&l=en_us&pg=1&pgSz=20
Call log:
  - navigating to "https://gcsservices.careers.microsoft.com/search/api/v1/search?q=product%20design%20intern&l=en_us&pg=1&pgSz=20", waiting until "domcontentloaded"
)
05:57  Retry 1/2 for Microsoft in 2s...
05:58  Retry 2/2 for Microsoft in 5s...
05:58  ERROR: Microsoft: failed to scrape https://gcsservices.careers.microsoft.com/search/api/v1/search?q=UX%20design%20intern&l=en_us&pg=1&pgSz=20 (page.goto: net::ERR_CERT_COMMON_NAME_INVALID at https://gcsservices.careers.microsoft.com/search/api/v1/search?q=UX%20design%20intern&l=en_us&pg=1&pgSz=20
Call log:
  - navigating to "https://gcsservices.careers.microsoft.com/search/api/v1/search?q=UX%20design%20intern&l=en_us&pg=1&pgSz=20", waiting until "domcontentloaded"
)
05:58  Microsoft: scrape failed — postings left untouched.
05:58  Checking Amazon...
05:58  No changes.
05:58  Checking IBM...
05:59  No changes.
05:59  Checking Adobe...
05:59  No changes.
05:59  Checking American Express...
05:59  No changes.
05:59  Checking Mastercard...
05:59  No changes.
05:59  Checking Visa...
06:00  No changes.
06:00  Checking Nike...
06:00  No changes.
06:00  Checking Spotify...
06:00  No changes.
06:00  Checking Tesla...
06:00  Retry 1/2 for Tesla in 2s...
06:00  Retry 2/2 for Tesla in 5s...
06:00  ERROR: Tesla: failed to scrape https://www.tesla.com/careers/search/?type=intern&site=US (Cloudflare / bot challenge detected)
06:00  Retry 1/2 for Tesla in 2s...
06:00  Retry 2/2 for Tesla in 5s...
06:00  ERROR: Tesla: failed to scrape https://www.tesla.com/careers/search/?query=design%20intern&site=US (Cloudflare / bot challenge detected)
06:00  Tesla: scrape failed — postings left untouched.
06:00  Checking Warner Bros. Discovery...
06:01  No changes.
06:01  Widget feed updated.
06:01  === Check cycle finished (0 notification(s)) ===
11:14  === Check cycle started ===
11:14  Checking Google...
11:15  No changes.
11:15  Checking YouTube...
11:15  No changes.
11:15  Checking Meta...
11:15  No changes.
11:15  Checking Apple...
11:15  No changes.
11:15  Checking Capital One...
11:15  robots.txt disallows https://www.capitalonecareers.com/search-jobs/design%20intern — skipping this URL.
11:15  robots.txt disallows https://www.capitalonecareers.com/search-jobs/product%20design — skipping this URL.
11:15  Capital One: scrape failed — postings left untouched.
11:15  Checking JPMorgan Chase...
11:15  No changes.
11:15  Checking Roblox...
11:15  Retry 1/2 for Roblox in 2s...
11:15  Retry 2/2 for Roblox in 5s...
11:15  ERROR: Roblox: failed to scrape https://careers.roblox.com/jobs?search=product+design (page.goto: net::ERR_HTTP2_PROTOCOL_ERROR at https://careers.roblox.com/jobs?search=product+design
Call log:
  - navigating to "https://careers.roblox.com/jobs?search=product+design", waiting until "domcontentloaded"
)
11:16  Retry 1/2 for Roblox in 2s...
11:16  Retry 2/2 for Roblox in 5s...
11:16  ERROR: Roblox: failed to scrape https://careers.roblox.com/jobs?search=UX+intern (page.goto: net::ERR_HTTP2_PROTOCOL_ERROR at https://careers.roblox.com/jobs?search=UX+intern
Call log:
  - navigating to "https://careers.roblox.com/jobs?search=UX+intern", waiting until "domcontentloaded"
)
11:16  Roblox: scrape failed — postings left untouched.
11:16  Checking Microsoft...
11:16  robots.txt unavailable for https://gcsservices.careers.microsoft.com; proceeding politely.
11:16  Retry 1/2 for Microsoft in 2s...
11:16  Retry 2/2 for Microsoft in 5s...
11:16  ERROR: Microsoft: failed to scrape https://gcsservices.careers.microsoft.com/search/api/v1/search?q=product%20design%20intern&l=en_us&pg=1&pgSz=20 (page.goto: net::ERR_CERT_COMMON_NAME_INVALID at https://gcsservices.careers.microsoft.com/search/api/v1/search?q=product%20design%20intern&l=en_us&pg=1&pgSz=20
Call log:
  - navigating to "https://gcsservices.careers.microsoft.com/search/api/v1/search?q=product%20design%20intern&l=en_us&pg=1&pgSz=20", waiting until "domcontentloaded"
)
11:16  Retry 1/2 for Microsoft in 2s...
11:16  Retry 2/2 for Microsoft in 4s...
11:16  ERROR: Microsoft: failed to scrape https://gcsservices.careers.microsoft.com/search/api/v1/search?q=UX%20design%20intern&l=en_us&pg=1&pgSz=20 (page.goto: net::ERR_CERT_COMMON_NAME_INVALID at https://gcsservices.careers.microsoft.com/search/api/v1/search?q=UX%20design%20intern&l=en_us&pg=1&pgSz=20
Call log:
  - navigating to "https://gcsservices.careers.microsoft.com/search/api/v1/search?q=UX%20design%20intern&l=en_us&pg=1&pgSz=20", waiting until "domcontentloaded"
)
11:16  Microsoft: scrape failed — postings left untouched.
11:16  Checking Amazon...
11:16  No changes.
11:16  Checking IBM...
11:17  No changes.
11:17  Checking Adobe...
11:17  No changes.
11:17  Checking American Express...
11:17  No changes.
11:17  Checking Mastercard...
11:17  No changes.
11:17  Checking Visa...
11:18  No changes.
11:18  Checking Nike...
11:18  No changes.
11:18  Checking Spotify...
11:18  No changes.
11:18  Checking Tesla...
11:18  Retry 1/2 for Tesla in 2s...
11:18  Retry 2/2 for Tesla in 5s...
11:18  ERROR: Tesla: failed to scrape https://www.tesla.com/careers/search/?type=intern&site=US (Cloudflare / bot challenge detected)
11:18  Retry 1/2 for Tesla in 2s...
11:18  Retry 2/2 for Tesla in 5s...
11:18  ERROR: Tesla: failed to scrape https://www.tesla.com/careers/search/?query=design%20intern&site=US (Cloudflare / bot challenge detected)
11:18  Tesla: scrape failed — postings left untouched.
11:18  Checking Warner Bros. Discovery...
11:19  No changes.
11:19  Widget feed updated.
11:19  === Check cycle finished (0 notification(s)) ===
15:52  === Check cycle started ===
15:52  Checking Google...
15:52  No changes.
15:52  Checking YouTube...
15:52  No changes.
15:52  Checking Meta...
15:53  No changes.
15:53  Checking Apple...
15:53  No changes.
15:53  Checking Capital One...
15:53  robots.txt disallows https://www.capitalonecareers.com/search-jobs/design%20intern — skipping this URL.
15:53  robots.txt disallows https://www.capitalonecareers.com/search-jobs/product%20design — skipping this URL.
15:53  Capital One: scrape failed — postings left untouched.
15:53  Checking JPMorgan Chase...
15:53  No changes.
15:53  Checking Roblox...
15:53  Retry 1/2 for Roblox in 2s...
15:53  Retry 2/2 for Roblox in 4s...
15:53  ERROR: Roblox: failed to scrape https://careers.roblox.com/jobs?search=product+design (page.goto: net::ERR_HTTP2_PROTOCOL_ERROR at https://careers.roblox.com/jobs?search=product+design
Call log:
  - navigating to "https://careers.roblox.com/jobs?search=product+design", waiting until "domcontentloaded"
)
15:53  Retry 1/2 for Roblox in 2s...
15:53  Retry 2/2 for Roblox in 4s...
15:53  ERROR: Roblox: failed to scrape https://careers.roblox.com/jobs?search=UX+intern (page.goto: net::ERR_HTTP2_PROTOCOL_ERROR at https://careers.roblox.com/jobs?search=UX+intern
Call log:
  - navigating to "https://careers.roblox.com/jobs?search=UX+intern", waiting until "domcontentloaded"
)
15:53  Roblox: scrape failed — postings left untouched.
15:53  Checking Microsoft...
15:53  robots.txt unavailable for https://gcsservices.careers.microsoft.com; proceeding politely.
15:53  Retry 1/2 for Microsoft in 2s...
15:53  Retry 2/2 for Microsoft in 5s...
15:53  ERROR: Microsoft: failed to scrape https://gcsservices.careers.microsoft.com/search/api/v1/search?q=product%20design%20intern&l=en_us&pg=1&pgSz=20 (page.goto: net::ERR_CERT_COMMON_NAME_INVALID at https://gcsservices.careers.microsoft.com/search/api/v1/search?q=product%20design%20intern&l=en_us&pg=1&pgSz=20
Call log:
  - navigating to "https://gcsservices.careers.microsoft.com/search/api/v1/search?q=product%20design%20intern&l=en_us&pg=1&pgSz=20", waiting until "domcontentloaded"
)
15:53  Retry 1/2 for Microsoft in 2s...
15:53  Retry 2/2 for Microsoft in 5s...
15:54  ERROR: Microsoft: failed to scrape https://gcsservices.careers.microsoft.com/search/api/v1/search?q=UX%20design%20intern&l=en_us&pg=1&pgSz=20 (page.goto: net::ERR_CERT_COMMON_NAME_INVALID at https://gcsservices.careers.microsoft.com/search/api/v1/search?q=UX%20design%20intern&l=en_us&pg=1&pgSz=20
Call log:
  - navigating to "https://gcsservices.careers.microsoft.com/search/api/v1/search?q=UX%20design%20intern&l=en_us&pg=1&pgSz=20", waiting until "domcontentloaded"
)
15:54  Microsoft: scrape failed — postings left untouched.
15:54  Checking Amazon...
15:54  No changes.
15:54  Checking IBM...
15:55  No changes.
15:55  Checking Adobe...
15:55  No changes.
15:55  Checking American Express...
15:55  No changes.
15:55  Checking Mastercard...
15:55  No changes.
15:55  Checking Visa...
15:56  No changes.
15:56  Checking Nike...
15:56  No changes.
15:56  Checking Spotify...
15:56  No changes.
15:56  Checking Tesla...
15:56  Retry 1/2 for Tesla in 2s...
15:56  Retry 2/2 for Tesla in 5s...
15:56  ERROR: Tesla: failed to scrape https://www.tesla.com/careers/search/?type=intern&site=US (Cloudflare / bot challenge detected)
15:56  Retry 1/2 for Tesla in 2s...
15:56  Retry 2/2 for Tesla in 4s...
15:56  ERROR: Tesla: failed to scrape https://www.tesla.com/careers/search/?query=design%20intern&site=US (Cloudflare / bot challenge detected)
15:56  Tesla: scrape failed — postings left untouched.
15:56  Checking Warner Bros. Discovery...
15:57  No changes.
15:57  Widget feed updated.
15:57  === Check cycle finished (0 notification(s)) ===
18:29  === Check cycle started ===
18:29  Checking Google...
18:29  No changes.
18:29  Checking YouTube...
18:29  No changes.
18:29  Checking Meta...
18:30  No changes.
18:30  Checking Apple...
18:30  No changes.
18:30  Checking Capital One...
18:30  robots.txt disallows https://www.capitalonecareers.com/search-jobs/design%20intern — skipping this URL.
18:30  robots.txt disallows https://www.capitalonecareers.com/search-jobs/product%20design — skipping this URL.
18:30  Capital One: scrape failed — postings left untouched.
18:30  Checking JPMorgan Chase...
18:30  No changes.
18:30  Checking Roblox...
18:30  Retry 1/2 for Roblox in 2s...
18:30  Retry 2/2 for Roblox in 4s...
18:30  ERROR: Roblox: failed to scrape https://careers.roblox.com/jobs?search=product+design (page.goto: net::ERR_HTTP2_PROTOCOL_ERROR at https://careers.roblox.com/jobs?search=product+design
Call log:
  - navigating to "https://careers.roblox.com/jobs?search=product+design", waiting until "domcontentloaded"
)
18:30  Retry 1/2 for Roblox in 2s...
18:30  Retry 2/2 for Roblox in 4s...
18:30  ERROR: Roblox: failed to scrape https://careers.roblox.com/jobs?search=UX+intern (page.goto: net::ERR_HTTP2_PROTOCOL_ERROR at https://careers.roblox.com/jobs?search=UX+intern
Call log:
  - navigating to "https://careers.roblox.com/jobs?search=UX+intern", waiting until "domcontentloaded"
)
18:30  Roblox: scrape failed — postings left untouched.
18:30  Checking Microsoft...
18:30  robots.txt unavailable for https://gcsservices.careers.microsoft.com; proceeding politely.
18:30  Retry 1/2 for Microsoft in 2s...
18:30  Retry 2/2 for Microsoft in 5s...
18:30  ERROR: Microsoft: failed to scrape https://gcsservices.careers.microsoft.com/search/api/v1/search?q=product%20design%20intern&l=en_us&pg=1&pgSz=20 (page.goto: net::ERR_CERT_COMMON_NAME_INVALID at https://gcsservices.careers.microsoft.com/search/api/v1/search?q=product%20design%20intern&l=en_us&pg=1&pgSz=20
Call log:
  - navigating to "https://gcsservices.careers.microsoft.com/search/api/v1/search?q=product%20design%20intern&l=en_us&pg=1&pgSz=20", waiting until "domcontentloaded"
)
18:30  Retry 1/2 for Microsoft in 2s...
18:30  Retry 2/2 for Microsoft in 5s...
18:31  ERROR: Microsoft: failed to scrape https://gcsservices.careers.microsoft.com/search/api/v1/search?q=UX%20design%20intern&l=en_us&pg=1&pgSz=20 (page.goto: net::ERR_CERT_COMMON_NAME_INVALID at https://gcsservices.careers.microsoft.com/search/api/v1/search?q=UX%20design%20intern&l=en_us&pg=1&pgSz=20
Call log:
  - navigating to "https://gcsservices.careers.microsoft.com/search/api/v1/search?q=UX%20design%20intern&l=en_us&pg=1&pgSz=20", waiting until "domcontentloaded"
)
18:31  Microsoft: scrape failed — postings left untouched.
18:31  Checking Amazon...
18:31  No changes.
18:31  Checking IBM...
18:31  No changes.
18:31  Checking Adobe...
18:32  No changes.
18:32  Checking American Express...
18:32  No changes.
18:32  Checking Mastercard...
18:32  No changes.
18:32  Checking Visa...
18:32  No changes.
18:32  Checking Nike...
18:32  No changes.
18:32  Checking Spotify...
18:33  No changes.
18:33  Checking Tesla...
18:33  Retry 1/2 for Tesla in 2s...
18:33  Retry 2/2 for Tesla in 4s...
18:33  ERROR: Tesla: failed to scrape https://www.tesla.com/careers/search/?type=intern&site=US (Cloudflare / bot challenge detected)
18:33  Retry 1/2 for Tesla in 2s...
18:33  Retry 2/2 for Tesla in 4s...
18:33  ERROR: Tesla: failed to scrape https://www.tesla.com/careers/search/?query=design%20intern&site=US (Cloudflare / bot challenge detected)
18:33  Tesla: scrape failed — postings left untouched.
18:33  Checking Warner Bros. Discovery...
18:33  No changes.
18:33  Widget feed updated.
18:33  === Check cycle finished (0 notification(s)) ===
22:11  === Check cycle started ===
22:11  Checking Google...
22:12  No changes.
22:12  Checking YouTube...
22:12  No changes.
22:12  Checking Meta...
22:12  No changes.
22:12  Checking Apple...
22:12  No changes.
22:12  Checking Capital One...
22:12  robots.txt disallows https://www.capitalonecareers.com/search-jobs/design%20intern — skipping this URL.
22:12  robots.txt disallows https://www.capitalonecareers.com/search-jobs/product%20design — skipping this URL.
22:12  Capital One: scrape failed — postings left untouched.
22:12  Checking JPMorgan Chase...
22:12  No changes.
22:12  Checking Roblox...
22:12  Retry 1/2 for Roblox in 2s...
22:12  Retry 2/2 for Roblox in 5s...
22:13  ERROR: Roblox: failed to scrape https://careers.roblox.com/jobs?search=product+design (page.goto: net::ERR_HTTP2_PROTOCOL_ERROR at https://careers.roblox.com/jobs?search=product+design
Call log:
  - navigating to "https://careers.roblox.com/jobs?search=product+design", waiting until "domcontentloaded"
)
22:13  Retry 1/2 for Roblox in 3s...
22:13  Retry 2/2 for Roblox in 4s...
22:13  ERROR: Roblox: failed to scrape https://careers.roblox.com/jobs?search=UX+intern (page.goto: net::ERR_HTTP2_PROTOCOL_ERROR at https://careers.roblox.com/jobs?search=UX+intern
Call log:
  - navigating to "https://careers.roblox.com/jobs?search=UX+intern", waiting until "domcontentloaded"
)
22:13  Roblox: scrape failed — postings left untouched.
22:13  Checking Microsoft...
22:13  robots.txt unavailable for https://gcsservices.careers.microsoft.com; proceeding politely.
22:13  Retry 1/2 for Microsoft in 2s...
22:13  Retry 2/2 for Microsoft in 5s...
22:13  ERROR: Microsoft: failed to scrape https://gcsservices.careers.microsoft.com/search/api/v1/search?q=product%20design%20intern&l=en_us&pg=1&pgSz=20 (page.goto: net::ERR_CERT_COMMON_NAME_INVALID at https://gcsservices.careers.microsoft.com/search/api/v1/search?q=product%20design%20intern&l=en_us&pg=1&pgSz=20
Call log:
  - navigating to "https://gcsservices.careers.microsoft.com/search/api/v1/search?q=product%20design%20intern&l=en_us&pg=1&pgSz=20", waiting until "domcontentloaded"
)
22:13  Retry 1/2 for Microsoft in 2s...
22:13  Retry 2/2 for Microsoft in 5s...
22:13  ERROR: Microsoft: failed to scrape https://gcsservices.careers.microsoft.com/search/api/v1/search?q=UX%20design%20intern&l=en_us&pg=1&pgSz=20 (page.goto: net::ERR_CERT_COMMON_NAME_INVALID at https://gcsservices.careers.microsoft.com/search/api/v1/search?q=UX%20design%20intern&l=en_us&pg=1&pgSz=20
Call log:
  - navigating to "https://gcsservices.careers.microsoft.com/search/api/v1/search?q=UX%20design%20intern&l=en_us&pg=1&pgSz=20", waiting until "domcontentloaded"
)
22:13  Microsoft: scrape failed — postings left untouched.
22:13  Checking Amazon...
22:13  No changes.
22:13  Checking IBM...
22:14  No changes.
22:14  Checking Adobe...
22:14  No changes.
22:14  Checking American Express...
22:15  No changes.
22:15  Checking Mastercard...
22:15  No changes.
22:15  Checking Visa...
22:15  No changes.
22:15  Checking Nike...
22:15  No changes.
22:15  Checking Spotify...
22:15  No changes.
22:15  Checking Tesla...
22:15  Retry 1/2 for Tesla in 2s...
22:15  Retry 2/2 for Tesla in 5s...
22:16  ERROR: Tesla: failed to scrape https://www.tesla.com/careers/search/?type=intern&site=US (Cloudflare / bot challenge detected)
22:16  Retry 1/2 for Tesla in 2s...
22:16  Retry 2/2 for Tesla in 4s...
22:16  ERROR: Tesla: failed to scrape https://www.tesla.com/careers/search/?query=design%20intern&site=US (Cloudflare / bot challenge detected)
22:16  Tesla: scrape failed — postings left untouched.
22:16  Checking Warner Bros. Discovery...
22:16  No changes.
22:16  Widget feed updated.
22:16  === Check cycle finished (0 notification(s)) ===
