24:30  === Daily summary ===
24:30    Internship Monitor Daily Summary
24:30    Checked:
24:30    18 companies
24:30    New jobs:
24:30    0
24:30    Still Open:
24:30    8
24:30    Closed Today:
24:30    0
24:30  SMS DRY-RUN — daily summary would be:
24:30    | Internship Monitor Daily Summary
24:30    | Checked:
24:30    | 18 companies
24:30    | New jobs:
24:30    | 0
24:30    | Still Open:
24:30    | 8
24:30    | Closed Today:
24:30    | 0
24:30  Discord DRY-RUN (no webhook configured).
24:30  Widget feed updated.
