24:09  === Daily summary ===
24:09    Internship Monitor Daily Summary
24:09    Checked:
24:09    18 companies
24:09    New jobs:
24:09    0
24:09    Still Open:
24:09    9
24:09    Closed Today:
24:09    0
24:09  SMS DRY-RUN — daily summary would be:
24:09    | Internship Monitor Daily Summary
24:09    | Checked:
24:09    | 18 companies
24:09    | New jobs:
24:09    | 0
24:09    | Still Open:
24:09    | 9
24:09    | Closed Today:
24:09    | 0
24:09  Discord DRY-RUN (no webhook configured).
24:09  Widget feed updated.
02:24  === Check cycle started ===
02:24  Checking Google...
02:24  No changes.
02:24  Checking YouTube...
02:24  No changes.
02:24  Checking Meta...
02:25  No changes.
02:25  Checking Apple...
02:25  No changes.
02:25  Checking Capital One...
02:25  robots.txt disallows https://www.capitalonecareers.com/search-jobs/design%20intern — skipping this URL.
02:25  robots.txt disallows https://www.capitalonecareers.com/search-jobs/product%20design — skipping this URL.
02:25  Capital One: scrape failed — postings left untouched.
02:25  Checking JPMorgan Chase...
02:25  No changes.
02:25  Checking Roblox...
02:25  Retry 1/2 for Roblox in 2s...
02:25  Retry 2/2 for Roblox in 5s...
02:25  ERROR: Roblox: failed to scrape https://careers.roblox.com/jobs?search=product+design (page.goto: net::ERR_HTTP2_PROTOCOL_ERROR at https://careers.roblox.com/jobs?search=product+design
Call log:
  - navigating to "https://careers.roblox.com/jobs?search=product+design", waiting until "domcontentloaded"
)
02:25  Retry 1/2 for Roblox in 2s...
02:25  Retry 2/2 for Roblox in 4s...
02:25  ERROR: Roblox: failed to scrape https://careers.roblox.com/jobs?search=UX+intern (page.goto: net::ERR_HTTP2_PROTOCOL_ERROR at https://careers.roblox.com/jobs?search=UX+intern
Call log:
  - navigating to "https://careers.roblox.com/jobs?search=UX+intern", waiting until "domcontentloaded"
)
02:25  Roblox: scrape failed — postings left untouched.
02:25  Checking Microsoft...
02:25  robots.txt unavailable for https://gcsservices.careers.microsoft.com; proceeding politely.
02:25  Retry 1/2 for Microsoft in 2s...
02:25  Retry 2/2 for Microsoft in 5s...
02:25  ERROR: Microsoft: failed to scrape https://gcsservices.careers.microsoft.com/search/api/v1/search?q=product%20design%20intern&l=en_us&pg=1&pgSz=20 (page.goto: net::ERR_CERT_COMMON_NAME_INVALID at https://gcsservices.careers.microsoft.com/search/api/v1/search?q=product%20design%20intern&l=en_us&pg=1&pgSz=20
Call log:
  - navigating to "https://gcsservices.careers.microsoft.com/search/api/v1/search?q=product%20design%20intern&l=en_us&pg=1&pgSz=20", waiting until "domcontentloaded"
)
02:26  Retry 1/2 for Microsoft in 2s...
02:26  Retry 2/2 for Microsoft in 5s...
02:26  ERROR: Microsoft: failed to scrape https://gcsservices.careers.microsoft.com/search/api/v1/search?q=UX%20design%20intern&l=en_us&pg=1&pgSz=20 (page.goto: net::ERR_CERT_COMMON_NAME_INVALID at https://gcsservices.careers.microsoft.com/search/api/v1/search?q=UX%20design%20intern&l=en_us&pg=1&pgSz=20
Call log:
  - navigating to "https://gcsservices.careers.microsoft.com/search/api/v1/search?q=UX%20design%20intern&l=en_us&pg=1&pgSz=20", waiting until "domcontentloaded"
)
02:26  Microsoft: scrape failed — postings left untouched.
02:26  Checking Amazon...
02:26  No changes.
02:26  Checking IBM...
02:27  No changes.
02:27  Checking Adobe...
02:27  No changes.
02:27  Checking American Express...
02:27  No changes.
02:27  Checking Mastercard...
02:27  No changes.
02:27  Checking Visa...
02:27  No changes.
02:27  Checking Nike...
02:27  No changes.
02:27  Checking Spotify...
02:28  No changes.
02:28  Checking Tesla...
02:28  Retry 1/2 for Tesla in 2s...
02:28  Retry 2/2 for Tesla in 5s...
02:28  ERROR: Tesla: failed to scrape https://www.tesla.com/careers/search/?type=intern&site=US (Cloudflare / bot challenge detected)
02:28  Retry 1/2 for Tesla in 2s...
02:28  Retry 2/2 for Tesla in 5s...
02:28  ERROR: Tesla: failed to scrape https://www.tesla.com/careers/search/?query=design%20intern&site=US (Cloudflare / bot challenge detected)
02:28  Tesla: scrape failed — postings left untouched.
02:28  Checking Warner Bros. Discovery...
02:28  No changes.
02:28  Widget feed updated.
02:28  === Check cycle finished (0 notification(s)) ===
