24:32  === Check cycle started ===
24:32  Checking Google...
24:32  No changes.
24:32  Checking YouTube...
24:32  No changes.
24:32  Checking Meta...
24:33  No changes.
24:33  Checking Apple...
24:33  No changes.
24:33  Checking Capital One...
24:33  robots.txt disallows https://www.capitalonecareers.com/search-jobs/design%20intern — skipping this URL.
24:33  robots.txt disallows https://www.capitalonecareers.com/search-jobs/product%20design — skipping this URL.
24:33  Capital One: scrape failed — postings left untouched.
24:33  Checking JPMorgan Chase...
24:33  No changes.
24:33  Checking Roblox...
24:33  Retry 1/2 for Roblox in 3s...
24:33  Retry 2/2 for Roblox in 4s...
24:33  ERROR: Roblox: failed to scrape https://careers.roblox.com/jobs?search=product+design (page.goto: net::ERR_HTTP2_PROTOCOL_ERROR at https://careers.roblox.com/jobs?search=product+design
Call log:
  - navigating to "https://careers.roblox.com/jobs?search=product+design", waiting until "domcontentloaded"
)
24:33  Retry 1/2 for Roblox in 2s...
24:33  Retry 2/2 for Roblox in 5s...
24:33  ERROR: Roblox: failed to scrape https://careers.roblox.com/jobs?search=UX+intern (page.goto: net::ERR_HTTP2_PROTOCOL_ERROR at https://careers.roblox.com/jobs?search=UX+intern
Call log:
  - navigating to "https://careers.roblox.com/jobs?search=UX+intern", waiting until "domcontentloaded"
)
24:33  Roblox: scrape failed — postings left untouched.
24:33  Checking Microsoft...
24:33  robots.txt unavailable for https://gcsservices.careers.microsoft.com; proceeding politely.
24:33  Retry 1/2 for Microsoft in 2s...
24:33  Retry 2/2 for Microsoft in 4s...
24:33  ERROR: Microsoft: failed to scrape https://gcsservices.careers.microsoft.com/search/api/v1/search?q=product%20design%20intern&l=en_us&pg=1&pgSz=20 (page.goto: net::ERR_CERT_COMMON_NAME_INVALID at https://gcsservices.careers.microsoft.com/search/api/v1/search?q=product%20design%20intern&l=en_us&pg=1&pgSz=20
Call log:
  - navigating to "https://gcsservices.careers.microsoft.com/search/api/v1/search?q=product%20design%20intern&l=en_us&pg=1&pgSz=20", waiting until "domcontentloaded"
)
24:34  Retry 1/2 for Microsoft in 2s...
24:34  Retry 2/2 for Microsoft in 5s...
24:34  ERROR: Microsoft: failed to scrape https://gcsservices.careers.microsoft.com/search/api/v1/search?q=UX%20design%20intern&l=en_us&pg=1&pgSz=20 (page.goto: net::ERR_CERT_COMMON_NAME_INVALID at https://gcsservices.careers.microsoft.com/search/api/v1/search?q=UX%20design%20intern&l=en_us&pg=1&pgSz=20
Call log:
  - navigating to "https://gcsservices.careers.microsoft.com/search/api/v1/search?q=UX%20design%20intern&l=en_us&pg=1&pgSz=20", waiting until "domcontentloaded"
)
24:34  Microsoft: scrape failed — postings left untouched.
24:34  Checking Amazon...
24:34  No changes.
24:34  Checking IBM...
24:35  No changes.
24:35  Checking Adobe...
24:35  No changes.
24:35  Checking American Express...
24:35  No changes.
24:35  Checking Mastercard...
24:35  No changes.
24:35  Checking Visa...
24:36  No changes.
24:36  Checking Nike...
24:36  No changes.
24:36  Checking Spotify...
24:36  No changes.
24:36  Checking Tesla...
24:36  Retry 1/2 for Tesla in 2s...
24:36  Retry 2/2 for Tesla in 5s...
24:36  ERROR: Tesla: failed to scrape https://www.tesla.com/careers/search/?type=intern&site=US (Cloudflare / bot challenge detected)
24:36  Retry 1/2 for Tesla in 3s...
24:36  Retry 2/2 for Tesla in 5s...
24:36  ERROR: Tesla: failed to scrape https://www.tesla.com/careers/search/?query=design%20intern&site=US (Cloudflare / bot challenge detected)
24:36  Tesla: scrape failed — postings left untouched.
24:36  Checking Warner Bros. Discovery...
24:37  No changes.
24:37  Widget feed updated.
24:37  === Check cycle finished (0 notification(s)) ===
