01:37  === Check cycle started ===
01:37  Checking Google...
01:37  No changes.
01:37  Checking YouTube...
01:37  No changes.
01:37  Checking Meta...
01:37  No changes.
01:37  Checking Apple...
01:37  No changes.
01:37  Checking Capital One...
01:37  robots.txt disallows https://www.capitalonecareers.com/search-jobs/design%20intern — skipping this URL.
01:37  robots.txt disallows https://www.capitalonecareers.com/search-jobs/product%20design — skipping this URL.
01:37  Capital One: scrape failed — postings left untouched.
01:37  Checking JPMorgan Chase...
01:38  No changes.
01:38  Checking Roblox...
01:38  Retry 1/2 for Roblox in 2s...
01:38  Retry 2/2 for Roblox in 5s...
01:38  ERROR: Roblox: failed to scrape https://careers.roblox.com/jobs?search=product+design (page.goto: net::ERR_HTTP2_PROTOCOL_ERROR at https://careers.roblox.com/jobs?search=product+design
Call log:
  - navigating to "https://careers.roblox.com/jobs?search=product+design", waiting until "domcontentloaded"
)
01:38  Retry 1/2 for Roblox in 2s...
01:38  Retry 2/2 for Roblox in 4s...
01:38  ERROR: Roblox: failed to scrape https://careers.roblox.com/jobs?search=UX+intern (page.goto: net::ERR_HTTP2_PROTOCOL_ERROR at https://careers.roblox.com/jobs?search=UX+intern
Call log:
  - navigating to "https://careers.roblox.com/jobs?search=UX+intern", waiting until "domcontentloaded"
)
01:38  Roblox: scrape failed — postings left untouched.
01:38  Checking Microsoft...
01:38  robots.txt unavailable for https://gcsservices.careers.microsoft.com; proceeding politely.
01:38  Retry 1/2 for Microsoft in 2s...
01:38  Retry 2/2 for Microsoft in 4s...
01:38  ERROR: Microsoft: failed to scrape https://gcsservices.careers.microsoft.com/search/api/v1/search?q=product%20design%20intern&l=en_us&pg=1&pgSz=20 (page.goto: net::ERR_CERT_COMMON_NAME_INVALID at https://gcsservices.careers.microsoft.com/search/api/v1/search?q=product%20design%20intern&l=en_us&pg=1&pgSz=20
Call log:
  - navigating to "https://gcsservices.careers.microsoft.com/search/api/v1/search?q=product%20design%20intern&l=en_us&pg=1&pgSz=20", waiting until "domcontentloaded"
)
01:38  Retry 1/2 for Microsoft in 2s...
01:38  Retry 2/2 for Microsoft in 5s...
01:38  ERROR: Microsoft: failed to scrape https://gcsservices.careers.microsoft.com/search/api/v1/search?q=UX%20design%20intern&l=en_us&pg=1&pgSz=20 (page.goto: net::ERR_CERT_COMMON_NAME_INVALID at https://gcsservices.careers.microsoft.com/search/api/v1/search?q=UX%20design%20intern&l=en_us&pg=1&pgSz=20
Call log:
  - navigating to "https://gcsservices.careers.microsoft.com/search/api/v1/search?q=UX%20design%20intern&l=en_us&pg=1&pgSz=20", waiting until "domcontentloaded"
)
01:38  Microsoft: scrape failed — postings left untouched.
01:38  Checking Amazon...
01:38  No changes.
01:38  Checking IBM...
01:39  No changes.
01:39  Checking Adobe...
01:39  No changes.
01:39  Checking American Express...
01:40  No changes.
01:40  Checking Mastercard...
01:40  No changes.
01:40  Checking Visa...
01:40  No changes.
01:40  Checking Nike...
01:40  No changes.
01:40  Widget feed updated.
01:40  === Check cycle finished (0 notification(s)) ===
04:25  === Check cycle started ===
04:25  Checking Google...
04:26  No changes.
04:26  Checking YouTube...
04:26  No changes.
04:26  Checking Meta...
04:26  No changes.
04:26  Checking Apple...
04:26  No changes.
04:26  Checking Capital One...
04:26  robots.txt disallows https://www.capitalonecareers.com/search-jobs/design%20intern — skipping this URL.
04:26  robots.txt disallows https://www.capitalonecareers.com/search-jobs/product%20design — skipping this URL.
04:26  Capital One: scrape failed — postings left untouched.
04:26  Checking JPMorgan Chase...
04:26  No changes.
04:26  Checking Roblox...
04:26  Retry 1/2 for Roblox in 2s...
04:26  Retry 2/2 for Roblox in 4s...
04:26  ERROR: Roblox: failed to scrape https://careers.roblox.com/jobs?search=product+design (page.goto: net::ERR_HTTP2_PROTOCOL_ERROR at https://careers.roblox.com/jobs?search=product+design
Call log:
  - navigating to "https://careers.roblox.com/jobs?search=product+design", waiting until "domcontentloaded"
)
04:26  Retry 1/2 for Roblox in 2s...
04:27  Retry 2/2 for Roblox in 4s...
04:27  ERROR: Roblox: failed to scrape https://careers.roblox.com/jobs?search=UX+intern (page.goto: net::ERR_HTTP2_PROTOCOL_ERROR at https://careers.roblox.com/jobs?search=UX+intern
Call log:
  - navigating to "https://careers.roblox.com/jobs?search=UX+intern", waiting until "domcontentloaded"
)
04:27  Roblox: scrape failed — postings left untouched.
04:27  Checking Microsoft...
04:27  robots.txt unavailable for https://gcsservices.careers.microsoft.com; proceeding politely.
04:27  Retry 1/2 for Microsoft in 2s...
04:27  Retry 2/2 for Microsoft in 5s...
04:27  ERROR: Microsoft: failed to scrape https://gcsservices.careers.microsoft.com/search/api/v1/search?q=product%20design%20intern&l=en_us&pg=1&pgSz=20 (page.goto: net::ERR_CERT_COMMON_NAME_INVALID at https://gcsservices.careers.microsoft.com/search/api/v1/search?q=product%20design%20intern&l=en_us&pg=1&pgSz=20
Call log:
  - navigating to "https://gcsservices.careers.microsoft.com/search/api/v1/search?q=product%20design%20intern&l=en_us&pg=1&pgSz=20", waiting until "domcontentloaded"
)
04:27  Retry 1/2 for Microsoft in 2s...
04:27  Retry 2/2 for Microsoft in 4s...
04:27  ERROR: Microsoft: failed to scrape https://gcsservices.careers.microsoft.com/search/api/v1/search?q=UX%20design%20intern&l=en_us&pg=1&pgSz=20 (page.goto: net::ERR_CERT_COMMON_NAME_INVALID at https://gcsservices.careers.microsoft.com/search/api/v1/search?q=UX%20design%20intern&l=en_us&pg=1&pgSz=20
Call log:
  - navigating to "https://gcsservices.careers.microsoft.com/search/api/v1/search?q=UX%20design%20intern&l=en_us&pg=1&pgSz=20", waiting until "domcontentloaded"
)
04:27  Microsoft: scrape failed — postings left untouched.
04:27  Checking Amazon...
04:27  No changes.
04:27  Checking IBM...
04:28  No changes.
04:28  Checking Adobe...
04:28  No changes.
04:28  Checking American Express...
04:28  No changes.
04:28  Checking Mastercard...
04:28  No changes.
04:28  Checking Visa...
04:29  No changes.
04:29  Checking Nike...
04:29  No changes.
04:29  Widget feed updated.
04:29  === Check cycle finished (0 notification(s)) ===
07:34  === Check cycle started ===
07:34  Checking Google...
07:34  No changes.
07:34  Checking YouTube...
07:34  No changes.
07:34  Checking Meta...
07:35  No changes.
07:35  Checking Apple...
07:35  No changes.
07:35  Checking Capital One...
07:35  robots.txt disallows https://www.capitalonecareers.com/search-jobs/design%20intern — skipping this URL.
07:35  robots.txt disallows https://www.capitalonecareers.com/search-jobs/product%20design — skipping this URL.
07:35  Capital One: scrape failed — postings left untouched.
07:35  Checking JPMorgan Chase...
07:35  No changes.
07:35  Checking Roblox...
07:35  Retry 1/2 for Roblox in 2s...
07:35  Retry 2/2 for Roblox in 4s...
07:35  ERROR: Roblox: failed to scrape https://careers.roblox.com/jobs?search=product+design (page.goto: net::ERR_HTTP2_PROTOCOL_ERROR at https://careers.roblox.com/jobs?search=product+design
Call log:
  - navigating to "https://careers.roblox.com/jobs?search=product+design", waiting until "domcontentloaded"
)
07:35  Retry 1/2 for Roblox in 2s...
07:35  Retry 2/2 for Roblox in 4s...
07:35  ERROR: Roblox: failed to scrape https://careers.roblox.com/jobs?search=UX+intern (page.goto: net::ERR_HTTP2_PROTOCOL_ERROR at https://careers.roblox.com/jobs?search=UX+intern
Call log:
  - navigating to "https://careers.roblox.com/jobs?search=UX+intern", waiting until "domcontentloaded"
)
07:35  Roblox: scrape failed — postings left untouched.
07:35  Checking Microsoft...
07:35  robots.txt unavailable for https://gcsservices.careers.microsoft.com; proceeding politely.
07:35  Retry 1/2 for Microsoft in 2s...
07:35  Retry 2/2 for Microsoft in 4s...
07:35  ERROR: Microsoft: failed to scrape https://gcsservices.careers.microsoft.com/search/api/v1/search?q=product%20design%20intern&l=en_us&pg=1&pgSz=20 (page.goto: net::ERR_CERT_COMMON_NAME_INVALID at https://gcsservices.careers.microsoft.com/search/api/v1/search?q=product%20design%20intern&l=en_us&pg=1&pgSz=20
Call log:
  - navigating to "https://gcsservices.careers.microsoft.com/search/api/v1/search?q=product%20design%20intern&l=en_us&pg=1&pgSz=20", waiting until "domcontentloaded"
)
07:35  Retry 1/2 for Microsoft in 2s...
07:35  Retry 2/2 for Microsoft in 5s...
07:35  ERROR: Microsoft: failed to scrape https://gcsservices.careers.microsoft.com/search/api/v1/search?q=UX%20design%20intern&l=en_us&pg=1&pgSz=20 (page.goto: net::ERR_CERT_COMMON_NAME_INVALID at https://gcsservices.careers.microsoft.com/search/api/v1/search?q=UX%20design%20intern&l=en_us&pg=1&pgSz=20
Call log:
  - navigating to "https://gcsservices.careers.microsoft.com/search/api/v1/search?q=UX%20design%20intern&l=en_us&pg=1&pgSz=20", waiting until "domcontentloaded"
)
07:35  Microsoft: scrape failed — postings left untouched.
07:35  Checking Amazon...
07:36  No changes.
07:36  Checking IBM...
07:36  No changes.
07:36  Checking Adobe...
07:37  No changes.
07:37  Checking American Express...
07:37  No changes.
07:37  Checking Mastercard...
07:37  No changes.
07:37  Checking Visa...
07:37  No changes.
07:37  Checking Nike...
07:37  No changes.
07:37  Widget feed updated.
07:37  === Check cycle finished (0 notification(s)) ===
10:19  === Check cycle started ===
10:19  Checking Google...
10:20  No changes.
10:20  Checking YouTube...
10:20  No changes.
10:20  Checking Meta...
10:20  No changes.
10:20  Checking Apple...
10:21  No changes.
10:21  Checking Capital One...
10:21  robots.txt disallows https://www.capitalonecareers.com/search-jobs/design%20intern — skipping this URL.
10:21  robots.txt disallows https://www.capitalonecareers.com/search-jobs/product%20design — skipping this URL.
10:21  Capital One: scrape failed — postings left untouched.
10:21  Checking JPMorgan Chase...
10:21  No changes.
10:21  Checking Roblox...
10:21  Retry 1/2 for Roblox in 3s...
10:21  Retry 2/2 for Roblox in 5s...
10:21  ERROR: Roblox: failed to scrape https://careers.roblox.com/jobs?search=product+design (page.goto: net::ERR_HTTP2_PROTOCOL_ERROR at https://careers.roblox.com/jobs?search=product+design
Call log:
  - navigating to "https://careers.roblox.com/jobs?search=product+design", waiting until "domcontentloaded"
)
10:21  Retry 1/2 for Roblox in 3s...
10:21  Retry 2/2 for Roblox in 4s...
10:21  ERROR: Roblox: failed to scrape https://careers.roblox.com/jobs?search=UX+intern (page.goto: net::ERR_HTTP2_PROTOCOL_ERROR at https://careers.roblox.com/jobs?search=UX+intern
Call log:
  - navigating to "https://careers.roblox.com/jobs?search=UX+intern", waiting until "domcontentloaded"
)
10:21  Roblox: scrape failed — postings left untouched.
10:21  Checking Microsoft...
10:21  robots.txt unavailable for https://gcsservices.careers.microsoft.com; proceeding politely.
10:21  Retry 1/2 for Microsoft in 2s...
10:21  Retry 2/2 for Microsoft in 5s...
10:21  ERROR: Microsoft: failed to scrape https://gcsservices.careers.microsoft.com/search/api/v1/search?q=product%20design%20intern&l=en_us&pg=1&pgSz=20 (page.goto: net::ERR_CERT_COMMON_NAME_INVALID at https://gcsservices.careers.microsoft.com/search/api/v1/search?q=product%20design%20intern&l=en_us&pg=1&pgSz=20
Call log:
  - navigating to "https://gcsservices.careers.microsoft.com/search/api/v1/search?q=product%20design%20intern&l=en_us&pg=1&pgSz=20", waiting until "domcontentloaded"
)
10:21  Retry 1/2 for Microsoft in 2s...
10:21  Retry 2/2 for Microsoft in 4s...
10:21  ERROR: Microsoft: failed to scrape https://gcsservices.careers.microsoft.com/search/api/v1/search?q=UX%20design%20intern&l=en_us&pg=1&pgSz=20 (page.goto: net::ERR_CERT_COMMON_NAME_INVALID at https://gcsservices.careers.microsoft.com/search/api/v1/search?q=UX%20design%20intern&l=en_us&pg=1&pgSz=20
Call log:
  - navigating to "https://gcsservices.careers.microsoft.com/search/api/v1/search?q=UX%20design%20intern&l=en_us&pg=1&pgSz=20", waiting until "domcontentloaded"
)
10:21  Microsoft: scrape failed — postings left untouched.
10:21  Checking Amazon...
10:21  No changes.
10:21  Checking IBM...
10:22  No changes.
10:22  Checking Adobe...
10:23  No changes.
10:23  Checking American Express...
10:23  No changes.
10:23  Checking Mastercard...
10:23  No changes.
10:23  Checking Visa...
10:23  No changes.
10:23  Checking Nike...
10:23  No changes.
10:23  Widget feed updated.
10:23  === Check cycle finished (0 notification(s)) ===
13:25  === Check cycle started ===
13:25  Checking Google...
13:25  No changes.
13:25  Checking YouTube...
13:25  No changes.
13:25  Checking Meta...
13:25  No changes.
13:25  Checking Apple...
13:26  No changes.
13:26  Checking Capital One...
13:26  robots.txt disallows https://www.capitalonecareers.com/search-jobs/design%20intern — skipping this URL.
13:26  robots.txt disallows https://www.capitalonecareers.com/search-jobs/product%20design — skipping this URL.
13:26  Capital One: scrape failed — postings left untouched.
13:26  Checking JPMorgan Chase...
13:26  No changes.
13:26  Checking Roblox...
13:26  Retry 1/2 for Roblox in 2s...
13:26  Retry 2/2 for Roblox in 4s...
13:26  ERROR: Roblox: failed to scrape https://careers.roblox.com/jobs?search=product+design (page.goto: net::ERR_HTTP2_PROTOCOL_ERROR at https://careers.roblox.com/jobs?search=product+design
Call log:
  - navigating to "https://careers.roblox.com/jobs?search=product+design", waiting until "domcontentloaded"
)
13:26  Retry 1/2 for Roblox in 3s...
13:26  Retry 2/2 for Roblox in 5s...
13:26  ERROR: Roblox: failed to scrape https://careers.roblox.com/jobs?search=UX+intern (page.goto: net::ERR_HTTP2_PROTOCOL_ERROR at https://careers.roblox.com/jobs?search=UX+intern
Call log:
  - navigating to "https://careers.roblox.com/jobs?search=UX+intern", waiting until "domcontentloaded"
)
13:26  Roblox: scrape failed — postings left untouched.
13:26  Checking Microsoft...
13:26  robots.txt unavailable for https://gcsservices.careers.microsoft.com; proceeding politely.
13:26  Retry 1/2 for Microsoft in 2s...
13:26  Retry 2/2 for Microsoft in 5s...
13:26  ERROR: Microsoft: failed to scrape https://gcsservices.careers.microsoft.com/search/api/v1/search?q=product%20design%20intern&l=en_us&pg=1&pgSz=20 (page.goto: net::ERR_CERT_COMMON_NAME_INVALID at https://gcsservices.careers.microsoft.com/search/api/v1/search?q=product%20design%20intern&l=en_us&pg=1&pgSz=20
Call log:
  - navigating to "https://gcsservices.careers.microsoft.com/search/api/v1/search?q=product%20design%20intern&l=en_us&pg=1&pgSz=20", waiting until "domcontentloaded"
)
13:26  Retry 1/2 for Microsoft in 2s...
13:26  Retry 2/2 for Microsoft in 5s...
13:26  ERROR: Microsoft: failed to scrape https://gcsservices.careers.microsoft.com/search/api/v1/search?q=UX%20design%20intern&l=en_us&pg=1&pgSz=20 (page.goto: net::ERR_CERT_COMMON_NAME_INVALID at https://gcsservices.careers.microsoft.com/search/api/v1/search?q=UX%20design%20intern&l=en_us&pg=1&pgSz=20
Call log:
  - navigating to "https://gcsservices.careers.microsoft.com/search/api/v1/search?q=UX%20design%20intern&l=en_us&pg=1&pgSz=20", waiting until "domcontentloaded"
)
13:26  Microsoft: scrape failed — postings left untouched.
13:26  Checking Amazon...
13:27  No changes.
13:27  Checking IBM...
13:27  No changes.
13:27  Checking Adobe...
13:28  No changes.
13:28  Checking American Express...
13:28  No changes.
13:28  Checking Mastercard...
13:28  No changes.
13:28  Checking Visa...
13:28  No changes.
13:28  Checking Nike...
13:29  No changes.
13:29  Widget feed updated.
13:29  === Check cycle finished (0 notification(s)) ===
16:19  === Check cycle started ===
16:19  Checking Google...
16:20  No changes.
16:20  Checking YouTube...
16:20  No changes.
16:20  Checking Meta...
16:20  No changes.
16:20  Checking Apple...
16:20  No changes.
16:20  Checking Capital One...
16:20  robots.txt disallows https://www.capitalonecareers.com/search-jobs/design%20intern — skipping this URL.
16:20  robots.txt disallows https://www.capitalonecareers.com/search-jobs/product%20design — skipping this URL.
16:20  Capital One: scrape failed — postings left untouched.
16:20  Checking JPMorgan Chase...
16:20  No changes.
16:20  Checking Roblox...
16:20  Retry 1/2 for Roblox in 2s...
16:20  Retry 2/2 for Roblox in 5s...
16:20  ERROR: Roblox: failed to scrape https://careers.roblox.com/jobs?search=product+design (page.goto: net::ERR_HTTP2_PROTOCOL_ERROR at https://careers.roblox.com/jobs?search=product+design
Call log:
  - navigating to "https://careers.roblox.com/jobs?search=product+design", waiting until "domcontentloaded"
)
16:21  Retry 1/2 for Roblox in 2s...
16:21  Retry 2/2 for Roblox in 5s...
16:21  ERROR: Roblox: failed to scrape https://careers.roblox.com/jobs?search=UX+intern (page.goto: net::ERR_HTTP2_PROTOCOL_ERROR at https://careers.roblox.com/jobs?search=UX+intern
Call log:
  - navigating to "https://careers.roblox.com/jobs?search=UX+intern", waiting until "domcontentloaded"
)
16:21  Roblox: scrape failed — postings left untouched.
16:21  Checking Microsoft...
16:21  robots.txt unavailable for https://gcsservices.careers.microsoft.com; proceeding politely.
16:21  Retry 1/2 for Microsoft in 2s...
16:21  Retry 2/2 for Microsoft in 5s...
16:21  ERROR: Microsoft: failed to scrape https://gcsservices.careers.microsoft.com/search/api/v1/search?q=product%20design%20intern&l=en_us&pg=1&pgSz=20 (page.goto: net::ERR_CERT_COMMON_NAME_INVALID at https://gcsservices.careers.microsoft.com/search/api/v1/search?q=product%20design%20intern&l=en_us&pg=1&pgSz=20
Call log:
  - navigating to "https://gcsservices.careers.microsoft.com/search/api/v1/search?q=product%20design%20intern&l=en_us&pg=1&pgSz=20", waiting until "domcontentloaded"
)
16:21  Retry 1/2 for Microsoft in 2s...
16:21  Retry 2/2 for Microsoft in 5s...
16:21  ERROR: Microsoft: failed to scrape https://gcsservices.careers.microsoft.com/search/api/v1/search?q=UX%20design%20intern&l=en_us&pg=1&pgSz=20 (page.goto: net::ERR_CERT_COMMON_NAME_INVALID at https://gcsservices.careers.microsoft.com/search/api/v1/search?q=UX%20design%20intern&l=en_us&pg=1&pgSz=20
Call log:
  - navigating to "https://gcsservices.careers.microsoft.com/search/api/v1/search?q=UX%20design%20intern&l=en_us&pg=1&pgSz=20", waiting until "domcontentloaded"
)
16:21  Microsoft: scrape failed — postings left untouched.
16:21  Checking Amazon...
16:21  No changes.
16:21  Checking IBM...
16:22  No changes.
16:22  Checking Adobe...
16:22  No changes.
16:22  Checking American Express...
16:23  No changes.
16:23  Checking Mastercard...
16:23  No changes.
16:23  Checking Visa...
16:23  No changes.
16:23  Checking Nike...
16:23  No changes.
16:23  Widget feed updated.
16:23  === Check cycle finished (0 notification(s)) ===
20:06  === Check cycle started ===
20:06  Checking Google...
20:06  No changes.
20:06  Checking YouTube...
20:06  No changes.
20:06  Checking Meta...
20:07  No changes.
20:07  Checking Apple...
20:07  No changes.
20:07  Checking Capital One...
20:07  robots.txt disallows https://www.capitalonecareers.com/search-jobs/design%20intern — skipping this URL.
20:07  robots.txt disallows https://www.capitalonecareers.com/search-jobs/product%20design — skipping this URL.
20:07  Capital One: scrape failed — postings left untouched.
20:07  Checking JPMorgan Chase...
20:07  No changes.
20:07  Checking Roblox...
20:07  Retry 1/2 for Roblox in 2s...
20:07  Retry 2/2 for Roblox in 4s...
20:07  ERROR: Roblox: failed to scrape https://careers.roblox.com/jobs?search=product+design (page.goto: net::ERR_HTTP2_PROTOCOL_ERROR at https://careers.roblox.com/jobs?search=product+design
Call log:
  - navigating to "https://careers.roblox.com/jobs?search=product+design", waiting until "domcontentloaded"
)
20:07  Retry 1/2 for Roblox in 2s...
20:07  Retry 2/2 for Roblox in 4s...
20:07  ERROR: Roblox: failed to scrape https://careers.roblox.com/jobs?search=UX+intern (page.goto: net::ERR_HTTP2_PROTOCOL_ERROR at https://careers.roblox.com/jobs?search=UX+intern
Call log:
  - navigating to "https://careers.roblox.com/jobs?search=UX+intern", waiting until "domcontentloaded"
)
20:07  Roblox: scrape failed — postings left untouched.
20:07  Checking Microsoft...
20:07  robots.txt unavailable for https://gcsservices.careers.microsoft.com; proceeding politely.
20:07  Retry 1/2 for Microsoft in 2s...
20:07  Retry 2/2 for Microsoft in 5s...
20:07  ERROR: Microsoft: failed to scrape https://gcsservices.careers.microsoft.com/search/api/v1/search?q=product%20design%20intern&l=en_us&pg=1&pgSz=20 (page.goto: net::ERR_CERT_COMMON_NAME_INVALID at https://gcsservices.careers.microsoft.com/search/api/v1/search?q=product%20design%20intern&l=en_us&pg=1&pgSz=20
Call log:
  - navigating to "https://gcsservices.careers.microsoft.com/search/api/v1/search?q=product%20design%20intern&l=en_us&pg=1&pgSz=20", waiting until "domcontentloaded"
)
20:08  Retry 1/2 for Microsoft in 2s...
20:08  Retry 2/2 for Microsoft in 5s...
20:08  ERROR: Microsoft: failed to scrape https://gcsservices.careers.microsoft.com/search/api/v1/search?q=UX%20design%20intern&l=en_us&pg=1&pgSz=20 (page.goto: net::ERR_CERT_COMMON_NAME_INVALID at https://gcsservices.careers.microsoft.com/search/api/v1/search?q=UX%20design%20intern&l=en_us&pg=1&pgSz=20
Call log:
  - navigating to "https://gcsservices.careers.microsoft.com/search/api/v1/search?q=UX%20design%20intern&l=en_us&pg=1&pgSz=20", waiting until "domcontentloaded"
)
20:08  Microsoft: scrape failed — postings left untouched.
20:08  Checking Amazon...
20:08  No changes.
20:08  Checking IBM...
20:09  No changes.
20:09  Checking Adobe...
20:09  No changes.
20:09  Checking American Express...
20:09  No changes.
20:09  Checking Mastercard...
20:09  No changes.
20:09  Checking Visa...
20:09  No changes.
20:09  Checking Nike...
20:10  No changes.
20:10  Widget feed updated.
20:10  === Check cycle finished (0 notification(s)) ===
21:20  === Daily summary ===
21:20    Internship Monitor Daily Summary
21:20    Checked:
21:20    15 companies
21:20    New jobs:
21:20    0
21:20    Still Open:
21:20    9
21:20    Closed Today:
21:20    0
21:20  SMS DRY-RUN — daily summary would be:
21:20    | Internship Monitor Daily Summary
21:20    | Checked:
21:20    | 15 companies
21:20    | New jobs:
21:20    | 0
21:20    | Still Open:
21:20    | 9
21:20    | Closed Today:
21:20    | 0
21:20  Discord DRY-RUN (no webhook configured).
21:20  Widget feed updated.
22:53  === Check cycle started ===
22:53  Checking Google...
22:53  No changes.
22:53  Checking YouTube...
22:53  No changes.
22:53  Checking Meta...
22:54  No changes.
22:54  Checking Apple...
22:54  No changes.
22:54  Checking Capital One...
22:54  robots.txt disallows https://www.capitalonecareers.com/search-jobs/design%20intern — skipping this URL.
22:54  robots.txt disallows https://www.capitalonecareers.com/search-jobs/product%20design — skipping this URL.
22:54  Capital One: scrape failed — postings left untouched.
22:54  Checking JPMorgan Chase...
22:54  No changes.
22:54  Checking Roblox...
22:54  Retry 1/2 for Roblox in 2s...
22:54  Retry 2/2 for Roblox in 4s...
22:54  ERROR: Roblox: failed to scrape https://careers.roblox.com/jobs?search=product+design (page.goto: net::ERR_HTTP2_PROTOCOL_ERROR at https://careers.roblox.com/jobs?search=product+design
Call log:
  - navigating to "https://careers.roblox.com/jobs?search=product+design", waiting until "domcontentloaded"
)
22:54  Retry 1/2 for Roblox in 2s...
22:54  Retry 2/2 for Roblox in 5s...
22:54  ERROR: Roblox: failed to scrape https://careers.roblox.com/jobs?search=UX+intern (page.goto: net::ERR_HTTP2_PROTOCOL_ERROR at https://careers.roblox.com/jobs?search=UX+intern
Call log:
  - navigating to "https://careers.roblox.com/jobs?search=UX+intern", waiting until "domcontentloaded"
)
22:54  Roblox: scrape failed — postings left untouched.
22:54  Checking Microsoft...
22:54  robots.txt unavailable for https://gcsservices.careers.microsoft.com; proceeding politely.
22:54  Retry 1/2 for Microsoft in 2s...
22:54  Retry 2/2 for Microsoft in 5s...
22:54  ERROR: Microsoft: failed to scrape https://gcsservices.careers.microsoft.com/search/api/v1/search?q=product%20design%20intern&l=en_us&pg=1&pgSz=20 (page.goto: net::ERR_CERT_COMMON_NAME_INVALID at https://gcsservices.careers.microsoft.com/search/api/v1/search?q=product%20design%20intern&l=en_us&pg=1&pgSz=20
Call log:
  - navigating to "https://gcsservices.careers.microsoft.com/search/api/v1/search?q=product%20design%20intern&l=en_us&pg=1&pgSz=20", waiting until "domcontentloaded"
)
22:54  Retry 1/2 for Microsoft in 2s...
22:54  Retry 2/2 for Microsoft in 4s...
22:55  ERROR: Microsoft: failed to scrape https://gcsservices.careers.microsoft.com/search/api/v1/search?q=UX%20design%20intern&l=en_us&pg=1&pgSz=20 (page.goto: net::ERR_CERT_COMMON_NAME_INVALID at https://gcsservices.careers.microsoft.com/search/api/v1/search?q=UX%20design%20intern&l=en_us&pg=1&pgSz=20
Call log:
  - navigating to "https://gcsservices.careers.microsoft.com/search/api/v1/search?q=UX%20design%20intern&l=en_us&pg=1&pgSz=20", waiting until "domcontentloaded"
)
22:55  Microsoft: scrape failed — postings left untouched.
22:55  Checking Amazon...
22:55  No changes.
22:55  Checking IBM...
22:56  No changes.
22:56  Checking Adobe...
22:56  No changes.
22:56  Checking American Express...
22:56  No changes.
22:56  Checking Mastercard...
22:56  No changes.
22:56  Checking Visa...
22:56  No changes.
22:56  Checking Nike...
22:56  No changes.
22:56  Widget feed updated.
22:56  === Check cycle finished (0 notification(s)) ===
