24:39  === Daily summary ===
24:39    Internship Monitor Daily Summary
24:39    Checked:
24:39    18 companies
24:39    New jobs:
24:39    0
24:39    Still Open:
24:39    10
24:39    Closed Today:
24:39    0
24:39  SMS DRY-RUN — daily summary would be:
24:39    | Internship Monitor Daily Summary
24:39    | Checked:
24:39    | 18 companies
24:39    | New jobs:
24:39    | 0
24:39    | Still Open:
24:39    | 10
24:39    | Closed Today:
24:39    | 0
24:39  Discord DRY-RUN (no webhook configured).
24:39  Widget feed updated.
06:01  === Check cycle started ===
06:01  Checking Google...
06:02  No changes.
06:02  Checking YouTube...
06:02  No changes.
06:02  Checking Meta...
06:02  No changes.
06:02  Checking Apple...
06:02  No changes.
06:02  Checking Capital One...
06:02  robots.txt disallows https://www.capitalonecareers.com/search-jobs/design%20intern — skipping this URL.
06:02  robots.txt disallows https://www.capitalonecareers.com/search-jobs/product%20design — skipping this URL.
06:02  Capital One: scrape failed — postings left untouched.
06:02  Checking JPMorgan Chase...
06:03  No changes.
06:03  Checking Roblox...
06:03  Retry 1/2 for Roblox in 2s...
06:03  Retry 2/2 for Roblox in 4s...
06:03  ERROR: Roblox: failed to scrape https://careers.roblox.com/jobs?search=product+design (page.goto: net::ERR_HTTP2_PROTOCOL_ERROR at https://careers.roblox.com/jobs?search=product+design
Call log:
  - navigating to "https://careers.roblox.com/jobs?search=product+design", waiting until "domcontentloaded"
)
06:03  Retry 1/2 for Roblox in 2s...
06:03  Retry 2/2 for Roblox in 5s...
06:03  ERROR: Roblox: failed to scrape https://careers.roblox.com/jobs?search=UX+intern (page.goto: net::ERR_HTTP2_PROTOCOL_ERROR at https://careers.roblox.com/jobs?search=UX+intern
Call log:
  - navigating to "https://careers.roblox.com/jobs?search=UX+intern", waiting until "domcontentloaded"
)
06:03  Roblox: scrape failed — postings left untouched.
06:03  Checking Microsoft...
06:03  robots.txt unavailable for https://gcsservices.careers.microsoft.com; proceeding politely.
06:03  Retry 1/2 for Microsoft in 2s...
06:03  Retry 2/2 for Microsoft in 5s...
06:03  ERROR: Microsoft: failed to scrape https://gcsservices.careers.microsoft.com/search/api/v1/search?q=product%20design%20intern&l=en_us&pg=1&pgSz=20 (page.goto: net::ERR_CERT_COMMON_NAME_INVALID at https://gcsservices.careers.microsoft.com/search/api/v1/search?q=product%20design%20intern&l=en_us&pg=1&pgSz=20
Call log:
  - navigating to "https://gcsservices.careers.microsoft.com/search/api/v1/search?q=product%20design%20intern&l=en_us&pg=1&pgSz=20", waiting until "domcontentloaded"
)
06:03  Retry 1/2 for Microsoft in 2s...
06:03  Retry 2/2 for Microsoft in 5s...
06:03  ERROR: Microsoft: failed to scrape https://gcsservices.careers.microsoft.com/search/api/v1/search?q=UX%20design%20intern&l=en_us&pg=1&pgSz=20 (page.goto: net::ERR_CERT_COMMON_NAME_INVALID at https://gcsservices.careers.microsoft.com/search/api/v1/search?q=UX%20design%20intern&l=en_us&pg=1&pgSz=20
Call log:
  - navigating to "https://gcsservices.careers.microsoft.com/search/api/v1/search?q=UX%20design%20intern&l=en_us&pg=1&pgSz=20", waiting until "domcontentloaded"
)
06:03  Microsoft: scrape failed — postings left untouched.
06:03  Checking Amazon...
06:03  No changes.
06:03  Checking IBM...
06:04  No changes.
06:04  Checking Adobe...
06:05  No changes.
06:05  Checking American Express...
06:05  No changes.
06:05  Checking Mastercard...
06:05  No changes.
06:05  Checking Visa...
06:05  No changes.
06:05  Checking Nike...
06:05  No changes.
06:05  Checking Spotify...
06:06  No changes.
06:06  Checking Tesla...
06:06  Retry 1/2 for Tesla in 2s...
06:06  Retry 2/2 for Tesla in 4s...
06:06  ERROR: Tesla: failed to scrape https://www.tesla.com/careers/search/?type=intern&site=US (Cloudflare / bot challenge detected)
06:06  Retry 1/2 for Tesla in 2s...
06:06  Retry 2/2 for Tesla in 5s...
06:06  ERROR: Tesla: failed to scrape https://www.tesla.com/careers/search/?query=design%20intern&site=US (Cloudflare / bot challenge detected)
06:06  Tesla: scrape failed — postings left untouched.
06:06  Checking Warner Bros. Discovery...
06:06  No changes.
06:06  Widget feed updated.
06:06  === Check cycle finished (0 notification(s)) ===
11:12  === Check cycle started ===
11:12  Checking Google...
11:13  No changes.
11:13  Checking YouTube...
11:13  No changes.
11:13  Checking Meta...
11:13  No changes.
11:13  Checking Apple...
11:13  No changes.
11:13  Checking Capital One...
11:13  robots.txt disallows https://www.capitalonecareers.com/search-jobs/design%20intern — skipping this URL.
11:13  robots.txt disallows https://www.capitalonecareers.com/search-jobs/product%20design — skipping this URL.
11:13  Capital One: scrape failed — postings left untouched.
11:13  Checking JPMorgan Chase...
11:13  No changes.
11:13  Checking Roblox...
11:13  Retry 1/2 for Roblox in 2s...
11:13  Retry 2/2 for Roblox in 4s...
11:14  ERROR: Roblox: failed to scrape https://careers.roblox.com/jobs?search=product+design (page.goto: net::ERR_HTTP2_PROTOCOL_ERROR at https://careers.roblox.com/jobs?search=product+design
Call log:
  - navigating to "https://careers.roblox.com/jobs?search=product+design", waiting until "domcontentloaded"
)
11:14  Retry 1/2 for Roblox in 3s...
11:14  Retry 2/2 for Roblox in 4s...
11:14  ERROR: Roblox: failed to scrape https://careers.roblox.com/jobs?search=UX+intern (page.goto: net::ERR_HTTP2_PROTOCOL_ERROR at https://careers.roblox.com/jobs?search=UX+intern
Call log:
  - navigating to "https://careers.roblox.com/jobs?search=UX+intern", waiting until "domcontentloaded"
)
11:14  Roblox: scrape failed — postings left untouched.
11:14  Checking Microsoft...
11:14  robots.txt unavailable for https://gcsservices.careers.microsoft.com; proceeding politely.
11:14  Retry 1/2 for Microsoft in 2s...
11:14  Retry 2/2 for Microsoft in 4s...
11:14  ERROR: Microsoft: failed to scrape https://gcsservices.careers.microsoft.com/search/api/v1/search?q=product%20design%20intern&l=en_us&pg=1&pgSz=20 (page.goto: net::ERR_CERT_COMMON_NAME_INVALID at https://gcsservices.careers.microsoft.com/search/api/v1/search?q=product%20design%20intern&l=en_us&pg=1&pgSz=20
Call log:
  - navigating to "https://gcsservices.careers.microsoft.com/search/api/v1/search?q=product%20design%20intern&l=en_us&pg=1&pgSz=20", waiting until "domcontentloaded"
)
11:14  Retry 1/2 for Microsoft in 2s...
11:14  Retry 2/2 for Microsoft in 4s...
11:14  ERROR: Microsoft: failed to scrape https://gcsservices.careers.microsoft.com/search/api/v1/search?q=UX%20design%20intern&l=en_us&pg=1&pgSz=20 (page.goto: net::ERR_CERT_COMMON_NAME_INVALID at https://gcsservices.careers.microsoft.com/search/api/v1/search?q=UX%20design%20intern&l=en_us&pg=1&pgSz=20
Call log:
  - navigating to "https://gcsservices.careers.microsoft.com/search/api/v1/search?q=UX%20design%20intern&l=en_us&pg=1&pgSz=20", waiting until "domcontentloaded"
)
11:14  Microsoft: scrape failed — postings left untouched.
11:14  Checking Amazon...
11:14  No changes.
11:14  Checking IBM...
11:15  No changes.
11:15  Checking Adobe...
11:15  No changes.
11:15  Checking American Express...
11:15  No changes.
11:15  Checking Mastercard...
11:16  No changes.
11:16  Checking Visa...
11:16  No changes.
11:16  Checking Nike...
11:16  No changes.
11:16  Checking Spotify...
11:16  No changes.
11:16  Checking Tesla...
11:16  Retry 1/2 for Tesla in 2s...
11:16  Retry 2/2 for Tesla in 4s...
11:16  ERROR: Tesla: failed to scrape https://www.tesla.com/careers/search/?type=intern&site=US (Cloudflare / bot challenge detected)
11:16  Retry 1/2 for Tesla in 2s...
11:16  Retry 2/2 for Tesla in 5s...
11:17  ERROR: Tesla: failed to scrape https://www.tesla.com/careers/search/?query=design%20intern&site=US (Cloudflare / bot challenge detected)
11:17  Tesla: scrape failed — postings left untouched.
11:17  Checking Warner Bros. Discovery...
11:17  No changes.
11:17  Widget feed updated.
11:17  === Check cycle finished (0 notification(s)) ===
