24:37  === Daily summary ===
24:37    Internship Monitor Daily Summary
24:37    Checked:
24:37    18 companies
24:37    New jobs:
24:37    0
24:37    Still Open:
24:37    8
24:37    Closed Today:
24:37    0
24:37  SMS DRY-RUN — daily summary would be:
24:37    | Internship Monitor Daily Summary
24:37    | Checked:
24:37    | 18 companies
24:37    | New jobs:
24:37    | 0
24:37    | Still Open:
24:37    | 8
24:37    | Closed Today:
24:37    | 0
24:37  Discord DRY-RUN (no webhook configured).
24:37  Widget feed updated.
