24:33  === Daily summary ===
24:33    Internship Monitor Daily Summary
24:33    Checked:
24:33    18 companies
24:33    New jobs:
24:33    0
24:33    Still Open:
24:33    9
24:33    Closed Today:
24:33    0
24:33  SMS DRY-RUN — daily summary would be:
24:33    | Internship Monitor Daily Summary
24:33    | Checked:
24:33    | 18 companies
24:33    | New jobs:
24:33    | 0
24:33    | Still Open:
24:33    | 9
24:33    | Closed Today:
24:33    | 0
24:33  Discord DRY-RUN (no webhook configured).
24:33  Widget feed updated.
02:55  === Check cycle started ===
02:55  Checking Google...
02:55  No changes.
02:55  Checking YouTube...
02:55  No changes.
02:55  Checking Meta...
02:55  No changes.
02:55  Checking Apple...
02:56  No changes.
02:56  Checking Capital One...
02:56  robots.txt disallows https://www.capitalonecareers.com/search-jobs/design%20intern — skipping this URL.
02:56  robots.txt disallows https://www.capitalonecareers.com/search-jobs/product%20design — skipping this URL.
02:56  Capital One: scrape failed — postings left untouched.
02:56  Checking JPMorgan Chase...
02:56  No changes.
02:56  Checking Roblox...
02:56  Retry 1/2 for Roblox in 2s...
02:56  Retry 2/2 for Roblox in 4s...
02:56  ERROR: Roblox: failed to scrape https://careers.roblox.com/jobs?search=product+design (page.goto: net::ERR_HTTP2_PROTOCOL_ERROR at https://careers.roblox.com/jobs?search=product+design
Call log:
  - navigating to "https://careers.roblox.com/jobs?search=product+design", waiting until "domcontentloaded"
)
02:56  Retry 1/2 for Roblox in 2s...
02:56  Retry 2/2 for Roblox in 5s...
02:56  ERROR: Roblox: failed to scrape https://careers.roblox.com/jobs?search=UX+intern (page.goto: net::ERR_HTTP2_PROTOCOL_ERROR at https://careers.roblox.com/jobs?search=UX+intern
Call log:
  - navigating to "https://careers.roblox.com/jobs?search=UX+intern", waiting until "domcontentloaded"
)
02:56  Roblox: scrape failed — postings left untouched.
02:56  Checking Microsoft...
02:56  robots.txt unavailable for https://gcsservices.careers.microsoft.com; proceeding politely.
02:56  Retry 1/2 for Microsoft in 2s...
02:56  Retry 2/2 for Microsoft in 5s...
02:56  ERROR: Microsoft: failed to scrape https://gcsservices.careers.microsoft.com/search/api/v1/search?q=product%20design%20intern&l=en_us&pg=1&pgSz=20 (page.goto: net::ERR_CERT_COMMON_NAME_INVALID at https://gcsservices.careers.microsoft.com/search/api/v1/search?q=product%20design%20intern&l=en_us&pg=1&pgSz=20
Call log:
  - navigating to "https://gcsservices.careers.microsoft.com/search/api/v1/search?q=product%20design%20intern&l=en_us&pg=1&pgSz=20", waiting until "domcontentloaded"
)
02:56  Retry 1/2 for Microsoft in 2s...
02:56  Retry 2/2 for Microsoft in 4s...
02:57  ERROR: Microsoft: failed to scrape https://gcsservices.careers.microsoft.com/search/api/v1/search?q=UX%20design%20intern&l=en_us&pg=1&pgSz=20 (page.goto: net::ERR_CERT_COMMON_NAME_INVALID at https://gcsservices.careers.microsoft.com/search/api/v1/search?q=UX%20design%20intern&l=en_us&pg=1&pgSz=20
Call log:
  - navigating to "https://gcsservices.careers.microsoft.com/search/api/v1/search?q=UX%20design%20intern&l=en_us&pg=1&pgSz=20", waiting until "domcontentloaded"
)
02:57  Microsoft: scrape failed — postings left untouched.
02:57  Checking Amazon...
02:57  No changes.
02:57  Checking IBM...
02:57  No changes.
02:57  Checking Adobe...
02:58  No changes.
02:58  Checking American Express...
02:58  No changes.
02:58  Checking Mastercard...
02:58  No changes.
02:58  Checking Visa...
02:58  No changes.
02:58  Checking Nike...
02:59  No changes.
02:59  Checking Spotify...
02:59  No changes.
02:59  Checking Tesla...
02:59  Retry 1/2 for Tesla in 2s...
02:59  Retry 2/2 for Tesla in 4s...
02:59  ERROR: Tesla: failed to scrape https://www.tesla.com/careers/search/?type=intern&site=US (Cloudflare / bot challenge detected)
02:59  Retry 1/2 for Tesla in 2s...
02:59  Retry 2/2 for Tesla in 5s...
02:59  ERROR: Tesla: failed to scrape https://www.tesla.com/careers/search/?query=design%20intern&site=US (Cloudflare / bot challenge detected)
02:59  Tesla: scrape failed — postings left untouched.
02:59  Checking Warner Bros. Discovery...
03:00  No changes.
03:00  Widget feed updated.
03:00  === Check cycle finished (0 notification(s)) ===
09:46  === Check cycle started ===
09:46  Checking Google...
09:46  No changes.
09:46  Checking YouTube...
09:46  No changes.
09:46  Checking Meta...
09:47  No changes.
09:47  Checking Apple...
09:47  No changes.
09:47  Checking Capital One...
09:47  robots.txt disallows https://www.capitalonecareers.com/search-jobs/design%20intern — skipping this URL.
09:47  robots.txt disallows https://www.capitalonecareers.com/search-jobs/product%20design — skipping this URL.
09:47  Capital One: scrape failed — postings left untouched.
09:47  Checking JPMorgan Chase...
09:47  No changes.
09:47  Checking Roblox...
09:47  Retry 1/2 for Roblox in 2s...
09:47  Retry 2/2 for Roblox in 5s...
09:47  ERROR: Roblox: failed to scrape https://careers.roblox.com/jobs?search=product+design (page.goto: net::ERR_HTTP2_PROTOCOL_ERROR at https://careers.roblox.com/jobs?search=product+design
Call log:
  - navigating to "https://careers.roblox.com/jobs?search=product+design", waiting until "domcontentloaded"
)
09:47  Retry 1/2 for Roblox in 2s...
09:47  Retry 2/2 for Roblox in 4s...
09:47  ERROR: Roblox: failed to scrape https://careers.roblox.com/jobs?search=UX+intern (page.goto: net::ERR_HTTP2_PROTOCOL_ERROR at https://careers.roblox.com/jobs?search=UX+intern
Call log:
  - navigating to "https://careers.roblox.com/jobs?search=UX+intern", waiting until "domcontentloaded"
)
09:47  Roblox: scrape failed — postings left untouched.
09:47  Checking Microsoft...
09:47  robots.txt unavailable for https://gcsservices.careers.microsoft.com; proceeding politely.
09:47  Retry 1/2 for Microsoft in 2s...
09:47  Retry 2/2 for Microsoft in 5s...
09:47  ERROR: Microsoft: failed to scrape https://gcsservices.careers.microsoft.com/search/api/v1/search?q=product%20design%20intern&l=en_us&pg=1&pgSz=20 (page.goto: net::ERR_CERT_COMMON_NAME_INVALID at https://gcsservices.careers.microsoft.com/search/api/v1/search?q=product%20design%20intern&l=en_us&pg=1&pgSz=20
Call log:
  - navigating to "https://gcsservices.careers.microsoft.com/search/api/v1/search?q=product%20design%20intern&l=en_us&pg=1&pgSz=20", waiting until "domcontentloaded"
)
09:47  Retry 1/2 for Microsoft in 3s...
09:47  Retry 2/2 for Microsoft in 4s...
09:47  ERROR: Microsoft: failed to scrape https://gcsservices.careers.microsoft.com/search/api/v1/search?q=UX%20design%20intern&l=en_us&pg=1&pgSz=20 (page.goto: net::ERR_CERT_COMMON_NAME_INVALID at https://gcsservices.careers.microsoft.com/search/api/v1/search?q=UX%20design%20intern&l=en_us&pg=1&pgSz=20
Call log:
  - navigating to "https://gcsservices.careers.microsoft.com/search/api/v1/search?q=UX%20design%20intern&l=en_us&pg=1&pgSz=20", waiting until "domcontentloaded"
)
09:47  Microsoft: scrape failed — postings left untouched.
09:47  Checking Amazon...
09:48  No changes.
09:48  Checking IBM...
09:48  No changes.
09:48  Checking Adobe...
09:49  No changes.
09:49  Checking American Express...
09:49  No changes.
09:49  Checking Mastercard...
09:49  No changes.
09:49  Checking Visa...
09:49  No changes.
09:49  Checking Nike...
09:49  No changes.
09:49  Checking Spotify...
09:50  No changes.
09:50  Checking Tesla...
09:50  Retry 1/2 for Tesla in 2s...
09:50  Retry 2/2 for Tesla in 4s...
09:50  ERROR: Tesla: failed to scrape https://www.tesla.com/careers/search/?type=intern&site=US (Cloudflare / bot challenge detected)
09:50  Retry 1/2 for Tesla in 2s...
09:50  Retry 2/2 for Tesla in 5s...
09:50  ERROR: Tesla: failed to scrape https://www.tesla.com/careers/search/?query=design%20intern&site=US (Cloudflare / bot challenge detected)
09:50  Tesla: scrape failed — postings left untouched.
09:50  Checking Warner Bros. Discovery...
09:50  No changes.
09:50  Widget feed updated.
09:50  === Check cycle finished (0 notification(s)) ===
13:59  === Check cycle started ===
13:59  Checking Google...
14:00  No changes.
14:00  Checking YouTube...
14:00  No changes.
14:00  Checking Meta...
14:00  No changes.
14:00  Checking Apple...
14:00  No changes.
14:00  Checking Capital One...
14:00  robots.txt disallows https://www.capitalonecareers.com/search-jobs/design%20intern — skipping this URL.
14:00  robots.txt disallows https://www.capitalonecareers.com/search-jobs/product%20design — skipping this URL.
14:00  Capital One: scrape failed — postings left untouched.
14:00  Checking JPMorgan Chase...
14:00  No changes.
14:00  Checking Roblox...
14:00  Retry 1/2 for Roblox in 2s...
14:01  Retry 2/2 for Roblox in 4s...
14:01  ERROR: Roblox: failed to scrape https://careers.roblox.com/jobs?search=product+design (page.goto: net::ERR_HTTP2_PROTOCOL_ERROR at https://careers.roblox.com/jobs?search=product+design
Call log:
  - navigating to "https://careers.roblox.com/jobs?search=product+design", waiting until "domcontentloaded"
)
14:01  Retry 1/2 for Roblox in 2s...
14:01  Retry 2/2 for Roblox in 4s...
14:01  ERROR: Roblox: failed to scrape https://careers.roblox.com/jobs?search=UX+intern (page.goto: net::ERR_HTTP2_PROTOCOL_ERROR at https://careers.roblox.com/jobs?search=UX+intern
Call log:
  - navigating to "https://careers.roblox.com/jobs?search=UX+intern", waiting until "domcontentloaded"
)
14:01  Roblox: scrape failed — postings left untouched.
14:01  Checking Microsoft...
14:01  robots.txt unavailable for https://gcsservices.careers.microsoft.com; proceeding politely.
14:01  Retry 1/2 for Microsoft in 3s...
14:01  Retry 2/2 for Microsoft in 5s...
14:01  ERROR: Microsoft: failed to scrape https://gcsservices.careers.microsoft.com/search/api/v1/search?q=product%20design%20intern&l=en_us&pg=1&pgSz=20 (page.goto: net::ERR_CERT_COMMON_NAME_INVALID at https://gcsservices.careers.microsoft.com/search/api/v1/search?q=product%20design%20intern&l=en_us&pg=1&pgSz=20
Call log:
  - navigating to "https://gcsservices.careers.microsoft.com/search/api/v1/search?q=product%20design%20intern&l=en_us&pg=1&pgSz=20", waiting until "domcontentloaded"
)
14:01  Retry 1/2 for Microsoft in 2s...
14:01  Retry 2/2 for Microsoft in 4s...
14:01  ERROR: Microsoft: failed to scrape https://gcsservices.careers.microsoft.com/search/api/v1/search?q=UX%20design%20intern&l=en_us&pg=1&pgSz=20 (page.goto: net::ERR_CERT_COMMON_NAME_INVALID at https://gcsservices.careers.microsoft.com/search/api/v1/search?q=UX%20design%20intern&l=en_us&pg=1&pgSz=20
Call log:
  - navigating to "https://gcsservices.careers.microsoft.com/search/api/v1/search?q=UX%20design%20intern&l=en_us&pg=1&pgSz=20", waiting until "domcontentloaded"
)
14:01  Microsoft: scrape failed — postings left untouched.
14:01  Checking Amazon...
14:01  No changes.
14:01  Checking IBM...
14:02  No changes.
14:02  Checking Adobe...
14:02  No changes.
14:02  Checking American Express...
14:03  No changes.
14:03  Checking Mastercard...
14:03  No changes.
14:03  Checking Visa...
14:03  No changes.
14:03  Checking Nike...
14:03  No changes.
14:03  Checking Spotify...
14:03  No changes.
14:03  Checking Tesla...
14:03  Retry 1/2 for Tesla in 2s...
14:03  Retry 2/2 for Tesla in 5s...
14:04  ERROR: Tesla: failed to scrape https://www.tesla.com/careers/search/?type=intern&site=US (Cloudflare / bot challenge detected)
14:04  Retry 1/2 for Tesla in 2s...
14:04  Retry 2/2 for Tesla in 5s...
14:04  ERROR: Tesla: failed to scrape https://www.tesla.com/careers/search/?query=design%20intern&site=US (Cloudflare / bot challenge detected)
14:04  Tesla: scrape failed — postings left untouched.
14:04  Checking Warner Bros. Discovery...
14:05  No changes.
14:05  Widget feed updated.
14:05  === Check cycle finished (0 notification(s)) ===
