24:55  === Check cycle started ===
24:55  Checking Google...
24:55  No changes.
24:55  Checking YouTube...
24:56  No changes.
24:56  Checking Meta...
24:56  No changes.
24:56  Checking Apple...
24:56  No changes.
24:56  Checking Capital One...
24:56  robots.txt disallows https://www.capitalonecareers.com/search-jobs/design%20intern — skipping this URL.
24:56  robots.txt disallows https://www.capitalonecareers.com/search-jobs/product%20design — skipping this URL.
24:56  Capital One: scrape failed — postings left untouched.
24:56  Checking JPMorgan Chase...
24:56  No changes.
24:56  Checking Roblox...
24:56  Retry 1/2 for Roblox in 2s...
24:56  Retry 2/2 for Roblox in 5s...
24:56  ERROR: Roblox: failed to scrape https://careers.roblox.com/jobs?search=product+design (page.goto: net::ERR_HTTP2_PROTOCOL_ERROR at https://careers.roblox.com/jobs?search=product+design
Call log:
  - navigating to "https://careers.roblox.com/jobs?search=product+design", waiting until "domcontentloaded"
)
24:56  Retry 1/2 for Roblox in 3s...
24:56  Retry 2/2 for Roblox in 4s...
24:56  ERROR: Roblox: failed to scrape https://careers.roblox.com/jobs?search=UX+intern (page.goto: net::ERR_HTTP2_PROTOCOL_ERROR at https://careers.roblox.com/jobs?search=UX+intern
Call log:
  - navigating to "https://careers.roblox.com/jobs?search=UX+intern", waiting until "domcontentloaded"
)
24:56  Roblox: scrape failed — postings left untouched.
24:56  Checking Microsoft...
24:56  robots.txt unavailable for https://gcsservices.careers.microsoft.com; proceeding politely.
24:56  Retry 1/2 for Microsoft in 2s...
24:56  Retry 2/2 for Microsoft in 4s...
24:57  ERROR: Microsoft: failed to scrape https://gcsservices.careers.microsoft.com/search/api/v1/search?q=product%20design%20intern&l=en_us&pg=1&pgSz=20 (page.goto: net::ERR_CERT_COMMON_NAME_INVALID at https://gcsservices.careers.microsoft.com/search/api/v1/search?q=product%20design%20intern&l=en_us&pg=1&pgSz=20
Call log:
  - navigating to "https://gcsservices.careers.microsoft.com/search/api/v1/search?q=product%20design%20intern&l=en_us&pg=1&pgSz=20", waiting until "domcontentloaded"
)
24:57  Retry 1/2 for Microsoft in 2s...
24:57  Retry 2/2 for Microsoft in 4s...
24:57  ERROR: Microsoft: failed to scrape https://gcsservices.careers.microsoft.com/search/api/v1/search?q=UX%20design%20intern&l=en_us&pg=1&pgSz=20 (page.goto: net::ERR_CERT_COMMON_NAME_INVALID at https://gcsservices.careers.microsoft.com/search/api/v1/search?q=UX%20design%20intern&l=en_us&pg=1&pgSz=20
Call log:
  - navigating to "https://gcsservices.careers.microsoft.com/search/api/v1/search?q=UX%20design%20intern&l=en_us&pg=1&pgSz=20", waiting until "domcontentloaded"
)
24:57  Microsoft: scrape failed — postings left untouched.
24:57  Checking Amazon...
24:57  No changes.
24:57  Checking IBM...
24:58  No changes.
24:58  Checking Adobe...
24:58  No changes.
24:58  Checking American Express...
24:59  No changes.
24:59  Checking Mastercard...
24:59  No changes.
24:59  Checking Visa...
24:59  No changes.
24:59  Checking Nike...
24:59  No changes.
24:59  Widget feed updated.
24:59  === Check cycle finished (0 notification(s)) ===
03:19  === Check cycle started ===
03:19  Checking Google...
03:19  No changes.
03:19  Checking YouTube...
03:20  No changes.
03:20  Checking Meta...
03:20  No changes.
03:20  Checking Apple...
03:20  No changes.
03:20  Checking Capital One...
03:20  robots.txt disallows https://www.capitalonecareers.com/search-jobs/design%20intern — skipping this URL.
03:20  robots.txt disallows https://www.capitalonecareers.com/search-jobs/product%20design — skipping this URL.
03:20  Capital One: scrape failed — postings left untouched.
03:20  Checking JPMorgan Chase...
03:20  No changes.
03:20  Checking Roblox...
03:20  Retry 1/2 for Roblox in 2s...
03:20  Retry 2/2 for Roblox in 4s...
03:20  ERROR: Roblox: failed to scrape https://careers.roblox.com/jobs?search=product+design (page.goto: net::ERR_HTTP2_PROTOCOL_ERROR at https://careers.roblox.com/jobs?search=product+design
Call log:
  - navigating to "https://careers.roblox.com/jobs?search=product+design", waiting until "domcontentloaded"
)
03:20  Retry 1/2 for Roblox in 2s...
03:20  Retry 2/2 for Roblox in 5s...
03:20  ERROR: Roblox: failed to scrape https://careers.roblox.com/jobs?search=UX+intern (page.goto: net::ERR_HTTP2_PROTOCOL_ERROR at https://careers.roblox.com/jobs?search=UX+intern
Call log:
  - navigating to "https://careers.roblox.com/jobs?search=UX+intern", waiting until "domcontentloaded"
)
03:20  Roblox: scrape failed — postings left untouched.
03:20  Checking Microsoft...
03:20  robots.txt unavailable for https://gcsservices.careers.microsoft.com; proceeding politely.
03:20  Retry 1/2 for Microsoft in 2s...
03:21  Retry 2/2 for Microsoft in 5s...
03:21  ERROR: Microsoft: failed to scrape https://gcsservices.careers.microsoft.com/search/api/v1/search?q=product%20design%20intern&l=en_us&pg=1&pgSz=20 (page.goto: net::ERR_CERT_COMMON_NAME_INVALID at https://gcsservices.careers.microsoft.com/search/api/v1/search?q=product%20design%20intern&l=en_us&pg=1&pgSz=20
Call log:
  - navigating to "https://gcsservices.careers.microsoft.com/search/api/v1/search?q=product%20design%20intern&l=en_us&pg=1&pgSz=20", waiting until "domcontentloaded"
)
03:21  Retry 1/2 for Microsoft in 2s...
03:21  Retry 2/2 for Microsoft in 5s...
03:21  ERROR: Microsoft: failed to scrape https://gcsservices.careers.microsoft.com/search/api/v1/search?q=UX%20design%20intern&l=en_us&pg=1&pgSz=20 (page.goto: net::ERR_CERT_COMMON_NAME_INVALID at https://gcsservices.careers.microsoft.com/search/api/v1/search?q=UX%20design%20intern&l=en_us&pg=1&pgSz=20
Call log:
  - navigating to "https://gcsservices.careers.microsoft.com/search/api/v1/search?q=UX%20design%20intern&l=en_us&pg=1&pgSz=20", waiting until "domcontentloaded"
)
03:21  Microsoft: scrape failed — postings left untouched.
03:21  Checking Amazon...
03:21  No changes.
03:21  Checking IBM...
03:22  No changes.
03:22  Checking Adobe...
03:22  No changes.
03:22  Checking American Express...
03:23  No changes.
03:23  Checking Mastercard...
03:23  No changes.
03:23  Checking Visa...
03:23  No changes.
03:23  Checking Nike...
03:24  No changes.
03:24  Widget feed updated.
03:24  === Check cycle finished (0 notification(s)) ===
05:39  === Check cycle started ===
05:39  Checking Google...
05:39  No changes.
05:39  Checking YouTube...
05:40  No changes.
05:40  Checking Meta...
05:40  No changes.
05:40  Checking Apple...
05:40  No changes.
05:40  Checking Capital One...
05:40  robots.txt disallows https://www.capitalonecareers.com/search-jobs/design%20intern — skipping this URL.
05:40  robots.txt disallows https://www.capitalonecareers.com/search-jobs/product%20design — skipping this URL.
05:40  Capital One: scrape failed — postings left untouched.
05:40  Checking JPMorgan Chase...
05:40  No changes.
05:40  Checking Roblox...
05:40  Retry 1/2 for Roblox in 2s...
05:40  Retry 2/2 for Roblox in 4s...
05:40  ERROR: Roblox: failed to scrape https://careers.roblox.com/jobs?search=product+design (page.goto: net::ERR_HTTP2_PROTOCOL_ERROR at https://careers.roblox.com/jobs?search=product+design
Call log:
  - navigating to "https://careers.roblox.com/jobs?search=product+design", waiting until "domcontentloaded"
)
05:40  Retry 1/2 for Roblox in 2s...
05:40  Retry 2/2 for Roblox in 4s...
05:40  ERROR: Roblox: failed to scrape https://careers.roblox.com/jobs?search=UX+intern (page.goto: net::ERR_HTTP2_PROTOCOL_ERROR at https://careers.roblox.com/jobs?search=UX+intern
Call log:
  - navigating to "https://careers.roblox.com/jobs?search=UX+intern", waiting until "domcontentloaded"
)
05:41  Roblox: scrape failed — postings left untouched.
05:41  Checking Microsoft...
05:41  robots.txt unavailable for https://gcsservices.careers.microsoft.com; proceeding politely.
05:41  Retry 1/2 for Microsoft in 2s...
05:41  Retry 2/2 for Microsoft in 5s...
05:41  ERROR: Microsoft: failed to scrape https://gcsservices.careers.microsoft.com/search/api/v1/search?q=product%20design%20intern&l=en_us&pg=1&pgSz=20 (page.goto: net::ERR_CERT_COMMON_NAME_INVALID at https://gcsservices.careers.microsoft.com/search/api/v1/search?q=product%20design%20intern&l=en_us&pg=1&pgSz=20
Call log:
  - navigating to "https://gcsservices.careers.microsoft.com/search/api/v1/search?q=product%20design%20intern&l=en_us&pg=1&pgSz=20", waiting until "domcontentloaded"
)
05:41  Retry 1/2 for Microsoft in 2s...
05:41  Retry 2/2 for Microsoft in 5s...
05:41  ERROR: Microsoft: failed to scrape https://gcsservices.careers.microsoft.com/search/api/v1/search?q=UX%20design%20intern&l=en_us&pg=1&pgSz=20 (page.goto: net::ERR_CERT_COMMON_NAME_INVALID at https://gcsservices.careers.microsoft.com/search/api/v1/search?q=UX%20design%20intern&l=en_us&pg=1&pgSz=20
Call log:
  - navigating to "https://gcsservices.careers.microsoft.com/search/api/v1/search?q=UX%20design%20intern&l=en_us&pg=1&pgSz=20", waiting until "domcontentloaded"
)
05:41  Microsoft: scrape failed — postings left untouched.
05:41  Checking Amazon...
05:41  No changes.
05:41  Checking IBM...
05:42  No changes.
05:42  Checking Adobe...
05:42  No changes.
05:42  Checking American Express...
05:43  No changes.
05:43  Checking Mastercard...
05:43  No changes.
05:43  Checking Visa...
05:43  No changes.
05:43  Checking Nike...
05:43  No changes.
05:43  Widget feed updated.
05:43  === Check cycle finished (0 notification(s)) ===
08:15  === Check cycle started ===
08:15  Checking Google...
08:15  No changes.
08:15  Checking YouTube...
08:15  No changes.
08:15  Checking Meta...
08:16  No changes.
08:16  Checking Apple...
08:16  No changes.
08:16  Checking Capital One...
08:16  robots.txt disallows https://www.capitalonecareers.com/search-jobs/design%20intern — skipping this URL.
08:16  robots.txt disallows https://www.capitalonecareers.com/search-jobs/product%20design — skipping this URL.
08:16  Capital One: scrape failed — postings left untouched.
08:16  Checking JPMorgan Chase...
08:16  No changes.
08:16  Checking Roblox...
08:16  Retry 1/2 for Roblox in 2s...
08:16  Retry 2/2 for Roblox in 5s...
08:16  ERROR: Roblox: failed to scrape https://careers.roblox.com/jobs?search=product+design (page.goto: net::ERR_HTTP2_PROTOCOL_ERROR at https://careers.roblox.com/jobs?search=product+design
Call log:
  - navigating to "https://careers.roblox.com/jobs?search=product+design", waiting until "domcontentloaded"
)
08:16  Retry 1/2 for Roblox in 2s...
08:16  Retry 2/2 for Roblox in 4s...
08:16  ERROR: Roblox: failed to scrape https://careers.roblox.com/jobs?search=UX+intern (page.goto: net::ERR_HTTP2_PROTOCOL_ERROR at https://careers.roblox.com/jobs?search=UX+intern
Call log:
  - navigating to "https://careers.roblox.com/jobs?search=UX+intern", waiting until "domcontentloaded"
)
08:16  Roblox: scrape failed — postings left untouched.
08:16  Checking Microsoft...
08:16  robots.txt unavailable for https://gcsservices.careers.microsoft.com; proceeding politely.
08:16  Retry 1/2 for Microsoft in 2s...
08:16  Retry 2/2 for Microsoft in 5s...
08:16  ERROR: Microsoft: failed to scrape https://gcsservices.careers.microsoft.com/search/api/v1/search?q=product%20design%20intern&l=en_us&pg=1&pgSz=20 (page.goto: net::ERR_CERT_COMMON_NAME_INVALID at https://gcsservices.careers.microsoft.com/search/api/v1/search?q=product%20design%20intern&l=en_us&pg=1&pgSz=20
Call log:
  - navigating to "https://gcsservices.careers.microsoft.com/search/api/v1/search?q=product%20design%20intern&l=en_us&pg=1&pgSz=20", waiting until "domcontentloaded"
)
08:17  Retry 1/2 for Microsoft in 2s...
08:17  Retry 2/2 for Microsoft in 4s...
08:17  ERROR: Microsoft: failed to scrape https://gcsservices.careers.microsoft.com/search/api/v1/search?q=UX%20design%20intern&l=en_us&pg=1&pgSz=20 (page.goto: net::ERR_CERT_COMMON_NAME_INVALID at https://gcsservices.careers.microsoft.com/search/api/v1/search?q=UX%20design%20intern&l=en_us&pg=1&pgSz=20
Call log:
  - navigating to "https://gcsservices.careers.microsoft.com/search/api/v1/search?q=UX%20design%20intern&l=en_us&pg=1&pgSz=20", waiting until "domcontentloaded"
)
08:17  Microsoft: scrape failed — postings left untouched.
08:17  Checking Amazon...
08:17  No changes.
08:17  Checking IBM...
08:18  No changes.
08:18  Checking Adobe...
08:18  No changes.
08:18  Checking American Express...
08:19  No changes.
08:19  Checking Mastercard...
08:19  No changes.
08:19  Checking Visa...
08:19  No changes.
08:19  Checking Nike...
08:19  No changes.
08:19  Widget feed updated.
08:19  === Check cycle finished (0 notification(s)) ===
10:59  === Check cycle started ===
10:59  Checking Google...
10:59  No changes.
10:59  Checking YouTube...
11:00  No changes.
11:00  Checking Meta...
11:00  No changes.
11:00  Checking Apple...
11:01  No changes.
11:01  Checking Capital One...
11:01  robots.txt disallows https://www.capitalonecareers.com/search-jobs/design%20intern — skipping this URL.
11:01  robots.txt disallows https://www.capitalonecareers.com/search-jobs/product%20design — skipping this URL.
11:01  Capital One: scrape failed — postings left untouched.
11:01  Checking JPMorgan Chase...
11:01  No changes.
11:01  Checking Roblox...
11:01  Retry 1/2 for Roblox in 2s...
11:01  Retry 2/2 for Roblox in 4s...
11:01  ERROR: Roblox: failed to scrape https://careers.roblox.com/jobs?search=product+design (page.goto: net::ERR_HTTP2_PROTOCOL_ERROR at https://careers.roblox.com/jobs?search=product+design
Call log:
  - navigating to "https://careers.roblox.com/jobs?search=product+design", waiting until "domcontentloaded"
)
11:01  Retry 1/2 for Roblox in 2s...
11:01  Retry 2/2 for Roblox in 5s...
11:01  ERROR: Roblox: failed to scrape https://careers.roblox.com/jobs?search=UX+intern (page.goto: net::ERR_HTTP2_PROTOCOL_ERROR at https://careers.roblox.com/jobs?search=UX+intern
Call log:
  - navigating to "https://careers.roblox.com/jobs?search=UX+intern", waiting until "domcontentloaded"
)
11:01  Roblox: scrape failed — postings left untouched.
11:01  Checking Microsoft...
11:01  robots.txt unavailable for https://gcsservices.careers.microsoft.com; proceeding politely.
11:01  Retry 1/2 for Microsoft in 2s...
11:01  Retry 2/2 for Microsoft in 5s...
11:01  ERROR: Microsoft: failed to scrape https://gcsservices.careers.microsoft.com/search/api/v1/search?q=product%20design%20intern&l=en_us&pg=1&pgSz=20 (page.goto: net::ERR_CERT_COMMON_NAME_INVALID at https://gcsservices.careers.microsoft.com/search/api/v1/search?q=product%20design%20intern&l=en_us&pg=1&pgSz=20
Call log:
  - navigating to "https://gcsservices.careers.microsoft.com/search/api/v1/search?q=product%20design%20intern&l=en_us&pg=1&pgSz=20", waiting until "domcontentloaded"
)
11:01  Retry 1/2 for Microsoft in 2s...
11:01  Retry 2/2 for Microsoft in 5s...
11:01  ERROR: Microsoft: failed to scrape https://gcsservices.careers.microsoft.com/search/api/v1/search?q=UX%20design%20intern&l=en_us&pg=1&pgSz=20 (page.goto: net::ERR_CERT_COMMON_NAME_INVALID at https://gcsservices.careers.microsoft.com/search/api/v1/search?q=UX%20design%20intern&l=en_us&pg=1&pgSz=20
Call log:
  - navigating to "https://gcsservices.careers.microsoft.com/search/api/v1/search?q=UX%20design%20intern&l=en_us&pg=1&pgSz=20", waiting until "domcontentloaded"
)
11:01  Microsoft: scrape failed — postings left untouched.
11:01  Checking Amazon...
11:02  No changes.
11:02  Checking IBM...
11:02  No changes.
11:02  Checking Adobe...
11:03  No changes.
11:03  Checking American Express...
11:04  No changes.
11:04  Checking Mastercard...
11:04  No changes.
11:04  Checking Visa...
11:04  No changes.
11:04  Checking Nike...
11:04  No changes.
11:04  Widget feed updated.
11:04  === Check cycle finished (0 notification(s)) ===
14:06  === Check cycle started ===
14:06  Checking Google...
14:06  No changes.
14:06  Checking YouTube...
14:06  No changes.
14:06  Checking Meta...
14:06  No changes.
14:06  Checking Apple...
14:07  No changes.
14:07  Checking Capital One...
14:07  robots.txt disallows https://www.capitalonecareers.com/search-jobs/design%20intern — skipping this URL.
14:07  robots.txt disallows https://www.capitalonecareers.com/search-jobs/product%20design — skipping this URL.
14:07  Capital One: scrape failed — postings left untouched.
14:07  Checking JPMorgan Chase...
14:07  No changes.
14:07  Checking Roblox...
14:07  Retry 1/2 for Roblox in 2s...
14:07  Retry 2/2 for Roblox in 5s...
14:07  ERROR: Roblox: failed to scrape https://careers.roblox.com/jobs?search=product+design (page.goto: net::ERR_HTTP2_PROTOCOL_ERROR at https://careers.roblox.com/jobs?search=product+design
Call log:
  - navigating to "https://careers.roblox.com/jobs?search=product+design", waiting until "domcontentloaded"
)
14:07  Retry 1/2 for Roblox in 2s...
14:07  Retry 2/2 for Roblox in 5s...
14:07  ERROR: Roblox: failed to scrape https://careers.roblox.com/jobs?search=UX+intern (page.goto: net::ERR_HTTP2_PROTOCOL_ERROR at https://careers.roblox.com/jobs?search=UX+intern
Call log:
  - navigating to "https://careers.roblox.com/jobs?search=UX+intern", waiting until "domcontentloaded"
)
14:07  Roblox: scrape failed — postings left untouched.
14:07  Checking Microsoft...
14:07  robots.txt unavailable for https://gcsservices.careers.microsoft.com; proceeding politely.
14:07  Retry 1/2 for Microsoft in 2s...
14:07  Retry 2/2 for Microsoft in 4s...
14:07  ERROR: Microsoft: failed to scrape https://gcsservices.careers.microsoft.com/search/api/v1/search?q=product%20design%20intern&l=en_us&pg=1&pgSz=20 (page.goto: net::ERR_CERT_COMMON_NAME_INVALID at https://gcsservices.careers.microsoft.com/search/api/v1/search?q=product%20design%20intern&l=en_us&pg=1&pgSz=20
Call log:
  - navigating to "https://gcsservices.careers.microsoft.com/search/api/v1/search?q=product%20design%20intern&l=en_us&pg=1&pgSz=20", waiting until "domcontentloaded"
)
14:07  Retry 1/2 for Microsoft in 2s...
14:07  Retry 2/2 for Microsoft in 5s...
14:07  ERROR: Microsoft: failed to scrape https://gcsservices.careers.microsoft.com/search/api/v1/search?q=UX%20design%20intern&l=en_us&pg=1&pgSz=20 (page.goto: net::ERR_CERT_COMMON_NAME_INVALID at https://gcsservices.careers.microsoft.com/search/api/v1/search?q=UX%20design%20intern&l=en_us&pg=1&pgSz=20
Call log:
  - navigating to "https://gcsservices.careers.microsoft.com/search/api/v1/search?q=UX%20design%20intern&l=en_us&pg=1&pgSz=20", waiting until "domcontentloaded"
)
14:07  Microsoft: scrape failed — postings left untouched.
14:07  Checking Amazon...
14:07  No changes.
14:07  Checking IBM...
14:08  No changes.
14:08  Checking Adobe...
14:09  No changes.
14:09  Checking American Express...
14:09  No changes.
14:09  Checking Mastercard...
14:10  No changes.
14:10  Checking Visa...
14:10  No changes.
14:10  Checking Nike...
14:10  No changes.
14:10  Widget feed updated.
14:10  === Check cycle finished (0 notification(s)) ===
16:54  === Check cycle started ===
16:54  Checking Google...
16:54  No changes.
16:54  Checking YouTube...
16:55  No changes.
16:55  Checking Meta...
16:55  No changes.
16:55  Checking Apple...
16:55  No changes.
16:55  Checking Capital One...
16:55  robots.txt disallows https://www.capitalonecareers.com/search-jobs/design%20intern — skipping this URL.
16:55  robots.txt disallows https://www.capitalonecareers.com/search-jobs/product%20design — skipping this URL.
16:55  Capital One: scrape failed — postings left untouched.
16:55  Checking JPMorgan Chase...
16:55  No changes.
16:55  Checking Roblox...
16:55  Retry 1/2 for Roblox in 2s...
16:55  Retry 2/2 for Roblox in 5s...
16:55  ERROR: Roblox: failed to scrape https://careers.roblox.com/jobs?search=product+design (page.goto: net::ERR_HTTP2_PROTOCOL_ERROR at https://careers.roblox.com/jobs?search=product+design
Call log:
  - navigating to "https://careers.roblox.com/jobs?search=product+design", waiting until "domcontentloaded"
)
16:55  Retry 1/2 for Roblox in 2s...
16:55  Retry 2/2 for Roblox in 4s...
16:56  ERROR: Roblox: failed to scrape https://careers.roblox.com/jobs?search=UX+intern (page.goto: net::ERR_HTTP2_PROTOCOL_ERROR at https://careers.roblox.com/jobs?search=UX+intern
Call log:
  - navigating to "https://careers.roblox.com/jobs?search=UX+intern", waiting until "domcontentloaded"
)
16:56  Roblox: scrape failed — postings left untouched.
16:56  Checking Microsoft...
16:56  robots.txt unavailable for https://gcsservices.careers.microsoft.com; proceeding politely.
16:56  Retry 1/2 for Microsoft in 3s...
16:56  Retry 2/2 for Microsoft in 5s...
16:56  ERROR: Microsoft: failed to scrape https://gcsservices.careers.microsoft.com/search/api/v1/search?q=product%20design%20intern&l=en_us&pg=1&pgSz=20 (page.goto: net::ERR_CERT_COMMON_NAME_INVALID at https://gcsservices.careers.microsoft.com/search/api/v1/search?q=product%20design%20intern&l=en_us&pg=1&pgSz=20
Call log:
  - navigating to "https://gcsservices.careers.microsoft.com/search/api/v1/search?q=product%20design%20intern&l=en_us&pg=1&pgSz=20", waiting until "domcontentloaded"
)
16:56  Retry 1/2 for Microsoft in 3s...
16:56  Retry 2/2 for Microsoft in 4s...
16:56  ERROR: Microsoft: failed to scrape https://gcsservices.careers.microsoft.com/search/api/v1/search?q=UX%20design%20intern&l=en_us&pg=1&pgSz=20 (page.goto: net::ERR_CERT_COMMON_NAME_INVALID at https://gcsservices.careers.microsoft.com/search/api/v1/search?q=UX%20design%20intern&l=en_us&pg=1&pgSz=20
Call log:
  - navigating to "https://gcsservices.careers.microsoft.com/search/api/v1/search?q=UX%20design%20intern&l=en_us&pg=1&pgSz=20", waiting until "domcontentloaded"
)
16:56  Microsoft: scrape failed — postings left untouched.
16:56  Checking Amazon...
16:56  No changes.
16:56  Checking IBM...
16:57  No changes.
16:57  Checking Adobe...
16:57  No changes.
16:57  Checking American Express...
16:58  No changes.
16:58  Checking Mastercard...
16:58  No changes.
16:58  Checking Visa...
16:58  No changes.
16:58  Checking Nike...
16:58  No changes.
16:58  Widget feed updated.
16:58  === Check cycle finished (0 notification(s)) ===
21:32  === Check cycle started ===
21:32  Checking Google...
21:32  No changes.
21:32  Checking YouTube...
21:32  No changes.
21:32  Checking Meta...
21:32  No changes.
21:32  Checking Apple...
21:33  No changes.
21:33  Checking Capital One...
21:33  robots.txt disallows https://www.capitalonecareers.com/search-jobs/design%20intern — skipping this URL.
21:33  robots.txt disallows https://www.capitalonecareers.com/search-jobs/product%20design — skipping this URL.
21:33  Capital One: scrape failed — postings left untouched.
21:33  Checking JPMorgan Chase...
21:33  No changes.
21:33  Checking Roblox...
21:33  Retry 1/2 for Roblox in 2s...
21:33  Retry 2/2 for Roblox in 5s...
21:33  ERROR: Roblox: failed to scrape https://careers.roblox.com/jobs?search=product+design (page.goto: net::ERR_HTTP2_PROTOCOL_ERROR at https://careers.roblox.com/jobs?search=product+design
Call log:
  - navigating to "https://careers.roblox.com/jobs?search=product+design", waiting until "domcontentloaded"
)
21:33  Retry 1/2 for Roblox in 2s...
21:33  Retry 2/2 for Roblox in 4s...
21:33  ERROR: Roblox: failed to scrape https://careers.roblox.com/jobs?search=UX+intern (page.goto: net::ERR_HTTP2_PROTOCOL_ERROR at https://careers.roblox.com/jobs?search=UX+intern
Call log:
  - navigating to "https://careers.roblox.com/jobs?search=UX+intern", waiting until "domcontentloaded"
)
21:33  Roblox: scrape failed — postings left untouched.
21:33  Checking Microsoft...
21:33  robots.txt unavailable for https://gcsservices.careers.microsoft.com; proceeding politely.
21:33  Retry 1/2 for Microsoft in 2s...
21:33  Retry 2/2 for Microsoft in 5s...
21:33  ERROR: Microsoft: failed to scrape https://gcsservices.careers.microsoft.com/search/api/v1/search?q=product%20design%20intern&l=en_us&pg=1&pgSz=20 (page.goto: net::ERR_CERT_COMMON_NAME_INVALID at https://gcsservices.careers.microsoft.com/search/api/v1/search?q=product%20design%20intern&l=en_us&pg=1&pgSz=20
Call log:
  - navigating to "https://gcsservices.careers.microsoft.com/search/api/v1/search?q=product%20design%20intern&l=en_us&pg=1&pgSz=20", waiting until "domcontentloaded"
)
21:33  Retry 1/2 for Microsoft in 2s...
21:33  Retry 2/2 for Microsoft in 5s...
21:33  ERROR: Microsoft: failed to scrape https://gcsservices.careers.microsoft.com/search/api/v1/search?q=UX%20design%20intern&l=en_us&pg=1&pgSz=20 (page.goto: net::ERR_CERT_COMMON_NAME_INVALID at https://gcsservices.careers.microsoft.com/search/api/v1/search?q=UX%20design%20intern&l=en_us&pg=1&pgSz=20
Call log:
  - navigating to "https://gcsservices.careers.microsoft.com/search/api/v1/search?q=UX%20design%20intern&l=en_us&pg=1&pgSz=20", waiting until "domcontentloaded"
)
21:33  Microsoft: scrape failed — postings left untouched.
21:33  Checking Amazon...
21:33  No changes.
21:33  Checking IBM...
21:34  No changes.
21:34  Checking Adobe...
21:34  No changes.
21:34  Checking American Express...
21:35  No changes.
21:35  Checking Mastercard...
21:35  No changes.
21:35  Checking Visa...
21:36  No changes.
21:36  Checking Nike...
21:36  No changes.
21:36  Widget feed updated.
21:36  === Check cycle finished (0 notification(s)) ===
23:26  === Daily summary ===
23:26    Internship Monitor Daily Summary
23:26    Checked:
23:26    15 companies
23:26    New jobs:
23:26    0
23:26    Still Open:
23:26    8
23:26    Closed Today:
23:26    0
23:26  SMS DRY-RUN — daily summary would be:
23:26    | Internship Monitor Daily Summary
23:26    | Checked:
23:26    | 15 companies
23:26    | New jobs:
23:26    | 0
23:26    | Still Open:
23:26    | 8
23:26    | Closed Today:
23:26    | 0
23:26  Discord DRY-RUN (no webhook configured).
23:26  Widget feed updated.
