01:52  === Check cycle started ===
01:52  Checking Google...
01:53  No changes.
01:53  Checking YouTube...
01:53  No changes.
01:53  Checking Meta...
01:53  No changes.
01:53  Checking Apple...
01:53  No changes.
01:53  Checking Capital One...
01:53  robots.txt disallows https://www.capitalonecareers.com/search-jobs/design%20intern — skipping this URL.
01:53  robots.txt disallows https://www.capitalonecareers.com/search-jobs/product%20design — skipping this URL.
01:53  Capital One: scrape failed — postings left untouched.
01:53  Checking JPMorgan Chase...
01:53  No changes.
01:53  Checking Roblox...
01:53  Retry 1/2 for Roblox in 3s...
01:53  Retry 2/2 for Roblox in 4s...
01:53  ERROR: Roblox: failed to scrape https://careers.roblox.com/jobs?search=product+design (page.goto: net::ERR_HTTP2_PROTOCOL_ERROR at https://careers.roblox.com/jobs?search=product+design
Call log:
  - navigating to "https://careers.roblox.com/jobs?search=product+design", waiting until "domcontentloaded"
)
01:53  Retry 1/2 for Roblox in 3s...
01:54  Retry 2/2 for Roblox in 4s...
01:54  ERROR: Roblox: failed to scrape https://careers.roblox.com/jobs?search=UX+intern (page.goto: net::ERR_HTTP2_PROTOCOL_ERROR at https://careers.roblox.com/jobs?search=UX+intern
Call log:
  - navigating to "https://careers.roblox.com/jobs?search=UX+intern", waiting until "domcontentloaded"
)
01:54  Roblox: scrape failed — postings left untouched.
01:54  Checking Microsoft...
01:54  robots.txt unavailable for https://gcsservices.careers.microsoft.com; proceeding politely.
01:54  Retry 1/2 for Microsoft in 2s...
01:54  Retry 2/2 for Microsoft in 5s...
01:54  ERROR: Microsoft: failed to scrape https://gcsservices.careers.microsoft.com/search/api/v1/search?q=product%20design%20intern&l=en_us&pg=1&pgSz=20 (page.goto: net::ERR_CERT_COMMON_NAME_INVALID at https://gcsservices.careers.microsoft.com/search/api/v1/search?q=product%20design%20intern&l=en_us&pg=1&pgSz=20
Call log:
  - navigating to "https://gcsservices.careers.microsoft.com/search/api/v1/search?q=product%20design%20intern&l=en_us&pg=1&pgSz=20", waiting until "domcontentloaded"
)
01:54  Retry 1/2 for Microsoft in 2s...
01:54  Retry 2/2 for Microsoft in 4s...
01:54  ERROR: Microsoft: failed to scrape https://gcsservices.careers.microsoft.com/search/api/v1/search?q=UX%20design%20intern&l=en_us&pg=1&pgSz=20 (page.goto: net::ERR_CERT_COMMON_NAME_INVALID at https://gcsservices.careers.microsoft.com/search/api/v1/search?q=UX%20design%20intern&l=en_us&pg=1&pgSz=20
Call log:
  - navigating to "https://gcsservices.careers.microsoft.com/search/api/v1/search?q=UX%20design%20intern&l=en_us&pg=1&pgSz=20", waiting until "domcontentloaded"
)
01:54  Microsoft: scrape failed — postings left untouched.
01:54  Checking Amazon...
01:54  No changes.
01:54  Checking IBM...
01:55  No changes.
01:55  Checking Adobe...
01:55  No changes.
01:55  Checking American Express...
01:55  No changes.
01:55  Checking Mastercard...
01:55  No changes.
01:55  Checking Visa...
01:56  No changes.
01:56  Checking Nike...
01:56  No changes.
01:56  Widget feed updated.
01:56  === Check cycle finished (0 notification(s)) ===
04:44  === Check cycle started ===
04:44  Checking Google...
04:44  No changes.
04:44  Checking YouTube...
04:45  No changes.
04:45  Checking Meta...
04:45  No changes.
04:45  Checking Apple...
04:45  No changes.
04:45  Checking Capital One...
04:45  robots.txt disallows https://www.capitalonecareers.com/search-jobs/design%20intern — skipping this URL.
04:45  robots.txt disallows https://www.capitalonecareers.com/search-jobs/product%20design — skipping this URL.
04:45  Capital One: scrape failed — postings left untouched.
04:45  Checking JPMorgan Chase...
04:45  No changes.
04:45  Checking Roblox...
04:45  Retry 1/2 for Roblox in 2s...
04:45  Retry 2/2 for Roblox in 5s...
04:45  ERROR: Roblox: failed to scrape https://careers.roblox.com/jobs?search=product+design (page.goto: net::ERR_HTTP2_PROTOCOL_ERROR at https://careers.roblox.com/jobs?search=product+design
Call log:
  - navigating to "https://careers.roblox.com/jobs?search=product+design", waiting until "domcontentloaded"
)
04:45  Retry 1/2 for Roblox in 2s...
04:45  Retry 2/2 for Roblox in 5s...
04:45  ERROR: Roblox: failed to scrape https://careers.roblox.com/jobs?search=UX+intern (page.goto: net::ERR_HTTP2_PROTOCOL_ERROR at https://careers.roblox.com/jobs?search=UX+intern
Call log:
  - navigating to "https://careers.roblox.com/jobs?search=UX+intern", waiting until "domcontentloaded"
)
04:45  Roblox: scrape failed — postings left untouched.
04:45  Checking Microsoft...
04:45  robots.txt unavailable for https://gcsservices.careers.microsoft.com; proceeding politely.
04:45  Retry 1/2 for Microsoft in 2s...
04:45  Retry 2/2 for Microsoft in 5s...
04:46  ERROR: Microsoft: failed to scrape https://gcsservices.careers.microsoft.com/search/api/v1/search?q=product%20design%20intern&l=en_us&pg=1&pgSz=20 (page.goto: net::ERR_CERT_COMMON_NAME_INVALID at https://gcsservices.careers.microsoft.com/search/api/v1/search?q=product%20design%20intern&l=en_us&pg=1&pgSz=20
Call log:
  - navigating to "https://gcsservices.careers.microsoft.com/search/api/v1/search?q=product%20design%20intern&l=en_us&pg=1&pgSz=20", waiting until "domcontentloaded"
)
04:46  Retry 1/2 for Microsoft in 2s...
04:46  Retry 2/2 for Microsoft in 5s...
04:46  ERROR: Microsoft: failed to scrape https://gcsservices.careers.microsoft.com/search/api/v1/search?q=UX%20design%20intern&l=en_us&pg=1&pgSz=20 (page.goto: net::ERR_CERT_COMMON_NAME_INVALID at https://gcsservices.careers.microsoft.com/search/api/v1/search?q=UX%20design%20intern&l=en_us&pg=1&pgSz=20
Call log:
  - navigating to "https://gcsservices.careers.microsoft.com/search/api/v1/search?q=UX%20design%20intern&l=en_us&pg=1&pgSz=20", waiting until "domcontentloaded"
)
04:46  Microsoft: scrape failed — postings left untouched.
04:46  Checking Amazon...
04:46  No changes.
04:46  Checking IBM...
04:47  No changes.
04:47  Checking Adobe...
04:47  No changes.
04:47  Checking American Express...
04:47  No changes.
04:47  Checking Mastercard...
04:47  No changes.
04:47  Checking Visa...
04:47  No changes.
04:47  Checking Nike...
04:48  No changes.
04:48  Widget feed updated.
04:48  === Check cycle finished (0 notification(s)) ===
07:43  === Check cycle started ===
07:43  Checking Google...
07:43  No changes.
07:43  Checking YouTube...
07:43  No changes.
07:43  Checking Meta...
07:43  No changes.
07:43  Checking Apple...
07:44  No changes.
07:44  Checking Capital One...
07:44  robots.txt disallows https://www.capitalonecareers.com/search-jobs/design%20intern — skipping this URL.
07:44  robots.txt disallows https://www.capitalonecareers.com/search-jobs/product%20design — skipping this URL.
07:44  Capital One: scrape failed — postings left untouched.
07:44  Checking JPMorgan Chase...
07:44  No changes.
07:44  Checking Roblox...
07:44  Retry 1/2 for Roblox in 2s...
07:44  Retry 2/2 for Roblox in 5s...
07:44  ERROR: Roblox: failed to scrape https://careers.roblox.com/jobs?search=product+design (page.goto: net::ERR_HTTP2_PROTOCOL_ERROR at https://careers.roblox.com/jobs?search=product+design
Call log:
  - navigating to "https://careers.roblox.com/jobs?search=product+design", waiting until "domcontentloaded"
)
07:44  Retry 1/2 for Roblox in 2s...
07:44  Retry 2/2 for Roblox in 4s...
07:44  ERROR: Roblox: failed to scrape https://careers.roblox.com/jobs?search=UX+intern (page.goto: net::ERR_HTTP2_PROTOCOL_ERROR at https://careers.roblox.com/jobs?search=UX+intern
Call log:
  - navigating to "https://careers.roblox.com/jobs?search=UX+intern", waiting until "domcontentloaded"
)
07:44  Roblox: scrape failed — postings left untouched.
07:44  Checking Microsoft...
07:44  robots.txt unavailable for https://gcsservices.careers.microsoft.com; proceeding politely.
07:44  Retry 1/2 for Microsoft in 2s...
07:44  Retry 2/2 for Microsoft in 5s...
07:44  ERROR: Microsoft: failed to scrape https://gcsservices.careers.microsoft.com/search/api/v1/search?q=product%20design%20intern&l=en_us&pg=1&pgSz=20 (page.goto: net::ERR_CERT_COMMON_NAME_INVALID at https://gcsservices.careers.microsoft.com/search/api/v1/search?q=product%20design%20intern&l=en_us&pg=1&pgSz=20
Call log:
  - navigating to "https://gcsservices.careers.microsoft.com/search/api/v1/search?q=product%20design%20intern&l=en_us&pg=1&pgSz=20", waiting until "domcontentloaded"
)
07:44  Retry 1/2 for Microsoft in 2s...
07:44  Retry 2/2 for Microsoft in 5s...
07:44  ERROR: Microsoft: failed to scrape https://gcsservices.careers.microsoft.com/search/api/v1/search?q=UX%20design%20intern&l=en_us&pg=1&pgSz=20 (page.goto: net::ERR_CERT_COMMON_NAME_INVALID at https://gcsservices.careers.microsoft.com/search/api/v1/search?q=UX%20design%20intern&l=en_us&pg=1&pgSz=20
Call log:
  - navigating to "https://gcsservices.careers.microsoft.com/search/api/v1/search?q=UX%20design%20intern&l=en_us&pg=1&pgSz=20", waiting until "domcontentloaded"
)
07:44  Microsoft: scrape failed — postings left untouched.
07:44  Checking Amazon...
07:45  No changes.
07:45  Checking IBM...
07:45  No changes.
07:45  Checking Adobe...
07:46  No changes.
07:46  Checking American Express...
07:46  No changes.
07:46  Checking Mastercard...
07:46  No changes.
07:46  Checking Visa...
07:46  No changes.
07:46  Checking Nike...
07:46  No changes.
07:46  Widget feed updated.
07:46  === Check cycle finished (0 notification(s)) ===
10:37  === Check cycle started ===
10:37  Checking Google...
10:37  No changes.
10:37  Checking YouTube...
10:37  No changes.
10:37  Checking Meta...
10:37  No changes.
10:37  Checking Apple...
10:37  No changes.
10:37  Checking Capital One...
10:37  robots.txt disallows https://www.capitalonecareers.com/search-jobs/design%20intern — skipping this URL.
10:37  robots.txt disallows https://www.capitalonecareers.com/search-jobs/product%20design — skipping this URL.
10:37  Capital One: scrape failed — postings left untouched.
10:37  Checking JPMorgan Chase...
10:38  No changes.
10:38  Checking Roblox...
10:38  Retry 1/2 for Roblox in 2s...
10:38  Retry 2/2 for Roblox in 5s...
10:38  ERROR: Roblox: failed to scrape https://careers.roblox.com/jobs?search=product+design (page.goto: net::ERR_HTTP2_PROTOCOL_ERROR at https://careers.roblox.com/jobs?search=product+design
Call log:
  - navigating to "https://careers.roblox.com/jobs?search=product+design", waiting until "domcontentloaded"
)
10:38  Retry 1/2 for Roblox in 2s...
10:38  Retry 2/2 for Roblox in 4s...
10:38  ERROR: Roblox: failed to scrape https://careers.roblox.com/jobs?search=UX+intern (page.goto: net::ERR_HTTP2_PROTOCOL_ERROR at https://careers.roblox.com/jobs?search=UX+intern
Call log:
  - navigating to "https://careers.roblox.com/jobs?search=UX+intern", waiting until "domcontentloaded"
)
10:38  Roblox: scrape failed — postings left untouched.
10:38  Checking Microsoft...
10:38  robots.txt unavailable for https://gcsservices.careers.microsoft.com; proceeding politely.
10:38  Retry 1/2 for Microsoft in 2s...
10:38  Retry 2/2 for Microsoft in 4s...
10:38  ERROR: Microsoft: failed to scrape https://gcsservices.careers.microsoft.com/search/api/v1/search?q=product%20design%20intern&l=en_us&pg=1&pgSz=20 (page.goto: net::ERR_CERT_COMMON_NAME_INVALID at https://gcsservices.careers.microsoft.com/search/api/v1/search?q=product%20design%20intern&l=en_us&pg=1&pgSz=20
Call log:
  - navigating to "https://gcsservices.careers.microsoft.com/search/api/v1/search?q=product%20design%20intern&l=en_us&pg=1&pgSz=20", waiting until "domcontentloaded"
)
10:38  Retry 1/2 for Microsoft in 2s...
10:38  Retry 2/2 for Microsoft in 4s...
10:38  ERROR: Microsoft: failed to scrape https://gcsservices.careers.microsoft.com/search/api/v1/search?q=UX%20design%20intern&l=en_us&pg=1&pgSz=20 (page.goto: net::ERR_CERT_COMMON_NAME_INVALID at https://gcsservices.careers.microsoft.com/search/api/v1/search?q=UX%20design%20intern&l=en_us&pg=1&pgSz=20
Call log:
  - navigating to "https://gcsservices.careers.microsoft.com/search/api/v1/search?q=UX%20design%20intern&l=en_us&pg=1&pgSz=20", waiting until "domcontentloaded"
)
10:38  Microsoft: scrape failed — postings left untouched.
10:38  Checking Amazon...
10:38  No changes.
10:38  Checking IBM...
10:39  No changes.
10:39  Checking Adobe...
10:39  No changes.
10:39  Checking American Express...
10:40  No changes.
10:40  Checking Mastercard...
10:40  No changes.
10:40  Checking Visa...
10:40  No changes.
10:40  Checking Nike...
10:40  No changes.
10:40  Widget feed updated.
10:40  === Check cycle finished (0 notification(s)) ===
13:36  === Check cycle started ===
13:36  Checking Google...
13:36  No changes.
13:36  Checking YouTube...
13:37  No changes.
13:37  Checking Meta...
13:37  No changes.
13:37  Checking Apple...
13:37  No changes.
13:37  Checking Capital One...
13:37  robots.txt disallows https://www.capitalonecareers.com/search-jobs/design%20intern — skipping this URL.
13:37  robots.txt disallows https://www.capitalonecareers.com/search-jobs/product%20design — skipping this URL.
13:37  Capital One: scrape failed — postings left untouched.
13:37  Checking JPMorgan Chase...
13:37  No changes.
13:37  Checking Roblox...
13:37  Retry 1/2 for Roblox in 2s...
13:37  Retry 2/2 for Roblox in 4s...
13:37  ERROR: Roblox: failed to scrape https://careers.roblox.com/jobs?search=product+design (page.goto: net::ERR_HTTP2_PROTOCOL_ERROR at https://careers.roblox.com/jobs?search=product+design
Call log:
  - navigating to "https://careers.roblox.com/jobs?search=product+design", waiting until "domcontentloaded"
)
13:37  Retry 1/2 for Roblox in 2s...
13:37  Retry 2/2 for Roblox in 5s...
13:37  ERROR: Roblox: failed to scrape https://careers.roblox.com/jobs?search=UX+intern (page.goto: net::ERR_HTTP2_PROTOCOL_ERROR at https://careers.roblox.com/jobs?search=UX+intern
Call log:
  - navigating to "https://careers.roblox.com/jobs?search=UX+intern", waiting until "domcontentloaded"
)
13:37  Roblox: scrape failed — postings left untouched.
13:37  Checking Microsoft...
13:37  robots.txt unavailable for https://gcsservices.careers.microsoft.com; proceeding politely.
13:37  Retry 1/2 for Microsoft in 2s...
13:38  Retry 2/2 for Microsoft in 5s...
13:38  ERROR: Microsoft: failed to scrape https://gcsservices.careers.microsoft.com/search/api/v1/search?q=product%20design%20intern&l=en_us&pg=1&pgSz=20 (page.goto: net::ERR_CERT_COMMON_NAME_INVALID at https://gcsservices.careers.microsoft.com/search/api/v1/search?q=product%20design%20intern&l=en_us&pg=1&pgSz=20
Call log:
  - navigating to "https://gcsservices.careers.microsoft.com/search/api/v1/search?q=product%20design%20intern&l=en_us&pg=1&pgSz=20", waiting until "domcontentloaded"
)
13:38  Retry 1/2 for Microsoft in 2s...
13:38  Retry 2/2 for Microsoft in 4s...
13:38  ERROR: Microsoft: failed to scrape https://gcsservices.careers.microsoft.com/search/api/v1/search?q=UX%20design%20intern&l=en_us&pg=1&pgSz=20 (page.goto: net::ERR_CERT_COMMON_NAME_INVALID at https://gcsservices.careers.microsoft.com/search/api/v1/search?q=UX%20design%20intern&l=en_us&pg=1&pgSz=20
Call log:
  - navigating to "https://gcsservices.careers.microsoft.com/search/api/v1/search?q=UX%20design%20intern&l=en_us&pg=1&pgSz=20", waiting until "domcontentloaded"
)
13:38  Microsoft: scrape failed — postings left untouched.
13:38  Checking Amazon...
13:38  No changes.
13:38  Checking IBM...
13:39  No changes.
13:39  Checking Adobe...
13:39  No changes.
13:39  Checking American Express...
13:39  No changes.
13:39  Checking Mastercard...
13:40  No changes.
13:40  Checking Visa...
13:40  No changes.
13:40  Checking Nike...
13:40  No changes.
13:40  Widget feed updated.
13:40  === Check cycle finished (0 notification(s)) ===
