24:45  === Daily summary ===
24:45    Internship Monitor Daily Summary
24:45    Checked:
24:45    18 companies
24:45    New jobs:
24:45    0
24:45    Still Open:
24:45    10
24:45    Closed Today:
24:45    0
24:45  SMS DRY-RUN — daily summary would be:
24:45    | Internship Monitor Daily Summary
24:45    | Checked:
24:45    | 18 companies
24:45    | New jobs:
24:45    | 0
24:45    | Still Open:
24:45    | 10
24:45    | Closed Today:
24:45    | 0
24:45  Discord DRY-RUN (no webhook configured).
24:45  Widget feed updated.
05:47  === Check cycle started ===
05:47  Checking Google...
05:48  No changes.
05:48  Checking YouTube...
05:48  No changes.
05:48  Checking Meta...
05:48  No changes.
05:48  Checking Apple...
05:48  No changes.
05:48  Checking Capital One...
05:48  robots.txt disallows https://www.capitalonecareers.com/search-jobs/design%20intern — skipping this URL.
05:48  robots.txt disallows https://www.capitalonecareers.com/search-jobs/product%20design — skipping this URL.
05:48  Capital One: scrape failed — postings left untouched.
05:48  Checking JPMorgan Chase...
05:48  No changes.
05:48  Checking Roblox...
05:48  Retry 1/2 for Roblox in 2s...
05:48  Retry 2/2 for Roblox in 4s...
05:48  ERROR: Roblox: failed to scrape https://careers.roblox.com/jobs?search=product+design (page.goto: net::ERR_HTTP2_PROTOCOL_ERROR at https://careers.roblox.com/jobs?search=product+design
Call log:
  - navigating to "https://careers.roblox.com/jobs?search=product+design", waiting until "domcontentloaded"
)
05:48  Retry 1/2 for Roblox in 3s...
05:48  Retry 2/2 for Roblox in 5s...
05:49  ERROR: Roblox: failed to scrape https://careers.roblox.com/jobs?search=UX+intern (page.goto: net::ERR_HTTP2_PROTOCOL_ERROR at https://careers.roblox.com/jobs?search=UX+intern
Call log:
  - navigating to "https://careers.roblox.com/jobs?search=UX+intern", waiting until "domcontentloaded"
)
05:49  Roblox: scrape failed — postings left untouched.
05:49  Checking Microsoft...
05:49  robots.txt unavailable for https://gcsservices.careers.microsoft.com; proceeding politely.
05:49  Retry 1/2 for Microsoft in 3s...
05:49  Retry 2/2 for Microsoft in 5s...
05:49  ERROR: Microsoft: failed to scrape https://gcsservices.careers.microsoft.com/search/api/v1/search?q=product%20design%20intern&l=en_us&pg=1&pgSz=20 (page.goto: net::ERR_CERT_COMMON_NAME_INVALID at https://gcsservices.careers.microsoft.com/search/api/v1/search?q=product%20design%20intern&l=en_us&pg=1&pgSz=20
Call log:
  - navigating to "https://gcsservices.careers.microsoft.com/search/api/v1/search?q=product%20design%20intern&l=en_us&pg=1&pgSz=20", waiting until "domcontentloaded"
)
05:49  Retry 1/2 for Microsoft in 2s...
05:49  Retry 2/2 for Microsoft in 5s...
05:49  ERROR: Microsoft: failed to scrape https://gcsservices.careers.microsoft.com/search/api/v1/search?q=UX%20design%20intern&l=en_us&pg=1&pgSz=20 (page.goto: net::ERR_CERT_COMMON_NAME_INVALID at https://gcsservices.careers.microsoft.com/search/api/v1/search?q=UX%20design%20intern&l=en_us&pg=1&pgSz=20
Call log:
  - navigating to "https://gcsservices.careers.microsoft.com/search/api/v1/search?q=UX%20design%20intern&l=en_us&pg=1&pgSz=20", waiting until "domcontentloaded"
)
05:49  Microsoft: scrape failed — postings left untouched.
05:49  Checking Amazon...
05:49  No changes.
05:49  Checking IBM...
05:50  No changes.
05:50  Checking Adobe...
05:50  No changes.
05:50  Checking American Express...
05:50  No changes.
05:50  Checking Mastercard...
05:51  No changes.
05:51  Checking Visa...
05:51  No changes.
05:51  Checking Nike...
05:51  No changes.
05:51  Checking Spotify...
05:51  No changes.
05:51  Checking Tesla...
05:51  Retry 1/2 for Tesla in 2s...
05:51  Retry 2/2 for Tesla in 4s...
05:51  ERROR: Tesla: failed to scrape https://www.tesla.com/careers/search/?type=intern&site=US (Cloudflare / bot challenge detected)
05:51  Retry 1/2 for Tesla in 2s...
05:51  Retry 2/2 for Tesla in 5s...
05:52  ERROR: Tesla: failed to scrape https://www.tesla.com/careers/search/?query=design%20intern&site=US (Cloudflare / bot challenge detected)
05:52  Tesla: scrape failed — postings left untouched.
05:52  Checking Warner Bros. Discovery...
05:52  No changes.
05:52  Widget feed updated.
05:52  === Check cycle finished (0 notification(s)) ===
10:44  === Check cycle started ===
10:44  Checking Google...
10:44  No changes.
10:44  Checking YouTube...
10:44  No changes.
10:44  Checking Meta...
10:44  No changes.
10:44  Checking Apple...
10:45  Retry 1/2 for Apple in 2s...
10:45  No changes.
10:45  Checking Capital One...
10:45  robots.txt disallows https://www.capitalonecareers.com/search-jobs/design%20intern — skipping this URL.
10:45  robots.txt disallows https://www.capitalonecareers.com/search-jobs/product%20design — skipping this URL.
10:45  Capital One: scrape failed — postings left untouched.
10:45  Checking JPMorgan Chase...
10:45  No changes.
10:45  Checking Roblox...
10:45  Retry 1/2 for Roblox in 2s...
10:45  Retry 2/2 for Roblox in 5s...
10:46  ERROR: Roblox: failed to scrape https://careers.roblox.com/jobs?search=product+design (page.goto: net::ERR_HTTP2_PROTOCOL_ERROR at https://careers.roblox.com/jobs?search=product+design
Call log:
  - navigating to "https://careers.roblox.com/jobs?search=product+design", waiting until "domcontentloaded"
)
10:46  Retry 1/2 for Roblox in 2s...
10:46  Retry 2/2 for Roblox in 5s...
10:46  ERROR: Roblox: failed to scrape https://careers.roblox.com/jobs?search=UX+intern (page.goto: net::ERR_HTTP2_PROTOCOL_ERROR at https://careers.roblox.com/jobs?search=UX+intern
Call log:
  - navigating to "https://careers.roblox.com/jobs?search=UX+intern", waiting until "domcontentloaded"
)
10:46  Roblox: scrape failed — postings left untouched.
10:46  Checking Microsoft...
10:46  robots.txt unavailable for https://gcsservices.careers.microsoft.com; proceeding politely.
10:46  Retry 1/2 for Microsoft in 2s...
10:46  Retry 2/2 for Microsoft in 5s...
10:46  ERROR: Microsoft: failed to scrape https://gcsservices.careers.microsoft.com/search/api/v1/search?q=product%20design%20intern&l=en_us&pg=1&pgSz=20 (page.goto: net::ERR_CERT_COMMON_NAME_INVALID at https://gcsservices.careers.microsoft.com/search/api/v1/search?q=product%20design%20intern&l=en_us&pg=1&pgSz=20
Call log:
  - navigating to "https://gcsservices.careers.microsoft.com/search/api/v1/search?q=product%20design%20intern&l=en_us&pg=1&pgSz=20", waiting until "domcontentloaded"
)
10:46  Retry 1/2 for Microsoft in 3s...
10:46  Retry 2/2 for Microsoft in 5s...
10:46  ERROR: Microsoft: failed to scrape https://gcsservices.careers.microsoft.com/search/api/v1/search?q=UX%20design%20intern&l=en_us&pg=1&pgSz=20 (page.goto: net::ERR_CERT_COMMON_NAME_INVALID at https://gcsservices.careers.microsoft.com/search/api/v1/search?q=UX%20design%20intern&l=en_us&pg=1&pgSz=20
Call log:
  - navigating to "https://gcsservices.careers.microsoft.com/search/api/v1/search?q=UX%20design%20intern&l=en_us&pg=1&pgSz=20", waiting until "domcontentloaded"
)
10:46  Microsoft: scrape failed — postings left untouched.
10:46  Checking Amazon...
10:46  No changes.
10:46  Checking IBM...
10:47  No changes.
10:47  Checking Adobe...
10:47  No changes.
10:47  Checking American Express...
10:47  No changes.
10:47  Checking Mastercard...
10:47  No changes.
10:47  Checking Visa...
10:48  No changes.
10:48  Checking Nike...
10:48  No changes.
10:48  Checking Spotify...
10:48  No changes.
10:48  Checking Tesla...
10:48  Retry 1/2 for Tesla in 3s...
10:48  Retry 2/2 for Tesla in 5s...
10:48  ERROR: Tesla: failed to scrape https://www.tesla.com/careers/search/?type=intern&site=US (Cloudflare / bot challenge detected)
10:48  Retry 1/2 for Tesla in 3s...
10:48  Retry 2/2 for Tesla in 4s...
10:48  ERROR: Tesla: failed to scrape https://www.tesla.com/careers/search/?query=design%20intern&site=US (Cloudflare / bot challenge detected)
10:48  Tesla: scrape failed — postings left untouched.
10:48  Checking Warner Bros. Discovery...
10:49  No changes.
10:49  Widget feed updated.
10:49  === Check cycle finished (0 notification(s)) ===
15:38  === Check cycle started ===
15:38  Checking Google...
15:38  No changes.
15:38  Checking YouTube...
15:38  No changes.
15:38  Checking Meta...
15:38  No changes.
15:38  Checking Apple...
15:38  No changes.
15:38  Checking Capital One...
15:38  robots.txt disallows https://www.capitalonecareers.com/search-jobs/design%20intern — skipping this URL.
15:38  robots.txt disallows https://www.capitalonecareers.com/search-jobs/product%20design — skipping this URL.
15:38  Capital One: scrape failed — postings left untouched.
15:38  Checking JPMorgan Chase...
15:39  No changes.
15:39  Checking Roblox...
15:39  Retry 1/2 for Roblox in 2s...
15:39  Retry 2/2 for Roblox in 4s...
15:39  ERROR: Roblox: failed to scrape https://careers.roblox.com/jobs?search=product+design (page.goto: net::ERR_HTTP2_PROTOCOL_ERROR at https://careers.roblox.com/jobs?search=product+design
Call log:
  - navigating to "https://careers.roblox.com/jobs?search=product+design", waiting until "domcontentloaded"
)
15:39  Retry 1/2 for Roblox in 2s...
15:39  Retry 2/2 for Roblox in 5s...
15:39  ERROR: Roblox: failed to scrape https://careers.roblox.com/jobs?search=UX+intern (page.goto: net::ERR_HTTP2_PROTOCOL_ERROR at https://careers.roblox.com/jobs?search=UX+intern
Call log:
  - navigating to "https://careers.roblox.com/jobs?search=UX+intern", waiting until "domcontentloaded"
)
15:39  Roblox: scrape failed — postings left untouched.
15:39  Checking Microsoft...
15:39  robots.txt unavailable for https://gcsservices.careers.microsoft.com; proceeding politely.
15:39  Retry 1/2 for Microsoft in 2s...
15:39  Retry 2/2 for Microsoft in 5s...
15:39  ERROR: Microsoft: failed to scrape https://gcsservices.careers.microsoft.com/search/api/v1/search?q=product%20design%20intern&l=en_us&pg=1&pgSz=20 (page.goto: net::ERR_CERT_COMMON_NAME_INVALID at https://gcsservices.careers.microsoft.com/search/api/v1/search?q=product%20design%20intern&l=en_us&pg=1&pgSz=20
Call log:
  - navigating to "https://gcsservices.careers.microsoft.com/search/api/v1/search?q=product%20design%20intern&l=en_us&pg=1&pgSz=20", waiting until "domcontentloaded"
)
15:39  Retry 1/2 for Microsoft in 2s...
15:39  Retry 2/2 for Microsoft in 4s...
15:39  ERROR: Microsoft: failed to scrape https://gcsservices.careers.microsoft.com/search/api/v1/search?q=UX%20design%20intern&l=en_us&pg=1&pgSz=20 (page.goto: net::ERR_CERT_COMMON_NAME_INVALID at https://gcsservices.careers.microsoft.com/search/api/v1/search?q=UX%20design%20intern&l=en_us&pg=1&pgSz=20
Call log:
  - navigating to "https://gcsservices.careers.microsoft.com/search/api/v1/search?q=UX%20design%20intern&l=en_us&pg=1&pgSz=20", waiting until "domcontentloaded"
)
15:39  Microsoft: scrape failed — postings left untouched.
15:39  Checking Amazon...
15:39  No changes.
15:39  Checking IBM...
15:40  No changes.
15:40  Checking Adobe...
15:41  No changes.
15:41  Checking American Express...
15:41  No changes.
15:41  Checking Mastercard...
15:41  No changes.
15:41  Checking Visa...
15:41  No changes.
15:41  Checking Nike...
15:42  No changes.
15:42  Checking Spotify...
15:42  No changes.
15:42  Checking Tesla...
15:42  Retry 1/2 for Tesla in 2s...
15:42  Retry 2/2 for Tesla in 5s...
15:42  ERROR: Tesla: failed to scrape https://www.tesla.com/careers/search/?type=intern&site=US (Cloudflare / bot challenge detected)
15:42  Retry 1/2 for Tesla in 2s...
15:42  Retry 2/2 for Tesla in 4s...
15:42  ERROR: Tesla: failed to scrape https://www.tesla.com/careers/search/?query=design%20intern&site=US (Cloudflare / bot challenge detected)
15:42  Tesla: scrape failed — postings left untouched.
15:42  Checking Warner Bros. Discovery...
15:43  No changes.
15:43  Widget feed updated.
15:43  === Check cycle finished (0 notification(s)) ===
18:23  === Check cycle started ===
18:23  Checking Google...
18:23  No changes.
18:23  Checking YouTube...
18:23  No changes.
18:23  Checking Meta...
18:24  No changes.
18:24  Checking Apple...
18:24  No changes.
18:24  Checking Capital One...
18:24  robots.txt disallows https://www.capitalonecareers.com/search-jobs/design%20intern — skipping this URL.
18:24  robots.txt disallows https://www.capitalonecareers.com/search-jobs/product%20design — skipping this URL.
18:24  Capital One: scrape failed — postings left untouched.
18:24  Checking JPMorgan Chase...
18:24  No changes.
18:24  Checking Roblox...
18:24  Retry 1/2 for Roblox in 2s...
18:24  Retry 2/2 for Roblox in 4s...
18:24  ERROR: Roblox: failed to scrape https://careers.roblox.com/jobs?search=product+design (page.goto: net::ERR_HTTP2_PROTOCOL_ERROR at https://careers.roblox.com/jobs?search=product+design
Call log:
  - navigating to "https://careers.roblox.com/jobs?search=product+design", waiting until "domcontentloaded"
)
18:24  Retry 1/2 for Roblox in 3s...
18:24  Retry 2/2 for Roblox in 5s...
18:24  ERROR: Roblox: failed to scrape https://careers.roblox.com/jobs?search=UX+intern (page.goto: net::ERR_HTTP2_PROTOCOL_ERROR at https://careers.roblox.com/jobs?search=UX+intern
Call log:
  - navigating to "https://careers.roblox.com/jobs?search=UX+intern", waiting until "domcontentloaded"
)
18:24  Roblox: scrape failed — postings left untouched.
18:24  Checking Microsoft...
18:24  robots.txt unavailable for https://gcsservices.careers.microsoft.com; proceeding politely.
18:24  Retry 1/2 for Microsoft in 2s...
18:24  Retry 2/2 for Microsoft in 5s...
18:24  ERROR: Microsoft: failed to scrape https://gcsservices.careers.microsoft.com/search/api/v1/search?q=product%20design%20intern&l=en_us&pg=1&pgSz=20 (page.goto: net::ERR_CERT_COMMON_NAME_INVALID at https://gcsservices.careers.microsoft.com/search/api/v1/search?q=product%20design%20intern&l=en_us&pg=1&pgSz=20
Call log:
  - navigating to "https://gcsservices.careers.microsoft.com/search/api/v1/search?q=product%20design%20intern&l=en_us&pg=1&pgSz=20", waiting until "domcontentloaded"
)
18:24  Retry 1/2 for Microsoft in 2s...
18:24  Retry 2/2 for Microsoft in 4s...
18:25  ERROR: Microsoft: failed to scrape https://gcsservices.careers.microsoft.com/search/api/v1/search?q=UX%20design%20intern&l=en_us&pg=1&pgSz=20 (page.goto: net::ERR_CERT_COMMON_NAME_INVALID at https://gcsservices.careers.microsoft.com/search/api/v1/search?q=UX%20design%20intern&l=en_us&pg=1&pgSz=20
Call log:
  - navigating to "https://gcsservices.careers.microsoft.com/search/api/v1/search?q=UX%20design%20intern&l=en_us&pg=1&pgSz=20", waiting until "domcontentloaded"
)
18:25  Microsoft: scrape failed — postings left untouched.
18:25  Checking Amazon...
18:25  No changes.
18:25  Checking IBM...
18:25  No changes.
18:25  Checking Adobe...
18:26  No changes.
18:26  Checking American Express...
18:26  No changes.
18:26  Checking Mastercard...
18:26  No changes.
18:26  Checking Visa...
18:26  No changes.
18:26  Checking Nike...
18:26  No changes.
18:26  Checking Spotify...
18:27  No changes.
18:27  Checking Tesla...
18:27  Retry 1/2 for Tesla in 2s...
18:27  Retry 2/2 for Tesla in 4s...
18:27  ERROR: Tesla: failed to scrape https://www.tesla.com/careers/search/?type=intern&site=US (Cloudflare / bot challenge detected)
18:27  Retry 1/2 for Tesla in 2s...
18:27  Retry 2/2 for Tesla in 5s...
18:27  ERROR: Tesla: failed to scrape https://www.tesla.com/careers/search/?query=design%20intern&site=US (Cloudflare / bot challenge detected)
18:27  Tesla: scrape failed — postings left untouched.
18:27  Checking Warner Bros. Discovery...
18:27  No changes.
18:27  Widget feed updated.
18:27  === Check cycle finished (0 notification(s)) ===
22:32  === Check cycle started ===
22:32  Checking Google...
22:32  No changes.
22:32  Checking YouTube...
22:33  No changes.
22:33  Checking Meta...
22:33  No changes.
22:33  Checking Apple...
22:33  No changes.
22:33  Checking Capital One...
22:33  robots.txt disallows https://www.capitalonecareers.com/search-jobs/design%20intern — skipping this URL.
22:33  robots.txt disallows https://www.capitalonecareers.com/search-jobs/product%20design — skipping this URL.
22:33  Capital One: scrape failed — postings left untouched.
22:33  Checking JPMorgan Chase...
22:33  No changes.
22:33  Checking Roblox...
22:33  Retry 1/2 for Roblox in 2s...
22:33  Retry 2/2 for Roblox in 5s...
22:33  ERROR: Roblox: failed to scrape https://careers.roblox.com/jobs?search=product+design (page.goto: net::ERR_HTTP2_PROTOCOL_ERROR at https://careers.roblox.com/jobs?search=product+design
Call log:
  - navigating to "https://careers.roblox.com/jobs?search=product+design", waiting until "domcontentloaded"
)
22:33  Retry 1/2 for Roblox in 2s...
22:33  Retry 2/2 for Roblox in 5s...
22:33  ERROR: Roblox: failed to scrape https://careers.roblox.com/jobs?search=UX+intern (page.goto: net::ERR_HTTP2_PROTOCOL_ERROR at https://careers.roblox.com/jobs?search=UX+intern
Call log:
  - navigating to "https://careers.roblox.com/jobs?search=UX+intern", waiting until "domcontentloaded"
)
22:33  Roblox: scrape failed — postings left untouched.
22:33  Checking Microsoft...
22:33  robots.txt unavailable for https://gcsservices.careers.microsoft.com; proceeding politely.
22:33  Retry 1/2 for Microsoft in 2s...
22:33  Retry 2/2 for Microsoft in 5s...
22:34  ERROR: Microsoft: failed to scrape https://gcsservices.careers.microsoft.com/search/api/v1/search?q=product%20design%20intern&l=en_us&pg=1&pgSz=20 (page.goto: net::ERR_CERT_COMMON_NAME_INVALID at https://gcsservices.careers.microsoft.com/search/api/v1/search?q=product%20design%20intern&l=en_us&pg=1&pgSz=20
Call log:
  - navigating to "https://gcsservices.careers.microsoft.com/search/api/v1/search?q=product%20design%20intern&l=en_us&pg=1&pgSz=20", waiting until "domcontentloaded"
)
22:34  Retry 1/2 for Microsoft in 2s...
22:34  Retry 2/2 for Microsoft in 5s...
22:34  ERROR: Microsoft: failed to scrape https://gcsservices.careers.microsoft.com/search/api/v1/search?q=UX%20design%20intern&l=en_us&pg=1&pgSz=20 (page.goto: net::ERR_CERT_COMMON_NAME_INVALID at https://gcsservices.careers.microsoft.com/search/api/v1/search?q=UX%20design%20intern&l=en_us&pg=1&pgSz=20
Call log:
  - navigating to "https://gcsservices.careers.microsoft.com/search/api/v1/search?q=UX%20design%20intern&l=en_us&pg=1&pgSz=20", waiting until "domcontentloaded"
)
22:34  Microsoft: scrape failed — postings left untouched.
22:34  Checking Amazon...
22:34  No changes.
22:34  Checking IBM...
22:35  No changes.
22:35  Checking Adobe...
22:35  No changes.
22:35  Checking American Express...
22:35  No changes.
22:35  Checking Mastercard...
22:35  No changes.
22:35  Checking Visa...
22:35  No changes.
22:35  Checking Nike...
22:35  No changes.
22:35  Checking Spotify...
22:36  No changes.
22:36  Checking Tesla...
22:36  Retry 1/2 for Tesla in 2s...
22:36  Retry 2/2 for Tesla in 5s...
22:36  ERROR: Tesla: failed to scrape https://www.tesla.com/careers/search/?type=intern&site=US (Cloudflare / bot challenge detected)
22:36  Retry 1/2 for Tesla in 2s...
22:36  Retry 2/2 for Tesla in 4s...
22:36  ERROR: Tesla: failed to scrape https://www.tesla.com/careers/search/?query=design%20intern&site=US (Cloudflare / bot challenge detected)
22:36  Tesla: scrape failed — postings left untouched.
22:36  Checking Warner Bros. Discovery...
22:36  No changes.
22:36  Widget feed updated.
22:36  === Check cycle finished (0 notification(s)) ===
