01:34  === Check cycle started ===
01:34  Checking Google...
01:34  No changes.
01:34  Checking YouTube...
01:34  No changes.
01:34  Checking Meta...
01:34  No changes.
01:34  Checking Apple...
01:34  No changes.
01:34  Checking Capital One...
01:34  robots.txt disallows https://www.capitalonecareers.com/search-jobs/design%20intern — skipping this URL.
01:34  robots.txt disallows https://www.capitalonecareers.com/search-jobs/product%20design — skipping this URL.
01:34  Capital One: scrape failed — postings left untouched.
01:34  Checking JPMorgan Chase...
01:35  No changes.
01:35  Checking Roblox...
01:35  Retry 1/2 for Roblox in 2s...
01:35  Retry 2/2 for Roblox in 5s...
01:35  ERROR: Roblox: failed to scrape https://careers.roblox.com/jobs?search=product+design (page.goto: net::ERR_HTTP2_PROTOCOL_ERROR at https://careers.roblox.com/jobs?search=product+design
Call log:
  - navigating to "https://careers.roblox.com/jobs?search=product+design", waiting until "domcontentloaded"
)
01:35  Retry 1/2 for Roblox in 2s...
01:35  Retry 2/2 for Roblox in 4s...
01:35  ERROR: Roblox: failed to scrape https://careers.roblox.com/jobs?search=UX+intern (page.goto: net::ERR_HTTP2_PROTOCOL_ERROR at https://careers.roblox.com/jobs?search=UX+intern
Call log:
  - navigating to "https://careers.roblox.com/jobs?search=UX+intern", waiting until "domcontentloaded"
)
01:35  Roblox: scrape failed — postings left untouched.
01:35  Checking Microsoft...
01:35  robots.txt unavailable for https://gcsservices.careers.microsoft.com; proceeding politely.
01:35  Retry 1/2 for Microsoft in 2s...
01:35  Retry 2/2 for Microsoft in 5s...
01:35  ERROR: Microsoft: failed to scrape https://gcsservices.careers.microsoft.com/search/api/v1/search?q=product%20design%20intern&l=en_us&pg=1&pgSz=20 (page.goto: net::ERR_CERT_COMMON_NAME_INVALID at https://gcsservices.careers.microsoft.com/search/api/v1/search?q=product%20design%20intern&l=en_us&pg=1&pgSz=20
Call log:
  - navigating to "https://gcsservices.careers.microsoft.com/search/api/v1/search?q=product%20design%20intern&l=en_us&pg=1&pgSz=20", waiting until "domcontentloaded"
)
01:35  Retry 1/2 for Microsoft in 2s...
01:35  Retry 2/2 for Microsoft in 5s...
01:35  ERROR: Microsoft: failed to scrape https://gcsservices.careers.microsoft.com/search/api/v1/search?q=UX%20design%20intern&l=en_us&pg=1&pgSz=20 (page.goto: net::ERR_CERT_COMMON_NAME_INVALID at https://gcsservices.careers.microsoft.com/search/api/v1/search?q=UX%20design%20intern&l=en_us&pg=1&pgSz=20
Call log:
  - navigating to "https://gcsservices.careers.microsoft.com/search/api/v1/search?q=UX%20design%20intern&l=en_us&pg=1&pgSz=20", waiting until "domcontentloaded"
)
01:35  Microsoft: scrape failed — postings left untouched.
01:35  Checking Amazon...
01:35  No changes.
01:35  Checking IBM...
01:36  No changes.
01:36  Checking Adobe...
01:36  No changes.
01:36  Checking American Express...
01:37  No changes.
01:37  Checking Mastercard...
01:37  No changes.
01:37  Checking Visa...
01:37  No changes.
01:37  Checking Nike...
01:38  No changes.
01:38  Widget feed updated.
01:38  === Check cycle finished (0 notification(s)) ===
