24:45  === Daily summary ===
24:45    Internship Monitor Daily Summary
24:45    Checked:
24:45    18 companies
24:45    New jobs:
24:45    0
24:45    Still Open:
24:45    11
24:45    Closed Today:
24:45    0
24:45  SMS DRY-RUN — daily summary would be:
24:45    | Internship Monitor Daily Summary
24:45    | Checked:
24:45    | 18 companies
24:45    | New jobs:
24:45    | 0
24:45    | Still Open:
24:45    | 11
24:45    | Closed Today:
24:45    | 0
24:45  Discord DRY-RUN (no webhook configured).
24:45  Widget feed updated.
06:57  === Check cycle started ===
06:57  Checking Google...
06:57  No changes.
06:57  Checking YouTube...
06:57  No changes.
06:57  Checking Meta...
06:58  No changes.
06:58  Checking Apple...
06:58  No changes.
06:58  Checking Capital One...
06:58  robots.txt disallows https://www.capitalonecareers.com/search-jobs/design%20intern — skipping this URL.
06:58  robots.txt disallows https://www.capitalonecareers.com/search-jobs/product%20design — skipping this URL.
06:58  Capital One: scrape failed — postings left untouched.
06:58  Checking JPMorgan Chase...
06:58  No changes.
06:58  Checking Roblox...
06:58  Retry 1/2 for Roblox in 2s...
06:58  Retry 2/2 for Roblox in 5s...
06:58  ERROR: Roblox: failed to scrape https://careers.roblox.com/jobs?search=product+design (page.goto: net::ERR_HTTP2_PROTOCOL_ERROR at https://careers.roblox.com/jobs?search=product+design
Call log:
  - navigating to "https://careers.roblox.com/jobs?search=product+design", waiting until "domcontentloaded"
)
06:58  Retry 1/2 for Roblox in 3s...
06:58  Retry 2/2 for Roblox in 5s...
06:58  ERROR: Roblox: failed to scrape https://careers.roblox.com/jobs?search=UX+intern (page.goto: net::ERR_HTTP2_PROTOCOL_ERROR at https://careers.roblox.com/jobs?search=UX+intern
Call log:
  - navigating to "https://careers.roblox.com/jobs?search=UX+intern", waiting until "domcontentloaded"
)
06:58  Roblox: scrape failed — postings left untouched.
06:58  Checking Microsoft...
06:58  robots.txt unavailable for https://gcsservices.careers.microsoft.com; proceeding politely.
06:58  Retry 1/2 for Microsoft in 2s...
06:58  Retry 2/2 for Microsoft in 5s...
06:58  ERROR: Microsoft: failed to scrape https://gcsservices.careers.microsoft.com/search/api/v1/search?q=product%20design%20intern&l=en_us&pg=1&pgSz=20 (page.goto: net::ERR_CERT_COMMON_NAME_INVALID at https://gcsservices.careers.microsoft.com/search/api/v1/search?q=product%20design%20intern&l=en_us&pg=1&pgSz=20
Call log:
  - navigating to "https://gcsservices.careers.microsoft.com/search/api/v1/search?q=product%20design%20intern&l=en_us&pg=1&pgSz=20", waiting until "domcontentloaded"
)
06:59  Retry 1/2 for Microsoft in 2s...
06:59  Retry 2/2 for Microsoft in 5s...
06:59  ERROR: Microsoft: failed to scrape https://gcsservices.careers.microsoft.com/search/api/v1/search?q=UX%20design%20intern&l=en_us&pg=1&pgSz=20 (page.goto: net::ERR_CERT_COMMON_NAME_INVALID at https://gcsservices.careers.microsoft.com/search/api/v1/search?q=UX%20design%20intern&l=en_us&pg=1&pgSz=20
Call log:
  - navigating to "https://gcsservices.careers.microsoft.com/search/api/v1/search?q=UX%20design%20intern&l=en_us&pg=1&pgSz=20", waiting until "domcontentloaded"
)
06:59  Microsoft: scrape failed — postings left untouched.
06:59  Checking Amazon...
06:59  No changes.
06:59  Checking IBM...
07:00  No changes.
07:00  Checking Adobe...
07:00  No changes.
07:00  Checking American Express...
07:00  No changes.
07:00  Checking Mastercard...
07:01  No changes.
07:01  Checking Visa...
07:01  No changes.
07:01  Checking Nike...
07:01  No changes.
07:01  Checking Spotify...
07:01  No changes.
07:01  Checking Tesla...
07:01  Retry 1/2 for Tesla in 2s...
07:01  Retry 2/2 for Tesla in 5s...
07:01  ERROR: Tesla: failed to scrape https://www.tesla.com/careers/search/?type=intern&site=US (Cloudflare / bot challenge detected)
07:01  Retry 1/2 for Tesla in 2s...
07:01  Retry 2/2 for Tesla in 5s...
07:02  ERROR: Tesla: failed to scrape https://www.tesla.com/careers/search/?query=design%20intern&site=US (Cloudflare / bot challenge detected)
07:02  Tesla: scrape failed — postings left untouched.
07:02  Checking Warner Bros. Discovery...
07:02  No changes.
07:02  Widget feed updated.
07:02  === Check cycle finished (0 notification(s)) ===
12:52  === Check cycle started ===
12:52  Checking Google...
12:52  No changes.
12:52  Checking YouTube...
12:52  No changes.
12:52  Checking Meta...
12:53  No changes.
12:53  Checking Apple...
12:53  No changes.
12:53  Checking Capital One...
12:53  robots.txt disallows https://www.capitalonecareers.com/search-jobs/design%20intern — skipping this URL.
12:53  robots.txt disallows https://www.capitalonecareers.com/search-jobs/product%20design — skipping this URL.
12:53  Capital One: scrape failed — postings left untouched.
12:53  Checking JPMorgan Chase...
12:53  No changes.
12:53  Checking Roblox...
12:53  Retry 1/2 for Roblox in 3s...
12:53  Retry 2/2 for Roblox in 4s...
12:53  ERROR: Roblox: failed to scrape https://careers.roblox.com/jobs?search=product+design (page.goto: net::ERR_HTTP2_PROTOCOL_ERROR at https://careers.roblox.com/jobs?search=product+design
Call log:
  - navigating to "https://careers.roblox.com/jobs?search=product+design", waiting until "domcontentloaded"
)
12:53  Retry 1/2 for Roblox in 2s...
12:53  Retry 2/2 for Roblox in 5s...
12:53  ERROR: Roblox: failed to scrape https://careers.roblox.com/jobs?search=UX+intern (page.goto: net::ERR_HTTP2_PROTOCOL_ERROR at https://careers.roblox.com/jobs?search=UX+intern
Call log:
  - navigating to "https://careers.roblox.com/jobs?search=UX+intern", waiting until "domcontentloaded"
)
12:53  Roblox: scrape failed — postings left untouched.
12:53  Checking Microsoft...
12:53  robots.txt unavailable for https://gcsservices.careers.microsoft.com; proceeding politely.
12:53  Retry 1/2 for Microsoft in 2s...
12:53  Retry 2/2 for Microsoft in 5s...
12:53  ERROR: Microsoft: failed to scrape https://gcsservices.careers.microsoft.com/search/api/v1/search?q=product%20design%20intern&l=en_us&pg=1&pgSz=20 (page.goto: net::ERR_CERT_COMMON_NAME_INVALID at https://gcsservices.careers.microsoft.com/search/api/v1/search?q=product%20design%20intern&l=en_us&pg=1&pgSz=20
Call log:
  - navigating to "https://gcsservices.careers.microsoft.com/search/api/v1/search?q=product%20design%20intern&l=en_us&pg=1&pgSz=20", waiting until "domcontentloaded"
)
12:53  Retry 1/2 for Microsoft in 2s...
12:53  Retry 2/2 for Microsoft in 4s...
12:54  ERROR: Microsoft: failed to scrape https://gcsservices.careers.microsoft.com/search/api/v1/search?q=UX%20design%20intern&l=en_us&pg=1&pgSz=20 (page.goto: net::ERR_CERT_COMMON_NAME_INVALID at https://gcsservices.careers.microsoft.com/search/api/v1/search?q=UX%20design%20intern&l=en_us&pg=1&pgSz=20
Call log:
  - navigating to "https://gcsservices.careers.microsoft.com/search/api/v1/search?q=UX%20design%20intern&l=en_us&pg=1&pgSz=20", waiting until "domcontentloaded"
)
12:54  Microsoft: scrape failed — postings left untouched.
12:54  Checking Amazon...
12:54  No changes.
12:54  Checking IBM...
12:54  No changes.
12:54  Checking Adobe...
12:55  No changes.
12:55  Checking American Express...
12:55  No changes.
12:55  Checking Mastercard...
12:55  No changes.
12:55  Checking Visa...
12:55  No changes.
12:55  Checking Nike...
12:55  No changes.
12:55  Checking Spotify...
12:56  No changes.
12:56  Checking Tesla...
12:56  Retry 1/2 for Tesla in 2s...
12:56  Retry 2/2 for Tesla in 4s...
12:56  ERROR: Tesla: failed to scrape https://www.tesla.com/careers/search/?type=intern&site=US (Cloudflare / bot challenge detected)
12:56  Retry 1/2 for Tesla in 2s...
12:56  Retry 2/2 for Tesla in 4s...
12:56  ERROR: Tesla: failed to scrape https://www.tesla.com/careers/search/?query=design%20intern&site=US (Cloudflare / bot challenge detected)
12:56  Tesla: scrape failed — postings left untouched.
12:56  Checking Warner Bros. Discovery...
12:56  No changes.
12:56  Widget feed updated.
12:56  === Check cycle finished (0 notification(s)) ===
