24:54  === Check cycle started ===
24:54  Checking Google...
24:54  No changes.
24:54  Checking YouTube...
24:54  No changes.
24:54  Checking Meta...
24:54  No changes.
24:54  Checking Apple...
24:55  No changes.
24:55  Checking Capital One...
24:55  robots.txt disallows https://www.capitalonecareers.com/search-jobs/design%20intern — skipping this URL.
24:55  robots.txt disallows https://www.capitalonecareers.com/search-jobs/product%20design — skipping this URL.
24:55  Capital One: scrape failed — postings left untouched.
24:55  Checking JPMorgan Chase...
24:55  No changes.
24:55  Checking Roblox...
24:55  Retry 1/2 for Roblox in 2s...
24:55  Retry 2/2 for Roblox in 5s...
24:55  ERROR: Roblox: failed to scrape https://careers.roblox.com/jobs?search=product+design (page.goto: net::ERR_HTTP2_PROTOCOL_ERROR at https://careers.roblox.com/jobs?search=product+design
Call log:
  - navigating to "https://careers.roblox.com/jobs?search=product+design", waiting until "domcontentloaded"
)
24:55  Retry 1/2 for Roblox in 2s...
24:55  Retry 2/2 for Roblox in 4s...
24:55  ERROR: Roblox: failed to scrape https://careers.roblox.com/jobs?search=UX+intern (page.goto: net::ERR_HTTP2_PROTOCOL_ERROR at https://careers.roblox.com/jobs?search=UX+intern
Call log:
  - navigating to "https://careers.roblox.com/jobs?search=UX+intern", waiting until "domcontentloaded"
)
24:55  Roblox: scrape failed — postings left untouched.
24:55  Checking Microsoft...
24:55  robots.txt unavailable for https://gcsservices.careers.microsoft.com; proceeding politely.
24:55  Retry 1/2 for Microsoft in 2s...
24:55  Retry 2/2 for Microsoft in 4s...
24:55  ERROR: Microsoft: failed to scrape https://gcsservices.careers.microsoft.com/search/api/v1/search?q=product%20design%20intern&l=en_us&pg=1&pgSz=20 (page.goto: net::ERR_CERT_COMMON_NAME_INVALID at https://gcsservices.careers.microsoft.com/search/api/v1/search?q=product%20design%20intern&l=en_us&pg=1&pgSz=20
Call log:
  - navigating to "https://gcsservices.careers.microsoft.com/search/api/v1/search?q=product%20design%20intern&l=en_us&pg=1&pgSz=20", waiting until "domcontentloaded"
)
24:55  Retry 1/2 for Microsoft in 2s...
24:55  Retry 2/2 for Microsoft in 5s...
24:55  ERROR: Microsoft: failed to scrape https://gcsservices.careers.microsoft.com/search/api/v1/search?q=UX%20design%20intern&l=en_us&pg=1&pgSz=20 (page.goto: net::ERR_CERT_COMMON_NAME_INVALID at https://gcsservices.careers.microsoft.com/search/api/v1/search?q=UX%20design%20intern&l=en_us&pg=1&pgSz=20
Call log:
  - navigating to "https://gcsservices.careers.microsoft.com/search/api/v1/search?q=UX%20design%20intern&l=en_us&pg=1&pgSz=20", waiting until "domcontentloaded"
)
24:55  Microsoft: scrape failed — postings left untouched.
24:55  Checking Amazon...
24:56  No changes.
24:56  Checking IBM...
24:56  No changes.
24:56  Checking Adobe...
24:57  No changes.
24:57  Checking American Express...
24:57  No changes.
24:57  Checking Mastercard...
24:58  No changes.
24:58  Checking Visa...
24:58  No changes.
24:58  Checking Nike...
24:58  No changes.
24:58  Widget feed updated.
24:58  === Check cycle finished (0 notification(s)) ===
