01:35  === Daily summary ===
01:35    Internship Monitor Daily Summary
01:35    Checked:
01:35    18 companies
01:35    New jobs:
01:35    0
01:35    Still Open:
01:35    9
01:35    Closed Today:
01:35    0
01:35  SMS DRY-RUN — daily summary would be:
01:35    | Internship Monitor Daily Summary
01:35    | Checked:
01:35    | 18 companies
01:35    | New jobs:
01:35    | 0
01:35    | Still Open:
01:35    | 9
01:35    | Closed Today:
01:35    | 0
01:35  Discord DRY-RUN (no webhook configured).
01:35  Widget feed updated.
06:53  === Check cycle started ===
06:53  Checking Google...
06:53  No changes.
06:53  Checking YouTube...
06:53  No changes.
06:53  Checking Meta...
06:53  No changes.
06:53  Checking Apple...
06:54  No changes.
06:54  Checking Capital One...
06:54  robots.txt disallows https://www.capitalonecareers.com/search-jobs/design%20intern — skipping this URL.
06:54  robots.txt disallows https://www.capitalonecareers.com/search-jobs/product%20design — skipping this URL.
06:54  Capital One: scrape failed — postings left untouched.
06:54  Checking JPMorgan Chase...
06:54  No changes.
06:54  Checking Roblox...
06:54  Retry 1/2 for Roblox in 3s...
06:54  Retry 2/2 for Roblox in 4s...
06:54  ERROR: Roblox: failed to scrape https://careers.roblox.com/jobs?search=product+design (page.goto: net::ERR_HTTP2_PROTOCOL_ERROR at https://careers.roblox.com/jobs?search=product+design
Call log:
  - navigating to "https://careers.roblox.com/jobs?search=product+design", waiting until "domcontentloaded"
)
06:54  Retry 1/2 for Roblox in 2s...
06:54  Retry 2/2 for Roblox in 4s...
06:54  ERROR: Roblox: failed to scrape https://careers.roblox.com/jobs?search=UX+intern (page.goto: net::ERR_HTTP2_PROTOCOL_ERROR at https://careers.roblox.com/jobs?search=UX+intern
Call log:
  - navigating to "https://careers.roblox.com/jobs?search=UX+intern", waiting until "domcontentloaded"
)
06:54  Roblox: scrape failed — postings left untouched.
06:54  Checking Microsoft...
06:54  robots.txt unavailable for https://gcsservices.careers.microsoft.com; proceeding politely.
06:54  Retry 1/2 for Microsoft in 3s...
06:54  Retry 2/2 for Microsoft in 5s...
06:54  ERROR: Microsoft: failed to scrape https://gcsservices.careers.microsoft.com/search/api/v1/search?q=product%20design%20intern&l=en_us&pg=1&pgSz=20 (page.goto: net::ERR_CERT_COMMON_NAME_INVALID at https://gcsservices.careers.microsoft.com/search/api/v1/search?q=product%20design%20intern&l=en_us&pg=1&pgSz=20
Call log:
  - navigating to "https://gcsservices.careers.microsoft.com/search/api/v1/search?q=product%20design%20intern&l=en_us&pg=1&pgSz=20", waiting until "domcontentloaded"
)
06:54  Retry 1/2 for Microsoft in 2s...
06:54  Retry 2/2 for Microsoft in 5s...
06:54  ERROR: Microsoft: failed to scrape https://gcsservices.careers.microsoft.com/search/api/v1/search?q=UX%20design%20intern&l=en_us&pg=1&pgSz=20 (page.goto: net::ERR_CERT_COMMON_NAME_INVALID at https://gcsservices.careers.microsoft.com/search/api/v1/search?q=UX%20design%20intern&l=en_us&pg=1&pgSz=20
Call log:
  - navigating to "https://gcsservices.careers.microsoft.com/search/api/v1/search?q=UX%20design%20intern&l=en_us&pg=1&pgSz=20", waiting until "domcontentloaded"
)
06:54  Microsoft: scrape failed — postings left untouched.
06:54  Checking Amazon...
06:55  No changes.
06:55  Checking IBM...
06:55  No changes.
06:55  Checking Adobe...
06:56  No changes.
06:56  Checking American Express...
06:56  No changes.
06:56  Checking Mastercard...
06:56  No changes.
06:56  Checking Visa...
06:56  No changes.
06:56  Checking Nike...
06:56  No changes.
06:56  Checking Spotify...
06:57  No changes.
06:57  Checking Tesla...
06:57  Retry 1/2 for Tesla in 2s...
06:57  Retry 2/2 for Tesla in 5s...
06:57  ERROR: Tesla: failed to scrape https://www.tesla.com/careers/search/?type=intern&site=US (Cloudflare / bot challenge detected)
06:57  Retry 1/2 for Tesla in 2s...
06:57  Retry 2/2 for Tesla in 5s...
06:57  ERROR: Tesla: failed to scrape https://www.tesla.com/careers/search/?query=design%20intern&site=US (Cloudflare / bot challenge detected)
06:57  Tesla: scrape failed — postings left untouched.
06:57  Checking Warner Bros. Discovery...
06:57  No changes.
06:57  Widget feed updated.
06:57  === Check cycle finished (0 notification(s)) ===
