02:23  === Check cycle started ===
02:23  Checking Google...
02:24  No changes.
02:24  Checking YouTube...
02:24  No changes.
02:24  Checking Meta...
02:24  No changes.
02:24  Checking Apple...
02:24  No changes.
02:24  Checking Capital One...
02:24  robots.txt disallows https://www.capitalonecareers.com/search-jobs/design%20intern — skipping this URL.
02:24  robots.txt disallows https://www.capitalonecareers.com/search-jobs/product%20design — skipping this URL.
02:24  Capital One: scrape failed — postings left untouched.
02:24  Checking JPMorgan Chase...
02:25  No changes.
02:25  Checking Roblox...
02:25  Retry 1/2 for Roblox in 2s...
02:25  Retry 2/2 for Roblox in 4s...
02:25  ERROR: Roblox: failed to scrape https://careers.roblox.com/jobs?search=product+design (page.goto: net::ERR_HTTP2_PROTOCOL_ERROR at https://careers.roblox.com/jobs?search=product+design
Call log:
  - navigating to "https://careers.roblox.com/jobs?search=product+design", waiting until "domcontentloaded"
)
02:25  Retry 1/2 for Roblox in 2s...
02:25  Retry 2/2 for Roblox in 4s...
02:25  ERROR: Roblox: failed to scrape https://careers.roblox.com/jobs?search=UX+intern (page.goto: net::ERR_HTTP2_PROTOCOL_ERROR at https://careers.roblox.com/jobs?search=UX+intern
Call log:
  - navigating to "https://careers.roblox.com/jobs?search=UX+intern", waiting until "domcontentloaded"
)
02:25  Roblox: scrape failed — postings left untouched.
02:25  Checking Microsoft...
02:25  robots.txt unavailable for https://gcsservices.careers.microsoft.com; proceeding politely.
02:25  Retry 1/2 for Microsoft in 2s...
02:25  Retry 2/2 for Microsoft in 5s...
02:25  ERROR: Microsoft: failed to scrape https://gcsservices.careers.microsoft.com/search/api/v1/search?q=product%20design%20intern&l=en_us&pg=1&pgSz=20 (page.goto: net::ERR_CERT_COMMON_NAME_INVALID at https://gcsservices.careers.microsoft.com/search/api/v1/search?q=product%20design%20intern&l=en_us&pg=1&pgSz=20
Call log:
  - navigating to "https://gcsservices.careers.microsoft.com/search/api/v1/search?q=product%20design%20intern&l=en_us&pg=1&pgSz=20", waiting until "domcontentloaded"
)
02:25  Retry 1/2 for Microsoft in 2s...
02:25  Retry 2/2 for Microsoft in 5s...
02:25  ERROR: Microsoft: failed to scrape https://gcsservices.careers.microsoft.com/search/api/v1/search?q=UX%20design%20intern&l=en_us&pg=1&pgSz=20 (page.goto: net::ERR_CERT_COMMON_NAME_INVALID at https://gcsservices.careers.microsoft.com/search/api/v1/search?q=UX%20design%20intern&l=en_us&pg=1&pgSz=20
Call log:
  - navigating to "https://gcsservices.careers.microsoft.com/search/api/v1/search?q=UX%20design%20intern&l=en_us&pg=1&pgSz=20", waiting until "domcontentloaded"
)
02:25  Microsoft: scrape failed — postings left untouched.
02:25  Checking Amazon...
02:25  No changes.
02:25  Checking IBM...
02:26  No changes.
02:26  Checking Adobe...
02:27  No changes.
02:27  Checking American Express...
02:27  No changes.
02:27  Checking Mastercard...
02:28  No changes.
02:28  Checking Visa...
02:28  No changes.
02:28  Checking Nike...
02:28  No changes.
02:28  Widget feed updated.
02:28  === Check cycle finished (0 notification(s)) ===
