01:29  === Daily summary ===
01:29    Internship Monitor Daily Summary
01:29    Checked:
01:29    18 companies
01:29    New jobs:
01:29    0
01:29    Still Open:
01:29    9
01:29    Closed Today:
01:29    0
01:29  SMS DRY-RUN — daily summary would be:
01:29    | Internship Monitor Daily Summary
01:29    | Checked:
01:29    | 18 companies
01:29    | New jobs:
01:29    | 0
01:29    | Still Open:
01:29    | 9
01:29    | Closed Today:
01:29    | 0
01:29  Discord DRY-RUN (no webhook configured).
01:29  Widget feed updated.
