24:41  === Daily summary ===
24:41    Internship Monitor Daily Summary
24:41    Checked:
24:41    18 companies
24:41    New jobs:
24:41    0
24:41    Still Open:
24:41    10
24:41    Closed Today:
24:41    0
24:41  SMS DRY-RUN — daily summary would be:
24:41    | Internship Monitor Daily Summary
24:41    | Checked:
24:41    | 18 companies
24:41    | New jobs:
24:41    | 0
24:41    | Still Open:
24:41    | 10
24:41    | Closed Today:
24:41    | 0
24:41  Discord DRY-RUN (no webhook configured).
24:41  Widget feed updated.
