24:50  === Check cycle started ===
24:50  Checking Google...
24:50  No changes.
24:50  Checking YouTube...
24:51  No changes.
24:51  Checking Meta...
24:51  No changes.
24:51  Checking Apple...
24:51  No changes.
24:51  Checking Capital One...
24:51  robots.txt disallows https://www.capitalonecareers.com/search-jobs/design%20intern — skipping this URL.
24:51  robots.txt disallows https://www.capitalonecareers.com/search-jobs/product%20design — skipping this URL.
24:51  Capital One: scrape failed — postings left untouched.
24:51  Checking JPMorgan Chase...
24:52  No changes.
24:52  Checking Roblox...
24:52  Retry 1/2 for Roblox in 3s...
24:52  Retry 2/2 for Roblox in 5s...
24:52  ERROR: Roblox: failed to scrape https://careers.roblox.com/jobs?search=product+design (page.goto: net::ERR_HTTP2_PROTOCOL_ERROR at https://careers.roblox.com/jobs?search=product+design
Call log:
  - navigating to "https://careers.roblox.com/jobs?search=product+design", waiting until "domcontentloaded"
)
24:52  Retry 1/2 for Roblox in 2s...
24:52  Retry 2/2 for Roblox in 4s...
24:52  ERROR: Roblox: failed to scrape https://careers.roblox.com/jobs?search=UX+intern (page.goto: net::ERR_HTTP2_PROTOCOL_ERROR at https://careers.roblox.com/jobs?search=UX+intern
Call log:
  - navigating to "https://careers.roblox.com/jobs?search=UX+intern", waiting until "domcontentloaded"
)
24:52  Roblox: scrape failed — postings left untouched.
24:52  Checking Microsoft...
24:52  robots.txt unavailable for https://gcsservices.careers.microsoft.com; proceeding politely.
24:52  Retry 1/2 for Microsoft in 2s...
24:52  Retry 2/2 for Microsoft in 5s...
24:52  ERROR: Microsoft: failed to scrape https://gcsservices.careers.microsoft.com/search/api/v1/search?q=product%20design%20intern&l=en_us&pg=1&pgSz=20 (page.goto: net::ERR_CERT_COMMON_NAME_INVALID at https://gcsservices.careers.microsoft.com/search/api/v1/search?q=product%20design%20intern&l=en_us&pg=1&pgSz=20
Call log:
  - navigating to "https://gcsservices.careers.microsoft.com/search/api/v1/search?q=product%20design%20intern&l=en_us&pg=1&pgSz=20", waiting until "domcontentloaded"
)
24:52  Retry 1/2 for Microsoft in 3s...
24:52  Retry 2/2 for Microsoft in 5s...
24:52  ERROR: Microsoft: failed to scrape https://gcsservices.careers.microsoft.com/search/api/v1/search?q=UX%20design%20intern&l=en_us&pg=1&pgSz=20 (page.goto: net::ERR_CERT_COMMON_NAME_INVALID at https://gcsservices.careers.microsoft.com/search/api/v1/search?q=UX%20design%20intern&l=en_us&pg=1&pgSz=20
Call log:
  - navigating to "https://gcsservices.careers.microsoft.com/search/api/v1/search?q=UX%20design%20intern&l=en_us&pg=1&pgSz=20", waiting until "domcontentloaded"
)
24:52  Microsoft: scrape failed — postings left untouched.
24:52  Checking Amazon...
24:52  No changes.
24:52  Checking IBM...
24:53  No changes.
24:53  Checking Adobe...
24:53  No changes.
24:53  Checking American Express...
24:54  No changes.
24:54  Checking Mastercard...
24:54  No changes.
24:54  Checking Visa...
24:55  No changes.
24:55  Checking Nike...
24:55  No changes.
24:55  Widget feed updated.
24:55  === Check cycle finished (0 notification(s)) ===
