01:31  === Daily summary ===
01:31    Internship Monitor Daily Summary
01:31    Checked:
01:31    18 companies
01:31    New jobs:
01:31    0
01:31    Still Open:
01:31    8
01:31    Closed Today:
01:31    0
01:31  SMS DRY-RUN — daily summary would be:
01:31    | Internship Monitor Daily Summary
01:31    | Checked:
01:31    | 18 companies
01:31    | New jobs:
01:31    | 0
01:31    | Still Open:
01:31    | 8
01:31    | Closed Today:
01:31    | 0
01:31  Discord DRY-RUN (no webhook configured).
01:31  Widget feed updated.
07:38  === Check cycle started ===
07:38  Checking Google...
07:38  No changes.
07:38  Checking YouTube...
07:38  No changes.
07:38  Checking Meta...
07:39  No changes.
07:39  Checking Apple...
07:39  No changes.
07:39  Checking Capital One...
07:39  robots.txt disallows https://www.capitalonecareers.com/search-jobs/design%20intern — skipping this URL.
07:39  robots.txt disallows https://www.capitalonecareers.com/search-jobs/product%20design — skipping this URL.
07:39  Capital One: scrape failed — postings left untouched.
07:39  Checking JPMorgan Chase...
07:39  No changes.
07:39  Checking Roblox...
07:39  Retry 1/2 for Roblox in 3s...
07:39  Retry 2/2 for Roblox in 5s...
07:39  ERROR: Roblox: failed to scrape https://careers.roblox.com/jobs?search=product+design (page.goto: net::ERR_HTTP2_PROTOCOL_ERROR at https://careers.roblox.com/jobs?search=product+design
Call log:
  - navigating to "https://careers.roblox.com/jobs?search=product+design", waiting until "domcontentloaded"
)
07:39  Retry 1/2 for Roblox in 2s...
07:39  Retry 2/2 for Roblox in 4s...
07:39  ERROR: Roblox: failed to scrape https://careers.roblox.com/jobs?search=UX+intern (page.goto: net::ERR_HTTP2_PROTOCOL_ERROR at https://careers.roblox.com/jobs?search=UX+intern
Call log:
  - navigating to "https://careers.roblox.com/jobs?search=UX+intern", waiting until "domcontentloaded"
)
07:39  Roblox: scrape failed — postings left untouched.
07:39  Checking Microsoft...
07:39  robots.txt unavailable for https://gcsservices.careers.microsoft.com; proceeding politely.
07:39  Retry 1/2 for Microsoft in 2s...
07:39  Retry 2/2 for Microsoft in 4s...
07:39  ERROR: Microsoft: failed to scrape https://gcsservices.careers.microsoft.com/search/api/v1/search?q=product%20design%20intern&l=en_us&pg=1&pgSz=20 (page.goto: net::ERR_CERT_COMMON_NAME_INVALID at https://gcsservices.careers.microsoft.com/search/api/v1/search?q=product%20design%20intern&l=en_us&pg=1&pgSz=20
Call log:
  - navigating to "https://gcsservices.careers.microsoft.com/search/api/v1/search?q=product%20design%20intern&l=en_us&pg=1&pgSz=20", waiting until "domcontentloaded"
)
07:39  Retry 1/2 for Microsoft in 2s...
07:39  Retry 2/2 for Microsoft in 4s...
07:39  ERROR: Microsoft: failed to scrape https://gcsservices.careers.microsoft.com/search/api/v1/search?q=UX%20design%20intern&l=en_us&pg=1&pgSz=20 (page.goto: net::ERR_CERT_COMMON_NAME_INVALID at https://gcsservices.careers.microsoft.com/search/api/v1/search?q=UX%20design%20intern&l=en_us&pg=1&pgSz=20
Call log:
  - navigating to "https://gcsservices.careers.microsoft.com/search/api/v1/search?q=UX%20design%20intern&l=en_us&pg=1&pgSz=20", waiting until "domcontentloaded"
)
07:40  Microsoft: scrape failed — postings left untouched.
07:40  Checking Amazon...
07:40  No changes.
07:40  Checking IBM...
07:40  No changes.
07:40  Checking Adobe...
07:41  No changes.
07:41  Checking American Express...
07:41  No changes.
07:41  Checking Mastercard...
07:41  No changes.
07:41  Checking Visa...
07:41  No changes.
07:41  Checking Nike...
07:41  No changes.
07:41  Checking Spotify...
07:41  No changes.
07:41  Checking Tesla...
07:42  Retry 1/2 for Tesla in 2s...
07:42  Retry 2/2 for Tesla in 5s...
07:42  ERROR: Tesla: failed to scrape https://www.tesla.com/careers/search/?type=intern&site=US (Cloudflare / bot challenge detected)
07:42  Retry 1/2 for Tesla in 2s...
07:42  Retry 2/2 for Tesla in 4s...
07:42  ERROR: Tesla: failed to scrape https://www.tesla.com/careers/search/?query=design%20intern&site=US (Cloudflare / bot challenge detected)
07:42  Tesla: scrape failed — postings left untouched.
07:42  Checking Warner Bros. Discovery...
07:42  No changes.
07:42  Widget feed updated.
07:42  === Check cycle finished (0 notification(s)) ===
