24:58  === Daily summary ===
24:58    Internship Monitor Daily Summary
24:58    Checked:
24:58    18 companies
24:58    New jobs:
24:58    0
24:58    Still Open:
24:58    9
24:58    Closed Today:
24:58    0
24:58  SMS DRY-RUN — daily summary would be:
24:58    | Internship Monitor Daily Summary
24:58    | Checked:
24:58    | 18 companies
24:58    | New jobs:
24:58    | 0
24:58    | Still Open:
24:58    | 9
24:58    | Closed Today:
24:58    | 0
24:58  Discord DRY-RUN (no webhook configured).
24:58  Widget feed updated.
06:04  === Check cycle started ===
06:04  Checking Google...
06:04  No changes.
06:04  Checking YouTube...
06:04  No changes.
06:04  Checking Meta...
06:04  No changes.
06:04  Checking Apple...
06:05  No changes.
06:05  Checking Capital One...
06:05  robots.txt disallows https://www.capitalonecareers.com/search-jobs/design%20intern — skipping this URL.
06:05  robots.txt disallows https://www.capitalonecareers.com/search-jobs/product%20design — skipping this URL.
06:05  Capital One: scrape failed — postings left untouched.
06:05  Checking JPMorgan Chase...
06:05  No changes.
06:05  Checking Roblox...
06:05  Retry 1/2 for Roblox in 2s...
06:05  Retry 2/2 for Roblox in 5s...
06:05  ERROR: Roblox: failed to scrape https://careers.roblox.com/jobs?search=product+design (page.goto: net::ERR_HTTP2_PROTOCOL_ERROR at https://careers.roblox.com/jobs?search=product+design
Call log:
  - navigating to "https://careers.roblox.com/jobs?search=product+design", waiting until "domcontentloaded"
)
06:05  Retry 1/2 for Roblox in 2s...
06:05  Retry 2/2 for Roblox in 4s...
06:05  ERROR: Roblox: failed to scrape https://careers.roblox.com/jobs?search=UX+intern (page.goto: net::ERR_HTTP2_PROTOCOL_ERROR at https://careers.roblox.com/jobs?search=UX+intern
Call log:
  - navigating to "https://careers.roblox.com/jobs?search=UX+intern", waiting until "domcontentloaded"
)
06:05  Roblox: scrape failed — postings left untouched.
06:05  Checking Microsoft...
06:05  robots.txt unavailable for https://gcsservices.careers.microsoft.com; proceeding politely.
06:05  Retry 1/2 for Microsoft in 2s...
06:05  Retry 2/2 for Microsoft in 4s...
06:05  ERROR: Microsoft: failed to scrape https://gcsservices.careers.microsoft.com/search/api/v1/search?q=product%20design%20intern&l=en_us&pg=1&pgSz=20 (page.goto: net::ERR_CERT_COMMON_NAME_INVALID at https://gcsservices.careers.microsoft.com/search/api/v1/search?q=product%20design%20intern&l=en_us&pg=1&pgSz=20
Call log:
  - navigating to "https://gcsservices.careers.microsoft.com/search/api/v1/search?q=product%20design%20intern&l=en_us&pg=1&pgSz=20", waiting until "domcontentloaded"
)
06:05  Retry 1/2 for Microsoft in 3s...
06:05  Retry 2/2 for Microsoft in 4s...
06:05  ERROR: Microsoft: failed to scrape https://gcsservices.careers.microsoft.com/search/api/v1/search?q=UX%20design%20intern&l=en_us&pg=1&pgSz=20 (page.goto: net::ERR_CERT_COMMON_NAME_INVALID at https://gcsservices.careers.microsoft.com/search/api/v1/search?q=UX%20design%20intern&l=en_us&pg=1&pgSz=20
Call log:
  - navigating to "https://gcsservices.careers.microsoft.com/search/api/v1/search?q=UX%20design%20intern&l=en_us&pg=1&pgSz=20", waiting until "domcontentloaded"
)
06:05  Microsoft: scrape failed — postings left untouched.
06:05  Checking Amazon...
06:05  No changes.
06:05  Checking IBM...
06:06  No changes.
06:06  Checking Adobe...
06:06  No changes.
06:06  Checking American Express...
06:07  No changes.
06:07  Checking Mastercard...
06:07  No changes.
06:07  Checking Visa...
06:07  No changes.
06:07  Checking Nike...
06:07  No changes.
06:07  Checking Spotify...
06:07  No changes.
06:07  Checking Tesla...
06:07  Retry 1/2 for Tesla in 2s...
06:07  Retry 2/2 for Tesla in 5s...
06:08  ERROR: Tesla: failed to scrape https://www.tesla.com/careers/search/?type=intern&site=US (Cloudflare / bot challenge detected)
06:08  Retry 1/2 for Tesla in 2s...
06:08  Retry 2/2 for Tesla in 4s...
06:08  ERROR: Tesla: failed to scrape https://www.tesla.com/careers/search/?query=design%20intern&site=US (Cloudflare / bot challenge detected)
06:08  Tesla: scrape failed — postings left untouched.
06:08  Checking Warner Bros. Discovery...
06:08  No changes.
06:08  Widget feed updated.
06:08  === Check cycle finished (0 notification(s)) ===
