24:23  === Daily summary ===
24:23    Internship Monitor Daily Summary
24:23    Checked:
24:23    18 companies
24:23    New jobs:
24:23    0
24:23    Still Open:
24:23    9
24:23    Closed Today:
24:23    0
24:23  SMS DRY-RUN — daily summary would be:
24:23    | Internship Monitor Daily Summary
24:23    | Checked:
24:23    | 18 companies
24:23    | New jobs:
24:23    | 0
24:23    | Still Open:
24:23    | 9
24:23    | Closed Today:
24:23    | 0
24:23  Discord DRY-RUN (no webhook configured).
24:23  Widget feed updated.
02:37  === Check cycle started ===
02:37  Checking Google...
02:37  No changes.
02:37  Checking YouTube...
02:37  No changes.
02:37  Checking Meta...
02:37  No changes.
02:37  Checking Apple...
02:37  No changes.
02:37  Checking Capital One...
02:37  robots.txt disallows https://www.capitalonecareers.com/search-jobs/design%20intern — skipping this URL.
02:37  robots.txt disallows https://www.capitalonecareers.com/search-jobs/product%20design — skipping this URL.
02:37  Capital One: scrape failed — postings left untouched.
02:37  Checking JPMorgan Chase...
02:38  No changes.
02:38  Checking Roblox...
02:38  Retry 1/2 for Roblox in 2s...
02:38  Retry 2/2 for Roblox in 5s...
02:38  ERROR: Roblox: failed to scrape https://careers.roblox.com/jobs?search=product+design (page.goto: net::ERR_HTTP2_PROTOCOL_ERROR at https://careers.roblox.com/jobs?search=product+design
Call log:
  - navigating to "https://careers.roblox.com/jobs?search=product+design", waiting until "domcontentloaded"
)
02:38  Retry 1/2 for Roblox in 2s...
02:38  Retry 2/2 for Roblox in 5s...
02:38  ERROR: Roblox: failed to scrape https://careers.roblox.com/jobs?search=UX+intern (page.goto: net::ERR_HTTP2_PROTOCOL_ERROR at https://careers.roblox.com/jobs?search=UX+intern
Call log:
  - navigating to "https://careers.roblox.com/jobs?search=UX+intern", waiting until "domcontentloaded"
)
02:38  Roblox: scrape failed — postings left untouched.
02:38  Checking Microsoft...
02:38  robots.txt unavailable for https://gcsservices.careers.microsoft.com; proceeding politely.
02:38  Retry 1/2 for Microsoft in 2s...
02:38  Retry 2/2 for Microsoft in 4s...
02:38  ERROR: Microsoft: failed to scrape https://gcsservices.careers.microsoft.com/search/api/v1/search?q=product%20design%20intern&l=en_us&pg=1&pgSz=20 (page.goto: net::ERR_CERT_COMMON_NAME_INVALID at https://gcsservices.careers.microsoft.com/search/api/v1/search?q=product%20design%20intern&l=en_us&pg=1&pgSz=20
Call log:
  - navigating to "https://gcsservices.careers.microsoft.com/search/api/v1/search?q=product%20design%20intern&l=en_us&pg=1&pgSz=20", waiting until "domcontentloaded"
)
02:38  Retry 1/2 for Microsoft in 2s...
02:38  Retry 2/2 for Microsoft in 5s...
02:38  ERROR: Microsoft: failed to scrape https://gcsservices.careers.microsoft.com/search/api/v1/search?q=UX%20design%20intern&l=en_us&pg=1&pgSz=20 (page.goto: net::ERR_CERT_COMMON_NAME_INVALID at https://gcsservices.careers.microsoft.com/search/api/v1/search?q=UX%20design%20intern&l=en_us&pg=1&pgSz=20
Call log:
  - navigating to "https://gcsservices.careers.microsoft.com/search/api/v1/search?q=UX%20design%20intern&l=en_us&pg=1&pgSz=20", waiting until "domcontentloaded"
)
02:38  Microsoft: scrape failed — postings left untouched.
02:38  Checking Amazon...
02:38  No changes.
02:38  Checking IBM...
02:39  No changes.
02:39  Checking Adobe...
02:39  No changes.
02:39  Checking American Express...
02:40  No changes.
02:40  Checking Mastercard...
02:40  No changes.
02:40  Checking Visa...
02:40  No changes.
02:40  Checking Nike...
02:40  No changes.
02:40  Checking Spotify...
02:40  No changes.
02:40  Checking Tesla...
02:40  Retry 1/2 for Tesla in 2s...
02:40  Retry 2/2 for Tesla in 5s...
02:40  ERROR: Tesla: failed to scrape https://www.tesla.com/careers/search/?type=intern&site=US (Cloudflare / bot challenge detected)
02:40  Retry 1/2 for Tesla in 2s...
02:41  Retry 2/2 for Tesla in 4s...
02:41  ERROR: Tesla: failed to scrape https://www.tesla.com/careers/search/?query=design%20intern&site=US (Cloudflare / bot challenge detected)
02:41  Tesla: scrape failed — postings left untouched.
02:41  Checking Warner Bros. Discovery...
02:41  No changes.
02:41  Widget feed updated.
02:41  === Check cycle finished (0 notification(s)) ===
07:36  === Check cycle started ===
07:36  Checking Google...
07:36  No changes.
07:36  Checking YouTube...
07:37  No changes.
07:37  Checking Meta...
07:37  No changes.
07:37  Checking Apple...
07:37  No changes.
07:37  Checking Capital One...
07:37  robots.txt disallows https://www.capitalonecareers.com/search-jobs/design%20intern — skipping this URL.
07:37  robots.txt disallows https://www.capitalonecareers.com/search-jobs/product%20design — skipping this URL.
07:37  Capital One: scrape failed — postings left untouched.
07:37  Checking JPMorgan Chase...
07:37  No changes.
07:37  Checking Roblox...
07:37  Retry 1/2 for Roblox in 2s...
07:37  Retry 2/2 for Roblox in 5s...
07:37  ERROR: Roblox: failed to scrape https://careers.roblox.com/jobs?search=product+design (page.goto: net::ERR_HTTP2_PROTOCOL_ERROR at https://careers.roblox.com/jobs?search=product+design
Call log:
  - navigating to "https://careers.roblox.com/jobs?search=product+design", waiting until "domcontentloaded"
)
07:37  Retry 1/2 for Roblox in 2s...
07:37  Retry 2/2 for Roblox in 5s...
07:37  ERROR: Roblox: failed to scrape https://careers.roblox.com/jobs?search=UX+intern (page.goto: net::ERR_HTTP2_PROTOCOL_ERROR at https://careers.roblox.com/jobs?search=UX+intern
Call log:
  - navigating to "https://careers.roblox.com/jobs?search=UX+intern", waiting until "domcontentloaded"
)
07:37  Roblox: scrape failed — postings left untouched.
07:37  Checking Microsoft...
07:37  robots.txt unavailable for https://gcsservices.careers.microsoft.com; proceeding politely.
07:37  Retry 1/2 for Microsoft in 3s...
07:38  Retry 2/2 for Microsoft in 5s...
07:38  ERROR: Microsoft: failed to scrape https://gcsservices.careers.microsoft.com/search/api/v1/search?q=product%20design%20intern&l=en_us&pg=1&pgSz=20 (page.goto: net::ERR_CERT_COMMON_NAME_INVALID at https://gcsservices.careers.microsoft.com/search/api/v1/search?q=product%20design%20intern&l=en_us&pg=1&pgSz=20
Call log:
  - navigating to "https://gcsservices.careers.microsoft.com/search/api/v1/search?q=product%20design%20intern&l=en_us&pg=1&pgSz=20", waiting until "domcontentloaded"
)
07:38  Retry 1/2 for Microsoft in 2s...
07:38  Retry 2/2 for Microsoft in 4s...
07:38  ERROR: Microsoft: failed to scrape https://gcsservices.careers.microsoft.com/search/api/v1/search?q=UX%20design%20intern&l=en_us&pg=1&pgSz=20 (page.goto: net::ERR_CERT_COMMON_NAME_INVALID at https://gcsservices.careers.microsoft.com/search/api/v1/search?q=UX%20design%20intern&l=en_us&pg=1&pgSz=20
Call log:
  - navigating to "https://gcsservices.careers.microsoft.com/search/api/v1/search?q=UX%20design%20intern&l=en_us&pg=1&pgSz=20", waiting until "domcontentloaded"
)
07:38  Microsoft: scrape failed — postings left untouched.
07:38  Checking Amazon...
07:38  No changes.
07:38  Checking IBM...
07:39  No changes.
07:39  Checking Adobe...
07:39  No changes.
07:39  Checking American Express...
07:39  No changes.
07:39  Checking Mastercard...
07:39  No changes.
07:39  Checking Visa...
07:39  No changes.
07:39  Checking Nike...
07:40  No changes.
07:40  Checking Spotify...
07:40  No changes.
07:40  Checking Tesla...
07:40  Retry 1/2 for Tesla in 2s...
07:40  Retry 2/2 for Tesla in 5s...
07:40  ERROR: Tesla: failed to scrape https://www.tesla.com/careers/search/?type=intern&site=US (Cloudflare / bot challenge detected)
07:40  Retry 1/2 for Tesla in 2s...
07:40  Retry 2/2 for Tesla in 4s...
07:40  ERROR: Tesla: failed to scrape https://www.tesla.com/careers/search/?query=design%20intern&site=US (Cloudflare / bot challenge detected)
07:40  Tesla: scrape failed — postings left untouched.
07:40  Checking Warner Bros. Discovery...
07:40  No changes.
07:40  Widget feed updated.
07:40  === Check cycle finished (0 notification(s)) ===
