02:04  === Daily summary ===
02:04    Internship Monitor Daily Summary
02:04    Checked:
02:04    18 companies
02:04    New jobs:
02:04    0
02:04    Still Open:
02:04    9
02:04    Closed Today:
02:04    0
02:04  SMS DRY-RUN — daily summary would be:
02:04    | Internship Monitor Daily Summary
02:04    | Checked:
02:04    | 18 companies
02:04    | New jobs:
02:04    | 0
02:04    | Still Open:
02:04    | 9
02:04    | Closed Today:
02:04    | 0
02:04  Discord DRY-RUN (no webhook configured).
02:04  Widget feed updated.
