24:23  === Daily summary ===
24:23    Internship Monitor Daily Summary
24:23    Checked:
24:23    18 companies
24:23    New jobs:
24:23    0
24:23    Still Open:
24:23    11
24:23    Closed Today:
24:23    0
24:23  SMS DRY-RUN — daily summary would be:
24:23    | Internship Monitor Daily Summary
24:23    | Checked:
24:23    | 18 companies
24:23    | New jobs:
24:23    | 0
24:23    | Still Open:
24:23    | 11
24:23    | Closed Today:
24:23    | 0
24:23  Discord DRY-RUN (no webhook configured).
24:23  Widget feed updated.
02:59  === Check cycle started ===
02:59  Checking Google...
03:00  No changes.
03:00  Checking YouTube...
03:00  No changes.
03:00  Checking Meta...
03:00  No changes.
03:00  Checking Apple...
03:00  No changes.
03:00  Checking Capital One...
03:00  robots.txt disallows https://www.capitalonecareers.com/search-jobs/design%20intern — skipping this URL.
03:00  robots.txt disallows https://www.capitalonecareers.com/search-jobs/product%20design — skipping this URL.
03:00  Capital One: scrape failed — postings left untouched.
03:00  Checking JPMorgan Chase...
03:00  No changes.
03:00  Checking Roblox...
03:00  Retry 1/2 for Roblox in 2s...
03:00  Retry 2/2 for Roblox in 5s...
03:00  ERROR: Roblox: failed to scrape https://careers.roblox.com/jobs?search=product+design (page.goto: net::ERR_HTTP2_PROTOCOL_ERROR at https://careers.roblox.com/jobs?search=product+design
Call log:
  - navigating to "https://careers.roblox.com/jobs?search=product+design", waiting until "domcontentloaded"
)
03:00  Retry 1/2 for Roblox in 2s...
03:01  Retry 2/2 for Roblox in 5s...
03:01  ERROR: Roblox: failed to scrape https://careers.roblox.com/jobs?search=UX+intern (page.goto: net::ERR_HTTP2_PROTOCOL_ERROR at https://careers.roblox.com/jobs?search=UX+intern
Call log:
  - navigating to "https://careers.roblox.com/jobs?search=UX+intern", waiting until "domcontentloaded"
)
03:01  Roblox: scrape failed — postings left untouched.
03:01  Checking Microsoft...
03:01  robots.txt unavailable for https://gcsservices.careers.microsoft.com; proceeding politely.
03:01  Retry 1/2 for Microsoft in 2s...
03:01  Retry 2/2 for Microsoft in 5s...
03:01  ERROR: Microsoft: failed to scrape https://gcsservices.careers.microsoft.com/search/api/v1/search?q=product%20design%20intern&l=en_us&pg=1&pgSz=20 (page.goto: net::ERR_CERT_COMMON_NAME_INVALID at https://gcsservices.careers.microsoft.com/search/api/v1/search?q=product%20design%20intern&l=en_us&pg=1&pgSz=20
Call log:
  - navigating to "https://gcsservices.careers.microsoft.com/search/api/v1/search?q=product%20design%20intern&l=en_us&pg=1&pgSz=20", waiting until "domcontentloaded"
)
03:01  Retry 1/2 for Microsoft in 3s...
03:01  Retry 2/2 for Microsoft in 5s...
03:01  ERROR: Microsoft: failed to scrape https://gcsservices.careers.microsoft.com/search/api/v1/search?q=UX%20design%20intern&l=en_us&pg=1&pgSz=20 (page.goto: net::ERR_CERT_COMMON_NAME_INVALID at https://gcsservices.careers.microsoft.com/search/api/v1/search?q=UX%20design%20intern&l=en_us&pg=1&pgSz=20
Call log:
  - navigating to "https://gcsservices.careers.microsoft.com/search/api/v1/search?q=UX%20design%20intern&l=en_us&pg=1&pgSz=20", waiting until "domcontentloaded"
)
03:01  Microsoft: scrape failed — postings left untouched.
03:01  Checking Amazon...
03:01  No changes.
03:01  Checking IBM...
03:02  No changes.
03:02  Checking Adobe...
03:02  No changes.
03:02  Checking American Express...
03:02  No changes.
03:02  Checking Mastercard...
03:03  No changes.
03:03  Checking Visa...
03:03  No changes.
03:03  Checking Nike...
03:03  No changes.
03:03  Checking Spotify...
03:03  No changes.
03:03  Checking Tesla...
03:03  Retry 1/2 for Tesla in 2s...
03:03  Retry 2/2 for Tesla in 5s...
03:03  ERROR: Tesla: failed to scrape https://www.tesla.com/careers/search/?type=intern&site=US (Cloudflare / bot challenge detected)
03:03  Retry 1/2 for Tesla in 2s...
03:03  Retry 2/2 for Tesla in 5s...
03:04  ERROR: Tesla: failed to scrape https://www.tesla.com/careers/search/?query=design%20intern&site=US (Cloudflare / bot challenge detected)
03:04  Tesla: scrape failed — postings left untouched.
03:04  Checking Warner Bros. Discovery...
03:04  No changes.
03:04  Widget feed updated.
03:04  === Check cycle finished (0 notification(s)) ===
07:52  === Check cycle started ===
07:52  Checking Google...
07:53  No changes.
07:53  Checking YouTube...
07:53  No changes.
07:53  Checking Meta...
07:53  No changes.
07:53  Checking Apple...
07:53  No changes.
07:53  Checking Capital One...
07:53  robots.txt disallows https://www.capitalonecareers.com/search-jobs/design%20intern — skipping this URL.
07:53  robots.txt disallows https://www.capitalonecareers.com/search-jobs/product%20design — skipping this URL.
07:53  Capital One: scrape failed — postings left untouched.
07:53  Checking JPMorgan Chase...
07:53  No changes.
07:53  Checking Roblox...
07:53  Retry 1/2 for Roblox in 2s...
07:53  Retry 2/2 for Roblox in 5s...
07:54  ERROR: Roblox: failed to scrape https://careers.roblox.com/jobs?search=product+design (page.goto: net::ERR_HTTP2_PROTOCOL_ERROR at https://careers.roblox.com/jobs?search=product+design
Call log:
  - navigating to "https://careers.roblox.com/jobs?search=product+design", waiting until "domcontentloaded"
)
07:54  Retry 1/2 for Roblox in 2s...
07:54  Retry 2/2 for Roblox in 4s...
07:54  ERROR: Roblox: failed to scrape https://careers.roblox.com/jobs?search=UX+intern (page.goto: net::ERR_HTTP2_PROTOCOL_ERROR at https://careers.roblox.com/jobs?search=UX+intern
Call log:
  - navigating to "https://careers.roblox.com/jobs?search=UX+intern", waiting until "domcontentloaded"
)
07:54  Roblox: scrape failed — postings left untouched.
07:54  Checking Microsoft...
07:54  robots.txt unavailable for https://gcsservices.careers.microsoft.com; proceeding politely.
07:54  Retry 1/2 for Microsoft in 2s...
07:54  Retry 2/2 for Microsoft in 4s...
07:54  ERROR: Microsoft: failed to scrape https://gcsservices.careers.microsoft.com/search/api/v1/search?q=product%20design%20intern&l=en_us&pg=1&pgSz=20 (page.goto: net::ERR_CERT_COMMON_NAME_INVALID at https://gcsservices.careers.microsoft.com/search/api/v1/search?q=product%20design%20intern&l=en_us&pg=1&pgSz=20
Call log:
  - navigating to "https://gcsservices.careers.microsoft.com/search/api/v1/search?q=product%20design%20intern&l=en_us&pg=1&pgSz=20", waiting until "domcontentloaded"
)
07:54  Retry 1/2 for Microsoft in 2s...
07:54  Retry 2/2 for Microsoft in 5s...
07:54  ERROR: Microsoft: failed to scrape https://gcsservices.careers.microsoft.com/search/api/v1/search?q=UX%20design%20intern&l=en_us&pg=1&pgSz=20 (page.goto: net::ERR_CERT_COMMON_NAME_INVALID at https://gcsservices.careers.microsoft.com/search/api/v1/search?q=UX%20design%20intern&l=en_us&pg=1&pgSz=20
Call log:
  - navigating to "https://gcsservices.careers.microsoft.com/search/api/v1/search?q=UX%20design%20intern&l=en_us&pg=1&pgSz=20", waiting until "domcontentloaded"
)
07:54  Microsoft: scrape failed — postings left untouched.
07:54  Checking Amazon...
07:54  No changes.
07:54  Checking IBM...
07:55  No changes.
07:55  Checking Adobe...
07:55  No changes.
07:55  Checking American Express...
07:56  No changes.
07:56  Checking Mastercard...
07:56  No changes.
07:56  Checking Visa...
07:56  No changes.
07:56  Checking Nike...
07:56  No changes.
07:56  Checking Spotify...
07:56  No changes.
07:56  Checking Tesla...
07:56  Retry 1/2 for Tesla in 2s...
07:56  Retry 2/2 for Tesla in 5s...
07:56  ERROR: Tesla: failed to scrape https://www.tesla.com/careers/search/?type=intern&site=US (Cloudflare / bot challenge detected)
07:57  Retry 1/2 for Tesla in 2s...
07:57  Retry 2/2 for Tesla in 5s...
07:57  ERROR: Tesla: failed to scrape https://www.tesla.com/careers/search/?query=design%20intern&site=US (Cloudflare / bot challenge detected)
07:57  Tesla: scrape failed — postings left untouched.
07:57  Checking Warner Bros. Discovery...
07:57  No changes.
07:57  Widget feed updated.
07:57  === Check cycle finished (0 notification(s)) ===
