02:02  === Check cycle started ===
02:02  Checking Google...
02:02  No changes.
02:02  Checking YouTube...
02:02  No changes.
02:02  Checking Meta...
02:03  No changes.
02:03  Checking Apple...
02:03  No changes.
02:03  Checking Capital One...
02:03  robots.txt disallows https://www.capitalonecareers.com/search-jobs/design%20intern — skipping this URL.
02:03  robots.txt disallows https://www.capitalonecareers.com/search-jobs/product%20design — skipping this URL.
02:03  Capital One: scrape failed — postings left untouched.
02:03  Checking JPMorgan Chase...
02:03  No changes.
02:03  Checking Roblox...
02:03  Retry 1/2 for Roblox in 2s...
02:03  Retry 2/2 for Roblox in 5s...
02:03  ERROR: Roblox: failed to scrape https://careers.roblox.com/jobs?search=product+design (page.goto: net::ERR_HTTP2_PROTOCOL_ERROR at https://careers.roblox.com/jobs?search=product+design
Call log:
  - navigating to "https://careers.roblox.com/jobs?search=product+design", waiting until "domcontentloaded"
)
02:03  Retry 1/2 for Roblox in 3s...
02:03  Retry 2/2 for Roblox in 4s...
02:03  ERROR: Roblox: failed to scrape https://careers.roblox.com/jobs?search=UX+intern (page.goto: net::ERR_HTTP2_PROTOCOL_ERROR at https://careers.roblox.com/jobs?search=UX+intern
Call log:
  - navigating to "https://careers.roblox.com/jobs?search=UX+intern", waiting until "domcontentloaded"
)
02:03  Roblox: scrape failed — postings left untouched.
02:03  Checking Microsoft...
02:03  robots.txt unavailable for https://gcsservices.careers.microsoft.com; proceeding politely.
02:03  Retry 1/2 for Microsoft in 3s...
02:03  Retry 2/2 for Microsoft in 5s...
02:03  ERROR: Microsoft: failed to scrape https://gcsservices.careers.microsoft.com/search/api/v1/search?q=product%20design%20intern&l=en_us&pg=1&pgSz=20 (page.goto: net::ERR_CERT_COMMON_NAME_INVALID at https://gcsservices.careers.microsoft.com/search/api/v1/search?q=product%20design%20intern&l=en_us&pg=1&pgSz=20
Call log:
  - navigating to "https://gcsservices.careers.microsoft.com/search/api/v1/search?q=product%20design%20intern&l=en_us&pg=1&pgSz=20", waiting until "domcontentloaded"
)
02:04  Retry 1/2 for Microsoft in 2s...
02:04  Retry 2/2 for Microsoft in 5s...
02:04  ERROR: Microsoft: failed to scrape https://gcsservices.careers.microsoft.com/search/api/v1/search?q=UX%20design%20intern&l=en_us&pg=1&pgSz=20 (page.goto: net::ERR_CERT_COMMON_NAME_INVALID at https://gcsservices.careers.microsoft.com/search/api/v1/search?q=UX%20design%20intern&l=en_us&pg=1&pgSz=20
Call log:
  - navigating to "https://gcsservices.careers.microsoft.com/search/api/v1/search?q=UX%20design%20intern&l=en_us&pg=1&pgSz=20", waiting until "domcontentloaded"
)
02:04  Microsoft: scrape failed — postings left untouched.
02:04  Checking Amazon...
02:04  No changes.
02:04  Checking IBM...
02:05  No changes.
02:05  Checking Adobe...
02:05  No changes.
02:05  Checking American Express...
02:06  No changes.
02:06  Checking Mastercard...
02:06  No changes.
02:06  Checking Visa...
02:06  No changes.
02:06  Checking Nike...
02:06  No changes.
02:06  Widget feed updated.
02:06  === Check cycle finished (0 notification(s)) ===
