01:09  === Daily summary ===
01:09    Internship Monitor Daily Summary
01:09    Checked:
01:09    18 companies
01:09    New jobs:
01:09    0
01:09    Still Open:
01:09    8
01:09    Closed Today:
01:09    0
01:09  SMS DRY-RUN — daily summary would be:
01:09    | Internship Monitor Daily Summary
01:09    | Checked:
01:09    | 18 companies
01:09    | New jobs:
01:09    | 0
01:09    | Still Open:
01:09    | 8
01:09    | Closed Today:
01:09    | 0
01:09  Discord DRY-RUN (no webhook configured).
01:09  Widget feed updated.
06:13  === Check cycle started ===
06:13  Checking Google...
06:13  No changes.
06:13  Checking YouTube...
06:13  No changes.
06:13  Checking Meta...
06:13  No changes.
06:13  Checking Apple...
06:13  No changes.
06:13  Checking Capital One...
06:13  robots.txt disallows https://www.capitalonecareers.com/search-jobs/design%20intern — skipping this URL.
06:13  robots.txt disallows https://www.capitalonecareers.com/search-jobs/product%20design — skipping this URL.
06:13  Capital One: scrape failed — postings left untouched.
06:13  Checking JPMorgan Chase...
06:14  No changes.
06:14  Checking Roblox...
06:14  Retry 1/2 for Roblox in 2s...
06:14  Retry 2/2 for Roblox in 5s...
06:14  ERROR: Roblox: failed to scrape https://careers.roblox.com/jobs?search=product+design (page.goto: net::ERR_HTTP2_PROTOCOL_ERROR at https://careers.roblox.com/jobs?search=product+design
Call log:
  - navigating to "https://careers.roblox.com/jobs?search=product+design", waiting until "domcontentloaded"
)
06:14  Retry 1/2 for Roblox in 2s...
06:14  Retry 2/2 for Roblox in 5s...
06:14  ERROR: Roblox: failed to scrape https://careers.roblox.com/jobs?search=UX+intern (page.goto: net::ERR_HTTP2_PROTOCOL_ERROR at https://careers.roblox.com/jobs?search=UX+intern
Call log:
  - navigating to "https://careers.roblox.com/jobs?search=UX+intern", waiting until "domcontentloaded"
)
06:14  Roblox: scrape failed — postings left untouched.
06:14  Checking Microsoft...
06:14  robots.txt unavailable for https://gcsservices.careers.microsoft.com; proceeding politely.
06:14  Retry 1/2 for Microsoft in 3s...
06:14  Retry 2/2 for Microsoft in 5s...
06:14  ERROR: Microsoft: failed to scrape https://gcsservices.careers.microsoft.com/search/api/v1/search?q=product%20design%20intern&l=en_us&pg=1&pgSz=20 (page.goto: net::ERR_CERT_COMMON_NAME_INVALID at https://gcsservices.careers.microsoft.com/search/api/v1/search?q=product%20design%20intern&l=en_us&pg=1&pgSz=20
Call log:
  - navigating to "https://gcsservices.careers.microsoft.com/search/api/v1/search?q=product%20design%20intern&l=en_us&pg=1&pgSz=20", waiting until "domcontentloaded"
)
06:14  Retry 1/2 for Microsoft in 3s...
06:14  Retry 2/2 for Microsoft in 5s...
06:14  ERROR: Microsoft: failed to scrape https://gcsservices.careers.microsoft.com/search/api/v1/search?q=UX%20design%20intern&l=en_us&pg=1&pgSz=20 (page.goto: net::ERR_CERT_COMMON_NAME_INVALID at https://gcsservices.careers.microsoft.com/search/api/v1/search?q=UX%20design%20intern&l=en_us&pg=1&pgSz=20
Call log:
  - navigating to "https://gcsservices.careers.microsoft.com/search/api/v1/search?q=UX%20design%20intern&l=en_us&pg=1&pgSz=20", waiting until "domcontentloaded"
)
06:14  Microsoft: scrape failed — postings left untouched.
06:14  Checking Amazon...
06:14  No changes.
06:14  Checking IBM...
06:15  No changes.
06:15  Checking Adobe...
06:15  No changes.
06:15  Checking American Express...
06:15  No changes.
06:15  Checking Mastercard...
06:16  No changes.
06:16  Checking Visa...
06:16  No changes.
06:16  Checking Nike...
06:16  No changes.
06:16  Checking Spotify...
06:16  No changes.
06:16  Checking Tesla...
06:16  Retry 1/2 for Tesla in 2s...
06:16  Retry 2/2 for Tesla in 5s...
06:16  ERROR: Tesla: failed to scrape https://www.tesla.com/careers/search/?type=intern&site=US (Cloudflare / bot challenge detected)
06:16  Retry 1/2 for Tesla in 2s...
06:16  Retry 2/2 for Tesla in 4s...
06:16  ERROR: Tesla: failed to scrape https://www.tesla.com/careers/search/?query=design%20intern&site=US (Cloudflare / bot challenge detected)
06:16  Tesla: scrape failed — postings left untouched.
06:16  Checking Warner Bros. Discovery...
06:17  No changes.
06:17  Widget feed updated.
06:17  === Check cycle finished (0 notification(s)) ===
11:00  === Check cycle started ===
11:00  Checking Google...
11:00  No changes.
11:00  Checking YouTube...
11:00  No changes.
11:00  Checking Meta...
11:01  No changes.
11:01  Checking Apple...
11:01  No changes.
11:01  Checking Capital One...
11:01  robots.txt disallows https://www.capitalonecareers.com/search-jobs/design%20intern — skipping this URL.
11:01  robots.txt disallows https://www.capitalonecareers.com/search-jobs/product%20design — skipping this URL.
11:01  Capital One: scrape failed — postings left untouched.
11:01  Checking JPMorgan Chase...
11:01  No changes.
11:01  Checking Roblox...
11:01  Retry 1/2 for Roblox in 2s...
11:01  Retry 2/2 for Roblox in 4s...
11:01  ERROR: Roblox: failed to scrape https://careers.roblox.com/jobs?search=product+design (page.goto: net::ERR_HTTP2_PROTOCOL_ERROR at https://careers.roblox.com/jobs?search=product+design
Call log:
  - navigating to "https://careers.roblox.com/jobs?search=product+design", waiting until "domcontentloaded"
)
11:01  Retry 1/2 for Roblox in 2s...
11:01  Retry 2/2 for Roblox in 5s...
11:01  ERROR: Roblox: failed to scrape https://careers.roblox.com/jobs?search=UX+intern (page.goto: net::ERR_HTTP2_PROTOCOL_ERROR at https://careers.roblox.com/jobs?search=UX+intern
Call log:
  - navigating to "https://careers.roblox.com/jobs?search=UX+intern", waiting until "domcontentloaded"
)
11:01  Roblox: scrape failed — postings left untouched.
11:01  Checking Microsoft...
11:01  robots.txt unavailable for https://gcsservices.careers.microsoft.com; proceeding politely.
11:01  Retry 1/2 for Microsoft in 2s...
11:01  Retry 2/2 for Microsoft in 5s...
11:01  ERROR: Microsoft: failed to scrape https://gcsservices.careers.microsoft.com/search/api/v1/search?q=product%20design%20intern&l=en_us&pg=1&pgSz=20 (page.goto: net::ERR_CERT_COMMON_NAME_INVALID at https://gcsservices.careers.microsoft.com/search/api/v1/search?q=product%20design%20intern&l=en_us&pg=1&pgSz=20
Call log:
  - navigating to "https://gcsservices.careers.microsoft.com/search/api/v1/search?q=product%20design%20intern&l=en_us&pg=1&pgSz=20", waiting until "domcontentloaded"
)
11:01  Retry 1/2 for Microsoft in 2s...
11:01  Retry 2/2 for Microsoft in 5s...
11:02  ERROR: Microsoft: failed to scrape https://gcsservices.careers.microsoft.com/search/api/v1/search?q=UX%20design%20intern&l=en_us&pg=1&pgSz=20 (page.goto: net::ERR_CERT_COMMON_NAME_INVALID at https://gcsservices.careers.microsoft.com/search/api/v1/search?q=UX%20design%20intern&l=en_us&pg=1&pgSz=20
Call log:
  - navigating to "https://gcsservices.careers.microsoft.com/search/api/v1/search?q=UX%20design%20intern&l=en_us&pg=1&pgSz=20", waiting until "domcontentloaded"
)
11:02  Microsoft: scrape failed — postings left untouched.
11:02  Checking Amazon...
11:02  No changes.
11:02  Checking IBM...
11:02  No changes.
11:02  Checking Adobe...
11:03  No changes.
11:03  Checking American Express...
11:03  No changes.
11:03  Checking Mastercard...
11:03  No changes.
11:03  Checking Visa...
11:03  No changes.
11:03  Checking Nike...
11:03  No changes.
11:03  Checking Spotify...
11:04  No changes.
11:04  Checking Tesla...
11:04  Retry 1/2 for Tesla in 2s...
11:04  Retry 2/2 for Tesla in 4s...
11:04  ERROR: Tesla: failed to scrape https://www.tesla.com/careers/search/?type=intern&site=US (Cloudflare / bot challenge detected)
11:04  Retry 1/2 for Tesla in 2s...
11:04  Retry 2/2 for Tesla in 5s...
11:04  ERROR: Tesla: failed to scrape https://www.tesla.com/careers/search/?query=design%20intern&site=US (Cloudflare / bot challenge detected)
11:04  Tesla: scrape failed — postings left untouched.
11:04  Checking Warner Bros. Discovery...
11:04  No changes.
11:04  Widget feed updated.
11:04  === Check cycle finished (0 notification(s)) ===
