01:49  === Check cycle started ===
01:49  Checking Google...
01:49  No changes.
01:49  Checking YouTube...
01:49  No changes.
01:49  Checking Meta...
01:49  No changes.
01:49  Checking Apple...
01:50  No changes.
01:50  Checking Capital One...
01:50  robots.txt disallows https://www.capitalonecareers.com/search-jobs/design%20intern — skipping this URL.
01:50  robots.txt disallows https://www.capitalonecareers.com/search-jobs/product%20design — skipping this URL.
01:50  Capital One: scrape failed — postings left untouched.
01:50  Checking JPMorgan Chase...
01:50  No changes.
01:50  Checking Roblox...
01:50  Retry 1/2 for Roblox in 2s...
01:50  Retry 2/2 for Roblox in 5s...
01:50  ERROR: Roblox: failed to scrape https://careers.roblox.com/jobs?search=product+design (page.goto: net::ERR_HTTP2_PROTOCOL_ERROR at https://careers.roblox.com/jobs?search=product+design
Call log:
  - navigating to "https://careers.roblox.com/jobs?search=product+design", waiting until "domcontentloaded"
)
01:50  Retry 1/2 for Roblox in 3s...
01:50  Retry 2/2 for Roblox in 5s...
01:50  ERROR: Roblox: failed to scrape https://careers.roblox.com/jobs?search=UX+intern (page.goto: net::ERR_HTTP2_PROTOCOL_ERROR at https://careers.roblox.com/jobs?search=UX+intern
Call log:
  - navigating to "https://careers.roblox.com/jobs?search=UX+intern", waiting until "domcontentloaded"
)
01:50  Roblox: scrape failed — postings left untouched.
01:50  Checking Microsoft...
01:50  robots.txt unavailable for https://gcsservices.careers.microsoft.com; proceeding politely.
01:50  Retry 1/2 for Microsoft in 2s...
01:50  Retry 2/2 for Microsoft in 4s...
01:50  ERROR: Microsoft: failed to scrape https://gcsservices.careers.microsoft.com/search/api/v1/search?q=product%20design%20intern&l=en_us&pg=1&pgSz=20 (page.goto: net::ERR_CERT_COMMON_NAME_INVALID at https://gcsservices.careers.microsoft.com/search/api/v1/search?q=product%20design%20intern&l=en_us&pg=1&pgSz=20
Call log:
  - navigating to "https://gcsservices.careers.microsoft.com/search/api/v1/search?q=product%20design%20intern&l=en_us&pg=1&pgSz=20", waiting until "domcontentloaded"
)
01:50  Retry 1/2 for Microsoft in 2s...
01:50  Retry 2/2 for Microsoft in 5s...
01:50  ERROR: Microsoft: failed to scrape https://gcsservices.careers.microsoft.com/search/api/v1/search?q=UX%20design%20intern&l=en_us&pg=1&pgSz=20 (page.goto: net::ERR_CERT_COMMON_NAME_INVALID at https://gcsservices.careers.microsoft.com/search/api/v1/search?q=UX%20design%20intern&l=en_us&pg=1&pgSz=20
Call log:
  - navigating to "https://gcsservices.careers.microsoft.com/search/api/v1/search?q=UX%20design%20intern&l=en_us&pg=1&pgSz=20", waiting until "domcontentloaded"
)
01:50  Microsoft: scrape failed — postings left untouched.
01:50  Checking Amazon...
01:50  No changes.
01:50  Checking IBM...
01:51  No changes.
01:51  Checking Adobe...
01:52  No changes.
01:52  Checking American Express...
01:52  No changes.
01:52  Checking Mastercard...
01:53  No changes.
01:53  Checking Visa...
01:53  No changes.
01:53  Checking Nike...
01:53  No changes.
01:53  Widget feed updated.
01:53  === Check cycle finished (0 notification(s)) ===
04:38  === Check cycle started ===
04:38  Checking Google...
04:38  No changes.
04:38  Checking YouTube...
04:39  No changes.
04:39  Checking Meta...
04:39  No changes.
04:39  Checking Apple...
04:39  No changes.
04:39  Checking Capital One...
04:39  robots.txt disallows https://www.capitalonecareers.com/search-jobs/design%20intern — skipping this URL.
04:39  robots.txt disallows https://www.capitalonecareers.com/search-jobs/product%20design — skipping this URL.
04:39  Capital One: scrape failed — postings left untouched.
04:39  Checking JPMorgan Chase...
04:39  No changes.
04:39  Checking Roblox...
04:39  Retry 1/2 for Roblox in 2s...
04:39  Retry 2/2 for Roblox in 5s...
04:39  ERROR: Roblox: failed to scrape https://careers.roblox.com/jobs?search=product+design (page.goto: net::ERR_HTTP2_PROTOCOL_ERROR at https://careers.roblox.com/jobs?search=product+design
Call log:
  - navigating to "https://careers.roblox.com/jobs?search=product+design", waiting until "domcontentloaded"
)
04:39  Retry 1/2 for Roblox in 2s...
04:39  Retry 2/2 for Roblox in 4s...
04:39  ERROR: Roblox: failed to scrape https://careers.roblox.com/jobs?search=UX+intern (page.goto: net::ERR_HTTP2_PROTOCOL_ERROR at https://careers.roblox.com/jobs?search=UX+intern
Call log:
  - navigating to "https://careers.roblox.com/jobs?search=UX+intern", waiting until "domcontentloaded"
)
04:39  Roblox: scrape failed — postings left untouched.
04:39  Checking Microsoft...
04:39  robots.txt unavailable for https://gcsservices.careers.microsoft.com; proceeding politely.
04:39  Retry 1/2 for Microsoft in 2s...
04:40  Retry 2/2 for Microsoft in 5s...
04:40  ERROR: Microsoft: failed to scrape https://gcsservices.careers.microsoft.com/search/api/v1/search?q=product%20design%20intern&l=en_us&pg=1&pgSz=20 (page.goto: net::ERR_CERT_COMMON_NAME_INVALID at https://gcsservices.careers.microsoft.com/search/api/v1/search?q=product%20design%20intern&l=en_us&pg=1&pgSz=20
Call log:
  - navigating to "https://gcsservices.careers.microsoft.com/search/api/v1/search?q=product%20design%20intern&l=en_us&pg=1&pgSz=20", waiting until "domcontentloaded"
)
04:40  Retry 1/2 for Microsoft in 2s...
04:40  Retry 2/2 for Microsoft in 4s...
04:40  ERROR: Microsoft: failed to scrape https://gcsservices.careers.microsoft.com/search/api/v1/search?q=UX%20design%20intern&l=en_us&pg=1&pgSz=20 (page.goto: net::ERR_CERT_COMMON_NAME_INVALID at https://gcsservices.careers.microsoft.com/search/api/v1/search?q=UX%20design%20intern&l=en_us&pg=1&pgSz=20
Call log:
  - navigating to "https://gcsservices.careers.microsoft.com/search/api/v1/search?q=UX%20design%20intern&l=en_us&pg=1&pgSz=20", waiting until "domcontentloaded"
)
04:40  Microsoft: scrape failed — postings left untouched.
04:40  Checking Amazon...
04:40  No changes.
04:40  Checking IBM...
04:41  No changes.
04:41  Checking Adobe...
04:41  No changes.
04:41  Checking American Express...
04:42  No changes.
04:42  Checking Mastercard...
04:42  No changes.
04:42  Checking Visa...
04:42  No changes.
04:42  Checking Nike...
04:42  No changes.
04:42  Widget feed updated.
04:42  === Check cycle finished (0 notification(s)) ===
07:38  === Check cycle started ===
07:38  Checking Google...
07:38  No changes.
07:38  Checking YouTube...
07:38  No changes.
07:38  Checking Meta...
07:39  No changes.
07:39  Checking Apple...
07:39  No changes.
07:39  Checking Capital One...
07:39  robots.txt disallows https://www.capitalonecareers.com/search-jobs/design%20intern — skipping this URL.
07:39  robots.txt disallows https://www.capitalonecareers.com/search-jobs/product%20design — skipping this URL.
07:39  Capital One: scrape failed — postings left untouched.
07:39  Checking JPMorgan Chase...
07:39  No changes.
07:39  Checking Roblox...
07:39  Retry 1/2 for Roblox in 2s...
07:39  Retry 2/2 for Roblox in 5s...
07:39  ERROR: Roblox: failed to scrape https://careers.roblox.com/jobs?search=product+design (page.goto: net::ERR_HTTP2_PROTOCOL_ERROR at https://careers.roblox.com/jobs?search=product+design
Call log:
  - navigating to "https://careers.roblox.com/jobs?search=product+design", waiting until "domcontentloaded"
)
07:39  Retry 1/2 for Roblox in 2s...
07:39  Retry 2/2 for Roblox in 4s...
07:39  ERROR: Roblox: failed to scrape https://careers.roblox.com/jobs?search=UX+intern (page.goto: net::ERR_HTTP2_PROTOCOL_ERROR at https://careers.roblox.com/jobs?search=UX+intern
Call log:
  - navigating to "https://careers.roblox.com/jobs?search=UX+intern", waiting until "domcontentloaded"
)
07:39  Roblox: scrape failed — postings left untouched.
07:39  Checking Microsoft...
07:39  robots.txt unavailable for https://gcsservices.careers.microsoft.com; proceeding politely.
07:39  Retry 1/2 for Microsoft in 2s...
07:39  Retry 2/2 for Microsoft in 4s...
07:39  ERROR: Microsoft: failed to scrape https://gcsservices.careers.microsoft.com/search/api/v1/search?q=product%20design%20intern&l=en_us&pg=1&pgSz=20 (page.goto: net::ERR_CERT_COMMON_NAME_INVALID at https://gcsservices.careers.microsoft.com/search/api/v1/search?q=product%20design%20intern&l=en_us&pg=1&pgSz=20
Call log:
  - navigating to "https://gcsservices.careers.microsoft.com/search/api/v1/search?q=product%20design%20intern&l=en_us&pg=1&pgSz=20", waiting until "domcontentloaded"
)
07:39  Retry 1/2 for Microsoft in 2s...
07:39  Retry 2/2 for Microsoft in 5s...
07:39  ERROR: Microsoft: failed to scrape https://gcsservices.careers.microsoft.com/search/api/v1/search?q=UX%20design%20intern&l=en_us&pg=1&pgSz=20 (page.goto: net::ERR_CERT_COMMON_NAME_INVALID at https://gcsservices.careers.microsoft.com/search/api/v1/search?q=UX%20design%20intern&l=en_us&pg=1&pgSz=20
Call log:
  - navigating to "https://gcsservices.careers.microsoft.com/search/api/v1/search?q=UX%20design%20intern&l=en_us&pg=1&pgSz=20", waiting until "domcontentloaded"
)
07:39  Microsoft: scrape failed — postings left untouched.
07:39  Checking Amazon...
07:40  No changes.
07:40  Checking IBM...
07:40  No changes.
07:40  Checking Adobe...
07:41  No changes.
07:41  Checking American Express...
07:42  No changes.
07:42  Checking Mastercard...
07:42  No changes.
07:42  Checking Visa...
07:42  No changes.
07:42  Checking Nike...
07:42  No changes.
07:42  Widget feed updated.
07:42  === Check cycle finished (0 notification(s)) ===
