01:47  === Daily summary ===
01:47    Internship Monitor Daily Summary
01:47    Checked:
01:47    18 companies
01:47    New jobs:
01:47    0
01:47    Still Open:
01:47    9
01:47    Closed Today:
01:47    0
01:47  SMS DRY-RUN — daily summary would be:
01:47    | Internship Monitor Daily Summary
01:47    | Checked:
01:47    | 18 companies
01:47    | New jobs:
01:47    | 0
01:47    | Still Open:
01:47    | 9
01:47    | Closed Today:
01:47    | 0
01:47  Discord DRY-RUN (no webhook configured).
01:47  Widget feed updated.
04:46  === Check cycle started ===
04:46  Checking Google...
04:46  No changes.
04:46  Checking YouTube...
04:47  No changes.
04:47  Checking Meta...
04:47  No changes.
04:47  Checking Apple...
04:47  No changes.
04:47  Checking Capital One...
04:47  robots.txt disallows https://www.capitalonecareers.com/search-jobs/design%20intern — skipping this URL.
04:47  robots.txt disallows https://www.capitalonecareers.com/search-jobs/product%20design — skipping this URL.
04:47  Capital One: scrape failed — postings left untouched.
04:47  Checking JPMorgan Chase...
04:47  No changes.
04:47  Checking Roblox...
04:47  Retry 1/2 for Roblox in 2s...
04:47  Retry 2/2 for Roblox in 4s...
04:47  ERROR: Roblox: failed to scrape https://careers.roblox.com/jobs?search=product+design (page.goto: net::ERR_HTTP2_PROTOCOL_ERROR at https://careers.roblox.com/jobs?search=product+design
Call log:
  - navigating to "https://careers.roblox.com/jobs?search=product+design", waiting until "domcontentloaded"
)
04:47  Retry 1/2 for Roblox in 2s...
04:47  Retry 2/2 for Roblox in 5s...
04:47  ERROR: Roblox: failed to scrape https://careers.roblox.com/jobs?search=UX+intern (page.goto: net::ERR_HTTP2_PROTOCOL_ERROR at https://careers.roblox.com/jobs?search=UX+intern
Call log:
  - navigating to "https://careers.roblox.com/jobs?search=UX+intern", waiting until "domcontentloaded"
)
04:48  Roblox: scrape failed — postings left untouched.
04:48  Checking Microsoft...
04:48  robots.txt unavailable for https://gcsservices.careers.microsoft.com; proceeding politely.
04:48  Retry 1/2 for Microsoft in 2s...
04:48  Retry 2/2 for Microsoft in 5s...
04:48  ERROR: Microsoft: failed to scrape https://gcsservices.careers.microsoft.com/search/api/v1/search?q=product%20design%20intern&l=en_us&pg=1&pgSz=20 (page.goto: net::ERR_CERT_COMMON_NAME_INVALID at https://gcsservices.careers.microsoft.com/search/api/v1/search?q=product%20design%20intern&l=en_us&pg=1&pgSz=20
Call log:
  - navigating to "https://gcsservices.careers.microsoft.com/search/api/v1/search?q=product%20design%20intern&l=en_us&pg=1&pgSz=20", waiting until "domcontentloaded"
)
04:48  Retry 1/2 for Microsoft in 3s...
04:48  Retry 2/2 for Microsoft in 5s...
04:48  ERROR: Microsoft: failed to scrape https://gcsservices.careers.microsoft.com/search/api/v1/search?q=UX%20design%20intern&l=en_us&pg=1&pgSz=20 (page.goto: net::ERR_CERT_COMMON_NAME_INVALID at https://gcsservices.careers.microsoft.com/search/api/v1/search?q=UX%20design%20intern&l=en_us&pg=1&pgSz=20
Call log:
  - navigating to "https://gcsservices.careers.microsoft.com/search/api/v1/search?q=UX%20design%20intern&l=en_us&pg=1&pgSz=20", waiting until "domcontentloaded"
)
04:48  Microsoft: scrape failed — postings left untouched.
04:48  Checking Amazon...
04:48  No changes.
04:48  Checking IBM...
04:49  No changes.
04:49  Checking Adobe...
04:49  No changes.
04:49  Checking American Express...
04:49  No changes.
04:49  Checking Mastercard...
04:49  No changes.
04:49  Checking Visa...
04:49  No changes.
04:49  Checking Nike...
04:50  No changes.
04:50  Checking Spotify...
04:50  No changes.
04:50  Checking Tesla...
04:50  Retry 1/2 for Tesla in 2s...
04:50  Retry 2/2 for Tesla in 4s...
04:50  ERROR: Tesla: failed to scrape https://www.tesla.com/careers/search/?type=intern&site=US (Cloudflare / bot challenge detected)
04:50  Retry 1/2 for Tesla in 2s...
04:50  Retry 2/2 for Tesla in 4s...
04:50  ERROR: Tesla: failed to scrape https://www.tesla.com/careers/search/?query=design%20intern&site=US (Cloudflare / bot challenge detected)
04:50  Tesla: scrape failed — postings left untouched.
04:50  Checking Warner Bros. Discovery...
04:51  No changes.
04:51  Widget feed updated.
04:51  === Check cycle finished (0 notification(s)) ===
