24:39  === Daily summary ===
24:39    Internship Monitor Daily Summary
24:39    Checked:
24:39    18 companies
24:39    New jobs:
24:39    0
24:39    Still Open:
24:39    8
24:39    Closed Today:
24:39    0
24:39  SMS DRY-RUN — daily summary would be:
24:39    | Internship Monitor Daily Summary
24:39    | Checked:
24:39    | 18 companies
24:39    | New jobs:
24:39    | 0
24:39    | Still Open:
24:39    | 8
24:39    | Closed Today:
24:39    | 0
24:39  Discord DRY-RUN (no webhook configured).
24:39  Widget feed updated.
