01:45  === Daily summary ===
01:45    Internship Monitor Daily Summary
01:45    Checked:
01:45    18 companies
01:45    New jobs:
01:45    0
01:45    Still Open:
01:45    9
01:45    Closed Today:
01:45    0
01:45  SMS DRY-RUN — daily summary would be:
01:45    | Internship Monitor Daily Summary
01:45    | Checked:
01:45    | 18 companies
01:45    | New jobs:
01:45    | 0
01:45    | Still Open:
01:45    | 9
01:45    | Closed Today:
01:45    | 0
01:45  Discord DRY-RUN (no webhook configured).
01:45  Widget feed updated.
07:24  === Check cycle started ===
07:24  Checking Google...
07:24  No changes.
07:24  Checking YouTube...
07:24  No changes.
07:24  Checking Meta...
07:24  No changes.
07:24  Checking Apple...
07:24  No changes.
07:24  Checking Capital One...
07:24  robots.txt disallows https://www.capitalonecareers.com/search-jobs/design%20intern — skipping this URL.
07:24  robots.txt disallows https://www.capitalonecareers.com/search-jobs/product%20design — skipping this URL.
07:24  Capital One: scrape failed — postings left untouched.
07:24  Checking JPMorgan Chase...
07:25  No changes.
07:25  Checking Roblox...
07:25  Retry 1/2 for Roblox in 2s...
07:25  Retry 2/2 for Roblox in 5s...
07:25  ERROR: Roblox: failed to scrape https://careers.roblox.com/jobs?search=product+design (page.goto: net::ERR_HTTP2_PROTOCOL_ERROR at https://careers.roblox.com/jobs?search=product+design
Call log:
  - navigating to "https://careers.roblox.com/jobs?search=product+design", waiting until "domcontentloaded"
)
07:25  Retry 1/2 for Roblox in 2s...
07:25  Retry 2/2 for Roblox in 5s...
07:25  ERROR: Roblox: failed to scrape https://careers.roblox.com/jobs?search=UX+intern (page.goto: net::ERR_HTTP2_PROTOCOL_ERROR at https://careers.roblox.com/jobs?search=UX+intern
Call log:
  - navigating to "https://careers.roblox.com/jobs?search=UX+intern", waiting until "domcontentloaded"
)
07:25  Roblox: scrape failed — postings left untouched.
07:25  Checking Microsoft...
07:25  robots.txt unavailable for https://gcsservices.careers.microsoft.com; proceeding politely.
07:25  Retry 1/2 for Microsoft in 3s...
07:25  Retry 2/2 for Microsoft in 4s...
07:25  ERROR: Microsoft: failed to scrape https://gcsservices.careers.microsoft.com/search/api/v1/search?q=product%20design%20intern&l=en_us&pg=1&pgSz=20 (page.goto: net::ERR_CERT_COMMON_NAME_INVALID at https://gcsservices.careers.microsoft.com/search/api/v1/search?q=product%20design%20intern&l=en_us&pg=1&pgSz=20
Call log:
  - navigating to "https://gcsservices.careers.microsoft.com/search/api/v1/search?q=product%20design%20intern&l=en_us&pg=1&pgSz=20", waiting until "domcontentloaded"
)
07:25  Retry 1/2 for Microsoft in 3s...
07:25  Retry 2/2 for Microsoft in 5s...
07:25  ERROR: Microsoft: failed to scrape https://gcsservices.careers.microsoft.com/search/api/v1/search?q=UX%20design%20intern&l=en_us&pg=1&pgSz=20 (page.goto: net::ERR_CERT_COMMON_NAME_INVALID at https://gcsservices.careers.microsoft.com/search/api/v1/search?q=UX%20design%20intern&l=en_us&pg=1&pgSz=20
Call log:
  - navigating to "https://gcsservices.careers.microsoft.com/search/api/v1/search?q=UX%20design%20intern&l=en_us&pg=1&pgSz=20", waiting until "domcontentloaded"
)
07:25  Microsoft: scrape failed — postings left untouched.
07:25  Checking Amazon...
07:25  No changes.
07:25  Checking IBM...
07:26  No changes.
07:26  Checking Adobe...
07:26  No changes.
07:26  Checking American Express...
07:27  No changes.
07:27  Checking Mastercard...
07:27  No changes.
07:27  Checking Visa...
07:27  No changes.
07:27  Checking Nike...
07:27  No changes.
07:27  Checking Spotify...
07:27  No changes.
07:27  Checking Tesla...
07:27  Retry 1/2 for Tesla in 2s...
07:27  Retry 2/2 for Tesla in 5s...
07:27  ERROR: Tesla: failed to scrape https://www.tesla.com/careers/search/?type=intern&site=US (Cloudflare / bot challenge detected)
07:28  Retry 1/2 for Tesla in 2s...
07:28  Retry 2/2 for Tesla in 5s...
07:28  ERROR: Tesla: failed to scrape https://www.tesla.com/careers/search/?query=design%20intern&site=US (Cloudflare / bot challenge detected)
07:28  Tesla: scrape failed — postings left untouched.
07:28  Checking Warner Bros. Discovery...
07:28  No changes.
07:28  Widget feed updated.
07:28  === Check cycle finished (0 notification(s)) ===
