24:24  === Daily summary ===
24:24    Internship Monitor Daily Summary
24:24    Checked:
24:24    18 companies
24:24    New jobs:
24:24    0
24:24    Still Open:
24:24    9
24:24    Closed Today:
24:24    0
24:24  SMS DRY-RUN — daily summary would be:
24:24    | Internship Monitor Daily Summary
24:24    | Checked:
24:24    | 18 companies
24:24    | New jobs:
24:24    | 0
24:24    | Still Open:
24:24    | 9
24:24    | Closed Today:
24:24    | 0
24:24  Discord DRY-RUN (no webhook configured).
24:24  Widget feed updated.
02:46  === Check cycle started ===
02:46  Checking Google...
02:47  No changes.
02:47  Checking YouTube...
02:47  No changes.
02:47  Checking Meta...
02:47  No changes.
02:47  Checking Apple...
02:47  No changes.
02:47  Checking Capital One...
02:47  robots.txt disallows https://www.capitalonecareers.com/search-jobs/design%20intern — skipping this URL.
02:47  robots.txt disallows https://www.capitalonecareers.com/search-jobs/product%20design — skipping this URL.
02:47  Capital One: scrape failed — postings left untouched.
02:47  Checking JPMorgan Chase...
02:47  No changes.
02:47  Checking Roblox...
02:47  Retry 1/2 for Roblox in 2s...
02:47  Retry 2/2 for Roblox in 5s...
02:47  ERROR: Roblox: failed to scrape https://careers.roblox.com/jobs?search=product+design (page.goto: net::ERR_HTTP2_PROTOCOL_ERROR at https://careers.roblox.com/jobs?search=product+design
Call log:
  - navigating to "https://careers.roblox.com/jobs?search=product+design", waiting until "domcontentloaded"
)
02:47  Retry 1/2 for Roblox in 3s...
02:48  Retry 2/2 for Roblox in 4s...
02:48  ERROR: Roblox: failed to scrape https://careers.roblox.com/jobs?search=UX+intern (page.goto: net::ERR_HTTP2_PROTOCOL_ERROR at https://careers.roblox.com/jobs?search=UX+intern
Call log:
  - navigating to "https://careers.roblox.com/jobs?search=UX+intern", waiting until "domcontentloaded"
)
02:48  Roblox: scrape failed — postings left untouched.
02:48  Checking Microsoft...
02:48  robots.txt unavailable for https://gcsservices.careers.microsoft.com; proceeding politely.
02:48  Retry 1/2 for Microsoft in 2s...
02:48  Retry 2/2 for Microsoft in 5s...
02:48  ERROR: Microsoft: failed to scrape https://gcsservices.careers.microsoft.com/search/api/v1/search?q=product%20design%20intern&l=en_us&pg=1&pgSz=20 (page.goto: net::ERR_CERT_COMMON_NAME_INVALID at https://gcsservices.careers.microsoft.com/search/api/v1/search?q=product%20design%20intern&l=en_us&pg=1&pgSz=20
Call log:
  - navigating to "https://gcsservices.careers.microsoft.com/search/api/v1/search?q=product%20design%20intern&l=en_us&pg=1&pgSz=20", waiting until "domcontentloaded"
)
02:48  Retry 1/2 for Microsoft in 2s...
02:48  Retry 2/2 for Microsoft in 5s...
02:48  ERROR: Microsoft: failed to scrape https://gcsservices.careers.microsoft.com/search/api/v1/search?q=UX%20design%20intern&l=en_us&pg=1&pgSz=20 (page.goto: net::ERR_CERT_COMMON_NAME_INVALID at https://gcsservices.careers.microsoft.com/search/api/v1/search?q=UX%20design%20intern&l=en_us&pg=1&pgSz=20
Call log:
  - navigating to "https://gcsservices.careers.microsoft.com/search/api/v1/search?q=UX%20design%20intern&l=en_us&pg=1&pgSz=20", waiting until "domcontentloaded"
)
02:48  Microsoft: scrape failed — postings left untouched.
02:48  Checking Amazon...
02:48  No changes.
02:48  Checking IBM...
02:49  No changes.
02:49  Checking Adobe...
02:49  No changes.
02:49  Checking American Express...
02:49  No changes.
02:49  Checking Mastercard...
02:49  No changes.
02:49  Checking Visa...
02:50  No changes.
02:50  Checking Nike...
02:50  No changes.
02:50  Checking Spotify...
02:50  No changes.
02:50  Checking Tesla...
02:50  Retry 1/2 for Tesla in 3s...
02:50  Retry 2/2 for Tesla in 5s...
02:50  ERROR: Tesla: failed to scrape https://www.tesla.com/careers/search/?type=intern&site=US (Cloudflare / bot challenge detected)
02:50  Retry 1/2 for Tesla in 2s...
02:50  Retry 2/2 for Tesla in 5s...
02:50  ERROR: Tesla: failed to scrape https://www.tesla.com/careers/search/?query=design%20intern&site=US (Cloudflare / bot challenge detected)
02:50  Tesla: scrape failed — postings left untouched.
02:50  Checking Warner Bros. Discovery...
02:51  No changes.
02:51  Widget feed updated.
02:51  === Check cycle finished (0 notification(s)) ===
