24:45  === Check cycle started ===
24:45  Checking Google...
24:46  No changes.
24:46  Checking YouTube...
24:46  No changes.
24:46  Checking Meta...
24:46  No changes.
24:46  Checking Apple...
24:46  No changes.
24:46  Checking Capital One...
24:46  robots.txt disallows https://www.capitalonecareers.com/search-jobs/design%20intern — skipping this URL.
24:46  robots.txt disallows https://www.capitalonecareers.com/search-jobs/product%20design — skipping this URL.
24:46  Capital One: scrape failed — postings left untouched.
24:46  Checking JPMorgan Chase...
24:46  No changes.
24:46  Checking Roblox...
24:46  Retry 1/2 for Roblox in 3s...
24:47  Retry 2/2 for Roblox in 4s...
24:47  ERROR: Roblox: failed to scrape https://careers.roblox.com/jobs?search=product+design (page.goto: net::ERR_HTTP2_PROTOCOL_ERROR at https://careers.roblox.com/jobs?search=product+design
Call log:
  - navigating to "https://careers.roblox.com/jobs?search=product+design", waiting until "domcontentloaded"
)
24:47  Retry 1/2 for Roblox in 2s...
24:47  Retry 2/2 for Roblox in 4s...
24:47  ERROR: Roblox: failed to scrape https://careers.roblox.com/jobs?search=UX+intern (page.goto: net::ERR_HTTP2_PROTOCOL_ERROR at https://careers.roblox.com/jobs?search=UX+intern
Call log:
  - navigating to "https://careers.roblox.com/jobs?search=UX+intern", waiting until "domcontentloaded"
)
24:47  Roblox: scrape failed — postings left untouched.
24:47  Checking Microsoft...
24:47  robots.txt unavailable for https://gcsservices.careers.microsoft.com; proceeding politely.
24:47  Retry 1/2 for Microsoft in 2s...
24:47  Retry 2/2 for Microsoft in 5s...
24:47  ERROR: Microsoft: failed to scrape https://gcsservices.careers.microsoft.com/search/api/v1/search?q=product%20design%20intern&l=en_us&pg=1&pgSz=20 (page.goto: net::ERR_CERT_COMMON_NAME_INVALID at https://gcsservices.careers.microsoft.com/search/api/v1/search?q=product%20design%20intern&l=en_us&pg=1&pgSz=20
Call log:
  - navigating to "https://gcsservices.careers.microsoft.com/search/api/v1/search?q=product%20design%20intern&l=en_us&pg=1&pgSz=20", waiting until "domcontentloaded"
)
24:47  Retry 1/2 for Microsoft in 2s...
24:47  Retry 2/2 for Microsoft in 5s...
24:47  ERROR: Microsoft: failed to scrape https://gcsservices.careers.microsoft.com/search/api/v1/search?q=UX%20design%20intern&l=en_us&pg=1&pgSz=20 (page.goto: net::ERR_CERT_COMMON_NAME_INVALID at https://gcsservices.careers.microsoft.com/search/api/v1/search?q=UX%20design%20intern&l=en_us&pg=1&pgSz=20
Call log:
  - navigating to "https://gcsservices.careers.microsoft.com/search/api/v1/search?q=UX%20design%20intern&l=en_us&pg=1&pgSz=20", waiting until "domcontentloaded"
)
24:47  Microsoft: scrape failed — postings left untouched.
24:47  Checking Amazon...
24:47  No changes.
24:47  Checking IBM...
24:48  No changes.
24:48  Checking Adobe...
24:48  No changes.
24:48  Checking American Express...
24:49  No changes.
24:49  Checking Mastercard...
24:49  No changes.
24:49  Checking Visa...
24:49  No changes.
24:49  Checking Nike...
24:50  No changes.
24:50  Widget feed updated.
24:50  === Check cycle finished (0 notification(s)) ===
03:30  === Check cycle started ===
03:30  Checking Google...
03:31  No changes.
03:31  Checking YouTube...
03:31  No changes.
03:31  Checking Meta...
03:31  No changes.
03:31  Checking Apple...
03:31  No changes.
03:31  Checking Capital One...
03:31  robots.txt disallows https://www.capitalonecareers.com/search-jobs/design%20intern — skipping this URL.
03:31  robots.txt disallows https://www.capitalonecareers.com/search-jobs/product%20design — skipping this URL.
03:31  Capital One: scrape failed — postings left untouched.
03:31  Checking JPMorgan Chase...
03:32  No changes.
03:32  Checking Roblox...
03:32  Retry 1/2 for Roblox in 2s...
03:32  Retry 2/2 for Roblox in 5s...
03:32  ERROR: Roblox: failed to scrape https://careers.roblox.com/jobs?search=product+design (page.goto: net::ERR_HTTP2_PROTOCOL_ERROR at https://careers.roblox.com/jobs?search=product+design
Call log:
  - navigating to "https://careers.roblox.com/jobs?search=product+design", waiting until "domcontentloaded"
)
03:32  Retry 1/2 for Roblox in 2s...
03:32  Retry 2/2 for Roblox in 5s...
03:32  ERROR: Roblox: failed to scrape https://careers.roblox.com/jobs?search=UX+intern (page.goto: net::ERR_HTTP2_PROTOCOL_ERROR at https://careers.roblox.com/jobs?search=UX+intern
Call log:
  - navigating to "https://careers.roblox.com/jobs?search=UX+intern", waiting until "domcontentloaded"
)
03:32  Roblox: scrape failed — postings left untouched.
03:32  Checking Microsoft...
03:32  robots.txt unavailable for https://gcsservices.careers.microsoft.com; proceeding politely.
03:32  Retry 1/2 for Microsoft in 2s...
03:32  Retry 2/2 for Microsoft in 4s...
03:32  ERROR: Microsoft: failed to scrape https://gcsservices.careers.microsoft.com/search/api/v1/search?q=product%20design%20intern&l=en_us&pg=1&pgSz=20 (page.goto: net::ERR_CERT_COMMON_NAME_INVALID at https://gcsservices.careers.microsoft.com/search/api/v1/search?q=product%20design%20intern&l=en_us&pg=1&pgSz=20
Call log:
  - navigating to "https://gcsservices.careers.microsoft.com/search/api/v1/search?q=product%20design%20intern&l=en_us&pg=1&pgSz=20", waiting until "domcontentloaded"
)
03:32  Retry 1/2 for Microsoft in 2s...
03:32  Retry 2/2 for Microsoft in 5s...
03:32  ERROR: Microsoft: failed to scrape https://gcsservices.careers.microsoft.com/search/api/v1/search?q=UX%20design%20intern&l=en_us&pg=1&pgSz=20 (page.goto: net::ERR_CERT_COMMON_NAME_INVALID at https://gcsservices.careers.microsoft.com/search/api/v1/search?q=UX%20design%20intern&l=en_us&pg=1&pgSz=20
Call log:
  - navigating to "https://gcsservices.careers.microsoft.com/search/api/v1/search?q=UX%20design%20intern&l=en_us&pg=1&pgSz=20", waiting until "domcontentloaded"
)
03:32  Microsoft: scrape failed — postings left untouched.
03:32  Checking Amazon...
03:32  No changes.
03:32  Checking IBM...
03:33  No changes.
03:33  Checking Adobe...
03:33  No changes.
03:33  Checking American Express...
03:34  No changes.
03:34  Checking Mastercard...
03:34  No changes.
03:34  Checking Visa...
03:35  No changes.
03:35  Checking Nike...
03:35  No changes.
03:35  Widget feed updated.
03:35  === Check cycle finished (0 notification(s)) ===
