24:26  === Daily summary ===
24:26    Internship Monitor Daily Summary
24:26    Checked:
24:26    18 companies
24:26    New jobs:
24:26    0
24:26    Still Open:
24:26    10
24:26    Closed Today:
24:26    0
24:26  SMS DRY-RUN — daily summary would be:
24:26    | Internship Monitor Daily Summary
24:26    | Checked:
24:26    | 18 companies
24:26    | New jobs:
24:26    | 0
24:26    | Still Open:
24:26    | 10
24:26    | Closed Today:
24:26    | 0
24:26  Discord DRY-RUN (no webhook configured).
24:26  Widget feed updated.
