02:05  === Daily summary ===
02:05    Internship Monitor Daily Summary
02:05    Checked:
02:05    18 companies
02:05    New jobs:
02:05    0
02:05    Still Open:
02:05    9
02:05    Closed Today:
02:05    0
02:05  SMS DRY-RUN — daily summary would be:
02:05    | Internship Monitor Daily Summary
02:05    | Checked:
02:05    | 18 companies
02:05    | New jobs:
02:05    | 0
02:05    | Still Open:
02:05    | 9
02:05    | Closed Today:
02:05    | 0
02:05  Discord DRY-RUN (no webhook configured).
02:05  Widget feed updated.
