24:19  === Daily summary ===
24:19    Internship Monitor Daily Summary
24:19    Checked:
24:19    18 companies
24:19    New jobs:
24:19    0
24:19    Still Open:
24:19    9
24:19    Closed Today:
24:19    0
24:19  SMS DRY-RUN — daily summary would be:
24:19    | Internship Monitor Daily Summary
24:19    | Checked:
24:19    | 18 companies
24:19    | New jobs:
24:19    | 0
24:19    | Still Open:
24:19    | 9
24:19    | Closed Today:
24:19    | 0
24:19  Discord DRY-RUN (no webhook configured).
24:19  Widget feed updated.
02:48  === Check cycle started ===
02:48  Checking Google...
02:48  No changes.
02:48  Checking YouTube...
02:48  No changes.
02:48  Checking Meta...
02:48  No changes.
02:48  Checking Apple...
02:48  No changes.
02:48  Checking Capital One...
02:49  robots.txt disallows https://www.capitalonecareers.com/search-jobs/design%20intern — skipping this URL.
02:49  robots.txt disallows https://www.capitalonecareers.com/search-jobs/product%20design — skipping this URL.
02:49  Capital One: scrape failed — postings left untouched.
02:49  Checking JPMorgan Chase...
02:49  No changes.
02:49  Checking Roblox...
02:49  Retry 1/2 for Roblox in 2s...
02:49  Retry 2/2 for Roblox in 5s...
02:49  ERROR: Roblox: failed to scrape https://careers.roblox.com/jobs?search=product+design (page.goto: net::ERR_HTTP2_PROTOCOL_ERROR at https://careers.roblox.com/jobs?search=product+design
Call log:
  - navigating to "https://careers.roblox.com/jobs?search=product+design", waiting until "domcontentloaded"
)
02:49  Retry 1/2 for Roblox in 2s...
02:49  Retry 2/2 for Roblox in 5s...
02:49  ERROR: Roblox: failed to scrape https://careers.roblox.com/jobs?search=UX+intern (page.goto: net::ERR_HTTP2_PROTOCOL_ERROR at https://careers.roblox.com/jobs?search=UX+intern
Call log:
  - navigating to "https://careers.roblox.com/jobs?search=UX+intern", waiting until "domcontentloaded"
)
02:49  Roblox: scrape failed — postings left untouched.
02:49  Checking Microsoft...
02:49  robots.txt unavailable for https://gcsservices.careers.microsoft.com; proceeding politely.
02:49  Retry 1/2 for Microsoft in 2s...
02:49  Retry 2/2 for Microsoft in 5s...
02:49  ERROR: Microsoft: failed to scrape https://gcsservices.careers.microsoft.com/search/api/v1/search?q=product%20design%20intern&l=en_us&pg=1&pgSz=20 (page.goto: net::ERR_CERT_COMMON_NAME_INVALID at https://gcsservices.careers.microsoft.com/search/api/v1/search?q=product%20design%20intern&l=en_us&pg=1&pgSz=20
Call log:
  - navigating to "https://gcsservices.careers.microsoft.com/search/api/v1/search?q=product%20design%20intern&l=en_us&pg=1&pgSz=20", waiting until "domcontentloaded"
)
02:49  Retry 1/2 for Microsoft in 2s...
02:49  Retry 2/2 for Microsoft in 5s...
02:49  ERROR: Microsoft: failed to scrape https://gcsservices.careers.microsoft.com/search/api/v1/search?q=UX%20design%20intern&l=en_us&pg=1&pgSz=20 (page.goto: net::ERR_CERT_COMMON_NAME_INVALID at https://gcsservices.careers.microsoft.com/search/api/v1/search?q=UX%20design%20intern&l=en_us&pg=1&pgSz=20
Call log:
  - navigating to "https://gcsservices.careers.microsoft.com/search/api/v1/search?q=UX%20design%20intern&l=en_us&pg=1&pgSz=20", waiting until "domcontentloaded"
)
02:49  Microsoft: scrape failed — postings left untouched.
02:49  Checking Amazon...
02:49  No changes.
02:49  Checking IBM...
02:50  No changes.
02:50  Checking Adobe...
02:51  No changes.
02:51  Checking American Express...
02:51  No changes.
02:51  Checking Mastercard...
02:51  No changes.
02:51  Checking Visa...
02:51  No changes.
02:51  Checking Nike...
02:51  No changes.
02:51  Checking Spotify...
02:52  No changes.
02:52  Checking Tesla...
02:52  Retry 1/2 for Tesla in 3s...
02:52  Retry 2/2 for Tesla in 4s...
02:52  ERROR: Tesla: failed to scrape https://www.tesla.com/careers/search/?type=intern&site=US (Cloudflare / bot challenge detected)
02:52  Retry 1/2 for Tesla in 2s...
02:52  Retry 2/2 for Tesla in 5s...
02:52  ERROR: Tesla: failed to scrape https://www.tesla.com/careers/search/?query=design%20intern&site=US (Cloudflare / bot challenge detected)
02:52  Tesla: scrape failed — postings left untouched.
02:52  Checking Warner Bros. Discovery...
02:52  No changes.
02:52  Widget feed updated.
02:52  === Check cycle finished (0 notification(s)) ===
08:08  === Check cycle started ===
08:08  Checking Google...
08:09  No changes.
08:09  Checking YouTube...
08:09  No changes.
08:09  Checking Meta...
08:09  No changes.
08:09  Checking Apple...
08:09  No changes.
08:09  Checking Capital One...
08:09  robots.txt disallows https://www.capitalonecareers.com/search-jobs/design%20intern — skipping this URL.
08:09  robots.txt disallows https://www.capitalonecareers.com/search-jobs/product%20design — skipping this URL.
08:09  Capital One: scrape failed — postings left untouched.
08:09  Checking JPMorgan Chase...
08:09  No changes.
08:09  Checking Roblox...
08:09  Retry 1/2 for Roblox in 3s...
08:09  Retry 2/2 for Roblox in 4s...
08:09  ERROR: Roblox: failed to scrape https://careers.roblox.com/jobs?search=product+design (page.goto: net::ERR_HTTP2_PROTOCOL_ERROR at https://careers.roblox.com/jobs?search=product+design
Call log:
  - navigating to "https://careers.roblox.com/jobs?search=product+design", waiting until "domcontentloaded"
)
08:09  Retry 1/2 for Roblox in 2s...
08:09  Retry 2/2 for Roblox in 5s...
08:10  ERROR: Roblox: failed to scrape https://careers.roblox.com/jobs?search=UX+intern (page.goto: net::ERR_HTTP2_PROTOCOL_ERROR at https://careers.roblox.com/jobs?search=UX+intern
Call log:
  - navigating to "https://careers.roblox.com/jobs?search=UX+intern", waiting until "domcontentloaded"
)
08:10  Roblox: scrape failed — postings left untouched.
08:10  Checking Microsoft...
08:10  robots.txt unavailable for https://gcsservices.careers.microsoft.com; proceeding politely.
08:10  Retry 1/2 for Microsoft in 2s...
08:10  Retry 2/2 for Microsoft in 5s...
08:10  ERROR: Microsoft: failed to scrape https://gcsservices.careers.microsoft.com/search/api/v1/search?q=product%20design%20intern&l=en_us&pg=1&pgSz=20 (page.goto: net::ERR_CERT_COMMON_NAME_INVALID at https://gcsservices.careers.microsoft.com/search/api/v1/search?q=product%20design%20intern&l=en_us&pg=1&pgSz=20
Call log:
  - navigating to "https://gcsservices.careers.microsoft.com/search/api/v1/search?q=product%20design%20intern&l=en_us&pg=1&pgSz=20", waiting until "domcontentloaded"
)
08:10  Retry 1/2 for Microsoft in 2s...
08:10  Retry 2/2 for Microsoft in 4s...
08:10  ERROR: Microsoft: failed to scrape https://gcsservices.careers.microsoft.com/search/api/v1/search?q=UX%20design%20intern&l=en_us&pg=1&pgSz=20 (page.goto: net::ERR_CERT_COMMON_NAME_INVALID at https://gcsservices.careers.microsoft.com/search/api/v1/search?q=UX%20design%20intern&l=en_us&pg=1&pgSz=20
Call log:
  - navigating to "https://gcsservices.careers.microsoft.com/search/api/v1/search?q=UX%20design%20intern&l=en_us&pg=1&pgSz=20", waiting until "domcontentloaded"
)
08:10  Microsoft: scrape failed — postings left untouched.
08:10  Checking Amazon...
08:10  No changes.
08:10  Checking IBM...
08:11  No changes.
08:11  Checking Adobe...
08:11  No changes.
08:11  Checking American Express...
08:11  No changes.
08:11  Checking Mastercard...
08:11  No changes.
08:11  Checking Visa...
08:11  No changes.
08:11  Checking Nike...
08:12  No changes.
08:12  Checking Spotify...
08:12  No changes.
08:12  Checking Tesla...
08:12  Retry 1/2 for Tesla in 2s...
08:12  Retry 2/2 for Tesla in 5s...
08:12  ERROR: Tesla: failed to scrape https://www.tesla.com/careers/search/?type=intern&site=US (Cloudflare / bot challenge detected)
08:12  Retry 1/2 for Tesla in 2s...
08:12  Retry 2/2 for Tesla in 5s...
08:12  ERROR: Tesla: failed to scrape https://www.tesla.com/careers/search/?query=design%20intern&site=US (Cloudflare / bot challenge detected)
08:12  Tesla: scrape failed — postings left untouched.
08:12  Checking Warner Bros. Discovery...
08:13  No changes.
08:13  Widget feed updated.
08:13  === Check cycle finished (0 notification(s)) ===
