24:57  === Daily summary ===
24:57    Internship Monitor Daily Summary
24:57    Checked:
24:57    18 companies
24:57    New jobs:
24:57    0
24:57    Still Open:
24:57    8
24:57    Closed Today:
24:57    0
24:57  SMS DRY-RUN — daily summary would be:
24:57    | Internship Monitor Daily Summary
24:57    | Checked:
24:57    | 18 companies
24:57    | New jobs:
24:57    | 0
24:57    | Still Open:
24:57    | 8
24:57    | Closed Today:
24:57    | 0
24:57  Discord DRY-RUN (no webhook configured).
24:57  Widget feed updated.
03:17  === Check cycle started ===
03:17  Checking Google...
03:18  No changes.
03:18  Checking YouTube...
03:18  No changes.
03:18  Checking Meta...
03:18  No changes.
03:18  Checking Apple...
03:18  No changes.
03:18  Checking Capital One...
03:18  robots.txt disallows https://www.capitalonecareers.com/search-jobs/design%20intern — skipping this URL.
03:18  robots.txt disallows https://www.capitalonecareers.com/search-jobs/product%20design — skipping this URL.
03:18  Capital One: scrape failed — postings left untouched.
03:18  Checking JPMorgan Chase...
03:19  No changes.
03:19  Checking Roblox...
03:19  Retry 1/2 for Roblox in 2s...
03:19  Retry 2/2 for Roblox in 5s...
03:19  ERROR: Roblox: failed to scrape https://careers.roblox.com/jobs?search=product+design (page.goto: net::ERR_HTTP2_PROTOCOL_ERROR at https://careers.roblox.com/jobs?search=product+design
Call log:
  - navigating to "https://careers.roblox.com/jobs?search=product+design", waiting until "domcontentloaded"
)
03:19  Retry 1/2 for Roblox in 2s...
03:19  Retry 2/2 for Roblox in 4s...
03:19  ERROR: Roblox: failed to scrape https://careers.roblox.com/jobs?search=UX+intern (page.goto: net::ERR_HTTP2_PROTOCOL_ERROR at https://careers.roblox.com/jobs?search=UX+intern
Call log:
  - navigating to "https://careers.roblox.com/jobs?search=UX+intern", waiting until "domcontentloaded"
)
03:19  Roblox: scrape failed — postings left untouched.
03:19  Checking Microsoft...
03:19  robots.txt unavailable for https://gcsservices.careers.microsoft.com; proceeding politely.
03:19  Retry 1/2 for Microsoft in 2s...
03:19  Retry 2/2 for Microsoft in 5s...
03:19  ERROR: Microsoft: failed to scrape https://gcsservices.careers.microsoft.com/search/api/v1/search?q=product%20design%20intern&l=en_us&pg=1&pgSz=20 (page.goto: net::ERR_CERT_COMMON_NAME_INVALID at https://gcsservices.careers.microsoft.com/search/api/v1/search?q=product%20design%20intern&l=en_us&pg=1&pgSz=20
Call log:
  - navigating to "https://gcsservices.careers.microsoft.com/search/api/v1/search?q=product%20design%20intern&l=en_us&pg=1&pgSz=20", waiting until "domcontentloaded"
)
03:19  Retry 1/2 for Microsoft in 3s...
03:19  Retry 2/2 for Microsoft in 4s...
03:19  ERROR: Microsoft: failed to scrape https://gcsservices.careers.microsoft.com/search/api/v1/search?q=UX%20design%20intern&l=en_us&pg=1&pgSz=20 (page.goto: net::ERR_CERT_COMMON_NAME_INVALID at https://gcsservices.careers.microsoft.com/search/api/v1/search?q=UX%20design%20intern&l=en_us&pg=1&pgSz=20
Call log:
  - navigating to "https://gcsservices.careers.microsoft.com/search/api/v1/search?q=UX%20design%20intern&l=en_us&pg=1&pgSz=20", waiting until "domcontentloaded"
)
03:19  Microsoft: scrape failed — postings left untouched.
03:19  Checking Amazon...
03:19  No changes.
03:19  Checking IBM...
03:20  No changes.
03:20  Checking Adobe...
03:20  No changes.
03:20  Checking American Express...
03:20  No changes.
03:20  Checking Mastercard...
03:21  No changes.
03:21  Checking Visa...
03:21  No changes.
03:21  Checking Nike...
03:21  No changes.
03:21  Checking Spotify...
03:21  No changes.
03:21  Checking Tesla...
03:21  Retry 1/2 for Tesla in 2s...
03:21  Retry 2/2 for Tesla in 5s...
03:21  ERROR: Tesla: failed to scrape https://www.tesla.com/careers/search/?type=intern&site=US (Cloudflare / bot challenge detected)
03:21  Retry 1/2 for Tesla in 2s...
03:21  Retry 2/2 for Tesla in 4s...
03:22  ERROR: Tesla: failed to scrape https://www.tesla.com/careers/search/?query=design%20intern&site=US (Cloudflare / bot challenge detected)
03:22  Tesla: scrape failed — postings left untouched.
03:22  Checking Warner Bros. Discovery...
03:22  No changes.
03:22  Widget feed updated.
03:22  === Check cycle finished (0 notification(s)) ===
