24:47  === Check cycle started ===
24:47  Checking Google...
24:47  No changes.
24:47  Checking YouTube...
24:47  No changes.
24:47  Checking Meta...
24:47  No changes.
24:47  Checking Apple...
24:47  No changes.
24:47  Checking Capital One...
24:47  robots.txt disallows https://www.capitalonecareers.com/search-jobs/design%20intern — skipping this URL.
24:47  robots.txt disallows https://www.capitalonecareers.com/search-jobs/product%20design — skipping this URL.
24:47  Capital One: scrape failed — postings left untouched.
24:47  Checking JPMorgan Chase...
24:48  No changes.
24:48  Checking Roblox...
24:48  Retry 1/2 for Roblox in 3s...
24:48  Retry 2/2 for Roblox in 4s...
24:48  ERROR: Roblox: failed to scrape https://careers.roblox.com/jobs?search=product+design (page.goto: net::ERR_HTTP2_PROTOCOL_ERROR at https://careers.roblox.com/jobs?search=product+design
Call log:
  - navigating to "https://careers.roblox.com/jobs?search=product+design", waiting until "domcontentloaded"
)
24:48  Retry 1/2 for Roblox in 2s...
24:48  Retry 2/2 for Roblox in 4s...
24:48  ERROR: Roblox: failed to scrape https://careers.roblox.com/jobs?search=UX+intern (page.goto: net::ERR_HTTP2_PROTOCOL_ERROR at https://careers.roblox.com/jobs?search=UX+intern
Call log:
  - navigating to "https://careers.roblox.com/jobs?search=UX+intern", waiting until "domcontentloaded"
)
24:48  Roblox: scrape failed — postings left untouched.
24:48  Checking Microsoft...
24:48  robots.txt unavailable for https://gcsservices.careers.microsoft.com; proceeding politely.
24:48  Retry 1/2 for Microsoft in 2s...
24:48  Retry 2/2 for Microsoft in 5s...
24:48  ERROR: Microsoft: failed to scrape https://gcsservices.careers.microsoft.com/search/api/v1/search?q=product%20design%20intern&l=en_us&pg=1&pgSz=20 (page.goto: net::ERR_CERT_COMMON_NAME_INVALID at https://gcsservices.careers.microsoft.com/search/api/v1/search?q=product%20design%20intern&l=en_us&pg=1&pgSz=20
Call log:
  - navigating to "https://gcsservices.careers.microsoft.com/search/api/v1/search?q=product%20design%20intern&l=en_us&pg=1&pgSz=20", waiting until "domcontentloaded"
)
24:48  Retry 1/2 for Microsoft in 2s...
24:48  Retry 2/2 for Microsoft in 5s...
24:48  ERROR: Microsoft: failed to scrape https://gcsservices.careers.microsoft.com/search/api/v1/search?q=UX%20design%20intern&l=en_us&pg=1&pgSz=20 (page.goto: net::ERR_CERT_COMMON_NAME_INVALID at https://gcsservices.careers.microsoft.com/search/api/v1/search?q=UX%20design%20intern&l=en_us&pg=1&pgSz=20
Call log:
  - navigating to "https://gcsservices.careers.microsoft.com/search/api/v1/search?q=UX%20design%20intern&l=en_us&pg=1&pgSz=20", waiting until "domcontentloaded"
)
24:48  Microsoft: scrape failed — postings left untouched.
24:48  Checking Amazon...
24:48  No changes.
24:48  Checking IBM...
24:49  No changes.
24:49  Checking Adobe...
24:49  No changes.
24:49  Checking American Express...
24:50  No changes.
24:50  Checking Mastercard...
24:50  No changes.
24:50  Checking Visa...
24:51  No changes.
24:51  Checking Nike...
24:51  No changes.
24:51  Widget feed updated.
24:51  === Check cycle finished (0 notification(s)) ===
