02:21  === Check cycle started ===
02:21  Checking Google...
02:21  No changes.
02:21  Checking YouTube...
02:21  No changes.
02:21  Checking Meta...
02:21  No changes.
02:21  Checking Apple...
02:22  No changes.
02:22  Checking Capital One...
02:22  robots.txt disallows https://www.capitalonecareers.com/search-jobs/design%20intern — skipping this URL.
02:22  robots.txt disallows https://www.capitalonecareers.com/search-jobs/product%20design — skipping this URL.
02:22  Capital One: scrape failed — postings left untouched.
02:22  Checking JPMorgan Chase...
02:22  No changes.
02:22  Checking Roblox...
02:22  Retry 1/2 for Roblox in 2s...
02:22  Retry 2/2 for Roblox in 5s...
02:22  ERROR: Roblox: failed to scrape https://careers.roblox.com/jobs?search=product+design (page.goto: net::ERR_HTTP2_PROTOCOL_ERROR at https://careers.roblox.com/jobs?search=product+design
Call log:
  - navigating to "https://careers.roblox.com/jobs?search=product+design", waiting until "domcontentloaded"
)
02:22  Retry 1/2 for Roblox in 2s...
02:22  Retry 2/2 for Roblox in 5s...
02:22  ERROR: Roblox: failed to scrape https://careers.roblox.com/jobs?search=UX+intern (page.goto: net::ERR_HTTP2_PROTOCOL_ERROR at https://careers.roblox.com/jobs?search=UX+intern
Call log:
  - navigating to "https://careers.roblox.com/jobs?search=UX+intern", waiting until "domcontentloaded"
)
02:22  Roblox: scrape failed — postings left untouched.
02:22  Checking Microsoft...
02:22  robots.txt unavailable for https://gcsservices.careers.microsoft.com; proceeding politely.
02:22  Retry 1/2 for Microsoft in 2s...
02:22  Retry 2/2 for Microsoft in 4s...
02:22  ERROR: Microsoft: failed to scrape https://gcsservices.careers.microsoft.com/search/api/v1/search?q=product%20design%20intern&l=en_us&pg=1&pgSz=20 (page.goto: net::ERR_CERT_COMMON_NAME_INVALID at https://gcsservices.careers.microsoft.com/search/api/v1/search?q=product%20design%20intern&l=en_us&pg=1&pgSz=20
Call log:
  - navigating to "https://gcsservices.careers.microsoft.com/search/api/v1/search?q=product%20design%20intern&l=en_us&pg=1&pgSz=20", waiting until "domcontentloaded"
)
02:22  Retry 1/2 for Microsoft in 2s...
02:22  Retry 2/2 for Microsoft in 5s...
02:22  ERROR: Microsoft: failed to scrape https://gcsservices.careers.microsoft.com/search/api/v1/search?q=UX%20design%20intern&l=en_us&pg=1&pgSz=20 (page.goto: net::ERR_CERT_COMMON_NAME_INVALID at https://gcsservices.careers.microsoft.com/search/api/v1/search?q=UX%20design%20intern&l=en_us&pg=1&pgSz=20
Call log:
  - navigating to "https://gcsservices.careers.microsoft.com/search/api/v1/search?q=UX%20design%20intern&l=en_us&pg=1&pgSz=20", waiting until "domcontentloaded"
)
02:23  Microsoft: scrape failed — postings left untouched.
02:23  Checking Amazon...
02:23  No changes.
02:23  Checking IBM...
02:23  No changes.
02:23  Checking Adobe...
02:24  No changes.
02:24  Checking American Express...
02:24  No changes.
02:24  Checking Mastercard...
02:25  No changes.
02:25  Checking Visa...
02:25  No changes.
02:25  Checking Nike...
02:25  No changes.
02:25  Widget feed updated.
02:25  === Check cycle finished (0 notification(s)) ===
05:00  === Check cycle started ===
05:00  Checking Google...
05:00  No changes.
05:00  Checking YouTube...
05:01  No changes.
05:01  Checking Meta...
05:01  No changes.
05:01  Checking Apple...
05:01  No changes.
05:01  Checking Capital One...
05:01  robots.txt disallows https://www.capitalonecareers.com/search-jobs/design%20intern — skipping this URL.
05:01  robots.txt disallows https://www.capitalonecareers.com/search-jobs/product%20design — skipping this URL.
05:01  Capital One: scrape failed — postings left untouched.
05:01  Checking JPMorgan Chase...
05:01  No changes.
05:01  Checking Roblox...
05:01  Retry 1/2 for Roblox in 2s...
05:01  Retry 2/2 for Roblox in 5s...
05:01  ERROR: Roblox: failed to scrape https://careers.roblox.com/jobs?search=product+design (page.goto: net::ERR_HTTP2_PROTOCOL_ERROR at https://careers.roblox.com/jobs?search=product+design
Call log:
  - navigating to "https://careers.roblox.com/jobs?search=product+design", waiting until "domcontentloaded"
)
05:01  Retry 1/2 for Roblox in 2s...
05:01  Retry 2/2 for Roblox in 5s...
05:02  ERROR: Roblox: failed to scrape https://careers.roblox.com/jobs?search=UX+intern (page.goto: net::ERR_HTTP2_PROTOCOL_ERROR at https://careers.roblox.com/jobs?search=UX+intern
Call log:
  - navigating to "https://careers.roblox.com/jobs?search=UX+intern", waiting until "domcontentloaded"
)
05:02  Roblox: scrape failed — postings left untouched.
05:02  Checking Microsoft...
05:02  robots.txt unavailable for https://gcsservices.careers.microsoft.com; proceeding politely.
05:02  Retry 1/2 for Microsoft in 2s...
05:02  Retry 2/2 for Microsoft in 5s...
05:02  ERROR: Microsoft: failed to scrape https://gcsservices.careers.microsoft.com/search/api/v1/search?q=product%20design%20intern&l=en_us&pg=1&pgSz=20 (page.goto: net::ERR_CERT_COMMON_NAME_INVALID at https://gcsservices.careers.microsoft.com/search/api/v1/search?q=product%20design%20intern&l=en_us&pg=1&pgSz=20
Call log:
  - navigating to "https://gcsservices.careers.microsoft.com/search/api/v1/search?q=product%20design%20intern&l=en_us&pg=1&pgSz=20", waiting until "domcontentloaded"
)
05:02  Retry 1/2 for Microsoft in 2s...
05:02  Retry 2/2 for Microsoft in 4s...
05:02  ERROR: Microsoft: failed to scrape https://gcsservices.careers.microsoft.com/search/api/v1/search?q=UX%20design%20intern&l=en_us&pg=1&pgSz=20 (page.goto: net::ERR_CERT_COMMON_NAME_INVALID at https://gcsservices.careers.microsoft.com/search/api/v1/search?q=UX%20design%20intern&l=en_us&pg=1&pgSz=20
Call log:
  - navigating to "https://gcsservices.careers.microsoft.com/search/api/v1/search?q=UX%20design%20intern&l=en_us&pg=1&pgSz=20", waiting until "domcontentloaded"
)
05:02  Microsoft: scrape failed — postings left untouched.
05:02  Checking Amazon...
05:02  No changes.
05:02  Checking IBM...
05:03  No changes.
05:03  Checking Adobe...
05:03  No changes.
05:03  Checking American Express...
05:04  No changes.
05:04  Checking Mastercard...
05:04  No changes.
05:04  Checking Visa...
05:04  No changes.
05:04  Checking Nike...
05:04  No changes.
05:04  Widget feed updated.
05:04  === Check cycle finished (0 notification(s)) ===
