01:28  === Daily summary ===
01:28    Internship Monitor Daily Summary
01:28    Checked:
01:28    18 companies
01:28    New jobs:
01:28    0
01:28    Still Open:
01:28    9
01:28    Closed Today:
01:28    0
01:28  SMS DRY-RUN — daily summary would be:
01:28    | Internship Monitor Daily Summary
01:28    | Checked:
01:28    | 18 companies
01:28    | New jobs:
01:28    | 0
01:28    | Still Open:
01:28    | 9
01:28    | Closed Today:
01:28    | 0
01:28  Discord DRY-RUN (no webhook configured).
01:28  Widget feed updated.
