01:04  === Daily summary ===
01:04    Internship Monitor Daily Summary
01:04    Checked:
01:04    18 companies
01:04    New jobs:
01:04    0
01:04    Still Open:
01:04    10
01:04    Closed Today:
01:04    0
01:04  SMS DRY-RUN — daily summary would be:
01:04    | Internship Monitor Daily Summary
01:04    | Checked:
01:04    | 18 companies
01:04    | New jobs:
01:04    | 0
01:04    | Still Open:
01:04    | 10
01:04    | Closed Today:
01:04    | 0
01:04  Discord DRY-RUN (no webhook configured).
01:04  Widget feed updated.
06:22  === Check cycle started ===
06:22  Checking Google...
06:22  No changes.
06:22  Checking YouTube...
06:22  No changes.
06:22  Checking Meta...
06:22  No changes.
06:22  Checking Apple...
06:23  No changes.
06:23  Checking Capital One...
06:23  robots.txt disallows https://www.capitalonecareers.com/search-jobs/design%20intern — skipping this URL.
06:23  robots.txt disallows https://www.capitalonecareers.com/search-jobs/product%20design — skipping this URL.
06:23  Capital One: scrape failed — postings left untouched.
06:23  Checking JPMorgan Chase...
06:23  No changes.
06:23  Checking Roblox...
06:23  Retry 1/2 for Roblox in 2s...
06:23  Retry 2/2 for Roblox in 4s...
06:23  ERROR: Roblox: failed to scrape https://careers.roblox.com/jobs?search=product+design (page.goto: net::ERR_HTTP2_PROTOCOL_ERROR at https://careers.roblox.com/jobs?search=product+design
Call log:
  - navigating to "https://careers.roblox.com/jobs?search=product+design", waiting until "domcontentloaded"
)
06:23  Retry 1/2 for Roblox in 2s...
06:23  Retry 2/2 for Roblox in 5s...
06:23  ERROR: Roblox: failed to scrape https://careers.roblox.com/jobs?search=UX+intern (page.goto: net::ERR_HTTP2_PROTOCOL_ERROR at https://careers.roblox.com/jobs?search=UX+intern
Call log:
  - navigating to "https://careers.roblox.com/jobs?search=UX+intern", waiting until "domcontentloaded"
)
06:23  Roblox: scrape failed — postings left untouched.
06:23  Checking Microsoft...
06:23  robots.txt unavailable for https://gcsservices.careers.microsoft.com; proceeding politely.
06:23  Retry 1/2 for Microsoft in 2s...
06:23  Retry 2/2 for Microsoft in 4s...
06:23  ERROR: Microsoft: failed to scrape https://gcsservices.careers.microsoft.com/search/api/v1/search?q=product%20design%20intern&l=en_us&pg=1&pgSz=20 (page.goto: net::ERR_CERT_COMMON_NAME_INVALID at https://gcsservices.careers.microsoft.com/search/api/v1/search?q=product%20design%20intern&l=en_us&pg=1&pgSz=20
Call log:
  - navigating to "https://gcsservices.careers.microsoft.com/search/api/v1/search?q=product%20design%20intern&l=en_us&pg=1&pgSz=20", waiting until "domcontentloaded"
)
06:23  Retry 1/2 for Microsoft in 2s...
06:23  Retry 2/2 for Microsoft in 5s...
06:23  ERROR: Microsoft: failed to scrape https://gcsservices.careers.microsoft.com/search/api/v1/search?q=UX%20design%20intern&l=en_us&pg=1&pgSz=20 (page.goto: net::ERR_CERT_COMMON_NAME_INVALID at https://gcsservices.careers.microsoft.com/search/api/v1/search?q=UX%20design%20intern&l=en_us&pg=1&pgSz=20
Call log:
  - navigating to "https://gcsservices.careers.microsoft.com/search/api/v1/search?q=UX%20design%20intern&l=en_us&pg=1&pgSz=20", waiting until "domcontentloaded"
)
06:23  Microsoft: scrape failed — postings left untouched.
06:23  Checking Amazon...
06:23  No changes.
06:23  Checking IBM...
06:24  No changes.
06:24  Checking Adobe...
06:25  No changes.
06:25  Checking American Express...
06:25  No changes.
06:25  Checking Mastercard...
06:25  No changes.
06:25  Checking Visa...
06:25  No changes.
06:25  Checking Nike...
06:25  No changes.
06:25  Checking Spotify...
06:25  No changes.
06:25  Checking Tesla...
06:25  Retry 1/2 for Tesla in 2s...
06:26  Retry 2/2 for Tesla in 4s...
06:26  ERROR: Tesla: failed to scrape https://www.tesla.com/careers/search/?type=intern&site=US (Cloudflare / bot challenge detected)
06:26  Retry 1/2 for Tesla in 2s...
06:26  Retry 2/2 for Tesla in 5s...
06:26  ERROR: Tesla: failed to scrape https://www.tesla.com/careers/search/?query=design%20intern&site=US (Cloudflare / bot challenge detected)
06:26  Tesla: scrape failed — postings left untouched.
06:26  Checking Warner Bros. Discovery...
06:26  No changes.
06:26  Widget feed updated.
06:26  === Check cycle finished (0 notification(s)) ===
11:22  === Check cycle started ===
11:22  Checking Google...
11:22  No changes.
11:22  Checking YouTube...
11:22  No changes.
11:22  Checking Meta...
11:23  No changes.
11:23  Checking Apple...
11:23  No changes.
11:23  Checking Capital One...
11:23  robots.txt disallows https://www.capitalonecareers.com/search-jobs/design%20intern — skipping this URL.
11:23  robots.txt disallows https://www.capitalonecareers.com/search-jobs/product%20design — skipping this URL.
11:23  Capital One: scrape failed — postings left untouched.
11:23  Checking JPMorgan Chase...
11:23  No changes.
11:23  Checking Roblox...
11:23  Retry 1/2 for Roblox in 2s...
11:23  Retry 2/2 for Roblox in 5s...
11:23  ERROR: Roblox: failed to scrape https://careers.roblox.com/jobs?search=product+design (page.goto: net::ERR_HTTP2_PROTOCOL_ERROR at https://careers.roblox.com/jobs?search=product+design
Call log:
  - navigating to "https://careers.roblox.com/jobs?search=product+design", waiting until "domcontentloaded"
)
11:23  Retry 1/2 for Roblox in 2s...
11:23  Retry 2/2 for Roblox in 5s...
11:23  ERROR: Roblox: failed to scrape https://careers.roblox.com/jobs?search=UX+intern (page.goto: net::ERR_HTTP2_PROTOCOL_ERROR at https://careers.roblox.com/jobs?search=UX+intern
Call log:
  - navigating to "https://careers.roblox.com/jobs?search=UX+intern", waiting until "domcontentloaded"
)
11:23  Roblox: scrape failed — postings left untouched.
11:23  Checking Microsoft...
11:23  robots.txt unavailable for https://gcsservices.careers.microsoft.com; proceeding politely.
11:23  Retry 1/2 for Microsoft in 2s...
11:23  Retry 2/2 for Microsoft in 4s...
11:23  ERROR: Microsoft: failed to scrape https://gcsservices.careers.microsoft.com/search/api/v1/search?q=product%20design%20intern&l=en_us&pg=1&pgSz=20 (page.goto: net::ERR_CERT_COMMON_NAME_INVALID at https://gcsservices.careers.microsoft.com/search/api/v1/search?q=product%20design%20intern&l=en_us&pg=1&pgSz=20
Call log:
  - navigating to "https://gcsservices.careers.microsoft.com/search/api/v1/search?q=product%20design%20intern&l=en_us&pg=1&pgSz=20", waiting until "domcontentloaded"
)
11:23  Retry 1/2 for Microsoft in 2s...
11:23  Retry 2/2 for Microsoft in 5s...
11:24  ERROR: Microsoft: failed to scrape https://gcsservices.careers.microsoft.com/search/api/v1/search?q=UX%20design%20intern&l=en_us&pg=1&pgSz=20 (page.goto: net::ERR_CERT_COMMON_NAME_INVALID at https://gcsservices.careers.microsoft.com/search/api/v1/search?q=UX%20design%20intern&l=en_us&pg=1&pgSz=20
Call log:
  - navigating to "https://gcsservices.careers.microsoft.com/search/api/v1/search?q=UX%20design%20intern&l=en_us&pg=1&pgSz=20", waiting until "domcontentloaded"
)
11:24  Microsoft: scrape failed — postings left untouched.
11:24  Checking Amazon...
11:24  No changes.
11:24  Checking IBM...
11:25  No changes.
11:25  Checking Adobe...
11:25  No changes.
11:25  Checking American Express...
11:25  No changes.
11:25  Checking Mastercard...
11:25  No changes.
11:25  Checking Visa...
11:25  No changes.
11:25  Checking Nike...
11:25  No changes.
11:25  Checking Spotify...
11:26  No changes.
11:26  Checking Tesla...
11:26  Retry 1/2 for Tesla in 2s...
11:26  Retry 2/2 for Tesla in 4s...
11:26  ERROR: Tesla: failed to scrape https://www.tesla.com/careers/search/?type=intern&site=US (Cloudflare / bot challenge detected)
11:26  Retry 1/2 for Tesla in 2s...
11:26  Retry 2/2 for Tesla in 4s...
11:26  ERROR: Tesla: failed to scrape https://www.tesla.com/careers/search/?query=design%20intern&site=US (Cloudflare / bot challenge detected)
11:26  Tesla: scrape failed — postings left untouched.
11:26  Checking Warner Bros. Discovery...
11:26  No changes.
11:26  Widget feed updated.
11:26  === Check cycle finished (0 notification(s)) ===
15:51  === Check cycle started ===
15:51  Checking Google...
15:51  No changes.
15:51  Checking YouTube...
15:51  No changes.
15:51  Checking Meta...
15:51  No changes.
15:51  Checking Apple...
15:51  No changes.
15:51  Checking Capital One...
15:51  robots.txt disallows https://www.capitalonecareers.com/search-jobs/design%20intern — skipping this URL.
15:51  robots.txt disallows https://www.capitalonecareers.com/search-jobs/product%20design — skipping this URL.
15:51  Capital One: scrape failed — postings left untouched.
15:51  Checking JPMorgan Chase...
15:53  No changes.
15:53  Checking Roblox...
15:53  Retry 1/2 for Roblox in 2s...
15:53  Retry 2/2 for Roblox in 4s...
15:53  ERROR: Roblox: failed to scrape https://careers.roblox.com/jobs?search=product+design (page.goto: net::ERR_HTTP2_PROTOCOL_ERROR at https://careers.roblox.com/jobs?search=product+design
Call log:
  - navigating to "https://careers.roblox.com/jobs?search=product+design", waiting until "domcontentloaded"
)
15:53  Retry 1/2 for Roblox in 2s...
15:53  Retry 2/2 for Roblox in 4s...
15:53  ERROR: Roblox: failed to scrape https://careers.roblox.com/jobs?search=UX+intern (page.goto: net::ERR_HTTP2_PROTOCOL_ERROR at https://careers.roblox.com/jobs?search=UX+intern
Call log:
  - navigating to "https://careers.roblox.com/jobs?search=UX+intern", waiting until "domcontentloaded"
)
15:53  Roblox: scrape failed — postings left untouched.
15:53  Checking Microsoft...
15:53  robots.txt unavailable for https://gcsservices.careers.microsoft.com; proceeding politely.
15:53  Retry 1/2 for Microsoft in 2s...
15:53  Retry 2/2 for Microsoft in 4s...
15:53  ERROR: Microsoft: failed to scrape https://gcsservices.careers.microsoft.com/search/api/v1/search?q=product%20design%20intern&l=en_us&pg=1&pgSz=20 (page.goto: net::ERR_CERT_COMMON_NAME_INVALID at https://gcsservices.careers.microsoft.com/search/api/v1/search?q=product%20design%20intern&l=en_us&pg=1&pgSz=20
Call log:
  - navigating to "https://gcsservices.careers.microsoft.com/search/api/v1/search?q=product%20design%20intern&l=en_us&pg=1&pgSz=20", waiting until "domcontentloaded"
)
15:53  Retry 1/2 for Microsoft in 2s...
15:53  Retry 2/2 for Microsoft in 4s...
15:53  ERROR: Microsoft: failed to scrape https://gcsservices.careers.microsoft.com/search/api/v1/search?q=UX%20design%20intern&l=en_us&pg=1&pgSz=20 (page.goto: net::ERR_CERT_COMMON_NAME_INVALID at https://gcsservices.careers.microsoft.com/search/api/v1/search?q=UX%20design%20intern&l=en_us&pg=1&pgSz=20
Call log:
  - navigating to "https://gcsservices.careers.microsoft.com/search/api/v1/search?q=UX%20design%20intern&l=en_us&pg=1&pgSz=20", waiting until "domcontentloaded"
)
15:53  Microsoft: scrape failed — postings left untouched.
15:53  Checking Amazon...
15:53  No changes.
15:53  Checking IBM...
15:54  No changes.
15:54  Checking Adobe...
15:54  No changes.
15:54  Checking American Express...
15:54  No changes.
15:54  Checking Mastercard...
15:55  No changes.
15:55  Checking Visa...
15:55  No changes.
15:55  Checking Nike...
15:55  No changes.
15:55  Checking Spotify...
15:55  No changes.
15:55  Checking Tesla...
15:55  Retry 1/2 for Tesla in 2s...
15:55  Retry 2/2 for Tesla in 5s...
15:55  ERROR: Tesla: failed to scrape https://www.tesla.com/careers/search/?type=intern&site=US (Cloudflare / bot challenge detected)
15:55  Retry 1/2 for Tesla in 2s...
15:56  Retry 2/2 for Tesla in 4s...
15:56  ERROR: Tesla: failed to scrape https://www.tesla.com/careers/search/?query=design%20intern&site=US (Cloudflare / bot challenge detected)
15:56  Tesla: scrape failed — postings left untouched.
15:56  Checking Warner Bros. Discovery...
15:56  No changes.
15:56  Widget feed updated.
15:56  === Check cycle finished (0 notification(s)) ===
18:37  === Check cycle started ===
18:37  Checking Google...
18:38  No changes.
18:38  Checking YouTube...
18:38  No changes.
18:38  Checking Meta...
18:38  No changes.
18:38  Checking Apple...
18:38  No changes.
18:38  Checking Capital One...
18:38  robots.txt disallows https://www.capitalonecareers.com/search-jobs/design%20intern — skipping this URL.
18:38  robots.txt disallows https://www.capitalonecareers.com/search-jobs/product%20design — skipping this URL.
18:38  Capital One: scrape failed — postings left untouched.
18:38  Checking JPMorgan Chase...
18:39  No changes.
18:39  Checking Roblox...
18:39  Retry 1/2 for Roblox in 2s...
18:39  Retry 2/2 for Roblox in 5s...
18:39  ERROR: Roblox: failed to scrape https://careers.roblox.com/jobs?search=product+design (page.goto: net::ERR_HTTP2_PROTOCOL_ERROR at https://careers.roblox.com/jobs?search=product+design
Call log:
  - navigating to "https://careers.roblox.com/jobs?search=product+design", waiting until "domcontentloaded"
)
18:39  Retry 1/2 for Roblox in 2s...
18:39  Retry 2/2 for Roblox in 5s...
18:39  ERROR: Roblox: failed to scrape https://careers.roblox.com/jobs?search=UX+intern (page.goto: net::ERR_HTTP2_PROTOCOL_ERROR at https://careers.roblox.com/jobs?search=UX+intern
Call log:
  - navigating to "https://careers.roblox.com/jobs?search=UX+intern", waiting until "domcontentloaded"
)
18:39  Roblox: scrape failed — postings left untouched.
18:39  Checking Microsoft...
18:39  robots.txt unavailable for https://gcsservices.careers.microsoft.com; proceeding politely.
18:39  Retry 1/2 for Microsoft in 2s...
18:39  Retry 2/2 for Microsoft in 5s...
18:39  ERROR: Microsoft: failed to scrape https://gcsservices.careers.microsoft.com/search/api/v1/search?q=product%20design%20intern&l=en_us&pg=1&pgSz=20 (page.goto: net::ERR_CERT_COMMON_NAME_INVALID at https://gcsservices.careers.microsoft.com/search/api/v1/search?q=product%20design%20intern&l=en_us&pg=1&pgSz=20
Call log:
  - navigating to "https://gcsservices.careers.microsoft.com/search/api/v1/search?q=product%20design%20intern&l=en_us&pg=1&pgSz=20", waiting until "domcontentloaded"
)
18:39  Retry 1/2 for Microsoft in 2s...
18:39  Retry 2/2 for Microsoft in 5s...
18:39  ERROR: Microsoft: failed to scrape https://gcsservices.careers.microsoft.com/search/api/v1/search?q=UX%20design%20intern&l=en_us&pg=1&pgSz=20 (page.goto: net::ERR_CERT_COMMON_NAME_INVALID at https://gcsservices.careers.microsoft.com/search/api/v1/search?q=UX%20design%20intern&l=en_us&pg=1&pgSz=20
Call log:
  - navigating to "https://gcsservices.careers.microsoft.com/search/api/v1/search?q=UX%20design%20intern&l=en_us&pg=1&pgSz=20", waiting until "domcontentloaded"
)
18:39  Microsoft: scrape failed — postings left untouched.
18:39  Checking Amazon...
18:39  No changes.
18:39  Checking IBM...
18:40  No changes.
18:40  Checking Adobe...
18:40  No changes.
18:40  Checking American Express...
18:40  No changes.
18:40  Checking Mastercard...
18:41  No changes.
18:41  Checking Visa...
18:41  No changes.
18:41  Checking Nike...
18:41  No changes.
18:41  Checking Spotify...
18:41  No changes.
18:41  Checking Tesla...
18:41  Retry 1/2 for Tesla in 2s...
18:41  Retry 2/2 for Tesla in 5s...
18:41  ERROR: Tesla: failed to scrape https://www.tesla.com/careers/search/?type=intern&site=US (Cloudflare / bot challenge detected)
18:41  Retry 1/2 for Tesla in 2s...
18:41  Retry 2/2 for Tesla in 4s...
18:42  ERROR: Tesla: failed to scrape https://www.tesla.com/careers/search/?query=design%20intern&site=US (Cloudflare / bot challenge detected)
18:42  Tesla: scrape failed — postings left untouched.
18:42  Checking Warner Bros. Discovery...
18:42  No changes.
18:42  Widget feed updated.
18:42  === Check cycle finished (0 notification(s)) ===
