01:00  === Check cycle started ===
01:00  Checking Google...
01:00  No changes.
01:00  Checking YouTube...
01:00  No changes.
01:00  Checking Meta...
01:00  No changes.
01:00  Checking Apple...
01:00  No changes.
01:00  Checking Capital One...
01:00  robots.txt disallows https://www.capitalonecareers.com/search-jobs/design%20intern — skipping this URL.
01:00  robots.txt disallows https://www.capitalonecareers.com/search-jobs/product%20design — skipping this URL.
01:00  Capital One: scrape failed — postings left untouched.
01:00  Checking JPMorgan Chase...
01:01  No changes.
01:01  Checking Roblox...
01:01  Retry 1/2 for Roblox in 2s...
01:01  Retry 2/2 for Roblox in 5s...
01:01  ERROR: Roblox: failed to scrape https://careers.roblox.com/jobs?search=product+design (page.goto: net::ERR_HTTP2_PROTOCOL_ERROR at https://careers.roblox.com/jobs?search=product+design
Call log:
  - navigating to "https://careers.roblox.com/jobs?search=product+design", waiting until "domcontentloaded"
)
01:01  Retry 1/2 for Roblox in 2s...
01:01  Retry 2/2 for Roblox in 5s...
01:01  ERROR: Roblox: failed to scrape https://careers.roblox.com/jobs?search=UX+intern (page.goto: net::ERR_HTTP2_PROTOCOL_ERROR at https://careers.roblox.com/jobs?search=UX+intern
Call log:
  - navigating to "https://careers.roblox.com/jobs?search=UX+intern", waiting until "domcontentloaded"
)
01:01  Roblox: scrape failed — postings left untouched.
01:01  Checking Microsoft...
01:01  robots.txt unavailable for https://gcsservices.careers.microsoft.com; proceeding politely.
01:01  Retry 1/2 for Microsoft in 2s...
01:01  Retry 2/2 for Microsoft in 4s...
01:01  ERROR: Microsoft: failed to scrape https://gcsservices.careers.microsoft.com/search/api/v1/search?q=product%20design%20intern&l=en_us&pg=1&pgSz=20 (page.goto: net::ERR_CERT_COMMON_NAME_INVALID at https://gcsservices.careers.microsoft.com/search/api/v1/search?q=product%20design%20intern&l=en_us&pg=1&pgSz=20
Call log:
  - navigating to "https://gcsservices.careers.microsoft.com/search/api/v1/search?q=product%20design%20intern&l=en_us&pg=1&pgSz=20", waiting until "domcontentloaded"
)
01:01  Retry 1/2 for Microsoft in 3s...
01:01  Retry 2/2 for Microsoft in 4s...
01:01  ERROR: Microsoft: failed to scrape https://gcsservices.careers.microsoft.com/search/api/v1/search?q=UX%20design%20intern&l=en_us&pg=1&pgSz=20 (page.goto: net::ERR_CERT_COMMON_NAME_INVALID at https://gcsservices.careers.microsoft.com/search/api/v1/search?q=UX%20design%20intern&l=en_us&pg=1&pgSz=20
Call log:
  - navigating to "https://gcsservices.careers.microsoft.com/search/api/v1/search?q=UX%20design%20intern&l=en_us&pg=1&pgSz=20", waiting until "domcontentloaded"
)
01:01  Microsoft: scrape failed — postings left untouched.
01:01  Checking Amazon...
01:01  No changes.
01:01  Checking IBM...
01:02  Retry 1/2 for IBM in 3s...
01:03  Retry 2/2 for IBM in 4s...
01:05  No changes.
01:05  Checking Adobe...
01:05  No changes.
01:05  Checking American Express...
01:06  No changes.
01:06  Checking Mastercard...
01:06  No changes.
01:06  Checking Visa...
01:06  No changes.
01:06  Checking Nike...
01:06  No changes.
01:06  Widget feed updated.
01:06  === Check cycle finished (0 notification(s)) ===
03:35  === Check cycle started ===
03:35  Checking Google...
03:35  No changes.
03:35  Checking YouTube...
03:35  No changes.
03:35  Checking Meta...
03:35  No changes.
03:35  Checking Apple...
03:36  No changes.
03:36  Checking Capital One...
03:36  robots.txt disallows https://www.capitalonecareers.com/search-jobs/design%20intern — skipping this URL.
03:36  robots.txt disallows https://www.capitalonecareers.com/search-jobs/product%20design — skipping this URL.
03:36  Capital One: scrape failed — postings left untouched.
03:36  Checking JPMorgan Chase...
03:36  No changes.
03:36  Checking Roblox...
03:36  Retry 1/2 for Roblox in 2s...
03:36  Retry 2/2 for Roblox in 4s...
03:36  ERROR: Roblox: failed to scrape https://careers.roblox.com/jobs?search=product+design (page.goto: net::ERR_HTTP2_PROTOCOL_ERROR at https://careers.roblox.com/jobs?search=product+design
Call log:
  - navigating to "https://careers.roblox.com/jobs?search=product+design", waiting until "domcontentloaded"
)
03:36  Retry 1/2 for Roblox in 2s...
03:36  Retry 2/2 for Roblox in 4s...
03:36  ERROR: Roblox: failed to scrape https://careers.roblox.com/jobs?search=UX+intern (page.goto: net::ERR_HTTP2_PROTOCOL_ERROR at https://careers.roblox.com/jobs?search=UX+intern
Call log:
  - navigating to "https://careers.roblox.com/jobs?search=UX+intern", waiting until "domcontentloaded"
)
03:36  Roblox: scrape failed — postings left untouched.
03:36  Checking Microsoft...
03:36  robots.txt unavailable for https://gcsservices.careers.microsoft.com; proceeding politely.
03:36  Retry 1/2 for Microsoft in 2s...
03:36  Retry 2/2 for Microsoft in 4s...
03:36  ERROR: Microsoft: failed to scrape https://gcsservices.careers.microsoft.com/search/api/v1/search?q=product%20design%20intern&l=en_us&pg=1&pgSz=20 (page.goto: net::ERR_CERT_COMMON_NAME_INVALID at https://gcsservices.careers.microsoft.com/search/api/v1/search?q=product%20design%20intern&l=en_us&pg=1&pgSz=20
Call log:
  - navigating to "https://gcsservices.careers.microsoft.com/search/api/v1/search?q=product%20design%20intern&l=en_us&pg=1&pgSz=20", waiting until "domcontentloaded"
)
03:36  Retry 1/2 for Microsoft in 2s...
03:36  Retry 2/2 for Microsoft in 4s...
03:36  ERROR: Microsoft: failed to scrape https://gcsservices.careers.microsoft.com/search/api/v1/search?q=UX%20design%20intern&l=en_us&pg=1&pgSz=20 (page.goto: net::ERR_CERT_COMMON_NAME_INVALID at https://gcsservices.careers.microsoft.com/search/api/v1/search?q=UX%20design%20intern&l=en_us&pg=1&pgSz=20
Call log:
  - navigating to "https://gcsservices.careers.microsoft.com/search/api/v1/search?q=UX%20design%20intern&l=en_us&pg=1&pgSz=20", waiting until "domcontentloaded"
)
03:36  Microsoft: scrape failed — postings left untouched.
03:36  Checking Amazon...
03:36  No changes.
03:36  Checking IBM...
03:37  No changes.
03:37  Checking Adobe...
03:38  No changes.
03:38  Checking American Express...
03:38  No changes.
03:38  Checking Mastercard...
03:39  No changes.
03:39  Checking Visa...
03:39  No changes.
03:39  Checking Nike...
03:39  No changes.
03:39  Widget feed updated.
03:39  === Check cycle finished (0 notification(s)) ===
