24:33  === Daily summary ===
24:33    Internship Monitor Daily Summary
24:33    Checked:
24:33    18 companies
24:33    New jobs:
24:33    0
24:33    Still Open:
24:33    8
24:33    Closed Today:
24:33    0
24:33  SMS DRY-RUN — daily summary would be:
24:33    | Internship Monitor Daily Summary
24:33    | Checked:
24:33    | 18 companies
24:33    | New jobs:
24:33    | 0
24:33    | Still Open:
24:33    | 8
24:33    | Closed Today:
24:33    | 0
24:33  Discord DRY-RUN (no webhook configured).
24:33  Widget feed updated.
03:14  === Check cycle started ===
03:14  Checking Google...
03:14  No changes.
03:14  Checking YouTube...
03:14  No changes.
03:14  Checking Meta...
03:15  No changes.
03:15  Checking Apple...
03:15  No changes.
03:15  Checking Capital One...
03:15  robots.txt disallows https://www.capitalonecareers.com/search-jobs/design%20intern — skipping this URL.
03:15  robots.txt disallows https://www.capitalonecareers.com/search-jobs/product%20design — skipping this URL.
03:15  Capital One: scrape failed — postings left untouched.
03:15  Checking JPMorgan Chase...
03:15  No changes.
03:15  Checking Roblox...
03:15  Retry 1/2 for Roblox in 2s...
03:15  Retry 2/2 for Roblox in 4s...
03:15  ERROR: Roblox: failed to scrape https://careers.roblox.com/jobs?search=product+design (page.goto: net::ERR_HTTP2_PROTOCOL_ERROR at https://careers.roblox.com/jobs?search=product+design
Call log:
  - navigating to "https://careers.roblox.com/jobs?search=product+design", waiting until "domcontentloaded"
)
03:15  Retry 1/2 for Roblox in 3s...
03:15  Retry 2/2 for Roblox in 5s...
03:15  ERROR: Roblox: failed to scrape https://careers.roblox.com/jobs?search=UX+intern (page.goto: net::ERR_HTTP2_PROTOCOL_ERROR at https://careers.roblox.com/jobs?search=UX+intern
Call log:
  - navigating to "https://careers.roblox.com/jobs?search=UX+intern", waiting until "domcontentloaded"
)
03:15  Roblox: scrape failed — postings left untouched.
03:15  Checking Microsoft...
03:15  robots.txt unavailable for https://gcsservices.careers.microsoft.com; proceeding politely.
03:15  Retry 1/2 for Microsoft in 2s...
03:15  Retry 2/2 for Microsoft in 5s...
03:15  ERROR: Microsoft: failed to scrape https://gcsservices.careers.microsoft.com/search/api/v1/search?q=product%20design%20intern&l=en_us&pg=1&pgSz=20 (page.goto: net::ERR_CERT_COMMON_NAME_INVALID at https://gcsservices.careers.microsoft.com/search/api/v1/search?q=product%20design%20intern&l=en_us&pg=1&pgSz=20
Call log:
  - navigating to "https://gcsservices.careers.microsoft.com/search/api/v1/search?q=product%20design%20intern&l=en_us&pg=1&pgSz=20", waiting until "domcontentloaded"
)
03:16  Retry 1/2 for Microsoft in 2s...
03:16  Retry 2/2 for Microsoft in 4s...
03:16  ERROR: Microsoft: failed to scrape https://gcsservices.careers.microsoft.com/search/api/v1/search?q=UX%20design%20intern&l=en_us&pg=1&pgSz=20 (page.goto: net::ERR_CERT_COMMON_NAME_INVALID at https://gcsservices.careers.microsoft.com/search/api/v1/search?q=UX%20design%20intern&l=en_us&pg=1&pgSz=20
Call log:
  - navigating to "https://gcsservices.careers.microsoft.com/search/api/v1/search?q=UX%20design%20intern&l=en_us&pg=1&pgSz=20", waiting until "domcontentloaded"
)
03:16  Microsoft: scrape failed — postings left untouched.
03:16  Checking Amazon...
03:16  No changes.
03:16  Checking IBM...
03:17  No changes.
03:17  Checking Adobe...
03:17  No changes.
03:17  Checking American Express...
03:17  No changes.
03:17  Checking Mastercard...
03:17  No changes.
03:17  Checking Visa...
03:18  No changes.
03:18  Checking Nike...
03:18  No changes.
03:18  Checking Spotify...
03:18  No changes.
03:18  Checking Tesla...
03:18  Retry 1/2 for Tesla in 2s...
03:18  Retry 2/2 for Tesla in 5s...
03:18  ERROR: Tesla: failed to scrape https://www.tesla.com/careers/search/?type=intern&site=US (Cloudflare / bot challenge detected)
03:18  Retry 1/2 for Tesla in 3s...
03:18  Retry 2/2 for Tesla in 4s...
03:18  ERROR: Tesla: failed to scrape https://www.tesla.com/careers/search/?query=design%20intern&site=US (Cloudflare / bot challenge detected)
03:18  Tesla: scrape failed — postings left untouched.
03:18  Checking Warner Bros. Discovery...
03:19  No changes.
03:19  Widget feed updated.
03:19  === Check cycle finished (0 notification(s)) ===
08:39  === Check cycle started ===
08:39  Checking Google...
08:39  No changes.
08:39  Checking YouTube...
08:39  No changes.
08:39  Checking Meta...
08:39  No changes.
08:39  Checking Apple...
08:40  No changes.
08:40  Checking Capital One...
08:40  robots.txt disallows https://www.capitalonecareers.com/search-jobs/design%20intern — skipping this URL.
08:40  robots.txt disallows https://www.capitalonecareers.com/search-jobs/product%20design — skipping this URL.
08:40  Capital One: scrape failed — postings left untouched.
08:40  Checking JPMorgan Chase...
08:40  No changes.
08:40  Checking Roblox...
08:40  Retry 1/2 for Roblox in 2s...
08:40  Retry 2/2 for Roblox in 4s...
08:40  ERROR: Roblox: failed to scrape https://careers.roblox.com/jobs?search=product+design (page.goto: net::ERR_HTTP2_PROTOCOL_ERROR at https://careers.roblox.com/jobs?search=product+design
Call log:
  - navigating to "https://careers.roblox.com/jobs?search=product+design", waiting until "domcontentloaded"
)
08:40  Retry 1/2 for Roblox in 2s...
08:40  Retry 2/2 for Roblox in 4s...
08:40  ERROR: Roblox: failed to scrape https://careers.roblox.com/jobs?search=UX+intern (page.goto: net::ERR_HTTP2_PROTOCOL_ERROR at https://careers.roblox.com/jobs?search=UX+intern
Call log:
  - navigating to "https://careers.roblox.com/jobs?search=UX+intern", waiting until "domcontentloaded"
)
08:40  Roblox: scrape failed — postings left untouched.
08:40  Checking Microsoft...
08:40  robots.txt unavailable for https://gcsservices.careers.microsoft.com; proceeding politely.
08:40  Retry 1/2 for Microsoft in 2s...
08:40  Retry 2/2 for Microsoft in 5s...
08:40  ERROR: Microsoft: failed to scrape https://gcsservices.careers.microsoft.com/search/api/v1/search?q=product%20design%20intern&l=en_us&pg=1&pgSz=20 (page.goto: net::ERR_CERT_COMMON_NAME_INVALID at https://gcsservices.careers.microsoft.com/search/api/v1/search?q=product%20design%20intern&l=en_us&pg=1&pgSz=20
Call log:
  - navigating to "https://gcsservices.careers.microsoft.com/search/api/v1/search?q=product%20design%20intern&l=en_us&pg=1&pgSz=20", waiting until "domcontentloaded"
)
08:40  Retry 1/2 for Microsoft in 2s...
08:40  Retry 2/2 for Microsoft in 4s...
08:40  ERROR: Microsoft: failed to scrape https://gcsservices.careers.microsoft.com/search/api/v1/search?q=UX%20design%20intern&l=en_us&pg=1&pgSz=20 (page.goto: net::ERR_CERT_COMMON_NAME_INVALID at https://gcsservices.careers.microsoft.com/search/api/v1/search?q=UX%20design%20intern&l=en_us&pg=1&pgSz=20
Call log:
  - navigating to "https://gcsservices.careers.microsoft.com/search/api/v1/search?q=UX%20design%20intern&l=en_us&pg=1&pgSz=20", waiting until "domcontentloaded"
)
08:40  Microsoft: scrape failed — postings left untouched.
08:40  Checking Amazon...
08:41  No changes.
08:41  Checking IBM...
08:41  No changes.
08:41  Checking Adobe...
08:42  No changes.
08:42  Checking American Express...
08:42  No changes.
08:42  Checking Mastercard...
08:42  No changes.
08:42  Checking Visa...
08:42  No changes.
08:42  Checking Nike...
08:43  No changes.
08:43  Checking Spotify...
08:43  No changes.
08:43  Checking Tesla...
08:43  Retry 1/2 for Tesla in 2s...
08:43  Retry 2/2 for Tesla in 5s...
08:43  ERROR: Tesla: failed to scrape https://www.tesla.com/careers/search/?type=intern&site=US (Cloudflare / bot challenge detected)
08:43  Retry 1/2 for Tesla in 2s...
08:43  Retry 2/2 for Tesla in 4s...
08:43  ERROR: Tesla: failed to scrape https://www.tesla.com/careers/search/?query=design%20intern&site=US (Cloudflare / bot challenge detected)
08:43  Tesla: scrape failed — postings left untouched.
08:43  Checking Warner Bros. Discovery...
08:43  No changes.
08:43  Widget feed updated.
08:43  === Check cycle finished (0 notification(s)) ===
12:55  === Check cycle started ===
12:55  Checking Google...
12:56  No changes.
12:56  Checking YouTube...
12:56  No changes.
12:56  Checking Meta...
12:56  No changes.
12:56  Checking Apple...
12:57  No changes.
12:57  Checking Capital One...
12:57  robots.txt disallows https://www.capitalonecareers.com/search-jobs/design%20intern — skipping this URL.
12:57  robots.txt disallows https://www.capitalonecareers.com/search-jobs/product%20design — skipping this URL.
12:57  Capital One: scrape failed — postings left untouched.
12:57  Checking JPMorgan Chase...
12:57  No changes.
12:57  Checking Roblox...
12:57  Retry 1/2 for Roblox in 2s...
12:57  Retry 2/2 for Roblox in 4s...
12:57  ERROR: Roblox: failed to scrape https://careers.roblox.com/jobs?search=product+design (page.goto: net::ERR_HTTP2_PROTOCOL_ERROR at https://careers.roblox.com/jobs?search=product+design
Call log:
  - navigating to "https://careers.roblox.com/jobs?search=product+design", waiting until "domcontentloaded"
)
12:57  Retry 1/2 for Roblox in 2s...
12:57  Retry 2/2 for Roblox in 4s...
12:57  ERROR: Roblox: failed to scrape https://careers.roblox.com/jobs?search=UX+intern (page.goto: net::ERR_HTTP2_PROTOCOL_ERROR at https://careers.roblox.com/jobs?search=UX+intern
Call log:
  - navigating to "https://careers.roblox.com/jobs?search=UX+intern", waiting until "domcontentloaded"
)
12:57  Roblox: scrape failed — postings left untouched.
12:57  Checking Microsoft...
12:57  robots.txt unavailable for https://gcsservices.careers.microsoft.com; proceeding politely.
12:57  Retry 1/2 for Microsoft in 2s...
12:57  Retry 2/2 for Microsoft in 4s...
12:57  ERROR: Microsoft: failed to scrape https://gcsservices.careers.microsoft.com/search/api/v1/search?q=product%20design%20intern&l=en_us&pg=1&pgSz=20 (page.goto: net::ERR_CERT_COMMON_NAME_INVALID at https://gcsservices.careers.microsoft.com/search/api/v1/search?q=product%20design%20intern&l=en_us&pg=1&pgSz=20
Call log:
  - navigating to "https://gcsservices.careers.microsoft.com/search/api/v1/search?q=product%20design%20intern&l=en_us&pg=1&pgSz=20", waiting until "domcontentloaded"
)
12:57  Retry 1/2 for Microsoft in 2s...
12:57  Retry 2/2 for Microsoft in 4s...
12:57  ERROR: Microsoft: failed to scrape https://gcsservices.careers.microsoft.com/search/api/v1/search?q=UX%20design%20intern&l=en_us&pg=1&pgSz=20 (page.goto: net::ERR_CERT_COMMON_NAME_INVALID at https://gcsservices.careers.microsoft.com/search/api/v1/search?q=UX%20design%20intern&l=en_us&pg=1&pgSz=20
Call log:
  - navigating to "https://gcsservices.careers.microsoft.com/search/api/v1/search?q=UX%20design%20intern&l=en_us&pg=1&pgSz=20", waiting until "domcontentloaded"
)
12:57  Microsoft: scrape failed — postings left untouched.
12:57  Checking Amazon...
12:57  No changes.
12:57  Checking IBM...
12:58  No changes.
12:58  Checking Adobe...
12:59  No changes.
12:59  Checking American Express...
12:59  No changes.
12:59  Checking Mastercard...
12:59  No changes.
12:59  Checking Visa...
12:59  No changes.
12:59  Checking Nike...
12:59  No changes.
12:59  Checking Spotify...
12:59  No changes.
12:59  Checking Tesla...
12:59  Retry 1/2 for Tesla in 2s...
12:59  Retry 2/2 for Tesla in 5s...
13:00  ERROR: Tesla: failed to scrape https://www.tesla.com/careers/search/?type=intern&site=US (Cloudflare / bot challenge detected)
13:00  Retry 1/2 for Tesla in 2s...
13:00  Retry 2/2 for Tesla in 4s...
13:00  ERROR: Tesla: failed to scrape https://www.tesla.com/careers/search/?query=design%20intern&site=US (Cloudflare / bot challenge detected)
13:00  Tesla: scrape failed — postings left untouched.
13:00  Checking Warner Bros. Discovery...
13:00  No changes.
13:00  Widget feed updated.
13:00  === Check cycle finished (0 notification(s)) ===
15:17  === Check cycle started ===
15:17  Checking Google...
15:17  No changes.
15:17  Checking YouTube...
15:18  No changes.
15:18  Checking Meta...
15:18  No changes.
15:18  Checking Apple...
15:18  No changes.
15:18  Checking Capital One...
15:18  robots.txt disallows https://www.capitalonecareers.com/search-jobs/design%20intern — skipping this URL.
15:18  robots.txt disallows https://www.capitalonecareers.com/search-jobs/product%20design — skipping this URL.
15:18  Capital One: scrape failed — postings left untouched.
15:18  Checking JPMorgan Chase...
15:18  No changes.
15:18  Checking Roblox...
15:18  Retry 1/2 for Roblox in 3s...
15:18  Retry 2/2 for Roblox in 5s...
15:18  ERROR: Roblox: failed to scrape https://careers.roblox.com/jobs?search=product+design (page.goto: net::ERR_HTTP2_PROTOCOL_ERROR at https://careers.roblox.com/jobs?search=product+design
Call log:
  - navigating to "https://careers.roblox.com/jobs?search=product+design", waiting until "domcontentloaded"
)
15:18  Retry 1/2 for Roblox in 2s...
15:18  Retry 2/2 for Roblox in 4s...
15:19  ERROR: Roblox: failed to scrape https://careers.roblox.com/jobs?search=UX+intern (page.goto: net::ERR_HTTP2_PROTOCOL_ERROR at https://careers.roblox.com/jobs?search=UX+intern
Call log:
  - navigating to "https://careers.roblox.com/jobs?search=UX+intern", waiting until "domcontentloaded"
)
15:19  Roblox: scrape failed — postings left untouched.
15:19  Checking Microsoft...
15:19  robots.txt unavailable for https://gcsservices.careers.microsoft.com; proceeding politely.
15:19  Retry 1/2 for Microsoft in 2s...
15:19  Retry 2/2 for Microsoft in 4s...
15:19  ERROR: Microsoft: failed to scrape https://gcsservices.careers.microsoft.com/search/api/v1/search?q=product%20design%20intern&l=en_us&pg=1&pgSz=20 (page.goto: net::ERR_CERT_COMMON_NAME_INVALID at https://gcsservices.careers.microsoft.com/search/api/v1/search?q=product%20design%20intern&l=en_us&pg=1&pgSz=20
Call log:
  - navigating to "https://gcsservices.careers.microsoft.com/search/api/v1/search?q=product%20design%20intern&l=en_us&pg=1&pgSz=20", waiting until "domcontentloaded"
)
15:19  Retry 1/2 for Microsoft in 2s...
15:19  Retry 2/2 for Microsoft in 5s...
15:19  ERROR: Microsoft: failed to scrape https://gcsservices.careers.microsoft.com/search/api/v1/search?q=UX%20design%20intern&l=en_us&pg=1&pgSz=20 (page.goto: net::ERR_CERT_COMMON_NAME_INVALID at https://gcsservices.careers.microsoft.com/search/api/v1/search?q=UX%20design%20intern&l=en_us&pg=1&pgSz=20
Call log:
  - navigating to "https://gcsservices.careers.microsoft.com/search/api/v1/search?q=UX%20design%20intern&l=en_us&pg=1&pgSz=20", waiting until "domcontentloaded"
)
15:19  Microsoft: scrape failed — postings left untouched.
15:19  Checking Amazon...
15:19  No changes.
15:19  Checking IBM...
15:20  No changes.
15:20  Checking Adobe...
15:20  No changes.
15:20  Checking American Express...
15:20  No changes.
15:20  Checking Mastercard...
15:21  No changes.
15:21  Checking Visa...
15:21  No changes.
15:21  Checking Nike...
15:21  No changes.
15:21  Checking Spotify...
15:21  No changes.
15:21  Checking Tesla...
15:21  Retry 1/2 for Tesla in 2s...
15:21  Retry 2/2 for Tesla in 5s...
15:21  ERROR: Tesla: failed to scrape https://www.tesla.com/careers/search/?type=intern&site=US (Cloudflare / bot challenge detected)
15:21  Retry 1/2 for Tesla in 2s...
15:22  Retry 2/2 for Tesla in 5s...
15:22  ERROR: Tesla: failed to scrape https://www.tesla.com/careers/search/?query=design%20intern&site=US (Cloudflare / bot challenge detected)
15:22  Tesla: scrape failed — postings left untouched.
15:22  Checking Warner Bros. Discovery...
15:22  No changes.
15:22  Widget feed updated.
15:22  === Check cycle finished (0 notification(s)) ===
17:51  === Check cycle started ===
17:51  Checking Google...
17:51  No changes.
17:51  Checking YouTube...
17:52  No changes.
17:52  Checking Meta...
17:52  No changes.
17:52  Checking Apple...
17:52  No changes.
17:52  Checking Capital One...
17:52  robots.txt disallows https://www.capitalonecareers.com/search-jobs/design%20intern — skipping this URL.
17:52  robots.txt disallows https://www.capitalonecareers.com/search-jobs/product%20design — skipping this URL.
17:52  Capital One: scrape failed — postings left untouched.
17:52  Checking JPMorgan Chase...
17:52  No changes.
17:52  Checking Roblox...
17:52  Retry 1/2 for Roblox in 2s...
17:52  Retry 2/2 for Roblox in 5s...
17:52  ERROR: Roblox: failed to scrape https://careers.roblox.com/jobs?search=product+design (page.goto: net::ERR_HTTP2_PROTOCOL_ERROR at https://careers.roblox.com/jobs?search=product+design
Call log:
  - navigating to "https://careers.roblox.com/jobs?search=product+design", waiting until "domcontentloaded"
)
17:52  Retry 1/2 for Roblox in 2s...
17:52  Retry 2/2 for Roblox in 5s...
17:53  ERROR: Roblox: failed to scrape https://careers.roblox.com/jobs?search=UX+intern (page.goto: net::ERR_HTTP2_PROTOCOL_ERROR at https://careers.roblox.com/jobs?search=UX+intern
Call log:
  - navigating to "https://careers.roblox.com/jobs?search=UX+intern", waiting until "domcontentloaded"
)
17:53  Roblox: scrape failed — postings left untouched.
17:53  Checking Microsoft...
17:53  robots.txt unavailable for https://gcsservices.careers.microsoft.com; proceeding politely.
17:53  Retry 1/2 for Microsoft in 2s...
17:53  Retry 2/2 for Microsoft in 4s...
17:53  ERROR: Microsoft: failed to scrape https://gcsservices.careers.microsoft.com/search/api/v1/search?q=product%20design%20intern&l=en_us&pg=1&pgSz=20 (page.goto: net::ERR_CERT_COMMON_NAME_INVALID at https://gcsservices.careers.microsoft.com/search/api/v1/search?q=product%20design%20intern&l=en_us&pg=1&pgSz=20
Call log:
  - navigating to "https://gcsservices.careers.microsoft.com/search/api/v1/search?q=product%20design%20intern&l=en_us&pg=1&pgSz=20", waiting until "domcontentloaded"
)
17:53  Retry 1/2 for Microsoft in 3s...
17:53  Retry 2/2 for Microsoft in 5s...
17:53  ERROR: Microsoft: failed to scrape https://gcsservices.careers.microsoft.com/search/api/v1/search?q=UX%20design%20intern&l=en_us&pg=1&pgSz=20 (page.goto: net::ERR_CERT_COMMON_NAME_INVALID at https://gcsservices.careers.microsoft.com/search/api/v1/search?q=UX%20design%20intern&l=en_us&pg=1&pgSz=20
Call log:
  - navigating to "https://gcsservices.careers.microsoft.com/search/api/v1/search?q=UX%20design%20intern&l=en_us&pg=1&pgSz=20", waiting until "domcontentloaded"
)
17:53  Microsoft: scrape failed — postings left untouched.
17:53  Checking Amazon...
17:53  No changes.
17:53  Checking IBM...
17:54  No changes.
17:54  Checking Adobe...
17:54  No changes.
17:54  Checking American Express...
17:54  No changes.
17:54  Checking Mastercard...
17:55  No changes.
17:55  Checking Visa...
17:55  No changes.
17:55  Checking Nike...
17:55  No changes.
17:55  Checking Spotify...
17:55  No changes.
17:55  Checking Tesla...
17:55  Retry 1/2 for Tesla in 2s...
17:55  Retry 2/2 for Tesla in 5s...
17:55  ERROR: Tesla: failed to scrape https://www.tesla.com/careers/search/?type=intern&site=US (Cloudflare / bot challenge detected)
17:55  Retry 1/2 for Tesla in 2s...
17:56  Retry 2/2 for Tesla in 4s...
17:56  ERROR: Tesla: failed to scrape https://www.tesla.com/careers/search/?query=design%20intern&site=US (Cloudflare / bot challenge detected)
17:56  Tesla: scrape failed — postings left untouched.
17:56  Checking Warner Bros. Discovery...
17:56  No changes.
17:56  Widget feed updated.
17:56  === Check cycle finished (0 notification(s)) ===
