24:36  === Daily summary ===
24:36    Internship Monitor Daily Summary
24:36    Checked:
24:36    18 companies
24:36    New jobs:
24:36    0
24:36    Still Open:
24:36    11
24:36    Closed Today:
24:36    0
24:36  SMS DRY-RUN — daily summary would be:
24:36    | Internship Monitor Daily Summary
24:36    | Checked:
24:36    | 18 companies
24:36    | New jobs:
24:36    | 0
24:36    | Still Open:
24:36    | 11
24:36    | Closed Today:
24:36    | 0
24:36  Discord DRY-RUN (no webhook configured).
24:36  Widget feed updated.
