01:43  === Check cycle started ===
01:43  Checking Google...
01:44  No changes.
01:44  Checking YouTube...
01:44  No changes.
01:44  Checking Meta...
01:44  No changes.
01:44  Checking Apple...
01:44  No changes.
01:44  Checking Capital One...
01:44  robots.txt disallows https://www.capitalonecareers.com/search-jobs/design%20intern — skipping this URL.
01:44  robots.txt disallows https://www.capitalonecareers.com/search-jobs/product%20design — skipping this URL.
01:44  Capital One: scrape failed — postings left untouched.
01:44  Checking JPMorgan Chase...
01:45  No changes.
01:45  Checking Roblox...
01:45  Retry 1/2 for Roblox in 2s...
01:45  Retry 2/2 for Roblox in 5s...
01:45  ERROR: Roblox: failed to scrape https://careers.roblox.com/jobs?search=product+design (page.goto: net::ERR_HTTP2_PROTOCOL_ERROR at https://careers.roblox.com/jobs?search=product+design
Call log:
  - navigating to "https://careers.roblox.com/jobs?search=product+design", waiting until "domcontentloaded"
)
01:45  Retry 1/2 for Roblox in 2s...
01:45  Retry 2/2 for Roblox in 4s...
01:45  ERROR: Roblox: failed to scrape https://careers.roblox.com/jobs?search=UX+intern (page.goto: net::ERR_HTTP2_PROTOCOL_ERROR at https://careers.roblox.com/jobs?search=UX+intern
Call log:
  - navigating to "https://careers.roblox.com/jobs?search=UX+intern", waiting until "domcontentloaded"
)
01:45  Roblox: scrape failed — postings left untouched.
01:45  Checking Microsoft...
01:45  robots.txt unavailable for https://gcsservices.careers.microsoft.com; proceeding politely.
01:45  Retry 1/2 for Microsoft in 2s...
01:45  Retry 2/2 for Microsoft in 5s...
01:45  ERROR: Microsoft: failed to scrape https://gcsservices.careers.microsoft.com/search/api/v1/search?q=product%20design%20intern&l=en_us&pg=1&pgSz=20 (page.goto: net::ERR_CERT_COMMON_NAME_INVALID at https://gcsservices.careers.microsoft.com/search/api/v1/search?q=product%20design%20intern&l=en_us&pg=1&pgSz=20
Call log:
  - navigating to "https://gcsservices.careers.microsoft.com/search/api/v1/search?q=product%20design%20intern&l=en_us&pg=1&pgSz=20", waiting until "domcontentloaded"
)
01:45  Retry 1/2 for Microsoft in 2s...
01:45  Retry 2/2 for Microsoft in 4s...
01:45  ERROR: Microsoft: failed to scrape https://gcsservices.careers.microsoft.com/search/api/v1/search?q=UX%20design%20intern&l=en_us&pg=1&pgSz=20 (page.goto: net::ERR_CERT_COMMON_NAME_INVALID at https://gcsservices.careers.microsoft.com/search/api/v1/search?q=UX%20design%20intern&l=en_us&pg=1&pgSz=20
Call log:
  - navigating to "https://gcsservices.careers.microsoft.com/search/api/v1/search?q=UX%20design%20intern&l=en_us&pg=1&pgSz=20", waiting until "domcontentloaded"
)
01:45  Microsoft: scrape failed — postings left untouched.
01:45  Checking Amazon...
01:45  No changes.
01:45  Checking IBM...
01:46  No changes.
01:46  Checking Adobe...
01:46  No changes.
01:46  Checking American Express...
01:46  No changes.
01:46  Checking Mastercard...
01:47  No changes.
01:47  Checking Visa...
01:47  No changes.
01:47  Checking Nike...
01:47  No changes.
01:47  Widget feed updated.
01:47  === Check cycle finished (0 notification(s)) ===
