24:44  === Daily summary ===
24:44    Internship Monitor Daily Summary
24:44    Checked:
24:44    18 companies
24:44    New jobs:
24:44    0
24:44    Still Open:
24:44    10
24:44    Closed Today:
24:44    0
24:44  SMS DRY-RUN — daily summary would be:
24:44    | Internship Monitor Daily Summary
24:44    | Checked:
24:44    | 18 companies
24:44    | New jobs:
24:44    | 0
24:44    | Still Open:
24:44    | 10
24:44    | Closed Today:
24:44    | 0
24:44  Discord DRY-RUN (no webhook configured).
24:44  Widget feed updated.
06:05  === Check cycle started ===
06:05  Checking Google...
06:06  No changes.
06:06  Checking YouTube...
06:06  No changes.
06:06  Checking Meta...
06:06  No changes.
06:06  Checking Apple...
06:06  No changes.
06:06  Checking Capital One...
06:06  robots.txt disallows https://www.capitalonecareers.com/search-jobs/design%20intern — skipping this URL.
06:06  robots.txt disallows https://www.capitalonecareers.com/search-jobs/product%20design — skipping this URL.
06:06  Capital One: scrape failed — postings left untouched.
06:06  Checking JPMorgan Chase...
06:07  No changes.
06:07  Checking Roblox...
06:07  Retry 1/2 for Roblox in 3s...
06:07  Retry 2/2 for Roblox in 5s...
06:07  ERROR: Roblox: failed to scrape https://careers.roblox.com/jobs?search=product+design (page.goto: net::ERR_HTTP2_PROTOCOL_ERROR at https://careers.roblox.com/jobs?search=product+design
Call log:
  - navigating to "https://careers.roblox.com/jobs?search=product+design", waiting until "domcontentloaded"
)
06:07  Retry 1/2 for Roblox in 2s...
06:07  Retry 2/2 for Roblox in 5s...
06:07  ERROR: Roblox: failed to scrape https://careers.roblox.com/jobs?search=UX+intern (page.goto: net::ERR_HTTP2_PROTOCOL_ERROR at https://careers.roblox.com/jobs?search=UX+intern
Call log:
  - navigating to "https://careers.roblox.com/jobs?search=UX+intern", waiting until "domcontentloaded"
)
06:07  Roblox: scrape failed — postings left untouched.
06:07  Checking Microsoft...
06:07  robots.txt unavailable for https://gcsservices.careers.microsoft.com; proceeding politely.
06:07  Retry 1/2 for Microsoft in 2s...
06:07  Retry 2/2 for Microsoft in 5s...
06:07  ERROR: Microsoft: failed to scrape https://gcsservices.careers.microsoft.com/search/api/v1/search?q=product%20design%20intern&l=en_us&pg=1&pgSz=20 (page.goto: net::ERR_CERT_COMMON_NAME_INVALID at https://gcsservices.careers.microsoft.com/search/api/v1/search?q=product%20design%20intern&l=en_us&pg=1&pgSz=20
Call log:
  - navigating to "https://gcsservices.careers.microsoft.com/search/api/v1/search?q=product%20design%20intern&l=en_us&pg=1&pgSz=20", waiting until "domcontentloaded"
)
06:07  Retry 1/2 for Microsoft in 2s...
06:07  Retry 2/2 for Microsoft in 5s...
06:07  ERROR: Microsoft: failed to scrape https://gcsservices.careers.microsoft.com/search/api/v1/search?q=UX%20design%20intern&l=en_us&pg=1&pgSz=20 (page.goto: net::ERR_CERT_COMMON_NAME_INVALID at https://gcsservices.careers.microsoft.com/search/api/v1/search?q=UX%20design%20intern&l=en_us&pg=1&pgSz=20
Call log:
  - navigating to "https://gcsservices.careers.microsoft.com/search/api/v1/search?q=UX%20design%20intern&l=en_us&pg=1&pgSz=20", waiting until "domcontentloaded"
)
06:07  Microsoft: scrape failed — postings left untouched.
06:07  Checking Amazon...
06:07  No changes.
06:07  Checking IBM...
06:08  No changes.
06:08  Checking Adobe...
06:09  No changes.
06:09  Checking American Express...
06:09  No changes.
06:09  Checking Mastercard...
06:09  No changes.
06:09  Checking Visa...
06:09  No changes.
06:09  Checking Nike...
06:09  No changes.
06:09  Checking Spotify...
06:10  No changes.
06:10  Checking Tesla...
06:10  Retry 1/2 for Tesla in 2s...
06:10  Retry 2/2 for Tesla in 4s...
06:10  ERROR: Tesla: failed to scrape https://www.tesla.com/careers/search/?type=intern&site=US (Cloudflare / bot challenge detected)
06:10  Retry 1/2 for Tesla in 2s...
06:10  Retry 2/2 for Tesla in 5s...
06:10  ERROR: Tesla: failed to scrape https://www.tesla.com/careers/search/?query=design%20intern&site=US (Cloudflare / bot challenge detected)
06:10  Tesla: scrape failed — postings left untouched.
06:10  Checking Warner Bros. Discovery...
06:10  No changes.
06:10  Widget feed updated.
06:10  === Check cycle finished (0 notification(s)) ===
11:28  === Check cycle started ===
11:28  Checking Google...
11:28  No changes.
11:28  Checking YouTube...
11:29  No changes.
11:29  Checking Meta...
11:29  No changes.
11:29  Checking Apple...
11:29  No changes.
11:29  Checking Capital One...
11:29  robots.txt disallows https://www.capitalonecareers.com/search-jobs/design%20intern — skipping this URL.
11:29  robots.txt disallows https://www.capitalonecareers.com/search-jobs/product%20design — skipping this URL.
11:29  Capital One: scrape failed — postings left untouched.
11:29  Checking JPMorgan Chase...
11:29  No changes.
11:29  Checking Roblox...
11:29  Retry 1/2 for Roblox in 2s...
11:29  Retry 2/2 for Roblox in 5s...
11:29  ERROR: Roblox: failed to scrape https://careers.roblox.com/jobs?search=product+design (page.goto: net::ERR_HTTP2_PROTOCOL_ERROR at https://careers.roblox.com/jobs?search=product+design
Call log:
  - navigating to "https://careers.roblox.com/jobs?search=product+design", waiting until "domcontentloaded"
)
11:29  Retry 1/2 for Roblox in 2s...
11:30  Retry 2/2 for Roblox in 4s...
11:30  ERROR: Roblox: failed to scrape https://careers.roblox.com/jobs?search=UX+intern (page.goto: net::ERR_HTTP2_PROTOCOL_ERROR at https://careers.roblox.com/jobs?search=UX+intern
Call log:
  - navigating to "https://careers.roblox.com/jobs?search=UX+intern", waiting until "domcontentloaded"
)
11:30  Roblox: scrape failed — postings left untouched.
11:30  Checking Microsoft...
11:30  robots.txt unavailable for https://gcsservices.careers.microsoft.com; proceeding politely.
11:30  Retry 1/2 for Microsoft in 3s...
11:30  Retry 2/2 for Microsoft in 4s...
11:30  ERROR: Microsoft: failed to scrape https://gcsservices.careers.microsoft.com/search/api/v1/search?q=product%20design%20intern&l=en_us&pg=1&pgSz=20 (page.goto: net::ERR_CERT_COMMON_NAME_INVALID at https://gcsservices.careers.microsoft.com/search/api/v1/search?q=product%20design%20intern&l=en_us&pg=1&pgSz=20
Call log:
  - navigating to "https://gcsservices.careers.microsoft.com/search/api/v1/search?q=product%20design%20intern&l=en_us&pg=1&pgSz=20", waiting until "domcontentloaded"
)
11:30  Retry 1/2 for Microsoft in 2s...
11:30  Retry 2/2 for Microsoft in 5s...
11:30  ERROR: Microsoft: failed to scrape https://gcsservices.careers.microsoft.com/search/api/v1/search?q=UX%20design%20intern&l=en_us&pg=1&pgSz=20 (page.goto: net::ERR_CERT_COMMON_NAME_INVALID at https://gcsservices.careers.microsoft.com/search/api/v1/search?q=UX%20design%20intern&l=en_us&pg=1&pgSz=20
Call log:
  - navigating to "https://gcsservices.careers.microsoft.com/search/api/v1/search?q=UX%20design%20intern&l=en_us&pg=1&pgSz=20", waiting until "domcontentloaded"
)
11:30  Microsoft: scrape failed — postings left untouched.
11:30  Checking Amazon...
11:30  No changes.
11:30  Checking IBM...
11:31  No changes.
11:31  Checking Adobe...
11:31  No changes.
11:31  Checking American Express...
11:31  No changes.
11:31  Checking Mastercard...
11:31  No changes.
11:31  Checking Visa...
11:32  No changes.
11:32  Checking Nike...
11:32  No changes.
11:32  Checking Spotify...
11:32  No changes.
11:32  Checking Tesla...
11:32  Retry 1/2 for Tesla in 2s...
11:32  Retry 2/2 for Tesla in 4s...
11:32  ERROR: Tesla: failed to scrape https://www.tesla.com/careers/search/?type=intern&site=US (Cloudflare / bot challenge detected)
11:32  Retry 1/2 for Tesla in 2s...
11:32  Retry 2/2 for Tesla in 5s...
11:32  ERROR: Tesla: failed to scrape https://www.tesla.com/careers/search/?query=design%20intern&site=US (Cloudflare / bot challenge detected)
11:33  Tesla: scrape failed — postings left untouched.
11:33  Checking Warner Bros. Discovery...
11:33  No changes.
11:33  Widget feed updated.
11:33  === Check cycle finished (0 notification(s)) ===
16:07  === Check cycle started ===
16:07  Checking Google...
16:08  No changes.
16:08  Checking YouTube...
16:08  No changes.
16:08  Checking Meta...
16:08  No changes.
16:08  Checking Apple...
16:08  No changes.
16:08  Checking Capital One...
16:08  robots.txt disallows https://www.capitalonecareers.com/search-jobs/design%20intern — skipping this URL.
16:08  robots.txt disallows https://www.capitalonecareers.com/search-jobs/product%20design — skipping this URL.
16:08  Capital One: scrape failed — postings left untouched.
16:08  Checking JPMorgan Chase...
16:08  No changes.
16:08  Checking Roblox...
16:08  Retry 1/2 for Roblox in 2s...
16:08  Retry 2/2 for Roblox in 4s...
16:08  ERROR: Roblox: failed to scrape https://careers.roblox.com/jobs?search=product+design (page.goto: net::ERR_HTTP2_PROTOCOL_ERROR at https://careers.roblox.com/jobs?search=product+design
Call log:
  - navigating to "https://careers.roblox.com/jobs?search=product+design", waiting until "domcontentloaded"
)
16:08  Retry 1/2 for Roblox in 2s...
16:09  Retry 2/2 for Roblox in 4s...
16:09  ERROR: Roblox: failed to scrape https://careers.roblox.com/jobs?search=UX+intern (page.goto: net::ERR_HTTP2_PROTOCOL_ERROR at https://careers.roblox.com/jobs?search=UX+intern
Call log:
  - navigating to "https://careers.roblox.com/jobs?search=UX+intern", waiting until "domcontentloaded"
)
16:09  Roblox: scrape failed — postings left untouched.
16:09  Checking Microsoft...
16:09  robots.txt unavailable for https://gcsservices.careers.microsoft.com; proceeding politely.
16:09  Retry 1/2 for Microsoft in 2s...
16:09  Retry 2/2 for Microsoft in 4s...
16:09  ERROR: Microsoft: failed to scrape https://gcsservices.careers.microsoft.com/search/api/v1/search?q=product%20design%20intern&l=en_us&pg=1&pgSz=20 (page.goto: net::ERR_CERT_COMMON_NAME_INVALID at https://gcsservices.careers.microsoft.com/search/api/v1/search?q=product%20design%20intern&l=en_us&pg=1&pgSz=20
Call log:
  - navigating to "https://gcsservices.careers.microsoft.com/search/api/v1/search?q=product%20design%20intern&l=en_us&pg=1&pgSz=20", waiting until "domcontentloaded"
)
16:09  Retry 1/2 for Microsoft in 2s...
16:09  Retry 2/2 for Microsoft in 4s...
16:09  ERROR: Microsoft: failed to scrape https://gcsservices.careers.microsoft.com/search/api/v1/search?q=UX%20design%20intern&l=en_us&pg=1&pgSz=20 (page.goto: net::ERR_CERT_COMMON_NAME_INVALID at https://gcsservices.careers.microsoft.com/search/api/v1/search?q=UX%20design%20intern&l=en_us&pg=1&pgSz=20
Call log:
  - navigating to "https://gcsservices.careers.microsoft.com/search/api/v1/search?q=UX%20design%20intern&l=en_us&pg=1&pgSz=20", waiting until "domcontentloaded"
)
16:09  Microsoft: scrape failed — postings left untouched.
16:09  Checking Amazon...
16:09  No changes.
16:09  Checking IBM...
16:10  No changes.
16:10  Checking Adobe...
16:10  No changes.
16:10  Checking American Express...
16:10  No changes.
16:10  Checking Mastercard...
16:10  No changes.
16:10  Checking Visa...
16:11  No changes.
16:11  Checking Nike...
16:11  No changes.
16:11  Checking Spotify...
16:11  No changes.
16:11  Checking Tesla...
16:11  Retry 1/2 for Tesla in 2s...
16:11  Retry 2/2 for Tesla in 4s...
16:11  ERROR: Tesla: failed to scrape https://www.tesla.com/careers/search/?type=intern&site=US (Cloudflare / bot challenge detected)
16:11  Retry 1/2 for Tesla in 2s...
16:11  Retry 2/2 for Tesla in 4s...
16:11  ERROR: Tesla: failed to scrape https://www.tesla.com/careers/search/?query=design%20intern&site=US (Cloudflare / bot challenge detected)
16:11  Tesla: scrape failed — postings left untouched.
16:11  Checking Warner Bros. Discovery...
16:12  No changes.
16:12  Widget feed updated.
16:12  === Check cycle finished (0 notification(s)) ===
22:19  === Check cycle started ===
22:19  Checking Google...
22:19  No changes.
22:19  Checking YouTube...
22:19  No changes.
22:19  Checking Meta...
22:20  No changes.
22:20  Checking Apple...
22:20  No changes.
22:20  Checking Capital One...
22:20  robots.txt disallows https://www.capitalonecareers.com/search-jobs/design%20intern — skipping this URL.
22:20  robots.txt disallows https://www.capitalonecareers.com/search-jobs/product%20design — skipping this URL.
22:20  Capital One: scrape failed — postings left untouched.
22:20  Checking JPMorgan Chase...
22:20  No changes.
22:20  Checking Roblox...
22:20  Retry 1/2 for Roblox in 2s...
22:20  Retry 2/2 for Roblox in 5s...
22:20  ERROR: Roblox: failed to scrape https://careers.roblox.com/jobs?search=product+design (page.goto: net::ERR_HTTP2_PROTOCOL_ERROR at https://careers.roblox.com/jobs?search=product+design
Call log:
  - navigating to "https://careers.roblox.com/jobs?search=product+design", waiting until "domcontentloaded"
)
22:20  Retry 1/2 for Roblox in 2s...
22:20  Retry 2/2 for Roblox in 5s...
22:20  ERROR: Roblox: failed to scrape https://careers.roblox.com/jobs?search=UX+intern (page.goto: net::ERR_HTTP2_PROTOCOL_ERROR at https://careers.roblox.com/jobs?search=UX+intern
Call log:
  - navigating to "https://careers.roblox.com/jobs?search=UX+intern", waiting until "domcontentloaded"
)
22:20  Roblox: scrape failed — postings left untouched.
22:20  Checking Microsoft...
22:20  robots.txt unavailable for https://gcsservices.careers.microsoft.com; proceeding politely.
22:20  Retry 1/2 for Microsoft in 2s...
22:20  Retry 2/2 for Microsoft in 5s...
22:20  ERROR: Microsoft: failed to scrape https://gcsservices.careers.microsoft.com/search/api/v1/search?q=product%20design%20intern&l=en_us&pg=1&pgSz=20 (page.goto: net::ERR_CERT_COMMON_NAME_INVALID at https://gcsservices.careers.microsoft.com/search/api/v1/search?q=product%20design%20intern&l=en_us&pg=1&pgSz=20
Call log:
  - navigating to "https://gcsservices.careers.microsoft.com/search/api/v1/search?q=product%20design%20intern&l=en_us&pg=1&pgSz=20", waiting until "domcontentloaded"
)
22:20  Retry 1/2 for Microsoft in 2s...
22:21  Retry 2/2 for Microsoft in 4s...
22:21  ERROR: Microsoft: failed to scrape https://gcsservices.careers.microsoft.com/search/api/v1/search?q=UX%20design%20intern&l=en_us&pg=1&pgSz=20 (page.goto: net::ERR_CERT_COMMON_NAME_INVALID at https://gcsservices.careers.microsoft.com/search/api/v1/search?q=UX%20design%20intern&l=en_us&pg=1&pgSz=20
Call log:
  - navigating to "https://gcsservices.careers.microsoft.com/search/api/v1/search?q=UX%20design%20intern&l=en_us&pg=1&pgSz=20", waiting until "domcontentloaded"
)
22:21  Microsoft: scrape failed — postings left untouched.
22:21  Checking Amazon...
22:21  No changes.
22:21  Checking IBM...
22:22  No changes.
22:22  Checking Adobe...
22:22  No changes.
22:22  Checking American Express...
22:22  No changes.
22:22  Checking Mastercard...
22:22  No changes.
22:22  Checking Visa...
22:22  No changes.
22:22  Checking Nike...
22:22  No changes.
22:22  Checking Spotify...
22:23  No changes.
22:23  Checking Tesla...
22:23  Retry 1/2 for Tesla in 2s...
22:23  Retry 2/2 for Tesla in 5s...
22:23  ERROR: Tesla: failed to scrape https://www.tesla.com/careers/search/?type=intern&site=US (Cloudflare / bot challenge detected)
22:23  Retry 1/2 for Tesla in 2s...
22:23  Retry 2/2 for Tesla in 5s...
22:23  ERROR: Tesla: failed to scrape https://www.tesla.com/careers/search/?query=design%20intern&site=US (Cloudflare / bot challenge detected)
22:23  Tesla: scrape failed — postings left untouched.
22:23  Checking Warner Bros. Discovery...
22:23  No changes.
22:23  Widget feed updated.
22:23  === Check cycle finished (0 notification(s)) ===
