02:27  === Check cycle started ===
02:27  Checking Google...
02:27  No changes.
02:27  Checking YouTube...
02:27  No changes.
02:27  Checking Meta...
02:28  No changes.
02:28  Checking Apple...
02:28  No changes.
02:28  Checking Capital One...
02:28  robots.txt disallows https://www.capitalonecareers.com/search-jobs/design%20intern — skipping this URL.
02:28  robots.txt disallows https://www.capitalonecareers.com/search-jobs/product%20design — skipping this URL.
02:28  Capital One: scrape failed — postings left untouched.
02:28  Checking JPMorgan Chase...
02:28  No changes.
02:28  Checking Roblox...
02:28  Retry 1/2 for Roblox in 2s...
02:28  Retry 2/2 for Roblox in 5s...
02:28  ERROR: Roblox: failed to scrape https://careers.roblox.com/jobs?search=product+design (page.goto: net::ERR_HTTP2_PROTOCOL_ERROR at https://careers.roblox.com/jobs?search=product+design
Call log:
  - navigating to "https://careers.roblox.com/jobs?search=product+design", waiting until "domcontentloaded"
)
02:28  Retry 1/2 for Roblox in 2s...
02:28  Retry 2/2 for Roblox in 5s...
02:28  ERROR: Roblox: failed to scrape https://careers.roblox.com/jobs?search=UX+intern (page.goto: net::ERR_HTTP2_PROTOCOL_ERROR at https://careers.roblox.com/jobs?search=UX+intern
Call log:
  - navigating to "https://careers.roblox.com/jobs?search=UX+intern", waiting until "domcontentloaded"
)
02:28  Roblox: scrape failed — postings left untouched.
02:28  Checking Microsoft...
02:28  robots.txt unavailable for https://gcsservices.careers.microsoft.com; proceeding politely.
02:28  Retry 1/2 for Microsoft in 2s...
02:28  Retry 2/2 for Microsoft in 4s...
02:28  ERROR: Microsoft: failed to scrape https://gcsservices.careers.microsoft.com/search/api/v1/search?q=product%20design%20intern&l=en_us&pg=1&pgSz=20 (page.goto: net::ERR_CERT_COMMON_NAME_INVALID at https://gcsservices.careers.microsoft.com/search/api/v1/search?q=product%20design%20intern&l=en_us&pg=1&pgSz=20
Call log:
  - navigating to "https://gcsservices.careers.microsoft.com/search/api/v1/search?q=product%20design%20intern&l=en_us&pg=1&pgSz=20", waiting until "domcontentloaded"
)
02:28  Retry 1/2 for Microsoft in 2s...
02:29  Retry 2/2 for Microsoft in 5s...
02:29  ERROR: Microsoft: failed to scrape https://gcsservices.careers.microsoft.com/search/api/v1/search?q=UX%20design%20intern&l=en_us&pg=1&pgSz=20 (page.goto: net::ERR_CERT_COMMON_NAME_INVALID at https://gcsservices.careers.microsoft.com/search/api/v1/search?q=UX%20design%20intern&l=en_us&pg=1&pgSz=20
Call log:
  - navigating to "https://gcsservices.careers.microsoft.com/search/api/v1/search?q=UX%20design%20intern&l=en_us&pg=1&pgSz=20", waiting until "domcontentloaded"
)
02:29  Microsoft: scrape failed — postings left untouched.
02:29  Checking Amazon...
02:29  No changes.
02:29  Checking IBM...
02:29  Retry 1/2 for IBM in 2s...
02:30  Retry 2/2 for IBM in 5s...
02:32  No changes.
02:32  Checking Adobe...
02:32  No changes.
02:32  Checking American Express...
02:33  No changes.
02:33  Checking Mastercard...
02:33  No changes.
02:33  Checking Visa...
02:34  No changes.
02:34  Checking Nike...
02:34  No changes.
02:34  Widget feed updated.
02:34  === Check cycle finished (0 notification(s)) ===
